#blocked = #ttg.blocked<{sizePerThread = [1, 128], threadsPerWarp = [32, 1], warpsPerCTA = [4, 1], order = [0, 1]}>
#tmem = #ttng.tensor_memory_encoding<blockM = 128, blockN = 128, colStride = 1>
module attributes {"ttg.num-warps" = 4 : i32, ttg.target = "cuda:100"} {
  tt.func @tmem_single_producer_multi_consumer_fanout(%arg0: i32, %arg1: i32, %arg2: i32) {
    %c0_i32 = arith.constant 0 : i32
    %cst = arith.constant dense<0.000000e+00> : tensor<128x128xf32, #blocked>
    %true = arith.constant true
    %result = ttng.tmem_alloc {buffer.id = 300 : i32, buffer.offset = 0 : i32} : () -> !ttg.memdesc<2x128x128xf32, #tmem, #ttng.tensor_memory, mutable>
    %0 = nvws.semaphore.create %result true {nvws.dag_pending_count = 2 : i32} : <[!ttg.memdesc<2x128x128xf32, #tmem, #ttng.tensor_memory, mutable>]>
    %1 = nvws.semaphore.create %result false {nvws.dag_pending_count = 1 : i32} : <[!ttg.memdesc<2x128x128xf32, #tmem, #ttng.tensor_memory, mutable>]>
    %2 = nvws.semaphore.create %result false {nvws.dag_pending_count = 1 : i32} : <[!ttg.memdesc<2x128x128xf32, #tmem, #ttng.tensor_memory, mutable>]>
    %3 = nvws.semaphore.acquire %0 {ttg.partition = array<i32: 0>, ttg.warp_specialize.tag = 0 : i32} : <[!ttg.memdesc<2x128x128xf32, #tmem, #ttng.tensor_memory, mutable>]> -> !ttg.async.token
    %4:2 = scf.for %arg3 = %arg0 to %arg1 step %arg2 iter_args(%arg4 = %c0_i32, %arg5 = %3) -> (i32, !ttg.async.token)  : i32 {
      %5 = nvws.semaphore.buffer %0, %arg5 {ttg.partition = array<i32: 0>} : <[!ttg.memdesc<2x128x128xf32, #tmem, #ttng.tensor_memory, mutable>]>, !ttg.async.token -> !ttg.memdesc<128x128xf32, #tmem, #ttng.tensor_memory, mutable, 2x128x128>
      %6 = ttng.tmem_store %cst, %5[], %true {ttg.partition = array<i32: 0>} : tensor<128x128xf32, #blocked> -> !ttg.memdesc<128x128xf32, #tmem, #ttng.tensor_memory, mutable, 2x128x128>
      nvws.semaphore.release %1, %arg5 [#nvws.async_op<none>] {ttg.partition = array<i32: 0>} : <[!ttg.memdesc<2x128x128xf32, #tmem, #ttng.tensor_memory, mutable>]>, !ttg.async.token
      nvws.semaphore.release %2, %arg5 [#nvws.async_op<none>] {ttg.partition = array<i32: 0>} : <[!ttg.memdesc<2x128x128xf32, #tmem, #ttng.tensor_memory, mutable>]>, !ttg.async.token
      %7 = nvws.semaphore.acquire %1 {ttg.partition = array<i32: 1>} : <[!ttg.memdesc<2x128x128xf32, #tmem, #ttng.tensor_memory, mutable>]> -> !ttg.async.token
      %8 = nvws.semaphore.buffer %1, %7 {ttg.partition = array<i32: 1>} : <[!ttg.memdesc<2x128x128xf32, #tmem, #ttng.tensor_memory, mutable>]>, !ttg.async.token -> !ttg.memdesc<128x128xf32, #tmem, #ttng.tensor_memory, mutable, 2x128x128>
      %result_0, %token = ttng.tmem_load %8[] {ttg.partition = array<i32: 1>} : !ttg.memdesc<128x128xf32, #tmem, #ttng.tensor_memory, mutable, 2x128x128> -> tensor<128x128xf32, #blocked>
      nvws.semaphore.release %0, %7 [#nvws.async_op<none>] {ttg.partition = array<i32: 1>} : <[!ttg.memdesc<2x128x128xf32, #tmem, #ttng.tensor_memory, mutable>]>, !ttg.async.token
      "use_p1"(%result_0) {ttg.partition = array<i32: 1>} : (tensor<128x128xf32, #blocked>) -> ()
      %9 = nvws.semaphore.acquire %2 {ttg.partition = array<i32: 2>} : <[!ttg.memdesc<2x128x128xf32, #tmem, #ttng.tensor_memory, mutable>]> -> !ttg.async.token
      %10 = nvws.semaphore.buffer %2, %9 {ttg.partition = array<i32: 2>} : <[!ttg.memdesc<2x128x128xf32, #tmem, #ttng.tensor_memory, mutable>]>, !ttg.async.token -> !ttg.memdesc<128x128xf32, #tmem, #ttng.tensor_memory, mutable, 2x128x128>
      %result_1, %token_2 = ttng.tmem_load %10[] {ttg.partition = array<i32: 2>} : !ttg.memdesc<128x128xf32, #tmem, #ttng.tensor_memory, mutable, 2x128x128> -> tensor<128x128xf32, #blocked>
      nvws.semaphore.release %0, %9 [#nvws.async_op<none>] {ttg.partition = array<i32: 2>} : <[!ttg.memdesc<2x128x128xf32, #tmem, #ttng.tensor_memory, mutable>]>, !ttg.async.token
      "use_p2"(%result_1) {ttg.partition = array<i32: 2>} : (tensor<128x128xf32, #blocked>) -> ()
      %11 = nvws.semaphore.acquire %0 {ttg.partition = array<i32: 0>} : <[!ttg.memdesc<2x128x128xf32, #tmem, #ttng.tensor_memory, mutable>]> -> !ttg.async.token
      %12 = nvws.semaphore.buffer %0, %11 {ttg.partition = array<i32: 0>} : <[!ttg.memdesc<2x128x128xf32, #tmem, #ttng.tensor_memory, mutable>]>, !ttg.async.token -> !ttg.memdesc<128x128xf32, #tmem, #ttng.tensor_memory, mutable, 2x128x128>
      %13 = ttng.tmem_store %cst, %12[], %true {ttg.partition = array<i32: 0>} : tensor<128x128xf32, #blocked> -> !ttg.memdesc<128x128xf32, #tmem, #ttng.tensor_memory, mutable, 2x128x128>
      %14 = arith.addi %arg4, %c0_i32 {ttg.partition = array<i32: 0, 1, 2>} : i32
      scf.yield {ttg.partition = array<i32: 0, 1, 2>} %14, %11 : i32, !ttg.async.token
    } {tt.warp_specialize, ttg.partition = array<i32: 0, 1, 2>, ttg.partition.outputs = [array<i32: 0, 1, 2>, array<i32: 0>], ttg.warp_specialize.tag = 0 : i32}
    "use_i32"(%4#0) : (i32) -> ()
    tt.return
  }
}

// -----
#blocked = #ttg.blocked<{sizePerThread = [1, 128], threadsPerWarp = [32, 1], warpsPerCTA = [4, 1], order = [0, 1]}>
#blocked1 = #ttg.blocked<{sizePerThread = [1, 1], threadsPerWarp = [32, 1], warpsPerCTA = [4, 1], order = [0, 1]}>
#shared = #ttg.nvmma_shared<{swizzlingByteWidth = 128, transposed = false, elementBitWidth = 16}>
#smem = #ttg.shared_memory
#tmem = #ttng.tensor_memory_encoding<blockM = 128, blockN = 128, colStride = 1>
#tmem1 = #ttng.tensor_memory_encoding<blockM = 128, blockN = 1, colStride = 1>
module attributes {"ttg.num-warps" = 4 : i32, ttg.target = "cuda:100"} {
  tt.func @tmem_qk_alpha_pacc_three_member_edges(%arg0: !ttg.memdesc<128x128xf16, #shared, #smem>, %arg1: i32, %arg2: i32, %arg3: i32) {
    %c0_i32 = arith.constant 0 : i32
    %cst = arith.constant dense<0.000000e+00> : tensor<128x128xf32, #blocked>
    %cst_0 = arith.constant dense<0.000000e+00> : tensor<128x128xf16, #blocked>
    %cst_1 = arith.constant dense<1.000000e+00> : tensor<128x1xf32, #blocked1>
    %true = arith.constant true
    %result = ttng.tmem_alloc {buffer.id = 301 : i32, buffer.offset = 0 : i32} : () -> !ttg.memdesc<1x128x128xf32, #tmem, #ttng.tensor_memory, mutable>
    %0 = ttng.tmem_subslice %result {N = 0 : i32} : !ttg.memdesc<1x128x128xf32, #tmem, #ttng.tensor_memory, mutable> -> !ttg.memdesc<1x128x128xf32, #tmem, #ttng.tensor_memory, mutable>
    %1 = ttg.memdesc_reinterpret %0 : !ttg.memdesc<1x128x128xf32, #tmem, #ttng.tensor_memory, mutable> -> !ttg.memdesc<1x128x128xf16, #tmem, #ttng.tensor_memory, mutable>
    %2 = ttng.tmem_subslice %result {N = 64 : i32} : !ttg.memdesc<1x128x128xf32, #tmem, #ttng.tensor_memory, mutable> -> !ttg.memdesc<1x128x1xf32, #tmem1, #ttng.tensor_memory, mutable, 1x128x128>
    %3 = ttg.memdesc_reinterpret %2 : !ttg.memdesc<1x128x1xf32, #tmem1, #ttng.tensor_memory, mutable, 1x128x128> -> !ttg.memdesc<1x128x1xf32, #tmem1, #ttng.tensor_memory, mutable>
    %4 = nvws.semaphore.create %result, %3, %1 true {nvws.dag_pending_count = 2 : i32} : <[!ttg.memdesc<1x128x128xf32, #tmem, #ttng.tensor_memory, mutable>, !ttg.memdesc<1x128x1xf32, #tmem1, #ttng.tensor_memory, mutable>, !ttg.memdesc<1x128x128xf16, #tmem, #ttng.tensor_memory, mutable>]>
    %5 = nvws.semaphore.create %result, %3, %1 false {nvws.dag_pending_count = 1 : i32} : <[!ttg.memdesc<1x128x128xf32, #tmem, #ttng.tensor_memory, mutable>, !ttg.memdesc<1x128x1xf32, #tmem1, #ttng.tensor_memory, mutable>, !ttg.memdesc<1x128x128xf16, #tmem, #ttng.tensor_memory, mutable>]>
    %6 = nvws.semaphore.create %result, %3, %1 false {nvws.dag_pending_count = 1 : i32} : <[!ttg.memdesc<1x128x128xf32, #tmem, #ttng.tensor_memory, mutable>, !ttg.memdesc<1x128x1xf32, #tmem1, #ttng.tensor_memory, mutable>, !ttg.memdesc<1x128x128xf16, #tmem, #ttng.tensor_memory, mutable>]>
    %7 = nvws.semaphore.acquire %4 {ttg.partition = array<i32: 1>, ttg.warp_specialize.tag = 0 : i32} : <[!ttg.memdesc<1x128x128xf32, #tmem, #ttng.tensor_memory, mutable>, !ttg.memdesc<1x128x1xf32, #tmem1, #ttng.tensor_memory, mutable>, !ttg.memdesc<1x128x128xf16, #tmem, #ttng.tensor_memory, mutable>]> -> !ttg.async.token
    %8:2 = scf.for %arg4 = %arg1 to %arg2 step %arg3 iter_args(%arg5 = %c0_i32, %arg6 = %7) -> (i32, !ttg.async.token)  : i32 {
      %9:3 = nvws.semaphore.buffer %4, %arg6 {ttg.partition = array<i32: 1>} : <[!ttg.memdesc<1x128x128xf32, #tmem, #ttng.tensor_memory, mutable>, !ttg.memdesc<1x128x1xf32, #tmem1, #ttng.tensor_memory, mutable>, !ttg.memdesc<1x128x128xf16, #tmem, #ttng.tensor_memory, mutable>]>, !ttg.async.token -> !ttg.memdesc<128x128xf32, #tmem, #ttng.tensor_memory, mutable, 1x128x128>, !ttg.memdesc<128x1xf32, #tmem1, #ttng.tensor_memory, mutable, 1x128x1>, !ttg.memdesc<128x128xf16, #tmem, #ttng.tensor_memory, mutable, 1x128x128>
      %10 = ttng.tmem_store %cst, %9#0[], %true {ttg.partition = array<i32: 1>} : tensor<128x128xf32, #blocked> -> !ttg.memdesc<128x128xf32, #tmem, #ttng.tensor_memory, mutable, 1x128x128>
      nvws.semaphore.release %5, %arg6 [#nvws.async_op<none>] {ttg.partition = array<i32: 1>} : <[!ttg.memdesc<1x128x128xf32, #tmem, #ttng.tensor_memory, mutable>, !ttg.memdesc<1x128x1xf32, #tmem1, #ttng.tensor_memory, mutable>, !ttg.memdesc<1x128x128xf16, #tmem, #ttng.tensor_memory, mutable>]>, !ttg.async.token
      %11 = nvws.semaphore.acquire %5 {ttg.partition = array<i32: 5>} : <[!ttg.memdesc<1x128x128xf32, #tmem, #ttng.tensor_memory, mutable>, !ttg.memdesc<1x128x1xf32, #tmem1, #ttng.tensor_memory, mutable>, !ttg.memdesc<1x128x128xf16, #tmem, #ttng.tensor_memory, mutable>]> -> !ttg.async.token
      %12:3 = nvws.semaphore.buffer %5, %11 {ttg.partition = array<i32: 5>} : <[!ttg.memdesc<1x128x128xf32, #tmem, #ttng.tensor_memory, mutable>, !ttg.memdesc<1x128x1xf32, #tmem1, #ttng.tensor_memory, mutable>, !ttg.memdesc<1x128x128xf16, #tmem, #ttng.tensor_memory, mutable>]>, !ttg.async.token -> !ttg.memdesc<128x128xf32, #tmem, #ttng.tensor_memory, mutable, 1x128x128>, !ttg.memdesc<128x1xf32, #tmem1, #ttng.tensor_memory, mutable, 1x128x1>, !ttg.memdesc<128x128xf16, #tmem, #ttng.tensor_memory, mutable, 1x128x128>
      %result_2, %token = ttng.tmem_load %12#0[] {ttg.partition = array<i32: 5>} : !ttg.memdesc<128x128xf32, #tmem, #ttng.tensor_memory, mutable, 1x128x128> -> tensor<128x128xf32, #blocked>
      "use_qk"(%result_2) {ttg.partition = array<i32: 5>} : (tensor<128x128xf32, #blocked>) -> ()
      ttng.tmem_store %cst_1, %12#1, %true {ttg.partition = array<i32: 5>} : tensor<128x1xf32, #blocked1> -> !ttg.memdesc<128x1xf32, #tmem1, #ttng.tensor_memory, mutable, 1x128x1>
      nvws.semaphore.release %6, %11 [#nvws.async_op<none>] {ttg.partition = array<i32: 5>} : <[!ttg.memdesc<1x128x128xf32, #tmem, #ttng.tensor_memory, mutable>, !ttg.memdesc<1x128x1xf32, #tmem1, #ttng.tensor_memory, mutable>, !ttg.memdesc<1x128x128xf16, #tmem, #ttng.tensor_memory, mutable>]>, !ttg.async.token
      %13 = nvws.semaphore.acquire %6 {ttg.partition = array<i32: 0>} : <[!ttg.memdesc<1x128x128xf32, #tmem, #ttng.tensor_memory, mutable>, !ttg.memdesc<1x128x1xf32, #tmem1, #ttng.tensor_memory, mutable>, !ttg.memdesc<1x128x128xf16, #tmem, #ttng.tensor_memory, mutable>]> -> !ttg.async.token
      %14:3 = nvws.semaphore.buffer %6, %13 {ttg.partition = array<i32: 0>} : <[!ttg.memdesc<1x128x128xf32, #tmem, #ttng.tensor_memory, mutable>, !ttg.memdesc<1x128x1xf32, #tmem1, #ttng.tensor_memory, mutable>, !ttg.memdesc<1x128x128xf16, #tmem, #ttng.tensor_memory, mutable>]>, !ttg.async.token -> !ttg.memdesc<128x128xf32, #tmem, #ttng.tensor_memory, mutable, 1x128x128>, !ttg.memdesc<128x1xf32, #tmem1, #ttng.tensor_memory, mutable, 1x128x1>, !ttg.memdesc<128x128xf16, #tmem, #ttng.tensor_memory, mutable, 1x128x128>
      %result_3, %token_4 = ttng.tmem_load %14#1[] {ttg.partition = array<i32: 0>} : !ttg.memdesc<128x1xf32, #tmem1, #ttng.tensor_memory, mutable, 1x128x1> -> tensor<128x1xf32, #blocked1>
      nvws.semaphore.release %4, %13 [#nvws.async_op<none>] {ttg.partition = array<i32: 0>} : <[!ttg.memdesc<1x128x128xf32, #tmem, #ttng.tensor_memory, mutable>, !ttg.memdesc<1x128x1xf32, #tmem1, #ttng.tensor_memory, mutable>, !ttg.memdesc<1x128x128xf16, #tmem, #ttng.tensor_memory, mutable>]>, !ttg.async.token
      "use_alpha"(%result_3) {ttg.partition = array<i32: 0>} : (tensor<128x1xf32, #blocked1>) -> ()
      %15:3 = nvws.semaphore.buffer %5, %11 {ttg.partition = array<i32: 5>} : <[!ttg.memdesc<1x128x128xf32, #tmem, #ttng.tensor_memory, mutable>, !ttg.memdesc<1x128x1xf32, #tmem1, #ttng.tensor_memory, mutable>, !ttg.memdesc<1x128x128xf16, #tmem, #ttng.tensor_memory, mutable>]>, !ttg.async.token -> !ttg.memdesc<128x128xf32, #tmem, #ttng.tensor_memory, mutable, 1x128x128>, !ttg.memdesc<128x1xf32, #tmem1, #ttng.tensor_memory, mutable, 1x128x1>, !ttg.memdesc<128x128xf16, #tmem, #ttng.tensor_memory, mutable, 1x128x128>
      %true_5 = arith.constant {ttg.partition = array<i32: 5>} true
      ttng.tmem_store %cst_0, %15#2, %true_5 {ttg.partition = array<i32: 5>} : tensor<128x128xf16, #blocked> -> !ttg.memdesc<128x128xf16, #tmem, #ttng.tensor_memory, mutable, 1x128x128>
      nvws.semaphore.release %4, %11 [#nvws.async_op<none>] {ttg.partition = array<i32: 5>} : <[!ttg.memdesc<1x128x128xf32, #tmem, #ttng.tensor_memory, mutable>, !ttg.memdesc<1x128x1xf32, #tmem1, #ttng.tensor_memory, mutable>, !ttg.memdesc<1x128x128xf16, #tmem, #ttng.tensor_memory, mutable>]>, !ttg.async.token
      %16 = nvws.semaphore.acquire %4 {ttg.partition = array<i32: 1>} : <[!ttg.memdesc<1x128x128xf32, #tmem, #ttng.tensor_memory, mutable>, !ttg.memdesc<1x128x1xf32, #tmem1, #ttng.tensor_memory, mutable>, !ttg.memdesc<1x128x128xf16, #tmem, #ttng.tensor_memory, mutable>]> -> !ttg.async.token
      %17:3 = nvws.semaphore.buffer %4, %16 {ttg.partition = array<i32: 1>} : <[!ttg.memdesc<1x128x128xf32, #tmem, #ttng.tensor_memory, mutable>, !ttg.memdesc<1x128x1xf32, #tmem1, #ttng.tensor_memory, mutable>, !ttg.memdesc<1x128x128xf16, #tmem, #ttng.tensor_memory, mutable>]>, !ttg.async.token -> !ttg.memdesc<128x128xf32, #tmem, #ttng.tensor_memory, mutable, 1x128x128>, !ttg.memdesc<128x1xf32, #tmem1, #ttng.tensor_memory, mutable, 1x128x1>, !ttg.memdesc<128x128xf16, #tmem, #ttng.tensor_memory, mutable, 1x128x128>
      %18 = ttng.tc_gen5_mma %17#2, %arg0, %17#0[], %true, %true {ttg.partition = array<i32: 1>} : !ttg.memdesc<128x128xf16, #tmem, #ttng.tensor_memory, mutable, 1x128x128>, !ttg.memdesc<128x128xf16, #shared, #smem>, !ttg.memdesc<128x128xf32, #tmem, #ttng.tensor_memory, mutable, 1x128x128>
      %19 = ttng.tmem_store %cst, %17#0[], %true {ttg.partition = array<i32: 1>} : tensor<128x128xf32, #blocked> -> !ttg.memdesc<128x128xf32, #tmem, #ttng.tensor_memory, mutable, 1x128x128>
      %20 = arith.addi %arg5, %c0_i32 {ttg.partition = array<i32: 0, 1, 5>} : i32
      scf.yield {ttg.partition = array<i32: 0, 1, 5>} %20, %16 : i32, !ttg.async.token
    } {tt.warp_specialize, ttg.partition = array<i32: 0, 1, 5>, ttg.partition.outputs = [array<i32: 0, 1, 5>, array<i32: 1>], ttg.warp_specialize.tag = 0 : i32}
    "use_i32"(%8#0) : (i32) -> ()
    tt.return
  }
}

// -----
#blocked = #ttg.blocked<{sizePerThread = [1, 128], threadsPerWarp = [32, 1], warpsPerCTA = [4, 1], order = [0, 1]}>
#tmem = #ttng.tensor_memory_encoding<blockM = 128, blockN = 128, colStride = 1>
module attributes {"ttg.num-warps" = 4 : i32, ttg.target = "cuda:100"} {
  tt.func @tmem_full_aliased_members_different_partitions(%arg0: i32, %arg1: i32, %arg2: i32) {
    %c0_i32 = arith.constant 0 : i32
    %cst = arith.constant dense<0.000000e+00> : tensor<128x128xf32, #blocked>
    %cst_0 = arith.constant dense<1.000000e+00> : tensor<128x128xf32, #blocked>
    %result = ttng.tmem_alloc {buffer.id = 302 : i32, buffer.offset = 0 : i32} : () -> !ttg.memdesc<2x128x128xf32, #tmem, #ttng.tensor_memory, mutable>
    %0 = nvws.semaphore.create %result, %result true {nvws.dag_pending_count = 1 : i32} : <[!ttg.memdesc<2x128x128xf32, #tmem, #ttng.tensor_memory, mutable>, !ttg.memdesc<2x128x128xf32, #tmem, #ttng.tensor_memory, mutable>]>
    %1 = nvws.semaphore.create %result, %result false {nvws.dag_pending_count = 1 : i32} : <[!ttg.memdesc<2x128x128xf32, #tmem, #ttng.tensor_memory, mutable>, !ttg.memdesc<2x128x128xf32, #tmem, #ttng.tensor_memory, mutable>]>
    %2 = nvws.semaphore.acquire %0 {ttg.partition = array<i32: 0>, ttg.warp_specialize.tag = 0 : i32} : <[!ttg.memdesc<2x128x128xf32, #tmem, #ttng.tensor_memory, mutable>, !ttg.memdesc<2x128x128xf32, #tmem, #ttng.tensor_memory, mutable>]> -> !ttg.async.token
    %3:2 = scf.for %arg3 = %arg0 to %arg1 step %arg2 iter_args(%arg4 = %c0_i32, %arg5 = %2) -> (i32, !ttg.async.token)  : i32 {
      %4:2 = nvws.semaphore.buffer %0, %arg5 {ttg.partition = array<i32: 0>} : <[!ttg.memdesc<2x128x128xf32, #tmem, #ttng.tensor_memory, mutable>, !ttg.memdesc<2x128x128xf32, #tmem, #ttng.tensor_memory, mutable>]>, !ttg.async.token -> !ttg.memdesc<128x128xf32, #tmem, #ttng.tensor_memory, mutable, 2x128x128>, !ttg.memdesc<128x128xf32, #tmem, #ttng.tensor_memory, mutable, 2x128x128>
      %true = arith.constant {ttg.partition = array<i32: 0>} true
      ttng.tmem_store %cst, %4#0, %true {ttg.partition = array<i32: 0>} : tensor<128x128xf32, #blocked> -> !ttg.memdesc<128x128xf32, #tmem, #ttng.tensor_memory, mutable, 2x128x128>
      %result_1, %token = ttng.tmem_load %4#0[] {ttg.partition = array<i32: 0>} : !ttg.memdesc<128x128xf32, #tmem, #ttng.tensor_memory, mutable, 2x128x128> -> tensor<128x128xf32, #blocked>
      nvws.semaphore.release %1, %arg5 [#nvws.async_op<none>] {ttg.partition = array<i32: 0>} : <[!ttg.memdesc<2x128x128xf32, #tmem, #ttng.tensor_memory, mutable>, !ttg.memdesc<2x128x128xf32, #tmem, #ttng.tensor_memory, mutable>]>, !ttg.async.token
      "use_a"(%result_1) {ttg.partition = array<i32: 0>} : (tensor<128x128xf32, #blocked>) -> ()
      %5 = nvws.semaphore.acquire %1 {ttg.partition = array<i32: 1>} : <[!ttg.memdesc<2x128x128xf32, #tmem, #ttng.tensor_memory, mutable>, !ttg.memdesc<2x128x128xf32, #tmem, #ttng.tensor_memory, mutable>]> -> !ttg.async.token
      %6:2 = nvws.semaphore.buffer %1, %5 {ttg.partition = array<i32: 1>} : <[!ttg.memdesc<2x128x128xf32, #tmem, #ttng.tensor_memory, mutable>, !ttg.memdesc<2x128x128xf32, #tmem, #ttng.tensor_memory, mutable>]>, !ttg.async.token -> !ttg.memdesc<128x128xf32, #tmem, #ttng.tensor_memory, mutable, 2x128x128>, !ttg.memdesc<128x128xf32, #tmem, #ttng.tensor_memory, mutable, 2x128x128>
      %true_2 = arith.constant {ttg.partition = array<i32: 1>} true
      ttng.tmem_store %cst_0, %6#1, %true_2 {ttg.partition = array<i32: 1>} : tensor<128x128xf32, #blocked> -> !ttg.memdesc<128x128xf32, #tmem, #ttng.tensor_memory, mutable, 2x128x128>
      %result_3, %token_4 = ttng.tmem_load %6#1[] {ttg.partition = array<i32: 1>} : !ttg.memdesc<128x128xf32, #tmem, #ttng.tensor_memory, mutable, 2x128x128> -> tensor<128x128xf32, #blocked>
      nvws.semaphore.release %0, %5 [#nvws.async_op<none>] {ttg.partition = array<i32: 1>} : <[!ttg.memdesc<2x128x128xf32, #tmem, #ttng.tensor_memory, mutable>, !ttg.memdesc<2x128x128xf32, #tmem, #ttng.tensor_memory, mutable>]>, !ttg.async.token
      "use_b"(%result_3) {ttg.partition = array<i32: 1>} : (tensor<128x128xf32, #blocked>) -> ()
      %7 = arith.addi %arg4, %c0_i32 {ttg.partition = array<i32: 0, 1>} : i32
      %8 = nvws.semaphore.acquire %0 {ttg.partition = array<i32: 0>} : <[!ttg.memdesc<2x128x128xf32, #tmem, #ttng.tensor_memory, mutable>, !ttg.memdesc<2x128x128xf32, #tmem, #ttng.tensor_memory, mutable>]> -> !ttg.async.token
      scf.yield {ttg.partition = array<i32: 0, 1>} %7, %8 : i32, !ttg.async.token
    } {tt.warp_specialize, ttg.partition = array<i32: 0, 1>, ttg.partition.outputs = [array<i32: 0, 1>, array<i32: 0>], ttg.warp_specialize.tag = 0 : i32}
    "use_i32"(%3#0) : (i32) -> ()
    tt.return
  }
}

// -----
#blocked = #ttg.blocked<{sizePerThread = [1, 128], threadsPerWarp = [32, 1], warpsPerCTA = [4, 1], order = [0, 1]}>
#shared = #ttg.nvmma_shared<{swizzlingByteWidth = 128, transposed = false, elementBitWidth = 16}>
#smem = #ttg.shared_memory
#tmem = #ttng.tensor_memory_encoding<blockM = 128, blockN = 128, colStride = 1>
module attributes {"ttg.num-warps" = 4 : i32, ttg.target = "cuda:100"} {
  tt.func @tmem_nested_linear_chain_no_outer_drain(%arg0: !ttg.memdesc<128x128xf16, #shared, #smem>, %arg1: i32, %arg2: i32, %arg3: i32) {
    %c0_i32 = arith.constant 0 : i32
    %cst = arith.constant dense<0.000000e+00> : tensor<128x128xf16, #blocked>
    %true = arith.constant true
    %result, %token = ttng.tmem_alloc {buffer.id = 704 : i32, buffer.offset = 0 : i32, ttg.partition = array<i32: 1>} : () -> (!ttg.memdesc<128x128xf32, #tmem, #ttng.tensor_memory, mutable>, !ttg.async.token)
    %result_0 = ttng.tmem_alloc {buffer.copy = 1 : i32, buffer.id = 705 : i32, buffer.offset = 0 : i32} : () -> !ttg.memdesc<1x128x128xf16, #tmem, #ttng.tensor_memory, mutable>
    %0 = nvws.semaphore.create %result_0 true {nvws.dag_pending_count = 1 : i32} : <[!ttg.memdesc<1x128x128xf16, #tmem, #ttng.tensor_memory, mutable>]>
    %1 = nvws.semaphore.create %result_0 false {nvws.dag_pending_count = 1 : i32} : <[!ttg.memdesc<1x128x128xf16, #tmem, #ttng.tensor_memory, mutable>]>
    %2 = nvws.semaphore.acquire %0 {ttg.partition = array<i32: 5>, ttg.warp_specialize.tag = 7 : i32} : <[!ttg.memdesc<1x128x128xf16, #tmem, #ttng.tensor_memory, mutable>]> -> !ttg.async.token
    %3:3 = scf.for %arg4 = %arg1 to %arg2 step %arg3 iter_args(%arg5 = %c0_i32, %arg6 = %token, %arg7 = %2) -> (i32, !ttg.async.token, !ttg.async.token)  : i32 {
      %4:2 = scf.for %arg8 = %arg1 to %arg2 step %arg3 iter_args(%arg9 = %arg6, %arg10 = %arg7) -> (!ttg.async.token, !ttg.async.token)  : i32 {
        %6 = nvws.semaphore.buffer %0, %arg10 {ttg.partition = array<i32: 5>} : <[!ttg.memdesc<1x128x128xf16, #tmem, #ttng.tensor_memory, mutable>]>, !ttg.async.token -> !ttg.memdesc<128x128xf16, #tmem, #ttng.tensor_memory, mutable, 1x128x128>
        %true_1 = arith.constant {ttg.partition = array<i32: 5>} true
        ttng.tmem_store %cst, %6, %true_1 {ttg.partition = array<i32: 5>} : tensor<128x128xf16, #blocked> -> !ttg.memdesc<128x128xf16, #tmem, #ttng.tensor_memory, mutable, 1x128x128>
        nvws.semaphore.release %1, %arg10 [#nvws.async_op<none>] {ttg.partition = array<i32: 5>} : <[!ttg.memdesc<1x128x128xf16, #tmem, #ttng.tensor_memory, mutable>]>, !ttg.async.token
        %7 = nvws.semaphore.acquire %1 {ttg.partition = array<i32: 1>} : <[!ttg.memdesc<1x128x128xf16, #tmem, #ttng.tensor_memory, mutable>]> -> !ttg.async.token
        %8 = nvws.semaphore.buffer %1, %7 {ttg.partition = array<i32: 1>} : <[!ttg.memdesc<1x128x128xf16, #tmem, #ttng.tensor_memory, mutable>]>, !ttg.async.token -> !ttg.memdesc<128x128xf16, #tmem, #ttng.tensor_memory, mutable, 1x128x128>
        %9 = ttng.tc_gen5_mma %8, %arg0, %result[%arg9], %true, %true {ttg.partition = array<i32: 1>} : !ttg.memdesc<128x128xf16, #tmem, #ttng.tensor_memory, mutable, 1x128x128>, !ttg.memdesc<128x128xf16, #shared, #smem>, !ttg.memdesc<128x128xf32, #tmem, #ttng.tensor_memory, mutable>
        nvws.semaphore.release %0, %7 [#nvws.async_op<tc5mma>] {ttg.partition = array<i32: 1>} : <[!ttg.memdesc<1x128x128xf16, #tmem, #ttng.tensor_memory, mutable>]>, !ttg.async.token
        %10 = nvws.semaphore.acquire %0 {ttg.partition = array<i32: 5>} : <[!ttg.memdesc<1x128x128xf16, #tmem, #ttng.tensor_memory, mutable>]> -> !ttg.async.token
        scf.yield {ttg.partition = array<i32: 1, 5>} %9, %10 : !ttg.async.token, !ttg.async.token
      } {ttg.partition = array<i32: 1, 5>, ttg.partition.outputs = [array<i32: 1>, array<i32: 5>]}
      %5 = arith.addi %arg5, %c0_i32 {ttg.partition = array<i32: 0, 1, 5>} : i32
      scf.yield {ttg.partition = array<i32: 0, 1, 5>} %5, %4#0, %4#1 : i32, !ttg.async.token, !ttg.async.token
    } {tt.warp_specialize, ttg.partition = array<i32: 0, 1, 5>, ttg.partition.outputs = [array<i32: 0, 1, 5>, array<i32: 1>, array<i32: 5>], ttg.warp_specialize.tag = 7 : i32}
    "use_i32"(%3#0) : (i32) -> ()
    tt.return
  }
}

// -----
#blocked = #ttg.blocked<{sizePerThread = [1, 128], threadsPerWarp = [32, 1], warpsPerCTA = [4, 1], order = [0, 1]}>
#tmem = #ttng.tensor_memory_encoding<blockM = 128, blockN = 128, colStride = 1>
module attributes {"ttg.num-warps" = 4 : i32, ttg.target = "cuda:100"} {
  tt.func @tmem_same_owner_reads_close_at_yield(%arg0: i32, %arg1: i32, %arg2: i32) {
    %c0_i32 = arith.constant 0 : i32
    %cst = arith.constant dense<0.000000e+00> : tensor<128x128xf32, #blocked>
    %true = arith.constant true
    %result = ttng.tmem_alloc {buffer.id = 706 : i32, buffer.offset = 0 : i32} : () -> !ttg.memdesc<2x128x128xf32, #tmem, #ttng.tensor_memory, mutable>
    %0 = nvws.semaphore.create %result true {nvws.dag_pending_count = 1 : i32} : <[!ttg.memdesc<2x128x128xf32, #tmem, #ttng.tensor_memory, mutable>]>
    %1 = nvws.semaphore.create %result false {nvws.dag_pending_count = 1 : i32} : <[!ttg.memdesc<2x128x128xf32, #tmem, #ttng.tensor_memory, mutable>]>
    %2 = nvws.semaphore.acquire %0 {ttg.partition = array<i32: 5>, ttg.warp_specialize.tag = 8 : i32} : <[!ttg.memdesc<2x128x128xf32, #tmem, #ttng.tensor_memory, mutable>]> -> !ttg.async.token
    %3:2 = scf.for %arg3 = %arg0 to %arg1 step %arg2 iter_args(%arg4 = %c0_i32, %arg5 = %2) -> (i32, !ttg.async.token)  : i32 {
      %4 = nvws.semaphore.buffer %0, %arg5 {ttg.partition = array<i32: 5>} : <[!ttg.memdesc<2x128x128xf32, #tmem, #ttng.tensor_memory, mutable>]>, !ttg.async.token -> !ttg.memdesc<128x128xf32, #tmem, #ttng.tensor_memory, mutable, 2x128x128>
      %5 = ttng.tmem_store %cst, %4[], %true {ttg.partition = array<i32: 5>} : tensor<128x128xf32, #blocked> -> !ttg.memdesc<128x128xf32, #tmem, #ttng.tensor_memory, mutable, 2x128x128>
      nvws.semaphore.release %1, %arg5 [#nvws.async_op<none>] {ttg.partition = array<i32: 5>} : <[!ttg.memdesc<2x128x128xf32, #tmem, #ttng.tensor_memory, mutable>]>, !ttg.async.token
      %6 = nvws.semaphore.acquire %1 {ttg.partition = array<i32: 0>} : <[!ttg.memdesc<2x128x128xf32, #tmem, #ttng.tensor_memory, mutable>]> -> !ttg.async.token
      %7 = nvws.semaphore.buffer %1, %6 {ttg.partition = array<i32: 0>} : <[!ttg.memdesc<2x128x128xf32, #tmem, #ttng.tensor_memory, mutable>]>, !ttg.async.token -> !ttg.memdesc<128x128xf32, #tmem, #ttng.tensor_memory, mutable, 2x128x128>
      %result_0, %token = ttng.tmem_load %7[] {ttg.partition = array<i32: 0>} : !ttg.memdesc<128x128xf32, #tmem, #ttng.tensor_memory, mutable, 2x128x128> -> tensor<128x128xf32, #blocked>
      "use_first"(%result_0) {ttg.partition = array<i32: 0>} : (tensor<128x128xf32, #blocked>) -> ()
      %result_1, %token_2 = ttng.tmem_load %7[] {ttg.partition = array<i32: 0>} : !ttg.memdesc<128x128xf32, #tmem, #ttng.tensor_memory, mutable, 2x128x128> -> tensor<128x128xf32, #blocked>
      nvws.semaphore.release %0, %6 [#nvws.async_op<none>] {ttg.partition = array<i32: 0>} : <[!ttg.memdesc<2x128x128xf32, #tmem, #ttng.tensor_memory, mutable>]>, !ttg.async.token
      "use_second"(%result_1) {ttg.partition = array<i32: 0>} : (tensor<128x128xf32, #blocked>) -> ()
      %8 = arith.addi %arg4, %c0_i32 {ttg.partition = array<i32: 0, 5>} : i32
      %9 = nvws.semaphore.acquire %0 {ttg.partition = array<i32: 5>} : <[!ttg.memdesc<2x128x128xf32, #tmem, #ttng.tensor_memory, mutable>]> -> !ttg.async.token
      scf.yield {ttg.partition = array<i32: 0, 5>} %8, %9 : i32, !ttg.async.token
    } {tt.warp_specialize, ttg.partition = array<i32: 0, 5>, ttg.partition.outputs = [array<i32: 0, 5>, array<i32: 5>], ttg.warp_specialize.tag = 8 : i32}
    "use_i32"(%3#0) : (i32) -> ()
    tt.return
  }
}

