#blocked = #ttg.blocked<{sizePerThread = [1, 128], threadsPerWarp = [32, 1], warpsPerCTA = [4, 1], order = [0, 1]}>
#tmem = #ttng.tensor_memory_encoding<blockM = 128, blockN = 128, colStride = 1>
module attributes {"ttg.num-warps" = 4 : i32, ttg.target = "cuda:100"} {
  tt.func @tmem_reinterpret_alias(%arg0: i32) {
    %0 = ub.poison : !ttg.async.token
    %c0_i32 = arith.constant 0 : i32
    %c1_i32 = arith.constant 1 : i32
    %true = arith.constant true
    %cst = arith.constant dense<0.000000e+00> : tensor<128x128xf32, #blocked>
    %result = ttng.tmem_alloc : () -> !ttg.memdesc<2x128x128xf32, #tmem, #ttng.tensor_memory, mutable>
    %1 = nvws.semaphore.create %result true {nvws.dag_pending_count = 1 : i32} : <[!ttg.memdesc<2x128x128xf32, #tmem, #ttng.tensor_memory, mutable>]>
    %2 = nvws.semaphore.create %result false {nvws.dag_pending_count = 1 : i32} : <[!ttg.memdesc<2x128x128xf32, #tmem, #ttng.tensor_memory, mutable>]>
    %3 = nvws.semaphore.acquire %1 {ttg.partition = array<i32: 0>, ttg.warp_specialize.tag = 0 : i32} : <[!ttg.memdesc<2x128x128xf32, #tmem, #ttng.tensor_memory, mutable>]> -> !ttg.async.token
    %4:2 = scf.for %arg1 = %c0_i32 to %arg0 step %c1_i32 iter_args(%arg2 = %0, %arg3 = %3) -> (!ttg.async.token, !ttg.async.token)  : i32 {
      %5 = nvws.semaphore.buffer %1, %arg3 {ttg.partition = array<i32: 0>} : <[!ttg.memdesc<2x128x128xf32, #tmem, #ttng.tensor_memory, mutable>]>, !ttg.async.token -> !ttg.memdesc<128x128xf32, #tmem, #ttng.tensor_memory, mutable, 2x128x128>
      %6 = ttg.memdesc_reinterpret %5 {ttg.partition = array<i32: 0>} : !ttg.memdesc<128x128xf32, #tmem, #ttng.tensor_memory, mutable, 2x128x128> -> !ttg.memdesc<128x128xf32, #tmem, #ttng.tensor_memory, mutable>
      %7 = ttng.tmem_store %cst, %6[], %true {ttg.partition = array<i32: 0>} : tensor<128x128xf32, #blocked> -> !ttg.memdesc<128x128xf32, #tmem, #ttng.tensor_memory, mutable>
      nvws.semaphore.release %2, %arg3 [#nvws.async_op<none>] {ttg.partition = array<i32: 0>} : <[!ttg.memdesc<2x128x128xf32, #tmem, #ttng.tensor_memory, mutable>]>, !ttg.async.token
      %8 = nvws.semaphore.acquire %2 {ttg.partition = array<i32: 1>} : <[!ttg.memdesc<2x128x128xf32, #tmem, #ttng.tensor_memory, mutable>]> -> !ttg.async.token
      %9 = nvws.semaphore.buffer %2, %8 {ttg.partition = array<i32: 1>} : <[!ttg.memdesc<2x128x128xf32, #tmem, #ttng.tensor_memory, mutable>]>, !ttg.async.token -> !ttg.memdesc<128x128xf32, #tmem, #ttng.tensor_memory, mutable, 2x128x128>
      %10 = ttg.memdesc_reinterpret %9 {ttg.partition = array<i32: 1>} : !ttg.memdesc<128x128xf32, #tmem, #ttng.tensor_memory, mutable, 2x128x128> -> !ttg.memdesc<128x128xf32, #tmem, #ttng.tensor_memory, mutable>
      %result_0, %token = ttng.tmem_load %10[] {ttg.partition = array<i32: 1>} : !ttg.memdesc<128x128xf32, #tmem, #ttng.tensor_memory, mutable> -> tensor<128x128xf32, #blocked>
      nvws.semaphore.release %1, %8 [#nvws.async_op<none>] {ttg.partition = array<i32: 1>} : <[!ttg.memdesc<2x128x128xf32, #tmem, #ttng.tensor_memory, mutable>]>, !ttg.async.token
      "use"(%result_0) {ttg.partition = array<i32: 1>} : (tensor<128x128xf32, #blocked>) -> ()
      %11 = nvws.semaphore.acquire %1 {ttg.partition = array<i32: 0>} : <[!ttg.memdesc<2x128x128xf32, #tmem, #ttng.tensor_memory, mutable>]> -> !ttg.async.token
      scf.yield {ttg.partition = array<i32: 0, 1>} %0, %11 : !ttg.async.token, !ttg.async.token
    } {tt.warp_specialize, ttg.partition = array<i32: 0, 1>, ttg.partition.outputs = [array<i32: 0>, array<i32: 0>], ttg.warp_specialize.tag = 0 : i32}
    "use_token"(%4#0) : (!ttg.async.token) -> ()
    tt.return
  }
}

