#blocked = #ttg.blocked<{sizePerThread = [1, 128], threadsPerWarp = [32, 1], warpsPerCTA = [4, 1], order = [0, 1]}>
#blocked1 = #ttg.blocked<{sizePerThread = [1, 64], threadsPerWarp = [32, 1], warpsPerCTA = [4, 1], order = [0, 1]}>
#blocked2 = #ttg.blocked<{sizePerThread = [1, 1], threadsPerWarp = [32, 1], warpsPerCTA = [4, 1], order = [0, 1]}>
#tmem = #ttng.tensor_memory_encoding<blockM = 128, blockN = 128, colStride = 1>
#tmem1 = #ttng.tensor_memory_encoding<blockM = 128, blockN = 64, colStride = 1>
#tmem2 = #ttng.tensor_memory_encoding<blockM = 128, blockN = 1, colStride = 1>
module attributes {"ttg.num-warps" = 4 : i32, ttg.target = "cuda:100"} {
  tt.func @retention_merges_second_wave(%arg0: i32, %arg1: i32, %arg2: i32) {
    %c0_i32 = arith.constant 0 : i32
    %cst = arith.constant dense<0.000000e+00> : tensor<128x128xf32, #blocked>
    %cst_0 = arith.constant dense<0.000000e+00> : tensor<128x64xf32, #blocked1>
    %cst_1 = arith.constant dense<1.000000e+00> : tensor<128x1xf32, #blocked2>
    %true = arith.constant true
    %result = ttng.tmem_alloc {buffer.id = 530 : i32, buffer.offset = 0 : i32} : () -> !ttg.memdesc<2x128x128xf32, #tmem, #ttng.tensor_memory, mutable>
    %0 = ttng.tmem_subslice %result {N = 0 : i32} : !ttg.memdesc<2x128x128xf32, #tmem, #ttng.tensor_memory, mutable> -> !ttg.memdesc<2x128x64xf32, #tmem1, #ttng.tensor_memory, mutable, 2x128x128>
    %1 = ttg.memdesc_reinterpret %0 : !ttg.memdesc<2x128x64xf32, #tmem1, #ttng.tensor_memory, mutable, 2x128x128> -> !ttg.memdesc<2x128x64xf32, #tmem1, #ttng.tensor_memory, mutable>
    %2 = ttng.tmem_subslice %result {N = 64 : i32} : !ttg.memdesc<2x128x128xf32, #tmem, #ttng.tensor_memory, mutable> -> !ttg.memdesc<2x128x1xf32, #tmem2, #ttng.tensor_memory, mutable, 2x128x128>
    %3 = ttg.memdesc_reinterpret %2 : !ttg.memdesc<2x128x1xf32, #tmem2, #ttng.tensor_memory, mutable, 2x128x128> -> !ttg.memdesc<2x128x1xf32, #tmem2, #ttng.tensor_memory, mutable>
    %4 = nvws.semaphore.create %result, %3, %1 true {nvws.dag_pending_count = 2 : i32} : <[!ttg.memdesc<2x128x128xf32, #tmem, #ttng.tensor_memory, mutable>, !ttg.memdesc<2x128x1xf32, #tmem2, #ttng.tensor_memory, mutable>, !ttg.memdesc<2x128x64xf32, #tmem1, #ttng.tensor_memory, mutable>]>
    %5 = nvws.semaphore.create %result, %3, %1 false {nvws.dag_pending_count = 1 : i32} : <[!ttg.memdesc<2x128x128xf32, #tmem, #ttng.tensor_memory, mutable>, !ttg.memdesc<2x128x1xf32, #tmem2, #ttng.tensor_memory, mutable>, !ttg.memdesc<2x128x64xf32, #tmem1, #ttng.tensor_memory, mutable>]>
    %6 = nvws.semaphore.create %result, %3, %1 false {nvws.dag_pending_count = 1 : i32} : <[!ttg.memdesc<2x128x128xf32, #tmem, #ttng.tensor_memory, mutable>, !ttg.memdesc<2x128x1xf32, #tmem2, #ttng.tensor_memory, mutable>, !ttg.memdesc<2x128x64xf32, #tmem1, #ttng.tensor_memory, mutable>]>
    %7 = nvws.semaphore.create %result, %3, %1 false {nvws.dag_pending_count = 1 : i32} : <[!ttg.memdesc<2x128x128xf32, #tmem, #ttng.tensor_memory, mutable>, !ttg.memdesc<2x128x1xf32, #tmem2, #ttng.tensor_memory, mutable>, !ttg.memdesc<2x128x64xf32, #tmem1, #ttng.tensor_memory, mutable>]>
    %8 = nvws.semaphore.acquire %4 {ttg.partition = array<i32: 1>, ttg.warp_specialize.tag = 0 : i32} : <[!ttg.memdesc<2x128x128xf32, #tmem, #ttng.tensor_memory, mutable>, !ttg.memdesc<2x128x1xf32, #tmem2, #ttng.tensor_memory, mutable>, !ttg.memdesc<2x128x64xf32, #tmem1, #ttng.tensor_memory, mutable>]> -> !ttg.async.token
    %9:2 = scf.for %arg3 = %arg0 to %arg1 step %arg2 iter_args(%arg4 = %c0_i32, %arg5 = %8) -> (i32, !ttg.async.token)  : i32 {
      %10:3 = nvws.semaphore.buffer %4, %arg5 {ttg.partition = array<i32: 1>} : <[!ttg.memdesc<2x128x128xf32, #tmem, #ttng.tensor_memory, mutable>, !ttg.memdesc<2x128x1xf32, #tmem2, #ttng.tensor_memory, mutable>, !ttg.memdesc<2x128x64xf32, #tmem1, #ttng.tensor_memory, mutable>]>, !ttg.async.token -> !ttg.memdesc<128x128xf32, #tmem, #ttng.tensor_memory, mutable, 2x128x128>, !ttg.memdesc<128x1xf32, #tmem2, #ttng.tensor_memory, mutable, 2x128x1>, !ttg.memdesc<128x64xf32, #tmem1, #ttng.tensor_memory, mutable, 2x128x64>
      %11 = ttng.tmem_store %cst, %10#0[], %true {ttg.partition = array<i32: 1>} : tensor<128x128xf32, #blocked> -> !ttg.memdesc<128x128xf32, #tmem, #ttng.tensor_memory, mutable, 2x128x128>
      nvws.semaphore.release %5, %arg5 [#nvws.async_op<none>] {ttg.partition = array<i32: 1>} : <[!ttg.memdesc<2x128x128xf32, #tmem, #ttng.tensor_memory, mutable>, !ttg.memdesc<2x128x1xf32, #tmem2, #ttng.tensor_memory, mutable>, !ttg.memdesc<2x128x64xf32, #tmem1, #ttng.tensor_memory, mutable>]>, !ttg.async.token
      %12 = nvws.semaphore.acquire %5 {ttg.partition = array<i32: 2>} : <[!ttg.memdesc<2x128x128xf32, #tmem, #ttng.tensor_memory, mutable>, !ttg.memdesc<2x128x1xf32, #tmem2, #ttng.tensor_memory, mutable>, !ttg.memdesc<2x128x64xf32, #tmem1, #ttng.tensor_memory, mutable>]> -> !ttg.async.token
      %13:3 = nvws.semaphore.buffer %5, %12 {ttg.partition = array<i32: 2>} : <[!ttg.memdesc<2x128x128xf32, #tmem, #ttng.tensor_memory, mutable>, !ttg.memdesc<2x128x1xf32, #tmem2, #ttng.tensor_memory, mutable>, !ttg.memdesc<2x128x64xf32, #tmem1, #ttng.tensor_memory, mutable>]>, !ttg.async.token -> !ttg.memdesc<128x128xf32, #tmem, #ttng.tensor_memory, mutable, 2x128x128>, !ttg.memdesc<128x1xf32, #tmem2, #ttng.tensor_memory, mutable, 2x128x1>, !ttg.memdesc<128x64xf32, #tmem1, #ttng.tensor_memory, mutable, 2x128x64>
      ttng.tmem_store %cst_1, %13#1, %true {ttg.partition = array<i32: 2>} : tensor<128x1xf32, #blocked2> -> !ttg.memdesc<128x1xf32, #tmem2, #ttng.tensor_memory, mutable, 2x128x1>
      nvws.semaphore.release %6, %12 [#nvws.async_op<none>] {ttg.partition = array<i32: 2>} : <[!ttg.memdesc<2x128x128xf32, #tmem, #ttng.tensor_memory, mutable>, !ttg.memdesc<2x128x1xf32, #tmem2, #ttng.tensor_memory, mutable>, !ttg.memdesc<2x128x64xf32, #tmem1, #ttng.tensor_memory, mutable>]>, !ttg.async.token
      nvws.semaphore.release %4, %12 [#nvws.async_op<none>] {ttg.partition = array<i32: 2>} : <[!ttg.memdesc<2x128x128xf32, #tmem, #ttng.tensor_memory, mutable>, !ttg.memdesc<2x128x1xf32, #tmem2, #ttng.tensor_memory, mutable>, !ttg.memdesc<2x128x64xf32, #tmem1, #ttng.tensor_memory, mutable>]>, !ttg.async.token
      %14 = nvws.semaphore.acquire %6 {ttg.partition = array<i32: 0>} : <[!ttg.memdesc<2x128x128xf32, #tmem, #ttng.tensor_memory, mutable>, !ttg.memdesc<2x128x1xf32, #tmem2, #ttng.tensor_memory, mutable>, !ttg.memdesc<2x128x64xf32, #tmem1, #ttng.tensor_memory, mutable>]> -> !ttg.async.token
      %15:3 = nvws.semaphore.buffer %6, %14 {ttg.partition = array<i32: 0>} : <[!ttg.memdesc<2x128x128xf32, #tmem, #ttng.tensor_memory, mutable>, !ttg.memdesc<2x128x1xf32, #tmem2, #ttng.tensor_memory, mutable>, !ttg.memdesc<2x128x64xf32, #tmem1, #ttng.tensor_memory, mutable>]>, !ttg.async.token -> !ttg.memdesc<128x128xf32, #tmem, #ttng.tensor_memory, mutable, 2x128x128>, !ttg.memdesc<128x1xf32, #tmem2, #ttng.tensor_memory, mutable, 2x128x1>, !ttg.memdesc<128x64xf32, #tmem1, #ttng.tensor_memory, mutable, 2x128x64>
      %result_2, %token = ttng.tmem_load %15#1[] {ttg.partition = array<i32: 0>} : !ttg.memdesc<128x1xf32, #tmem2, #ttng.tensor_memory, mutable, 2x128x1> -> tensor<128x1xf32, #blocked2>
      nvws.semaphore.release %4, %14 [#nvws.async_op<none>] {ttg.partition = array<i32: 0>} : <[!ttg.memdesc<2x128x128xf32, #tmem, #ttng.tensor_memory, mutable>, !ttg.memdesc<2x128x1xf32, #tmem2, #ttng.tensor_memory, mutable>, !ttg.memdesc<2x128x64xf32, #tmem1, #ttng.tensor_memory, mutable>]>, !ttg.async.token
      "use_alpha"(%result_2) {ttg.partition = array<i32: 0>} : (tensor<128x1xf32, #blocked2>) -> ()
      %16:3 = nvws.semaphore.buffer %5, %12 {ttg.partition = array<i32: 2>} : <[!ttg.memdesc<2x128x128xf32, #tmem, #ttng.tensor_memory, mutable>, !ttg.memdesc<2x128x1xf32, #tmem2, #ttng.tensor_memory, mutable>, !ttg.memdesc<2x128x64xf32, #tmem1, #ttng.tensor_memory, mutable>]>, !ttg.async.token -> !ttg.memdesc<128x128xf32, #tmem, #ttng.tensor_memory, mutable, 2x128x128>, !ttg.memdesc<128x1xf32, #tmem2, #ttng.tensor_memory, mutable, 2x128x1>, !ttg.memdesc<128x64xf32, #tmem1, #ttng.tensor_memory, mutable, 2x128x64>
      ttng.tmem_store %cst_0, %16#2, %true {ttg.partition = array<i32: 2>} : tensor<128x64xf32, #blocked1> -> !ttg.memdesc<128x64xf32, #tmem1, #ttng.tensor_memory, mutable, 2x128x64>
      nvws.semaphore.release %7, %12 [#nvws.async_op<none>] {ttg.partition = array<i32: 2>} : <[!ttg.memdesc<2x128x128xf32, #tmem, #ttng.tensor_memory, mutable>, !ttg.memdesc<2x128x1xf32, #tmem2, #ttng.tensor_memory, mutable>, !ttg.memdesc<2x128x64xf32, #tmem1, #ttng.tensor_memory, mutable>]>, !ttg.async.token
      %17 = nvws.semaphore.acquire %7 {ttg.partition = array<i32: 1>} : <[!ttg.memdesc<2x128x128xf32, #tmem, #ttng.tensor_memory, mutable>, !ttg.memdesc<2x128x1xf32, #tmem2, #ttng.tensor_memory, mutable>, !ttg.memdesc<2x128x64xf32, #tmem1, #ttng.tensor_memory, mutable>]> -> !ttg.async.token
      %18:3 = nvws.semaphore.buffer %7, %17 {ttg.partition = array<i32: 1>} : <[!ttg.memdesc<2x128x128xf32, #tmem, #ttng.tensor_memory, mutable>, !ttg.memdesc<2x128x1xf32, #tmem2, #ttng.tensor_memory, mutable>, !ttg.memdesc<2x128x64xf32, #tmem1, #ttng.tensor_memory, mutable>]>, !ttg.async.token -> !ttg.memdesc<128x128xf32, #tmem, #ttng.tensor_memory, mutable, 2x128x128>, !ttg.memdesc<128x1xf32, #tmem2, #ttng.tensor_memory, mutable, 2x128x1>, !ttg.memdesc<128x64xf32, #tmem1, #ttng.tensor_memory, mutable, 2x128x64>
      %result_3, %token_4 = ttng.tmem_load %18#2[] {ttg.partition = array<i32: 1>} : !ttg.memdesc<128x64xf32, #tmem1, #ttng.tensor_memory, mutable, 2x128x64> -> tensor<128x64xf32, #blocked1>
      "use_p"(%result_3) {ttg.partition = array<i32: 1>} : (tensor<128x64xf32, #blocked1>) -> ()
      %19 = arith.addi %arg4, %c0_i32 {ttg.partition = array<i32: 0, 1, 2>} : i32
      %20 = nvws.semaphore.acquire %4 {ttg.partition = array<i32: 1>} : <[!ttg.memdesc<2x128x128xf32, #tmem, #ttng.tensor_memory, mutable>, !ttg.memdesc<2x128x1xf32, #tmem2, #ttng.tensor_memory, mutable>, !ttg.memdesc<2x128x64xf32, #tmem1, #ttng.tensor_memory, mutable>]> -> !ttg.async.token
      scf.yield {ttg.partition = array<i32: 0, 1, 2>} %19, %20 : i32, !ttg.async.token
    } {tt.warp_specialize, ttg.partition = array<i32: 0, 1, 2>, ttg.partition.outputs = [array<i32: 0, 1, 2>, array<i32: 1>], ttg.warp_specialize.tag = 0 : i32}
    "use_i32"(%9#0) : (i32) -> ()
    tt.return
  }
  tt.func @retention_blocked_by_conflict(%arg0: i32, %arg1: i32, %arg2: i32) {
    %c0_i32 = arith.constant 0 : i32
    %cst = arith.constant dense<0.000000e+00> : tensor<128x128xf32, #blocked>
    %cst_0 = arith.constant dense<0.000000e+00> : tensor<128x64xf32, #blocked1>
    %true = arith.constant true
    %result = ttng.tmem_alloc {buffer.id = 531 : i32, buffer.offset = 0 : i32} : () -> !ttg.memdesc<2x128x128xf32, #tmem, #ttng.tensor_memory, mutable>
    %0 = ttng.tmem_subslice %result {N = 0 : i32} : !ttg.memdesc<2x128x128xf32, #tmem, #ttng.tensor_memory, mutable> -> !ttg.memdesc<2x128x64xf32, #tmem1, #ttng.tensor_memory, mutable, 2x128x128>
    %1 = ttg.memdesc_reinterpret %0 : !ttg.memdesc<2x128x64xf32, #tmem1, #ttng.tensor_memory, mutable, 2x128x128> -> !ttg.memdesc<2x128x64xf32, #tmem1, #ttng.tensor_memory, mutable>
    %2 = nvws.semaphore.create %result, %1, %1 true {nvws.dag_pending_count = 1 : i32} : <[!ttg.memdesc<2x128x128xf32, #tmem, #ttng.tensor_memory, mutable>, !ttg.memdesc<2x128x64xf32, #tmem1, #ttng.tensor_memory, mutable>, !ttg.memdesc<2x128x64xf32, #tmem1, #ttng.tensor_memory, mutable>]>
    %3 = nvws.semaphore.create %result, %1, %1 false {nvws.dag_pending_count = 1 : i32} : <[!ttg.memdesc<2x128x128xf32, #tmem, #ttng.tensor_memory, mutable>, !ttg.memdesc<2x128x64xf32, #tmem1, #ttng.tensor_memory, mutable>, !ttg.memdesc<2x128x64xf32, #tmem1, #ttng.tensor_memory, mutable>]>
    %4 = nvws.semaphore.create %result, %1, %1 false {nvws.dag_pending_count = 1 : i32} : <[!ttg.memdesc<2x128x128xf32, #tmem, #ttng.tensor_memory, mutable>, !ttg.memdesc<2x128x64xf32, #tmem1, #ttng.tensor_memory, mutable>, !ttg.memdesc<2x128x64xf32, #tmem1, #ttng.tensor_memory, mutable>]>
    %5 = nvws.semaphore.create %result, %1, %1 false {nvws.dag_pending_count = 1 : i32} : <[!ttg.memdesc<2x128x128xf32, #tmem, #ttng.tensor_memory, mutable>, !ttg.memdesc<2x128x64xf32, #tmem1, #ttng.tensor_memory, mutable>, !ttg.memdesc<2x128x64xf32, #tmem1, #ttng.tensor_memory, mutable>]>
    %6 = nvws.semaphore.create %result, %1, %1 false {nvws.dag_pending_count = 1 : i32} : <[!ttg.memdesc<2x128x128xf32, #tmem, #ttng.tensor_memory, mutable>, !ttg.memdesc<2x128x64xf32, #tmem1, #ttng.tensor_memory, mutable>, !ttg.memdesc<2x128x64xf32, #tmem1, #ttng.tensor_memory, mutable>]>
    %7 = nvws.semaphore.acquire %2 {ttg.partition = array<i32: 1>, ttg.warp_specialize.tag = 1 : i32} : <[!ttg.memdesc<2x128x128xf32, #tmem, #ttng.tensor_memory, mutable>, !ttg.memdesc<2x128x64xf32, #tmem1, #ttng.tensor_memory, mutable>, !ttg.memdesc<2x128x64xf32, #tmem1, #ttng.tensor_memory, mutable>]> -> !ttg.async.token
    %8:2 = scf.for %arg3 = %arg0 to %arg1 step %arg2 iter_args(%arg4 = %c0_i32, %arg5 = %7) -> (i32, !ttg.async.token)  : i32 {
      %9:3 = nvws.semaphore.buffer %2, %arg5 {ttg.partition = array<i32: 1>} : <[!ttg.memdesc<2x128x128xf32, #tmem, #ttng.tensor_memory, mutable>, !ttg.memdesc<2x128x64xf32, #tmem1, #ttng.tensor_memory, mutable>, !ttg.memdesc<2x128x64xf32, #tmem1, #ttng.tensor_memory, mutable>]>, !ttg.async.token -> !ttg.memdesc<128x128xf32, #tmem, #ttng.tensor_memory, mutable, 2x128x128>, !ttg.memdesc<128x64xf32, #tmem1, #ttng.tensor_memory, mutable, 2x128x64>, !ttg.memdesc<128x64xf32, #tmem1, #ttng.tensor_memory, mutable, 2x128x64>
      %10 = ttng.tmem_store %cst, %9#0[], %true {ttg.partition = array<i32: 1>} : tensor<128x128xf32, #blocked> -> !ttg.memdesc<128x128xf32, #tmem, #ttng.tensor_memory, mutable, 2x128x128>
      nvws.semaphore.release %3, %arg5 [#nvws.async_op<none>] {ttg.partition = array<i32: 1>} : <[!ttg.memdesc<2x128x128xf32, #tmem, #ttng.tensor_memory, mutable>, !ttg.memdesc<2x128x64xf32, #tmem1, #ttng.tensor_memory, mutable>, !ttg.memdesc<2x128x64xf32, #tmem1, #ttng.tensor_memory, mutable>]>, !ttg.async.token
      %11 = nvws.semaphore.acquire %3 {ttg.partition = array<i32: 2>} : <[!ttg.memdesc<2x128x128xf32, #tmem, #ttng.tensor_memory, mutable>, !ttg.memdesc<2x128x64xf32, #tmem1, #ttng.tensor_memory, mutable>, !ttg.memdesc<2x128x64xf32, #tmem1, #ttng.tensor_memory, mutable>]> -> !ttg.async.token
      %12:3 = nvws.semaphore.buffer %3, %11 {ttg.partition = array<i32: 2>} : <[!ttg.memdesc<2x128x128xf32, #tmem, #ttng.tensor_memory, mutable>, !ttg.memdesc<2x128x64xf32, #tmem1, #ttng.tensor_memory, mutable>, !ttg.memdesc<2x128x64xf32, #tmem1, #ttng.tensor_memory, mutable>]>, !ttg.async.token -> !ttg.memdesc<128x128xf32, #tmem, #ttng.tensor_memory, mutable, 2x128x128>, !ttg.memdesc<128x64xf32, #tmem1, #ttng.tensor_memory, mutable, 2x128x64>, !ttg.memdesc<128x64xf32, #tmem1, #ttng.tensor_memory, mutable, 2x128x64>
      nvws.semaphore.release %4, %11 [#nvws.async_op<none>] {ttg.partition = array<i32: 2>} : <[!ttg.memdesc<2x128x128xf32, #tmem, #ttng.tensor_memory, mutable>, !ttg.memdesc<2x128x64xf32, #tmem1, #ttng.tensor_memory, mutable>, !ttg.memdesc<2x128x64xf32, #tmem1, #ttng.tensor_memory, mutable>]>, !ttg.async.token
      nvws.semaphore.release %2, %11 [#nvws.async_op<none>] {ttg.partition = array<i32: 2>} : <[!ttg.memdesc<2x128x128xf32, #tmem, #ttng.tensor_memory, mutable>, !ttg.memdesc<2x128x64xf32, #tmem1, #ttng.tensor_memory, mutable>, !ttg.memdesc<2x128x64xf32, #tmem1, #ttng.tensor_memory, mutable>]>, !ttg.async.token
      %13 = nvws.semaphore.acquire %4 {ttg.partition = array<i32: 0>} : <[!ttg.memdesc<2x128x128xf32, #tmem, #ttng.tensor_memory, mutable>, !ttg.memdesc<2x128x64xf32, #tmem1, #ttng.tensor_memory, mutable>, !ttg.memdesc<2x128x64xf32, #tmem1, #ttng.tensor_memory, mutable>]> -> !ttg.async.token
      %14:3 = nvws.semaphore.buffer %4, %13 {ttg.partition = array<i32: 0>} : <[!ttg.memdesc<2x128x128xf32, #tmem, #ttng.tensor_memory, mutable>, !ttg.memdesc<2x128x64xf32, #tmem1, #ttng.tensor_memory, mutable>, !ttg.memdesc<2x128x64xf32, #tmem1, #ttng.tensor_memory, mutable>]>, !ttg.async.token -> !ttg.memdesc<128x128xf32, #tmem, #ttng.tensor_memory, mutable, 2x128x128>, !ttg.memdesc<128x64xf32, #tmem1, #ttng.tensor_memory, mutable, 2x128x64>, !ttg.memdesc<128x64xf32, #tmem1, #ttng.tensor_memory, mutable, 2x128x64>
      ttng.tmem_store %cst_0, %14#1, %true {ttg.partition = array<i32: 0>} : tensor<128x64xf32, #blocked1> -> !ttg.memdesc<128x64xf32, #tmem1, #ttng.tensor_memory, mutable, 2x128x64>
      nvws.semaphore.release %5, %13 [#nvws.async_op<none>] {ttg.partition = array<i32: 0>} : <[!ttg.memdesc<2x128x128xf32, #tmem, #ttng.tensor_memory, mutable>, !ttg.memdesc<2x128x64xf32, #tmem1, #ttng.tensor_memory, mutable>, !ttg.memdesc<2x128x64xf32, #tmem1, #ttng.tensor_memory, mutable>]>, !ttg.async.token
      %15 = nvws.semaphore.acquire %5 {ttg.partition = array<i32: 2>} : <[!ttg.memdesc<2x128x128xf32, #tmem, #ttng.tensor_memory, mutable>, !ttg.memdesc<2x128x64xf32, #tmem1, #ttng.tensor_memory, mutable>, !ttg.memdesc<2x128x64xf32, #tmem1, #ttng.tensor_memory, mutable>]> -> !ttg.async.token
      %16:3 = nvws.semaphore.buffer %5, %15 {ttg.partition = array<i32: 2>} : <[!ttg.memdesc<2x128x128xf32, #tmem, #ttng.tensor_memory, mutable>, !ttg.memdesc<2x128x64xf32, #tmem1, #ttng.tensor_memory, mutable>, !ttg.memdesc<2x128x64xf32, #tmem1, #ttng.tensor_memory, mutable>]>, !ttg.async.token -> !ttg.memdesc<128x128xf32, #tmem, #ttng.tensor_memory, mutable, 2x128x128>, !ttg.memdesc<128x64xf32, #tmem1, #ttng.tensor_memory, mutable, 2x128x64>, !ttg.memdesc<128x64xf32, #tmem1, #ttng.tensor_memory, mutable, 2x128x64>
      ttng.tmem_store %cst_0, %16#2, %true {ttg.partition = array<i32: 2>} : tensor<128x64xf32, #blocked1> -> !ttg.memdesc<128x64xf32, #tmem1, #ttng.tensor_memory, mutable, 2x128x64>
      nvws.semaphore.release %6, %15 [#nvws.async_op<none>] {ttg.partition = array<i32: 2>} : <[!ttg.memdesc<2x128x128xf32, #tmem, #ttng.tensor_memory, mutable>, !ttg.memdesc<2x128x64xf32, #tmem1, #ttng.tensor_memory, mutable>, !ttg.memdesc<2x128x64xf32, #tmem1, #ttng.tensor_memory, mutable>]>, !ttg.async.token
      %17 = nvws.semaphore.acquire %6 {ttg.partition = array<i32: 1>} : <[!ttg.memdesc<2x128x128xf32, #tmem, #ttng.tensor_memory, mutable>, !ttg.memdesc<2x128x64xf32, #tmem1, #ttng.tensor_memory, mutable>, !ttg.memdesc<2x128x64xf32, #tmem1, #ttng.tensor_memory, mutable>]> -> !ttg.async.token
      %18:3 = nvws.semaphore.buffer %6, %17 {ttg.partition = array<i32: 1>} : <[!ttg.memdesc<2x128x128xf32, #tmem, #ttng.tensor_memory, mutable>, !ttg.memdesc<2x128x64xf32, #tmem1, #ttng.tensor_memory, mutable>, !ttg.memdesc<2x128x64xf32, #tmem1, #ttng.tensor_memory, mutable>]>, !ttg.async.token -> !ttg.memdesc<128x128xf32, #tmem, #ttng.tensor_memory, mutable, 2x128x128>, !ttg.memdesc<128x64xf32, #tmem1, #ttng.tensor_memory, mutable, 2x128x64>, !ttg.memdesc<128x64xf32, #tmem1, #ttng.tensor_memory, mutable, 2x128x64>
      %result_1, %token = ttng.tmem_load %18#2[] {ttg.partition = array<i32: 1>} : !ttg.memdesc<128x64xf32, #tmem1, #ttng.tensor_memory, mutable, 2x128x64> -> tensor<128x64xf32, #blocked1>
      "use_p"(%result_1) {ttg.partition = array<i32: 1>} : (tensor<128x64xf32, #blocked1>) -> ()
      %19 = arith.addi %arg4, %c0_i32 {ttg.partition = array<i32: 0, 1, 2>} : i32
      %20 = nvws.semaphore.acquire %2 {ttg.partition = array<i32: 1>} : <[!ttg.memdesc<2x128x128xf32, #tmem, #ttng.tensor_memory, mutable>, !ttg.memdesc<2x128x64xf32, #tmem1, #ttng.tensor_memory, mutable>, !ttg.memdesc<2x128x64xf32, #tmem1, #ttng.tensor_memory, mutable>]> -> !ttg.async.token
      scf.yield {ttg.partition = array<i32: 0, 1, 2>} %19, %20 : i32, !ttg.async.token
    } {tt.warp_specialize, ttg.partition = array<i32: 0, 1, 2>, ttg.partition.outputs = [array<i32: 0, 1, 2>, array<i32: 1>], ttg.warp_specialize.tag = 1 : i32}
    "use_i32"(%8#0) : (i32) -> ()
    tt.return
  }
}

