#blocked = #ttg.blocked<{sizePerThread = [1, 128], threadsPerWarp = [32, 1], warpsPerCTA = [4, 1], order = [0, 1]}>
#blocked1 = #ttg.blocked<{sizePerThread = [1, 64], threadsPerWarp = [32, 1], warpsPerCTA = [4, 1], order = [0, 1]}>
#tmem = #ttng.tensor_memory_encoding<blockM = 128, blockN = 256, colStride = 1>
#tmem1 = #ttng.tensor_memory_encoding<blockM = 128, blockN = 64, colStride = 1>
#tmem2 = #ttng.tensor_memory_encoding<blockM = 128, blockN = 128, colStride = 1>
module attributes {"ttg.num-warps" = 4 : i32, ttg.target = "cuda:100"} {
  tt.func @container_with_disjoint_subviews(%arg0: i32, %arg1: i32, %arg2: i32) {
    %c0_i32 = arith.constant 0 : i32
    %cst = arith.constant dense<0.000000e+00> : tensor<128x256xf32, #blocked>
    %cst_0 = arith.constant dense<0.000000e+00> : tensor<128x128xf32, #blocked>
    %cst_1 = arith.constant dense<0.000000e+00> : tensor<128x64xf32, #blocked1>
    %result = ttng.tmem_alloc {buffer.id = 900 : i32, buffer.offset = 0 : i32} : () -> !ttg.memdesc<2x128x256xf32, #tmem, #ttng.tensor_memory, mutable>
    %0 = ttng.tmem_subslice %result {N = 192 : i32} : !ttg.memdesc<2x128x256xf32, #tmem, #ttng.tensor_memory, mutable> -> !ttg.memdesc<2x128x64xf32, #tmem1, #ttng.tensor_memory, mutable, 2x128x256>
    %1 = ttg.memdesc_reinterpret %0 : !ttg.memdesc<2x128x64xf32, #tmem1, #ttng.tensor_memory, mutable, 2x128x256> -> !ttg.memdesc<2x128x64xf32, #tmem1, #ttng.tensor_memory, mutable>
    %2 = ttng.tmem_subslice %result {N = 128 : i32} : !ttg.memdesc<2x128x256xf32, #tmem, #ttng.tensor_memory, mutable> -> !ttg.memdesc<2x128x64xf32, #tmem1, #ttng.tensor_memory, mutable, 2x128x256>
    %3 = ttg.memdesc_reinterpret %2 : !ttg.memdesc<2x128x64xf32, #tmem1, #ttng.tensor_memory, mutable, 2x128x256> -> !ttg.memdesc<2x128x64xf32, #tmem1, #ttng.tensor_memory, mutable>
    %4 = ttng.tmem_subslice %result {N = 0 : i32} : !ttg.memdesc<2x128x256xf32, #tmem, #ttng.tensor_memory, mutable> -> !ttg.memdesc<2x128x128xf32, #tmem2, #ttng.tensor_memory, mutable, 2x128x256>
    %5 = ttg.memdesc_reinterpret %4 : !ttg.memdesc<2x128x128xf32, #tmem2, #ttng.tensor_memory, mutable, 2x128x256> -> !ttg.memdesc<2x128x128xf32, #tmem2, #ttng.tensor_memory, mutable>
    %6 = nvws.semaphore.create %result, %5, %3, %1 true {nvws.dag_pending_count = 3 : i32} : <[!ttg.memdesc<2x128x256xf32, #tmem, #ttng.tensor_memory, mutable>, !ttg.memdesc<2x128x128xf32, #tmem2, #ttng.tensor_memory, mutable>, !ttg.memdesc<2x128x64xf32, #tmem1, #ttng.tensor_memory, mutable>, !ttg.memdesc<2x128x64xf32, #tmem1, #ttng.tensor_memory, mutable>]>
    %7 = nvws.semaphore.create %result, %5, %3, %1 false {nvws.dag_pending_count = 1 : i32} : <[!ttg.memdesc<2x128x256xf32, #tmem, #ttng.tensor_memory, mutable>, !ttg.memdesc<2x128x128xf32, #tmem2, #ttng.tensor_memory, mutable>, !ttg.memdesc<2x128x64xf32, #tmem1, #ttng.tensor_memory, mutable>, !ttg.memdesc<2x128x64xf32, #tmem1, #ttng.tensor_memory, mutable>]>
    %8 = nvws.semaphore.create %result, %5, %3, %1 false {nvws.dag_pending_count = 1 : i32} : <[!ttg.memdesc<2x128x256xf32, #tmem, #ttng.tensor_memory, mutable>, !ttg.memdesc<2x128x128xf32, #tmem2, #ttng.tensor_memory, mutable>, !ttg.memdesc<2x128x64xf32, #tmem1, #ttng.tensor_memory, mutable>, !ttg.memdesc<2x128x64xf32, #tmem1, #ttng.tensor_memory, mutable>]>
    %9 = nvws.semaphore.create %result, %5, %3, %1 false {nvws.dag_pending_count = 1 : i32} : <[!ttg.memdesc<2x128x256xf32, #tmem, #ttng.tensor_memory, mutable>, !ttg.memdesc<2x128x128xf32, #tmem2, #ttng.tensor_memory, mutable>, !ttg.memdesc<2x128x64xf32, #tmem1, #ttng.tensor_memory, mutable>, !ttg.memdesc<2x128x64xf32, #tmem1, #ttng.tensor_memory, mutable>]>
    %10 = nvws.semaphore.acquire %6 {ttg.partition = array<i32: 0>, ttg.warp_specialize.tag = 0 : i32} : <[!ttg.memdesc<2x128x256xf32, #tmem, #ttng.tensor_memory, mutable>, !ttg.memdesc<2x128x128xf32, #tmem2, #ttng.tensor_memory, mutable>, !ttg.memdesc<2x128x64xf32, #tmem1, #ttng.tensor_memory, mutable>, !ttg.memdesc<2x128x64xf32, #tmem1, #ttng.tensor_memory, mutable>]> -> !ttg.async.token
    %11:2 = scf.for %arg3 = %arg0 to %arg1 step %arg2 iter_args(%arg4 = %c0_i32, %arg5 = %10) -> (i32, !ttg.async.token)  : i32 {
      %12:4 = nvws.semaphore.buffer %6, %arg5 {ttg.partition = array<i32: 0>} : <[!ttg.memdesc<2x128x256xf32, #tmem, #ttng.tensor_memory, mutable>, !ttg.memdesc<2x128x128xf32, #tmem2, #ttng.tensor_memory, mutable>, !ttg.memdesc<2x128x64xf32, #tmem1, #ttng.tensor_memory, mutable>, !ttg.memdesc<2x128x64xf32, #tmem1, #ttng.tensor_memory, mutable>]>, !ttg.async.token -> !ttg.memdesc<128x256xf32, #tmem, #ttng.tensor_memory, mutable, 2x128x256>, !ttg.memdesc<128x128xf32, #tmem2, #ttng.tensor_memory, mutable, 2x128x128>, !ttg.memdesc<128x64xf32, #tmem1, #ttng.tensor_memory, mutable, 2x128x64>, !ttg.memdesc<128x64xf32, #tmem1, #ttng.tensor_memory, mutable, 2x128x64>
      %true = arith.constant {ttg.partition = array<i32: 0>} true
      ttng.tmem_store %cst, %12#0, %true {ttg.partition = array<i32: 0>} : tensor<128x256xf32, #blocked> -> !ttg.memdesc<128x256xf32, #tmem, #ttng.tensor_memory, mutable, 2x128x256>
      nvws.semaphore.release %7, %arg5 [#nvws.async_op<none>] {ttg.partition = array<i32: 0>} : <[!ttg.memdesc<2x128x256xf32, #tmem, #ttng.tensor_memory, mutable>, !ttg.memdesc<2x128x128xf32, #tmem2, #ttng.tensor_memory, mutable>, !ttg.memdesc<2x128x64xf32, #tmem1, #ttng.tensor_memory, mutable>, !ttg.memdesc<2x128x64xf32, #tmem1, #ttng.tensor_memory, mutable>]>, !ttg.async.token
      nvws.semaphore.release %8, %arg5 [#nvws.async_op<none>] {ttg.partition = array<i32: 0>} : <[!ttg.memdesc<2x128x256xf32, #tmem, #ttng.tensor_memory, mutable>, !ttg.memdesc<2x128x128xf32, #tmem2, #ttng.tensor_memory, mutable>, !ttg.memdesc<2x128x64xf32, #tmem1, #ttng.tensor_memory, mutable>, !ttg.memdesc<2x128x64xf32, #tmem1, #ttng.tensor_memory, mutable>]>, !ttg.async.token
      nvws.semaphore.release %9, %arg5 [#nvws.async_op<none>] {ttg.partition = array<i32: 0>} : <[!ttg.memdesc<2x128x256xf32, #tmem, #ttng.tensor_memory, mutable>, !ttg.memdesc<2x128x128xf32, #tmem2, #ttng.tensor_memory, mutable>, !ttg.memdesc<2x128x64xf32, #tmem1, #ttng.tensor_memory, mutable>, !ttg.memdesc<2x128x64xf32, #tmem1, #ttng.tensor_memory, mutable>]>, !ttg.async.token
      %13 = nvws.semaphore.acquire %7 {ttg.partition = array<i32: 1>} : <[!ttg.memdesc<2x128x256xf32, #tmem, #ttng.tensor_memory, mutable>, !ttg.memdesc<2x128x128xf32, #tmem2, #ttng.tensor_memory, mutable>, !ttg.memdesc<2x128x64xf32, #tmem1, #ttng.tensor_memory, mutable>, !ttg.memdesc<2x128x64xf32, #tmem1, #ttng.tensor_memory, mutable>]> -> !ttg.async.token
      %14:4 = nvws.semaphore.buffer %7, %13 {ttg.partition = array<i32: 1>} : <[!ttg.memdesc<2x128x256xf32, #tmem, #ttng.tensor_memory, mutable>, !ttg.memdesc<2x128x128xf32, #tmem2, #ttng.tensor_memory, mutable>, !ttg.memdesc<2x128x64xf32, #tmem1, #ttng.tensor_memory, mutable>, !ttg.memdesc<2x128x64xf32, #tmem1, #ttng.tensor_memory, mutable>]>, !ttg.async.token -> !ttg.memdesc<128x256xf32, #tmem, #ttng.tensor_memory, mutable, 2x128x256>, !ttg.memdesc<128x128xf32, #tmem2, #ttng.tensor_memory, mutable, 2x128x128>, !ttg.memdesc<128x64xf32, #tmem1, #ttng.tensor_memory, mutable, 2x128x64>, !ttg.memdesc<128x64xf32, #tmem1, #ttng.tensor_memory, mutable, 2x128x64>
      %true_2 = arith.constant {ttg.partition = array<i32: 1>} true
      ttng.tmem_store %cst_0, %14#1, %true_2 {ttg.partition = array<i32: 1>} : tensor<128x128xf32, #blocked> -> !ttg.memdesc<128x128xf32, #tmem2, #ttng.tensor_memory, mutable, 2x128x128>
      %15 = nvws.semaphore.acquire %8 {ttg.partition = array<i32: 2>} : <[!ttg.memdesc<2x128x256xf32, #tmem, #ttng.tensor_memory, mutable>, !ttg.memdesc<2x128x128xf32, #tmem2, #ttng.tensor_memory, mutable>, !ttg.memdesc<2x128x64xf32, #tmem1, #ttng.tensor_memory, mutable>, !ttg.memdesc<2x128x64xf32, #tmem1, #ttng.tensor_memory, mutable>]> -> !ttg.async.token
      %16:4 = nvws.semaphore.buffer %8, %15 {ttg.partition = array<i32: 2>} : <[!ttg.memdesc<2x128x256xf32, #tmem, #ttng.tensor_memory, mutable>, !ttg.memdesc<2x128x128xf32, #tmem2, #ttng.tensor_memory, mutable>, !ttg.memdesc<2x128x64xf32, #tmem1, #ttng.tensor_memory, mutable>, !ttg.memdesc<2x128x64xf32, #tmem1, #ttng.tensor_memory, mutable>]>, !ttg.async.token -> !ttg.memdesc<128x256xf32, #tmem, #ttng.tensor_memory, mutable, 2x128x256>, !ttg.memdesc<128x128xf32, #tmem2, #ttng.tensor_memory, mutable, 2x128x128>, !ttg.memdesc<128x64xf32, #tmem1, #ttng.tensor_memory, mutable, 2x128x64>, !ttg.memdesc<128x64xf32, #tmem1, #ttng.tensor_memory, mutable, 2x128x64>
      %true_3 = arith.constant {ttg.partition = array<i32: 2>} true
      ttng.tmem_store %cst_1, %16#2, %true_3 {ttg.partition = array<i32: 2>} : tensor<128x64xf32, #blocked1> -> !ttg.memdesc<128x64xf32, #tmem1, #ttng.tensor_memory, mutable, 2x128x64>
      %17 = nvws.semaphore.acquire %9 {ttg.partition = array<i32: 3>} : <[!ttg.memdesc<2x128x256xf32, #tmem, #ttng.tensor_memory, mutable>, !ttg.memdesc<2x128x128xf32, #tmem2, #ttng.tensor_memory, mutable>, !ttg.memdesc<2x128x64xf32, #tmem1, #ttng.tensor_memory, mutable>, !ttg.memdesc<2x128x64xf32, #tmem1, #ttng.tensor_memory, mutable>]> -> !ttg.async.token
      %18:4 = nvws.semaphore.buffer %9, %17 {ttg.partition = array<i32: 3>} : <[!ttg.memdesc<2x128x256xf32, #tmem, #ttng.tensor_memory, mutable>, !ttg.memdesc<2x128x128xf32, #tmem2, #ttng.tensor_memory, mutable>, !ttg.memdesc<2x128x64xf32, #tmem1, #ttng.tensor_memory, mutable>, !ttg.memdesc<2x128x64xf32, #tmem1, #ttng.tensor_memory, mutable>]>, !ttg.async.token -> !ttg.memdesc<128x256xf32, #tmem, #ttng.tensor_memory, mutable, 2x128x256>, !ttg.memdesc<128x128xf32, #tmem2, #ttng.tensor_memory, mutable, 2x128x128>, !ttg.memdesc<128x64xf32, #tmem1, #ttng.tensor_memory, mutable, 2x128x64>, !ttg.memdesc<128x64xf32, #tmem1, #ttng.tensor_memory, mutable, 2x128x64>
      %true_4 = arith.constant {ttg.partition = array<i32: 3>} true
      ttng.tmem_store %cst_1, %18#3, %true_4 {ttg.partition = array<i32: 3>} : tensor<128x64xf32, #blocked1> -> !ttg.memdesc<128x64xf32, #tmem1, #ttng.tensor_memory, mutable, 2x128x64>
      %19:4 = nvws.semaphore.buffer %7, %13 {ttg.partition = array<i32: 1>} : <[!ttg.memdesc<2x128x256xf32, #tmem, #ttng.tensor_memory, mutable>, !ttg.memdesc<2x128x128xf32, #tmem2, #ttng.tensor_memory, mutable>, !ttg.memdesc<2x128x64xf32, #tmem1, #ttng.tensor_memory, mutable>, !ttg.memdesc<2x128x64xf32, #tmem1, #ttng.tensor_memory, mutable>]>, !ttg.async.token -> !ttg.memdesc<128x256xf32, #tmem, #ttng.tensor_memory, mutable, 2x128x256>, !ttg.memdesc<128x128xf32, #tmem2, #ttng.tensor_memory, mutable, 2x128x128>, !ttg.memdesc<128x64xf32, #tmem1, #ttng.tensor_memory, mutable, 2x128x64>, !ttg.memdesc<128x64xf32, #tmem1, #ttng.tensor_memory, mutable, 2x128x64>
      %result_5, %token = ttng.tmem_load %19#1[] {ttg.partition = array<i32: 1>} : !ttg.memdesc<128x128xf32, #tmem2, #ttng.tensor_memory, mutable, 2x128x128> -> tensor<128x128xf32, #blocked>
      nvws.semaphore.release %6, %13 [#nvws.async_op<none>] {ttg.partition = array<i32: 1>} : <[!ttg.memdesc<2x128x256xf32, #tmem, #ttng.tensor_memory, mutable>, !ttg.memdesc<2x128x128xf32, #tmem2, #ttng.tensor_memory, mutable>, !ttg.memdesc<2x128x64xf32, #tmem1, #ttng.tensor_memory, mutable>, !ttg.memdesc<2x128x64xf32, #tmem1, #ttng.tensor_memory, mutable>]>, !ttg.async.token
      %20:4 = nvws.semaphore.buffer %8, %15 {ttg.partition = array<i32: 2>} : <[!ttg.memdesc<2x128x256xf32, #tmem, #ttng.tensor_memory, mutable>, !ttg.memdesc<2x128x128xf32, #tmem2, #ttng.tensor_memory, mutable>, !ttg.memdesc<2x128x64xf32, #tmem1, #ttng.tensor_memory, mutable>, !ttg.memdesc<2x128x64xf32, #tmem1, #ttng.tensor_memory, mutable>]>, !ttg.async.token -> !ttg.memdesc<128x256xf32, #tmem, #ttng.tensor_memory, mutable, 2x128x256>, !ttg.memdesc<128x128xf32, #tmem2, #ttng.tensor_memory, mutable, 2x128x128>, !ttg.memdesc<128x64xf32, #tmem1, #ttng.tensor_memory, mutable, 2x128x64>, !ttg.memdesc<128x64xf32, #tmem1, #ttng.tensor_memory, mutable, 2x128x64>
      %result_6, %token_7 = ttng.tmem_load %20#2[] {ttg.partition = array<i32: 2>} : !ttg.memdesc<128x64xf32, #tmem1, #ttng.tensor_memory, mutable, 2x128x64> -> tensor<128x64xf32, #blocked1>
      nvws.semaphore.release %6, %15 [#nvws.async_op<none>] {ttg.partition = array<i32: 2>} : <[!ttg.memdesc<2x128x256xf32, #tmem, #ttng.tensor_memory, mutable>, !ttg.memdesc<2x128x128xf32, #tmem2, #ttng.tensor_memory, mutable>, !ttg.memdesc<2x128x64xf32, #tmem1, #ttng.tensor_memory, mutable>, !ttg.memdesc<2x128x64xf32, #tmem1, #ttng.tensor_memory, mutable>]>, !ttg.async.token
      %21:4 = nvws.semaphore.buffer %9, %17 {ttg.partition = array<i32: 3>} : <[!ttg.memdesc<2x128x256xf32, #tmem, #ttng.tensor_memory, mutable>, !ttg.memdesc<2x128x128xf32, #tmem2, #ttng.tensor_memory, mutable>, !ttg.memdesc<2x128x64xf32, #tmem1, #ttng.tensor_memory, mutable>, !ttg.memdesc<2x128x64xf32, #tmem1, #ttng.tensor_memory, mutable>]>, !ttg.async.token -> !ttg.memdesc<128x256xf32, #tmem, #ttng.tensor_memory, mutable, 2x128x256>, !ttg.memdesc<128x128xf32, #tmem2, #ttng.tensor_memory, mutable, 2x128x128>, !ttg.memdesc<128x64xf32, #tmem1, #ttng.tensor_memory, mutable, 2x128x64>, !ttg.memdesc<128x64xf32, #tmem1, #ttng.tensor_memory, mutable, 2x128x64>
      %result_8, %token_9 = ttng.tmem_load %21#3[] {ttg.partition = array<i32: 3>} : !ttg.memdesc<128x64xf32, #tmem1, #ttng.tensor_memory, mutable, 2x128x64> -> tensor<128x64xf32, #blocked1>
      nvws.semaphore.release %6, %17 [#nvws.async_op<none>] {ttg.partition = array<i32: 3>} : <[!ttg.memdesc<2x128x256xf32, #tmem, #ttng.tensor_memory, mutable>, !ttg.memdesc<2x128x128xf32, #tmem2, #ttng.tensor_memory, mutable>, !ttg.memdesc<2x128x64xf32, #tmem1, #ttng.tensor_memory, mutable>, !ttg.memdesc<2x128x64xf32, #tmem1, #ttng.tensor_memory, mutable>]>, !ttg.async.token
      "use1"(%result_5) {ttg.partition = array<i32: 1>} : (tensor<128x128xf32, #blocked>) -> ()
      "use2"(%result_6) {ttg.partition = array<i32: 2>} : (tensor<128x64xf32, #blocked1>) -> ()
      "use3"(%result_8) {ttg.partition = array<i32: 3>} : (tensor<128x64xf32, #blocked1>) -> ()
      %22 = arith.addi %arg4, %c0_i32 {ttg.partition = array<i32: 0, 1, 2, 3>} : i32
      %23 = nvws.semaphore.acquire %6 {ttg.partition = array<i32: 0>} : <[!ttg.memdesc<2x128x256xf32, #tmem, #ttng.tensor_memory, mutable>, !ttg.memdesc<2x128x128xf32, #tmem2, #ttng.tensor_memory, mutable>, !ttg.memdesc<2x128x64xf32, #tmem1, #ttng.tensor_memory, mutable>, !ttg.memdesc<2x128x64xf32, #tmem1, #ttng.tensor_memory, mutable>]> -> !ttg.async.token
      scf.yield {ttg.partition = array<i32: 0, 1, 2, 3>} %22, %23 : i32, !ttg.async.token
    } {tt.warp_specialize, ttg.partition = array<i32: 0, 1, 2, 3>, ttg.partition.outputs = [array<i32: 0, 1, 2, 3>, array<i32: 0>], ttg.warp_specialize.tag = 0 : i32}
    "use_i32"(%11#0) : (i32) -> ()
    tt.return
  }
}

// -----
#blocked = #ttg.blocked<{sizePerThread = [1, 128], threadsPerWarp = [32, 1], warpsPerCTA = [4, 1], order = [0, 1]}>
#tmem = #ttng.tensor_memory_encoding<blockM = 128, blockN = 256, colStride = 1>
#tmem1 = #ttng.tensor_memory_encoding<blockM = 128, blockN = 128, colStride = 1>
module attributes {"ttg.num-warps" = 4 : i32, ttg.target = "cuda:100"} {
  tt.func @container_with_overlapping_subviews(%arg0: i32, %arg1: i32, %arg2: i32) {
    %c0_i32 = arith.constant 0 : i32
    %cst = arith.constant dense<0.000000e+00> : tensor<128x256xf32, #blocked>
    %cst_0 = arith.constant dense<0.000000e+00> : tensor<128x128xf32, #blocked>
    %result = ttng.tmem_alloc {buffer.id = 901 : i32, buffer.offset = 0 : i32} : () -> !ttg.memdesc<2x128x256xf32, #tmem, #ttng.tensor_memory, mutable>
    %0 = ttng.tmem_subslice %result {N = 64 : i32} : !ttg.memdesc<2x128x256xf32, #tmem, #ttng.tensor_memory, mutable> -> !ttg.memdesc<2x128x128xf32, #tmem1, #ttng.tensor_memory, mutable, 2x128x256>
    %1 = ttg.memdesc_reinterpret %0 : !ttg.memdesc<2x128x128xf32, #tmem1, #ttng.tensor_memory, mutable, 2x128x256> -> !ttg.memdesc<2x128x128xf32, #tmem1, #ttng.tensor_memory, mutable>
    %2 = ttng.tmem_subslice %result {N = 0 : i32} : !ttg.memdesc<2x128x256xf32, #tmem, #ttng.tensor_memory, mutable> -> !ttg.memdesc<2x128x128xf32, #tmem1, #ttng.tensor_memory, mutable, 2x128x256>
    %3 = ttg.memdesc_reinterpret %2 : !ttg.memdesc<2x128x128xf32, #tmem1, #ttng.tensor_memory, mutable, 2x128x256> -> !ttg.memdesc<2x128x128xf32, #tmem1, #ttng.tensor_memory, mutable>
    %4 = nvws.semaphore.create %result, %3, %1 true {nvws.dag_pending_count = 2 : i32} : <[!ttg.memdesc<2x128x256xf32, #tmem, #ttng.tensor_memory, mutable>, !ttg.memdesc<2x128x128xf32, #tmem1, #ttng.tensor_memory, mutable>, !ttg.memdesc<2x128x128xf32, #tmem1, #ttng.tensor_memory, mutable>]>
    %5 = nvws.semaphore.create %result, %3, %1 false {nvws.dag_pending_count = 1 : i32} : <[!ttg.memdesc<2x128x256xf32, #tmem, #ttng.tensor_memory, mutable>, !ttg.memdesc<2x128x128xf32, #tmem1, #ttng.tensor_memory, mutable>, !ttg.memdesc<2x128x128xf32, #tmem1, #ttng.tensor_memory, mutable>]>
    %6 = nvws.semaphore.create %result, %3, %1 false {nvws.dag_pending_count = 1 : i32} : <[!ttg.memdesc<2x128x256xf32, #tmem, #ttng.tensor_memory, mutable>, !ttg.memdesc<2x128x128xf32, #tmem1, #ttng.tensor_memory, mutable>, !ttg.memdesc<2x128x128xf32, #tmem1, #ttng.tensor_memory, mutable>]>
    %7 = nvws.semaphore.create %result, %3, %1 false {nvws.dag_pending_count = 1 : i32} : <[!ttg.memdesc<2x128x256xf32, #tmem, #ttng.tensor_memory, mutable>, !ttg.memdesc<2x128x128xf32, #tmem1, #ttng.tensor_memory, mutable>, !ttg.memdesc<2x128x128xf32, #tmem1, #ttng.tensor_memory, mutable>]>
    %8 = nvws.semaphore.acquire %4 {ttg.partition = array<i32: 0>, ttg.warp_specialize.tag = 0 : i32} : <[!ttg.memdesc<2x128x256xf32, #tmem, #ttng.tensor_memory, mutable>, !ttg.memdesc<2x128x128xf32, #tmem1, #ttng.tensor_memory, mutable>, !ttg.memdesc<2x128x128xf32, #tmem1, #ttng.tensor_memory, mutable>]> -> !ttg.async.token
    %9:2 = scf.for %arg3 = %arg0 to %arg1 step %arg2 iter_args(%arg4 = %c0_i32, %arg5 = %8) -> (i32, !ttg.async.token)  : i32 {
      %10:3 = nvws.semaphore.buffer %4, %arg5 {ttg.partition = array<i32: 0>} : <[!ttg.memdesc<2x128x256xf32, #tmem, #ttng.tensor_memory, mutable>, !ttg.memdesc<2x128x128xf32, #tmem1, #ttng.tensor_memory, mutable>, !ttg.memdesc<2x128x128xf32, #tmem1, #ttng.tensor_memory, mutable>]>, !ttg.async.token -> !ttg.memdesc<128x256xf32, #tmem, #ttng.tensor_memory, mutable, 2x128x256>, !ttg.memdesc<128x128xf32, #tmem1, #ttng.tensor_memory, mutable, 2x128x128>, !ttg.memdesc<128x128xf32, #tmem1, #ttng.tensor_memory, mutable, 2x128x128>
      %true = arith.constant {ttg.partition = array<i32: 0>} true
      ttng.tmem_store %cst, %10#0, %true {ttg.partition = array<i32: 0>} : tensor<128x256xf32, #blocked> -> !ttg.memdesc<128x256xf32, #tmem, #ttng.tensor_memory, mutable, 2x128x256>
      nvws.semaphore.release %5, %arg5 [#nvws.async_op<none>] {ttg.partition = array<i32: 0>} : <[!ttg.memdesc<2x128x256xf32, #tmem, #ttng.tensor_memory, mutable>, !ttg.memdesc<2x128x128xf32, #tmem1, #ttng.tensor_memory, mutable>, !ttg.memdesc<2x128x128xf32, #tmem1, #ttng.tensor_memory, mutable>]>, !ttg.async.token
      %11 = nvws.semaphore.acquire %5 {ttg.partition = array<i32: 1>} : <[!ttg.memdesc<2x128x256xf32, #tmem, #ttng.tensor_memory, mutable>, !ttg.memdesc<2x128x128xf32, #tmem1, #ttng.tensor_memory, mutable>, !ttg.memdesc<2x128x128xf32, #tmem1, #ttng.tensor_memory, mutable>]> -> !ttg.async.token
      %12:3 = nvws.semaphore.buffer %5, %11 {ttg.partition = array<i32: 1>} : <[!ttg.memdesc<2x128x256xf32, #tmem, #ttng.tensor_memory, mutable>, !ttg.memdesc<2x128x128xf32, #tmem1, #ttng.tensor_memory, mutable>, !ttg.memdesc<2x128x128xf32, #tmem1, #ttng.tensor_memory, mutable>]>, !ttg.async.token -> !ttg.memdesc<128x256xf32, #tmem, #ttng.tensor_memory, mutable, 2x128x256>, !ttg.memdesc<128x128xf32, #tmem1, #ttng.tensor_memory, mutable, 2x128x128>, !ttg.memdesc<128x128xf32, #tmem1, #ttng.tensor_memory, mutable, 2x128x128>
      %true_1 = arith.constant {ttg.partition = array<i32: 1>} true
      ttng.tmem_store %cst_0, %12#1, %true_1 {ttg.partition = array<i32: 1>} : tensor<128x128xf32, #blocked> -> !ttg.memdesc<128x128xf32, #tmem1, #ttng.tensor_memory, mutable, 2x128x128>
      nvws.semaphore.release %6, %11 [#nvws.async_op<none>] {ttg.partition = array<i32: 1>} : <[!ttg.memdesc<2x128x256xf32, #tmem, #ttng.tensor_memory, mutable>, !ttg.memdesc<2x128x128xf32, #tmem1, #ttng.tensor_memory, mutable>, !ttg.memdesc<2x128x128xf32, #tmem1, #ttng.tensor_memory, mutable>]>, !ttg.async.token
      %13 = nvws.semaphore.acquire %6 {ttg.partition = array<i32: 2>} : <[!ttg.memdesc<2x128x256xf32, #tmem, #ttng.tensor_memory, mutable>, !ttg.memdesc<2x128x128xf32, #tmem1, #ttng.tensor_memory, mutable>, !ttg.memdesc<2x128x128xf32, #tmem1, #ttng.tensor_memory, mutable>]> -> !ttg.async.token
      %14:3 = nvws.semaphore.buffer %6, %13 {ttg.partition = array<i32: 2>} : <[!ttg.memdesc<2x128x256xf32, #tmem, #ttng.tensor_memory, mutable>, !ttg.memdesc<2x128x128xf32, #tmem1, #ttng.tensor_memory, mutable>, !ttg.memdesc<2x128x128xf32, #tmem1, #ttng.tensor_memory, mutable>]>, !ttg.async.token -> !ttg.memdesc<128x256xf32, #tmem, #ttng.tensor_memory, mutable, 2x128x256>, !ttg.memdesc<128x128xf32, #tmem1, #ttng.tensor_memory, mutable, 2x128x128>, !ttg.memdesc<128x128xf32, #tmem1, #ttng.tensor_memory, mutable, 2x128x128>
      %true_2 = arith.constant {ttg.partition = array<i32: 2>} true
      ttng.tmem_store %cst_0, %14#2, %true_2 {ttg.partition = array<i32: 2>} : tensor<128x128xf32, #blocked> -> !ttg.memdesc<128x128xf32, #tmem1, #ttng.tensor_memory, mutable, 2x128x128>
      nvws.semaphore.release %7, %13 [#nvws.async_op<none>] {ttg.partition = array<i32: 2>} : <[!ttg.memdesc<2x128x256xf32, #tmem, #ttng.tensor_memory, mutable>, !ttg.memdesc<2x128x128xf32, #tmem1, #ttng.tensor_memory, mutable>, !ttg.memdesc<2x128x128xf32, #tmem1, #ttng.tensor_memory, mutable>]>, !ttg.async.token
      %15 = nvws.semaphore.acquire %7 {ttg.partition = array<i32: 1>} : <[!ttg.memdesc<2x128x256xf32, #tmem, #ttng.tensor_memory, mutable>, !ttg.memdesc<2x128x128xf32, #tmem1, #ttng.tensor_memory, mutable>, !ttg.memdesc<2x128x128xf32, #tmem1, #ttng.tensor_memory, mutable>]> -> !ttg.async.token
      %16:3 = nvws.semaphore.buffer %7, %15 {ttg.partition = array<i32: 1>} : <[!ttg.memdesc<2x128x256xf32, #tmem, #ttng.tensor_memory, mutable>, !ttg.memdesc<2x128x128xf32, #tmem1, #ttng.tensor_memory, mutable>, !ttg.memdesc<2x128x128xf32, #tmem1, #ttng.tensor_memory, mutable>]>, !ttg.async.token -> !ttg.memdesc<128x256xf32, #tmem, #ttng.tensor_memory, mutable, 2x128x256>, !ttg.memdesc<128x128xf32, #tmem1, #ttng.tensor_memory, mutable, 2x128x128>, !ttg.memdesc<128x128xf32, #tmem1, #ttng.tensor_memory, mutable, 2x128x128>
      %result_3, %token = ttng.tmem_load %16#1[] {ttg.partition = array<i32: 1>} : !ttg.memdesc<128x128xf32, #tmem1, #ttng.tensor_memory, mutable, 2x128x128> -> tensor<128x128xf32, #blocked>
      nvws.semaphore.release %4, %15 [#nvws.async_op<none>] {ttg.partition = array<i32: 1>} : <[!ttg.memdesc<2x128x256xf32, #tmem, #ttng.tensor_memory, mutable>, !ttg.memdesc<2x128x128xf32, #tmem1, #ttng.tensor_memory, mutable>, !ttg.memdesc<2x128x128xf32, #tmem1, #ttng.tensor_memory, mutable>]>, !ttg.async.token
      %17:3 = nvws.semaphore.buffer %6, %13 {ttg.partition = array<i32: 2>} : <[!ttg.memdesc<2x128x256xf32, #tmem, #ttng.tensor_memory, mutable>, !ttg.memdesc<2x128x128xf32, #tmem1, #ttng.tensor_memory, mutable>, !ttg.memdesc<2x128x128xf32, #tmem1, #ttng.tensor_memory, mutable>]>, !ttg.async.token -> !ttg.memdesc<128x256xf32, #tmem, #ttng.tensor_memory, mutable, 2x128x256>, !ttg.memdesc<128x128xf32, #tmem1, #ttng.tensor_memory, mutable, 2x128x128>, !ttg.memdesc<128x128xf32, #tmem1, #ttng.tensor_memory, mutable, 2x128x128>
      %result_4, %token_5 = ttng.tmem_load %17#2[] {ttg.partition = array<i32: 2>} : !ttg.memdesc<128x128xf32, #tmem1, #ttng.tensor_memory, mutable, 2x128x128> -> tensor<128x128xf32, #blocked>
      nvws.semaphore.release %4, %13 [#nvws.async_op<none>] {ttg.partition = array<i32: 2>} : <[!ttg.memdesc<2x128x256xf32, #tmem, #ttng.tensor_memory, mutable>, !ttg.memdesc<2x128x128xf32, #tmem1, #ttng.tensor_memory, mutable>, !ttg.memdesc<2x128x128xf32, #tmem1, #ttng.tensor_memory, mutable>]>, !ttg.async.token
      "use1"(%result_3) {ttg.partition = array<i32: 1>} : (tensor<128x128xf32, #blocked>) -> ()
      "use2"(%result_4) {ttg.partition = array<i32: 2>} : (tensor<128x128xf32, #blocked>) -> ()
      %18 = arith.addi %arg4, %c0_i32 {ttg.partition = array<i32: 0, 1, 2>} : i32
      %19 = nvws.semaphore.acquire %4 {ttg.partition = array<i32: 0>} : <[!ttg.memdesc<2x128x256xf32, #tmem, #ttng.tensor_memory, mutable>, !ttg.memdesc<2x128x128xf32, #tmem1, #ttng.tensor_memory, mutable>, !ttg.memdesc<2x128x128xf32, #tmem1, #ttng.tensor_memory, mutable>]> -> !ttg.async.token
      scf.yield {ttg.partition = array<i32: 0, 1, 2>} %18, %19 : i32, !ttg.async.token
    } {tt.warp_specialize, ttg.partition = array<i32: 0, 1, 2>, ttg.partition.outputs = [array<i32: 0, 1, 2>, array<i32: 0>], ttg.warp_specialize.tag = 0 : i32}
    "use_i32"(%9#0) : (i32) -> ()
    tt.return
  }
}

