#blocked = #ttg.blocked<{sizePerThread = [1, 128], threadsPerWarp = [32, 1], warpsPerCTA = [4, 1], order = [0, 1]}>
#shared = #ttg.nvmma_shared<{swizzlingByteWidth = 128, transposed = false, elementBitWidth = 16}>
#smem = #ttg.shared_memory
#tmem = #ttng.tensor_memory_encoding<blockM = 128, blockN = 128, colStride = 1>
module attributes {"ttg.num-warps" = 4 : i32, ttg.target = "cuda:100"} {
  tt.func @outer_sourceful_alloc_inner_loop_reentry(%arg0: i32, %arg1: i32, %arg2: i32) {
    %c0_i32 = arith.constant 0 : i32
    %cst = arith.constant dense<0.000000e+00> : tensor<128x128xf32, #blocked>
    %true = arith.constant true
    %result = ttng.tmem_alloc : () -> !ttg.memdesc<1x128x128xf32, #tmem, #ttng.tensor_memory, mutable>
    %0 = nvws.semaphore.create %result true {nvws.dag_pending_count = 1 : i32} : <[!ttg.memdesc<1x128x128xf32, #tmem, #ttng.tensor_memory, mutable>]>
    %1 = nvws.semaphore.create %result false {nvws.dag_pending_count = 1 : i32} : <[!ttg.memdesc<1x128x128xf32, #tmem, #ttng.tensor_memory, mutable>]>
    %2 = nvws.semaphore.create %result false {nvws.dag_pending_count = 1 : i32} : <[!ttg.memdesc<1x128x128xf32, #tmem, #ttng.tensor_memory, mutable>]>
    %3 = nvws.semaphore.acquire %0 {ttg.partition = array<i32: 0>, ttg.warp_specialize.tag = 0 : i32} : <[!ttg.memdesc<1x128x128xf32, #tmem, #ttng.tensor_memory, mutable>]> -> !ttg.async.token
    %4:2 = scf.for %arg3 = %arg0 to %arg1 step %arg2 iter_args(%arg4 = %c0_i32, %arg5 = %3) -> (i32, !ttg.async.token)  : i32 {
      %5 = nvws.semaphore.buffer %0, %arg5 {ttg.partition = array<i32: 0>} : <[!ttg.memdesc<1x128x128xf32, #tmem, #ttng.tensor_memory, mutable>]>, !ttg.async.token -> !ttg.memdesc<128x128xf32, #tmem, #ttng.tensor_memory, mutable, 1x128x128>
      %true_0 = arith.constant {ttg.partition = array<i32: 0>} true
      ttng.tmem_store %cst, %5, %true_0 {ttg.partition = array<i32: 0>} : tensor<128x128xf32, #blocked> -> !ttg.memdesc<128x128xf32, #tmem, #ttng.tensor_memory, mutable, 1x128x128>
      nvws.semaphore.release %1, %arg5 [#nvws.async_op<none>] {ttg.partition = array<i32: 0>} : <[!ttg.memdesc<1x128x128xf32, #tmem, #ttng.tensor_memory, mutable>]>, !ttg.async.token
      %6 = nvws.semaphore.acquire %1 {ttg.partition = array<i32: 1>} : <[!ttg.memdesc<1x128x128xf32, #tmem, #ttng.tensor_memory, mutable>]> -> !ttg.async.token
      %7 = scf.for %arg6 = %arg0 to %arg1 step %arg2 iter_args(%arg7 = %6) -> (!ttg.async.token)  : i32 {
        %11 = "load1"(%arg6) {ttg.partition = array<i32: 1>} : (i32) -> !ttg.memdesc<128x64xf32, #shared, #smem>
        %12 = "load2"(%arg6) {ttg.partition = array<i32: 1>} : (i32) -> !ttg.memdesc<64x128xf32, #shared, #smem>
        %13 = nvws.semaphore.buffer %1, %arg7 {ttg.partition = array<i32: 1>} : <[!ttg.memdesc<1x128x128xf32, #tmem, #ttng.tensor_memory, mutable>]>, !ttg.async.token -> !ttg.memdesc<128x128xf32, #tmem, #ttng.tensor_memory, mutable, 1x128x128>
        %14 = ttng.tc_gen5_mma %11, %12, %13[], %true, %true {ttg.partition = array<i32: 1>} : !ttg.memdesc<128x64xf32, #shared, #smem>, !ttg.memdesc<64x128xf32, #shared, #smem>, !ttg.memdesc<128x128xf32, #tmem, #ttng.tensor_memory, mutable, 1x128x128>
        nvws.semaphore.release %2, %arg7 [#nvws.async_op<tc5mma>] {ttg.partition = array<i32: 1>} : <[!ttg.memdesc<1x128x128xf32, #tmem, #ttng.tensor_memory, mutable>]>, !ttg.async.token
        %15 = nvws.semaphore.acquire %2 {ttg.partition = array<i32: 0>} : <[!ttg.memdesc<1x128x128xf32, #tmem, #ttng.tensor_memory, mutable>]> -> !ttg.async.token
        %16 = nvws.semaphore.buffer %2, %15 {ttg.partition = array<i32: 0>} : <[!ttg.memdesc<1x128x128xf32, #tmem, #ttng.tensor_memory, mutable>]>, !ttg.async.token -> !ttg.memdesc<128x128xf32, #tmem, #ttng.tensor_memory, mutable, 1x128x128>
        %result_2, %token_3 = ttng.tmem_load %16[] {ttg.partition = array<i32: 0>} : !ttg.memdesc<128x128xf32, #tmem, #ttng.tensor_memory, mutable, 1x128x128> -> tensor<128x128xf32, #blocked>
        nvws.semaphore.release %1, %15 [#nvws.async_op<none>] {ttg.partition = array<i32: 0>} : <[!ttg.memdesc<1x128x128xf32, #tmem, #ttng.tensor_memory, mutable>]>, !ttg.async.token
        "use"(%result_2) {ttg.partition = array<i32: 0>} : (tensor<128x128xf32, #blocked>) -> ()
        %17 = nvws.semaphore.acquire %1 {ttg.partition = array<i32: 1>} : <[!ttg.memdesc<1x128x128xf32, #tmem, #ttng.tensor_memory, mutable>]> -> !ttg.async.token
        scf.yield {ttg.partition = array<i32: 0, 1>} %17 : !ttg.async.token
      } {ttg.partition = array<i32: 0, 1>, ttg.partition.outputs = [array<i32: 1>]}
      nvws.semaphore.release %0, %7 [#nvws.async_op<tc5mma>] {ttg.partition = array<i32: 1>} : <[!ttg.memdesc<1x128x128xf32, #tmem, #ttng.tensor_memory, mutable>]>, !ttg.async.token
      %8 = nvws.semaphore.acquire %0 {ttg.partition = array<i32: 0>} : <[!ttg.memdesc<1x128x128xf32, #tmem, #ttng.tensor_memory, mutable>]> -> !ttg.async.token
      %9 = nvws.semaphore.buffer %0, %8 {ttg.partition = array<i32: 0>} : <[!ttg.memdesc<1x128x128xf32, #tmem, #ttng.tensor_memory, mutable>]>, !ttg.async.token -> !ttg.memdesc<128x128xf32, #tmem, #ttng.tensor_memory, mutable, 1x128x128>
      %result_1, %token = ttng.tmem_load %9[] {ttg.partition = array<i32: 0>} : !ttg.memdesc<128x128xf32, #tmem, #ttng.tensor_memory, mutable, 1x128x128> -> tensor<128x128xf32, #blocked>
      "use"(%result_1) {ttg.partition = array<i32: 0>} : (tensor<128x128xf32, #blocked>) -> ()
      %10 = arith.addi %arg4, %c0_i32 {ttg.partition = array<i32: 0>} : i32
      scf.yield {ttg.partition = array<i32: 0, 1>} %10, %8 : i32, !ttg.async.token
    } {tt.warp_specialize, ttg.partition = array<i32: 0, 1>, ttg.partition.outputs = [array<i32: 0>, array<i32: 0>], ttg.warp_specialize.tag = 0 : i32}
    "use_i32"(%4#0) : (i32) -> ()
    tt.return
  }
}

// -----
#blocked = #ttg.blocked<{sizePerThread = [1, 128], threadsPerWarp = [32, 1], warpsPerCTA = [4, 1], order = [0, 1]}>
#shared = #ttg.nvmma_shared<{swizzlingByteWidth = 128, transposed = false, elementBitWidth = 16}>
#smem = #ttg.shared_memory
#tmem = #ttng.tensor_memory_encoding<blockM = 128, blockN = 128, colStride = 1>
module attributes {"ttg.num-warps" = 4 : i32, ttg.target = "cuda:100"} {
  tt.func @three_level_reentry_without_post_access(%arg0: i32, %arg1: i32, %arg2: i32) {
    %0 = ub.poison : !ttg.async.token
    %c0_i32 = arith.constant 0 : i32
    %cst = arith.constant dense<0.000000e+00> : tensor<128x128xf32, #blocked>
    %true = arith.constant true
    %result = ttng.tmem_alloc : () -> !ttg.memdesc<1x128x128xf32, #tmem, #ttng.tensor_memory, mutable>
    %1 = nvws.semaphore.create %result true {nvws.dag_pending_count = 1 : i32} : <[!ttg.memdesc<1x128x128xf32, #tmem, #ttng.tensor_memory, mutable>]>
    %2 = nvws.semaphore.create %result false {nvws.dag_pending_count = 1 : i32} : <[!ttg.memdesc<1x128x128xf32, #tmem, #ttng.tensor_memory, mutable>]>
    %3 = nvws.semaphore.create %result false {nvws.dag_pending_count = 1 : i32} : <[!ttg.memdesc<1x128x128xf32, #tmem, #ttng.tensor_memory, mutable>]>
    %4 = nvws.semaphore.create %result false {nvws.dag_pending_count = 1 : i32} : <[!ttg.memdesc<1x128x128xf32, #tmem, #ttng.tensor_memory, mutable>]>
    %5 = nvws.semaphore.acquire %1 {ttg.partition = array<i32: 0>, ttg.warp_specialize.tag = 0 : i32} : <[!ttg.memdesc<1x128x128xf32, #tmem, #ttng.tensor_memory, mutable>]> -> !ttg.async.token
    %6:2 = scf.for %arg3 = %arg0 to %arg1 step %arg2 iter_args(%arg4 = %c0_i32, %arg5 = %5) -> (i32, !ttg.async.token)  : i32 {
      %7 = nvws.semaphore.buffer %1, %arg5 {ttg.partition = array<i32: 0>} : <[!ttg.memdesc<1x128x128xf32, #tmem, #ttng.tensor_memory, mutable>]>, !ttg.async.token -> !ttg.memdesc<128x128xf32, #tmem, #ttng.tensor_memory, mutable, 1x128x128>
      %true_0 = arith.constant {ttg.partition = array<i32: 0>} true
      ttng.tmem_store %cst, %7, %true_0 {ttg.partition = array<i32: 0>} : tensor<128x128xf32, #blocked> -> !ttg.memdesc<128x128xf32, #tmem, #ttng.tensor_memory, mutable, 1x128x128>
      nvws.semaphore.release %2, %arg5 [#nvws.async_op<none>] {ttg.partition = array<i32: 0>} : <[!ttg.memdesc<1x128x128xf32, #tmem, #ttng.tensor_memory, mutable>]>, !ttg.async.token
      %8 = nvws.semaphore.acquire %2 {ttg.partition = array<i32: 1>} : <[!ttg.memdesc<1x128x128xf32, #tmem, #ttng.tensor_memory, mutable>]> -> !ttg.async.token
      %9:3 = scf.for %arg6 = %arg0 to %arg1 step %arg2 iter_args(%arg7 = %c0_i32, %arg8 = %0, %arg9 = %8) -> (i32, !ttg.async.token, !ttg.async.token)  : i32 {
        %12:2 = scf.for %arg10 = %arg0 to %arg1 step %arg2 iter_args(%arg11 = %arg8, %arg12 = %arg9) -> (!ttg.async.token, !ttg.async.token)  : i32 {
          %14 = "load1"(%arg10) {ttg.partition = array<i32: 1>} : (i32) -> !ttg.memdesc<128x64xf32, #shared, #smem>
          %15 = "load2"(%arg10) {ttg.partition = array<i32: 1>} : (i32) -> !ttg.memdesc<64x128xf32, #shared, #smem>
          %16 = nvws.semaphore.buffer %2, %arg12 {ttg.partition = array<i32: 1>} : <[!ttg.memdesc<1x128x128xf32, #tmem, #ttng.tensor_memory, mutable>]>, !ttg.async.token -> !ttg.memdesc<128x128xf32, #tmem, #ttng.tensor_memory, mutable, 1x128x128>
          %17 = ttng.tc_gen5_mma %14, %15, %16[], %true, %true {ttg.partition = array<i32: 1>} : !ttg.memdesc<128x64xf32, #shared, #smem>, !ttg.memdesc<64x128xf32, #shared, #smem>, !ttg.memdesc<128x128xf32, #tmem, #ttng.tensor_memory, mutable, 1x128x128>
          nvws.semaphore.release %3, %arg12 [#nvws.async_op<tc5mma>] {ttg.partition = array<i32: 1>} : <[!ttg.memdesc<1x128x128xf32, #tmem, #ttng.tensor_memory, mutable>]>, !ttg.async.token
          %18 = nvws.semaphore.acquire %3 {ttg.partition = array<i32: 0>} : <[!ttg.memdesc<1x128x128xf32, #tmem, #ttng.tensor_memory, mutable>]> -> !ttg.async.token
          %19 = nvws.semaphore.buffer %3, %18 {ttg.partition = array<i32: 0>} : <[!ttg.memdesc<1x128x128xf32, #tmem, #ttng.tensor_memory, mutable>]>, !ttg.async.token -> !ttg.memdesc<128x128xf32, #tmem, #ttng.tensor_memory, mutable, 1x128x128>
          %result_1, %token = ttng.tmem_load %19[] {ttg.partition = array<i32: 0>} : !ttg.memdesc<128x128xf32, #tmem, #ttng.tensor_memory, mutable, 1x128x128> -> tensor<128x128xf32, #blocked>
          nvws.semaphore.release %4, %18 [#nvws.async_op<none>] {ttg.partition = array<i32: 0>} : <[!ttg.memdesc<1x128x128xf32, #tmem, #ttng.tensor_memory, mutable>]>, !ttg.async.token
          "use"(%result_1) {ttg.partition = array<i32: 0>} : (tensor<128x128xf32, #blocked>) -> ()
          %20 = nvws.semaphore.acquire %4 {ttg.partition = array<i32: 1>} : <[!ttg.memdesc<1x128x128xf32, #tmem, #ttng.tensor_memory, mutable>]> -> !ttg.async.token
          scf.yield {ttg.partition = array<i32: 0, 1>} %0, %20 : !ttg.async.token, !ttg.async.token
        } {ttg.partition = array<i32: 0, 1>, ttg.partition.outputs = [array<i32: 0>, array<i32: 1>]}
        %13 = arith.addi %arg7, %c0_i32 {ttg.partition = array<i32: 0>} : i32
        scf.yield {ttg.partition = array<i32: 0, 1>} %13, %12#0, %12#1 : i32, !ttg.async.token, !ttg.async.token
      } {ttg.partition = array<i32: 0, 1>, ttg.partition.outputs = [array<i32: 0>, array<i32: 0>, array<i32: 1>]}
      nvws.semaphore.release %1, %9#2 [#nvws.async_op<tc5mma>] {ttg.partition = array<i32: 1>} : <[!ttg.memdesc<1x128x128xf32, #tmem, #ttng.tensor_memory, mutable>]>, !ttg.async.token
      %10 = arith.addi %arg4, %9#0 {ttg.partition = array<i32: 0>} : i32
      %11 = nvws.semaphore.acquire %1 {ttg.partition = array<i32: 0>} : <[!ttg.memdesc<1x128x128xf32, #tmem, #ttng.tensor_memory, mutable>]> -> !ttg.async.token
      scf.yield {ttg.partition = array<i32: 0, 1>} %10, %11 : i32, !ttg.async.token
    } {tt.warp_specialize, ttg.partition = array<i32: 0, 1>, ttg.partition.outputs = [array<i32: 0>, array<i32: 0>], ttg.warp_specialize.tag = 0 : i32}
    "use_i32"(%6#0) : (i32) -> ()
    tt.return
  }
}

// -----
#blocked = #ttg.blocked<{sizePerThread = [1, 128], threadsPerWarp = [32, 1], warpsPerCTA = [4, 1], order = [0, 1]}>
#shared = #ttg.nvmma_shared<{swizzlingByteWidth = 128, transposed = false, elementBitWidth = 16}>
#smem = #ttg.shared_memory
#tmem = #ttng.tensor_memory_encoding<blockM = 128, blockN = 128, colStride = 1>
module attributes {"ttg.num-warps" = 4 : i32, ttg.target = "cuda:100"} {
  tt.func @three_level_sourceful_alloc_reentry(%arg0: i32, %arg1: i32, %arg2: i32) {
    %c0_i32 = arith.constant 0 : i32
    %cst = arith.constant dense<0.000000e+00> : tensor<128x128xf32, #blocked>
    %true = arith.constant true
    %result = ttng.tmem_alloc : () -> !ttg.memdesc<1x128x128xf32, #tmem, #ttng.tensor_memory, mutable>
    %0 = nvws.semaphore.create %result true {nvws.dag_pending_count = 1 : i32} : <[!ttg.memdesc<1x128x128xf32, #tmem, #ttng.tensor_memory, mutable>]>
    %1 = nvws.semaphore.create %result false {nvws.dag_pending_count = 1 : i32} : <[!ttg.memdesc<1x128x128xf32, #tmem, #ttng.tensor_memory, mutable>]>
    %2 = nvws.semaphore.create %result false {nvws.dag_pending_count = 1 : i32} : <[!ttg.memdesc<1x128x128xf32, #tmem, #ttng.tensor_memory, mutable>]>
    %3 = nvws.semaphore.create %result false {nvws.dag_pending_count = 1 : i32} : <[!ttg.memdesc<1x128x128xf32, #tmem, #ttng.tensor_memory, mutable>]>
    %4 = nvws.semaphore.create %result false {nvws.dag_pending_count = 1 : i32} : <[!ttg.memdesc<1x128x128xf32, #tmem, #ttng.tensor_memory, mutable>]>
    %5 = nvws.semaphore.acquire %0 {ttg.partition = array<i32: 0>, ttg.warp_specialize.tag = 0 : i32} : <[!ttg.memdesc<1x128x128xf32, #tmem, #ttng.tensor_memory, mutable>]> -> !ttg.async.token
    %6:2 = scf.for %arg3 = %arg0 to %arg1 step %arg2 iter_args(%arg4 = %c0_i32, %arg5 = %5) -> (i32, !ttg.async.token)  : i32 {
      %7 = nvws.semaphore.buffer %0, %arg5 {ttg.partition = array<i32: 0>} : <[!ttg.memdesc<1x128x128xf32, #tmem, #ttng.tensor_memory, mutable>]>, !ttg.async.token -> !ttg.memdesc<128x128xf32, #tmem, #ttng.tensor_memory, mutable, 1x128x128>
      %true_0 = arith.constant {ttg.partition = array<i32: 0>} true
      ttng.tmem_store %cst, %7, %true_0 {ttg.partition = array<i32: 0>} : tensor<128x128xf32, #blocked> -> !ttg.memdesc<128x128xf32, #tmem, #ttng.tensor_memory, mutable, 1x128x128>
      nvws.semaphore.release %1, %arg5 [#nvws.async_op<none>] {ttg.partition = array<i32: 0>} : <[!ttg.memdesc<1x128x128xf32, #tmem, #ttng.tensor_memory, mutable>]>, !ttg.async.token
      %8 = nvws.semaphore.acquire %1 {ttg.partition = array<i32: 1>} : <[!ttg.memdesc<1x128x128xf32, #tmem, #ttng.tensor_memory, mutable>]> -> !ttg.async.token
      %9:2 = scf.for %arg6 = %arg0 to %arg1 step %arg2 iter_args(%arg7 = %c0_i32, %arg8 = %8) -> (i32, !ttg.async.token)  : i32 {
        %13 = scf.for %arg9 = %arg0 to %arg1 step %arg2 iter_args(%arg10 = %arg8) -> (!ttg.async.token)  : i32 {
          %18 = "load1"(%arg9) {ttg.partition = array<i32: 1>} : (i32) -> !ttg.memdesc<128x64xf32, #shared, #smem>
          %19 = "load2"(%arg9) {ttg.partition = array<i32: 1>} : (i32) -> !ttg.memdesc<64x128xf32, #shared, #smem>
          %20 = nvws.semaphore.buffer %1, %arg10 {ttg.partition = array<i32: 1>} : <[!ttg.memdesc<1x128x128xf32, #tmem, #ttng.tensor_memory, mutable>]>, !ttg.async.token -> !ttg.memdesc<128x128xf32, #tmem, #ttng.tensor_memory, mutable, 1x128x128>
          %21 = ttng.tc_gen5_mma %18, %19, %20[], %true, %true {ttg.partition = array<i32: 1>} : !ttg.memdesc<128x64xf32, #shared, #smem>, !ttg.memdesc<64x128xf32, #shared, #smem>, !ttg.memdesc<128x128xf32, #tmem, #ttng.tensor_memory, mutable, 1x128x128>
          nvws.semaphore.release %2, %arg10 [#nvws.async_op<tc5mma>] {ttg.partition = array<i32: 1>} : <[!ttg.memdesc<1x128x128xf32, #tmem, #ttng.tensor_memory, mutable>]>, !ttg.async.token
          %22 = nvws.semaphore.acquire %2 {ttg.partition = array<i32: 0>} : <[!ttg.memdesc<1x128x128xf32, #tmem, #ttng.tensor_memory, mutable>]> -> !ttg.async.token
          %23 = nvws.semaphore.buffer %2, %22 {ttg.partition = array<i32: 0>} : <[!ttg.memdesc<1x128x128xf32, #tmem, #ttng.tensor_memory, mutable>]>, !ttg.async.token -> !ttg.memdesc<128x128xf32, #tmem, #ttng.tensor_memory, mutable, 1x128x128>
          %result_4, %token_5 = ttng.tmem_load %23[] {ttg.partition = array<i32: 0>} : !ttg.memdesc<128x128xf32, #tmem, #ttng.tensor_memory, mutable, 1x128x128> -> tensor<128x128xf32, #blocked>
          nvws.semaphore.release %3, %22 [#nvws.async_op<none>] {ttg.partition = array<i32: 0>} : <[!ttg.memdesc<1x128x128xf32, #tmem, #ttng.tensor_memory, mutable>]>, !ttg.async.token
          "use"(%result_4) {ttg.partition = array<i32: 0>} : (tensor<128x128xf32, #blocked>) -> ()
          %24 = nvws.semaphore.acquire %3 {ttg.partition = array<i32: 1>} : <[!ttg.memdesc<1x128x128xf32, #tmem, #ttng.tensor_memory, mutable>]> -> !ttg.async.token
          scf.yield {ttg.partition = array<i32: 0, 1>} %24 : !ttg.async.token
        } {ttg.partition = array<i32: 0, 1>, ttg.partition.outputs = [array<i32: 1>]}
        nvws.semaphore.release %4, %13 [#nvws.async_op<tc5mma>] {ttg.partition = array<i32: 1>} : <[!ttg.memdesc<1x128x128xf32, #tmem, #ttng.tensor_memory, mutable>]>, !ttg.async.token
        %14 = nvws.semaphore.acquire %4 {ttg.partition = array<i32: 0>} : <[!ttg.memdesc<1x128x128xf32, #tmem, #ttng.tensor_memory, mutable>]> -> !ttg.async.token
        %15 = nvws.semaphore.buffer %4, %14 {ttg.partition = array<i32: 0>} : <[!ttg.memdesc<1x128x128xf32, #tmem, #ttng.tensor_memory, mutable>]>, !ttg.async.token -> !ttg.memdesc<128x128xf32, #tmem, #ttng.tensor_memory, mutable, 1x128x128>
        %result_2, %token_3 = ttng.tmem_load %15[] {ttg.partition = array<i32: 0>} : !ttg.memdesc<128x128xf32, #tmem, #ttng.tensor_memory, mutable, 1x128x128> -> tensor<128x128xf32, #blocked>
        nvws.semaphore.release %1, %14 [#nvws.async_op<none>] {ttg.partition = array<i32: 0>} : <[!ttg.memdesc<1x128x128xf32, #tmem, #ttng.tensor_memory, mutable>]>, !ttg.async.token
        "use"(%result_2) {ttg.partition = array<i32: 0>} : (tensor<128x128xf32, #blocked>) -> ()
        %16 = arith.addi %arg7, %c0_i32 {ttg.partition = array<i32: 0>} : i32
        %17 = nvws.semaphore.acquire %1 {ttg.partition = array<i32: 1>} : <[!ttg.memdesc<1x128x128xf32, #tmem, #ttng.tensor_memory, mutable>]> -> !ttg.async.token
        scf.yield {ttg.partition = array<i32: 0, 1>} %16, %17 : i32, !ttg.async.token
      } {ttg.partition = array<i32: 0, 1>, ttg.partition.outputs = [array<i32: 0>, array<i32: 1>]}
      nvws.semaphore.release %0, %9#1 [#nvws.async_op<tc5mma>] {ttg.partition = array<i32: 1>} : <[!ttg.memdesc<1x128x128xf32, #tmem, #ttng.tensor_memory, mutable>]>, !ttg.async.token
      %10 = nvws.semaphore.acquire %0 {ttg.partition = array<i32: 0>} : <[!ttg.memdesc<1x128x128xf32, #tmem, #ttng.tensor_memory, mutable>]> -> !ttg.async.token
      %11 = nvws.semaphore.buffer %0, %10 {ttg.partition = array<i32: 0>} : <[!ttg.memdesc<1x128x128xf32, #tmem, #ttng.tensor_memory, mutable>]>, !ttg.async.token -> !ttg.memdesc<128x128xf32, #tmem, #ttng.tensor_memory, mutable, 1x128x128>
      %result_1, %token = ttng.tmem_load %11[] {ttg.partition = array<i32: 0>} : !ttg.memdesc<128x128xf32, #tmem, #ttng.tensor_memory, mutable, 1x128x128> -> tensor<128x128xf32, #blocked>
      "use"(%result_1) {ttg.partition = array<i32: 0>} : (tensor<128x128xf32, #blocked>) -> ()
      %12 = arith.addi %arg4, %9#0 {ttg.partition = array<i32: 0>} : i32
      scf.yield {ttg.partition = array<i32: 0, 1>} %12, %10 : i32, !ttg.async.token
    } {tt.warp_specialize, ttg.partition = array<i32: 0, 1>, ttg.partition.outputs = [array<i32: 0>, array<i32: 0>], ttg.warp_specialize.tag = 0 : i32}
    "use_i32"(%6#0) : (i32) -> ()
    tt.return
  }
}

