#blocked = #ttg.blocked<{sizePerThread = [1, 128], threadsPerWarp = [32, 1], warpsPerCTA = [4, 1], order = [0, 1]}>
#blocked1 = #ttg.blocked<{sizePerThread = [1, 64], threadsPerWarp = [32, 1], warpsPerCTA = [4, 1], order = [0, 1]}>
#blocked2 = #ttg.blocked<{sizePerThread = [1, 1], threadsPerWarp = [32, 1], warpsPerCTA = [4, 1], order = [0, 1]}>
#tmem = #ttng.tensor_memory_encoding<blockM = 128, blockN = 128, colStride = 1>
#tmem1 = #ttng.tensor_memory_encoding<blockM = 128, blockN = 64, colStride = 1>
#tmem2 = #ttng.tensor_memory_encoding<blockM = 128, blockN = 1, colStride = 1>
module attributes {"ttg.num-warps" = 4 : i32, ttg.target = "cuda:100"} {
  tt.func @tmem_mixed_overlap_spanning_member(%arg0: i32, %arg1: i32, %arg2: i32) {
    %c0_i32 = arith.constant 0 : i32
    %cst = arith.constant dense<0.000000e+00> : tensor<128x128xf32, #blocked>
    %cst_0 = arith.constant dense<0.000000e+00> : tensor<128x64xf32, #blocked1>
    %cst_1 = arith.constant dense<1.000000e+00> : tensor<128x1xf32, #blocked2>
    %true = arith.constant true
    %result = ttng.tmem_alloc {buffer.id = 520 : i32, buffer.offset = 0 : i32} : () -> !ttg.memdesc<2x128x128xf32, #tmem, #ttng.tensor_memory, mutable>
    %0 = ttng.tmem_subslice %result {N = 0 : i32} : !ttg.memdesc<2x128x128xf32, #tmem, #ttng.tensor_memory, mutable> -> !ttg.memdesc<2x128x64xf32, #tmem1, #ttng.tensor_memory, mutable, 2x128x128>
    %1 = ttg.memdesc_reinterpret %0 : !ttg.memdesc<2x128x64xf32, #tmem1, #ttng.tensor_memory, mutable, 2x128x128> -> !ttg.memdesc<2x128x64xf32, #tmem1, #ttng.tensor_memory, mutable>
    %2 = ttng.tmem_subslice %result {N = 65 : i32} : !ttg.memdesc<2x128x128xf32, #tmem, #ttng.tensor_memory, mutable> -> !ttg.memdesc<2x128x1xf32, #tmem2, #ttng.tensor_memory, mutable, 2x128x128>
    %3 = ttg.memdesc_reinterpret %2 : !ttg.memdesc<2x128x1xf32, #tmem2, #ttng.tensor_memory, mutable, 2x128x128> -> !ttg.memdesc<2x128x1xf32, #tmem2, #ttng.tensor_memory, mutable>
    %4 = ttng.tmem_subslice %result {N = 66 : i32} : !ttg.memdesc<2x128x128xf32, #tmem, #ttng.tensor_memory, mutable> -> !ttg.memdesc<2x128x1xf32, #tmem2, #ttng.tensor_memory, mutable, 2x128x128>
    %5 = ttg.memdesc_reinterpret %4 : !ttg.memdesc<2x128x1xf32, #tmem2, #ttng.tensor_memory, mutable, 2x128x128> -> !ttg.memdesc<2x128x1xf32, #tmem2, #ttng.tensor_memory, mutable>
    %6 = ttng.tmem_subslice %result {N = 64 : i32} : !ttg.memdesc<2x128x128xf32, #tmem, #ttng.tensor_memory, mutable> -> !ttg.memdesc<2x128x1xf32, #tmem2, #ttng.tensor_memory, mutable, 2x128x128>
    %7 = ttg.memdesc_reinterpret %6 : !ttg.memdesc<2x128x1xf32, #tmem2, #ttng.tensor_memory, mutable, 2x128x128> -> !ttg.memdesc<2x128x1xf32, #tmem2, #ttng.tensor_memory, mutable>
    %8 = nvws.semaphore.create %7, %5, %3, %result, %1 true {nvws.dag_pending_count = 2 : i32} : <[!ttg.memdesc<2x128x1xf32, #tmem2, #ttng.tensor_memory, mutable>, !ttg.memdesc<2x128x1xf32, #tmem2, #ttng.tensor_memory, mutable>, !ttg.memdesc<2x128x1xf32, #tmem2, #ttng.tensor_memory, mutable>, !ttg.memdesc<2x128x128xf32, #tmem, #ttng.tensor_memory, mutable>, !ttg.memdesc<2x128x64xf32, #tmem1, #ttng.tensor_memory, mutable>]>
    %9 = nvws.semaphore.create %7, %5, %3, %result, %1 false {nvws.dag_pending_count = 1 : i32} : <[!ttg.memdesc<2x128x1xf32, #tmem2, #ttng.tensor_memory, mutable>, !ttg.memdesc<2x128x1xf32, #tmem2, #ttng.tensor_memory, mutable>, !ttg.memdesc<2x128x1xf32, #tmem2, #ttng.tensor_memory, mutable>, !ttg.memdesc<2x128x128xf32, #tmem, #ttng.tensor_memory, mutable>, !ttg.memdesc<2x128x64xf32, #tmem1, #ttng.tensor_memory, mutable>]>
    %10 = nvws.semaphore.create %7, %5, %3, %result, %1 false {nvws.dag_pending_count = 1 : i32} : <[!ttg.memdesc<2x128x1xf32, #tmem2, #ttng.tensor_memory, mutable>, !ttg.memdesc<2x128x1xf32, #tmem2, #ttng.tensor_memory, mutable>, !ttg.memdesc<2x128x1xf32, #tmem2, #ttng.tensor_memory, mutable>, !ttg.memdesc<2x128x128xf32, #tmem, #ttng.tensor_memory, mutable>, !ttg.memdesc<2x128x64xf32, #tmem1, #ttng.tensor_memory, mutable>]>
    %11 = nvws.semaphore.create %7, %5, %3, %result, %1 false {nvws.dag_pending_count = 1 : i32} : <[!ttg.memdesc<2x128x1xf32, #tmem2, #ttng.tensor_memory, mutable>, !ttg.memdesc<2x128x1xf32, #tmem2, #ttng.tensor_memory, mutable>, !ttg.memdesc<2x128x1xf32, #tmem2, #ttng.tensor_memory, mutable>, !ttg.memdesc<2x128x128xf32, #tmem, #ttng.tensor_memory, mutable>, !ttg.memdesc<2x128x64xf32, #tmem1, #ttng.tensor_memory, mutable>]>
    %12 = nvws.semaphore.create %7, %5, %3, %result, %1 false {nvws.dag_pending_count = 1 : i32} : <[!ttg.memdesc<2x128x1xf32, #tmem2, #ttng.tensor_memory, mutable>, !ttg.memdesc<2x128x1xf32, #tmem2, #ttng.tensor_memory, mutable>, !ttg.memdesc<2x128x1xf32, #tmem2, #ttng.tensor_memory, mutable>, !ttg.memdesc<2x128x128xf32, #tmem, #ttng.tensor_memory, mutable>, !ttg.memdesc<2x128x64xf32, #tmem1, #ttng.tensor_memory, mutable>]>
    %13 = nvws.semaphore.create %7, %5, %3, %result, %1 false {nvws.dag_pending_count = 1 : i32} : <[!ttg.memdesc<2x128x1xf32, #tmem2, #ttng.tensor_memory, mutable>, !ttg.memdesc<2x128x1xf32, #tmem2, #ttng.tensor_memory, mutable>, !ttg.memdesc<2x128x1xf32, #tmem2, #ttng.tensor_memory, mutable>, !ttg.memdesc<2x128x128xf32, #tmem, #ttng.tensor_memory, mutable>, !ttg.memdesc<2x128x64xf32, #tmem1, #ttng.tensor_memory, mutable>]>
    %14 = nvws.semaphore.acquire %8 {ttg.partition = array<i32: 1>, ttg.warp_specialize.tag = 0 : i32} : <[!ttg.memdesc<2x128x1xf32, #tmem2, #ttng.tensor_memory, mutable>, !ttg.memdesc<2x128x1xf32, #tmem2, #ttng.tensor_memory, mutable>, !ttg.memdesc<2x128x1xf32, #tmem2, #ttng.tensor_memory, mutable>, !ttg.memdesc<2x128x128xf32, #tmem, #ttng.tensor_memory, mutable>, !ttg.memdesc<2x128x64xf32, #tmem1, #ttng.tensor_memory, mutable>]> -> !ttg.async.token
    %15:2 = scf.for %arg3 = %arg0 to %arg1 step %arg2 iter_args(%arg4 = %c0_i32, %arg5 = %14) -> (i32, !ttg.async.token)  : i32 {
      %16:5 = nvws.semaphore.buffer %8, %arg5 {ttg.partition = array<i32: 1>} : <[!ttg.memdesc<2x128x1xf32, #tmem2, #ttng.tensor_memory, mutable>, !ttg.memdesc<2x128x1xf32, #tmem2, #ttng.tensor_memory, mutable>, !ttg.memdesc<2x128x1xf32, #tmem2, #ttng.tensor_memory, mutable>, !ttg.memdesc<2x128x128xf32, #tmem, #ttng.tensor_memory, mutable>, !ttg.memdesc<2x128x64xf32, #tmem1, #ttng.tensor_memory, mutable>]>, !ttg.async.token -> !ttg.memdesc<128x1xf32, #tmem2, #ttng.tensor_memory, mutable, 2x128x1>, !ttg.memdesc<128x1xf32, #tmem2, #ttng.tensor_memory, mutable, 2x128x1>, !ttg.memdesc<128x1xf32, #tmem2, #ttng.tensor_memory, mutable, 2x128x1>, !ttg.memdesc<128x128xf32, #tmem, #ttng.tensor_memory, mutable, 2x128x128>, !ttg.memdesc<128x64xf32, #tmem1, #ttng.tensor_memory, mutable, 2x128x64>
      ttng.tmem_store %cst_1, %16#0, %true {ttg.partition = array<i32: 1>} : tensor<128x1xf32, #blocked2> -> !ttg.memdesc<128x1xf32, #tmem2, #ttng.tensor_memory, mutable, 2x128x1>
      nvws.semaphore.release %9, %arg5 [#nvws.async_op<none>] {ttg.partition = array<i32: 1>} : <[!ttg.memdesc<2x128x1xf32, #tmem2, #ttng.tensor_memory, mutable>, !ttg.memdesc<2x128x1xf32, #tmem2, #ttng.tensor_memory, mutable>, !ttg.memdesc<2x128x1xf32, #tmem2, #ttng.tensor_memory, mutable>, !ttg.memdesc<2x128x128xf32, #tmem, #ttng.tensor_memory, mutable>, !ttg.memdesc<2x128x64xf32, #tmem1, #ttng.tensor_memory, mutable>]>, !ttg.async.token
      %17 = nvws.semaphore.acquire %9 {ttg.partition = array<i32: 2>} : <[!ttg.memdesc<2x128x1xf32, #tmem2, #ttng.tensor_memory, mutable>, !ttg.memdesc<2x128x1xf32, #tmem2, #ttng.tensor_memory, mutable>, !ttg.memdesc<2x128x1xf32, #tmem2, #ttng.tensor_memory, mutable>, !ttg.memdesc<2x128x128xf32, #tmem, #ttng.tensor_memory, mutable>, !ttg.memdesc<2x128x64xf32, #tmem1, #ttng.tensor_memory, mutable>]> -> !ttg.async.token
      %18:5 = nvws.semaphore.buffer %9, %17 {ttg.partition = array<i32: 2>} : <[!ttg.memdesc<2x128x1xf32, #tmem2, #ttng.tensor_memory, mutable>, !ttg.memdesc<2x128x1xf32, #tmem2, #ttng.tensor_memory, mutable>, !ttg.memdesc<2x128x1xf32, #tmem2, #ttng.tensor_memory, mutable>, !ttg.memdesc<2x128x128xf32, #tmem, #ttng.tensor_memory, mutable>, !ttg.memdesc<2x128x64xf32, #tmem1, #ttng.tensor_memory, mutable>]>, !ttg.async.token -> !ttg.memdesc<128x1xf32, #tmem2, #ttng.tensor_memory, mutable, 2x128x1>, !ttg.memdesc<128x1xf32, #tmem2, #ttng.tensor_memory, mutable, 2x128x1>, !ttg.memdesc<128x1xf32, #tmem2, #ttng.tensor_memory, mutable, 2x128x1>, !ttg.memdesc<128x128xf32, #tmem, #ttng.tensor_memory, mutable, 2x128x128>, !ttg.memdesc<128x64xf32, #tmem1, #ttng.tensor_memory, mutable, 2x128x64>
      %result_2, %token = ttng.tmem_load %18#0[] {ttg.partition = array<i32: 2>} : !ttg.memdesc<128x1xf32, #tmem2, #ttng.tensor_memory, mutable, 2x128x1> -> tensor<128x1xf32, #blocked2>
      "use_alpha"(%result_2) {ttg.partition = array<i32: 2>} : (tensor<128x1xf32, #blocked2>) -> ()
      %19:5 = nvws.semaphore.buffer %8, %14 {ttg.partition = array<i32: 1>} : <[!ttg.memdesc<2x128x1xf32, #tmem2, #ttng.tensor_memory, mutable>, !ttg.memdesc<2x128x1xf32, #tmem2, #ttng.tensor_memory, mutable>, !ttg.memdesc<2x128x1xf32, #tmem2, #ttng.tensor_memory, mutable>, !ttg.memdesc<2x128x128xf32, #tmem, #ttng.tensor_memory, mutable>, !ttg.memdesc<2x128x64xf32, #tmem1, #ttng.tensor_memory, mutable>]>, !ttg.async.token -> !ttg.memdesc<128x1xf32, #tmem2, #ttng.tensor_memory, mutable, 2x128x1>, !ttg.memdesc<128x1xf32, #tmem2, #ttng.tensor_memory, mutable, 2x128x1>, !ttg.memdesc<128x1xf32, #tmem2, #ttng.tensor_memory, mutable, 2x128x1>, !ttg.memdesc<128x128xf32, #tmem, #ttng.tensor_memory, mutable, 2x128x128>, !ttg.memdesc<128x64xf32, #tmem1, #ttng.tensor_memory, mutable, 2x128x64>
      ttng.tmem_store %cst_1, %19#1, %true {ttg.partition = array<i32: 1>} : tensor<128x1xf32, #blocked2> -> !ttg.memdesc<128x1xf32, #tmem2, #ttng.tensor_memory, mutable, 2x128x1>
      nvws.semaphore.release %10, %14 [#nvws.async_op<none>] {ttg.partition = array<i32: 1>} : <[!ttg.memdesc<2x128x1xf32, #tmem2, #ttng.tensor_memory, mutable>, !ttg.memdesc<2x128x1xf32, #tmem2, #ttng.tensor_memory, mutable>, !ttg.memdesc<2x128x1xf32, #tmem2, #ttng.tensor_memory, mutable>, !ttg.memdesc<2x128x128xf32, #tmem, #ttng.tensor_memory, mutable>, !ttg.memdesc<2x128x64xf32, #tmem1, #ttng.tensor_memory, mutable>]>, !ttg.async.token
      %20 = nvws.semaphore.acquire %10 {ttg.partition = array<i32: 2>} : <[!ttg.memdesc<2x128x1xf32, #tmem2, #ttng.tensor_memory, mutable>, !ttg.memdesc<2x128x1xf32, #tmem2, #ttng.tensor_memory, mutable>, !ttg.memdesc<2x128x1xf32, #tmem2, #ttng.tensor_memory, mutable>, !ttg.memdesc<2x128x128xf32, #tmem, #ttng.tensor_memory, mutable>, !ttg.memdesc<2x128x64xf32, #tmem1, #ttng.tensor_memory, mutable>]> -> !ttg.async.token
      %21:5 = nvws.semaphore.buffer %10, %20 {ttg.partition = array<i32: 2>} : <[!ttg.memdesc<2x128x1xf32, #tmem2, #ttng.tensor_memory, mutable>, !ttg.memdesc<2x128x1xf32, #tmem2, #ttng.tensor_memory, mutable>, !ttg.memdesc<2x128x1xf32, #tmem2, #ttng.tensor_memory, mutable>, !ttg.memdesc<2x128x128xf32, #tmem, #ttng.tensor_memory, mutable>, !ttg.memdesc<2x128x64xf32, #tmem1, #ttng.tensor_memory, mutable>]>, !ttg.async.token -> !ttg.memdesc<128x1xf32, #tmem2, #ttng.tensor_memory, mutable, 2x128x1>, !ttg.memdesc<128x1xf32, #tmem2, #ttng.tensor_memory, mutable, 2x128x1>, !ttg.memdesc<128x1xf32, #tmem2, #ttng.tensor_memory, mutable, 2x128x1>, !ttg.memdesc<128x128xf32, #tmem, #ttng.tensor_memory, mutable, 2x128x128>, !ttg.memdesc<128x64xf32, #tmem1, #ttng.tensor_memory, mutable, 2x128x64>
      %result_3, %token_4 = ttng.tmem_load %21#1[] {ttg.partition = array<i32: 2>} : !ttg.memdesc<128x1xf32, #tmem2, #ttng.tensor_memory, mutable, 2x128x1> -> tensor<128x1xf32, #blocked2>
      "use_m"(%result_3) {ttg.partition = array<i32: 2>} : (tensor<128x1xf32, #blocked2>) -> ()
      %22:5 = nvws.semaphore.buffer %8, %14 {ttg.partition = array<i32: 1>} : <[!ttg.memdesc<2x128x1xf32, #tmem2, #ttng.tensor_memory, mutable>, !ttg.memdesc<2x128x1xf32, #tmem2, #ttng.tensor_memory, mutable>, !ttg.memdesc<2x128x1xf32, #tmem2, #ttng.tensor_memory, mutable>, !ttg.memdesc<2x128x128xf32, #tmem, #ttng.tensor_memory, mutable>, !ttg.memdesc<2x128x64xf32, #tmem1, #ttng.tensor_memory, mutable>]>, !ttg.async.token -> !ttg.memdesc<128x1xf32, #tmem2, #ttng.tensor_memory, mutable, 2x128x1>, !ttg.memdesc<128x1xf32, #tmem2, #ttng.tensor_memory, mutable, 2x128x1>, !ttg.memdesc<128x1xf32, #tmem2, #ttng.tensor_memory, mutable, 2x128x1>, !ttg.memdesc<128x128xf32, #tmem, #ttng.tensor_memory, mutable, 2x128x128>, !ttg.memdesc<128x64xf32, #tmem1, #ttng.tensor_memory, mutable, 2x128x64>
      ttng.tmem_store %cst_1, %22#2, %true {ttg.partition = array<i32: 1>} : tensor<128x1xf32, #blocked2> -> !ttg.memdesc<128x1xf32, #tmem2, #ttng.tensor_memory, mutable, 2x128x1>
      nvws.semaphore.release %11, %14 [#nvws.async_op<none>] {ttg.partition = array<i32: 1>} : <[!ttg.memdesc<2x128x1xf32, #tmem2, #ttng.tensor_memory, mutable>, !ttg.memdesc<2x128x1xf32, #tmem2, #ttng.tensor_memory, mutable>, !ttg.memdesc<2x128x1xf32, #tmem2, #ttng.tensor_memory, mutable>, !ttg.memdesc<2x128x128xf32, #tmem, #ttng.tensor_memory, mutable>, !ttg.memdesc<2x128x64xf32, #tmem1, #ttng.tensor_memory, mutable>]>, !ttg.async.token
      %23 = nvws.semaphore.acquire %11 {ttg.partition = array<i32: 2>} : <[!ttg.memdesc<2x128x1xf32, #tmem2, #ttng.tensor_memory, mutable>, !ttg.memdesc<2x128x1xf32, #tmem2, #ttng.tensor_memory, mutable>, !ttg.memdesc<2x128x1xf32, #tmem2, #ttng.tensor_memory, mutable>, !ttg.memdesc<2x128x128xf32, #tmem, #ttng.tensor_memory, mutable>, !ttg.memdesc<2x128x64xf32, #tmem1, #ttng.tensor_memory, mutable>]> -> !ttg.async.token
      %24:5 = nvws.semaphore.buffer %11, %23 {ttg.partition = array<i32: 2>} : <[!ttg.memdesc<2x128x1xf32, #tmem2, #ttng.tensor_memory, mutable>, !ttg.memdesc<2x128x1xf32, #tmem2, #ttng.tensor_memory, mutable>, !ttg.memdesc<2x128x1xf32, #tmem2, #ttng.tensor_memory, mutable>, !ttg.memdesc<2x128x128xf32, #tmem, #ttng.tensor_memory, mutable>, !ttg.memdesc<2x128x64xf32, #tmem1, #ttng.tensor_memory, mutable>]>, !ttg.async.token -> !ttg.memdesc<128x1xf32, #tmem2, #ttng.tensor_memory, mutable, 2x128x1>, !ttg.memdesc<128x1xf32, #tmem2, #ttng.tensor_memory, mutable, 2x128x1>, !ttg.memdesc<128x1xf32, #tmem2, #ttng.tensor_memory, mutable, 2x128x1>, !ttg.memdesc<128x128xf32, #tmem, #ttng.tensor_memory, mutable, 2x128x128>, !ttg.memdesc<128x64xf32, #tmem1, #ttng.tensor_memory, mutable, 2x128x64>
      %result_5, %token_6 = ttng.tmem_load %24#2[] {ttg.partition = array<i32: 2>} : !ttg.memdesc<128x1xf32, #tmem2, #ttng.tensor_memory, mutable, 2x128x1> -> tensor<128x1xf32, #blocked2>
      "use_l"(%result_5) {ttg.partition = array<i32: 2>} : (tensor<128x1xf32, #blocked2>) -> ()
      %25 = ttng.tmem_store %cst, %24#3[], %true {ttg.partition = array<i32: 2>} : tensor<128x128xf32, #blocked> -> !ttg.memdesc<128x128xf32, #tmem, #ttng.tensor_memory, mutable, 2x128x128>
      nvws.semaphore.release %12, %23 [#nvws.async_op<none>] {ttg.partition = array<i32: 2>} : <[!ttg.memdesc<2x128x1xf32, #tmem2, #ttng.tensor_memory, mutable>, !ttg.memdesc<2x128x1xf32, #tmem2, #ttng.tensor_memory, mutable>, !ttg.memdesc<2x128x1xf32, #tmem2, #ttng.tensor_memory, mutable>, !ttg.memdesc<2x128x128xf32, #tmem, #ttng.tensor_memory, mutable>, !ttg.memdesc<2x128x64xf32, #tmem1, #ttng.tensor_memory, mutable>]>, !ttg.async.token
      nvws.semaphore.release %8, %23 [#nvws.async_op<none>] {ttg.partition = array<i32: 2>} : <[!ttg.memdesc<2x128x1xf32, #tmem2, #ttng.tensor_memory, mutable>, !ttg.memdesc<2x128x1xf32, #tmem2, #ttng.tensor_memory, mutable>, !ttg.memdesc<2x128x1xf32, #tmem2, #ttng.tensor_memory, mutable>, !ttg.memdesc<2x128x128xf32, #tmem, #ttng.tensor_memory, mutable>, !ttg.memdesc<2x128x64xf32, #tmem1, #ttng.tensor_memory, mutable>]>, !ttg.async.token
      %26 = nvws.semaphore.acquire %12 {ttg.partition = array<i32: 0>} : <[!ttg.memdesc<2x128x1xf32, #tmem2, #ttng.tensor_memory, mutable>, !ttg.memdesc<2x128x1xf32, #tmem2, #ttng.tensor_memory, mutable>, !ttg.memdesc<2x128x1xf32, #tmem2, #ttng.tensor_memory, mutable>, !ttg.memdesc<2x128x128xf32, #tmem, #ttng.tensor_memory, mutable>, !ttg.memdesc<2x128x64xf32, #tmem1, #ttng.tensor_memory, mutable>]> -> !ttg.async.token
      %27:5 = nvws.semaphore.buffer %12, %26 {ttg.partition = array<i32: 0>} : <[!ttg.memdesc<2x128x1xf32, #tmem2, #ttng.tensor_memory, mutable>, !ttg.memdesc<2x128x1xf32, #tmem2, #ttng.tensor_memory, mutable>, !ttg.memdesc<2x128x1xf32, #tmem2, #ttng.tensor_memory, mutable>, !ttg.memdesc<2x128x128xf32, #tmem, #ttng.tensor_memory, mutable>, !ttg.memdesc<2x128x64xf32, #tmem1, #ttng.tensor_memory, mutable>]>, !ttg.async.token -> !ttg.memdesc<128x1xf32, #tmem2, #ttng.tensor_memory, mutable, 2x128x1>, !ttg.memdesc<128x1xf32, #tmem2, #ttng.tensor_memory, mutable, 2x128x1>, !ttg.memdesc<128x1xf32, #tmem2, #ttng.tensor_memory, mutable, 2x128x1>, !ttg.memdesc<128x128xf32, #tmem, #ttng.tensor_memory, mutable, 2x128x128>, !ttg.memdesc<128x64xf32, #tmem1, #ttng.tensor_memory, mutable, 2x128x64>
      %result_7, %token_8 = ttng.tmem_load %27#3[] {ttg.partition = array<i32: 0>} : !ttg.memdesc<128x128xf32, #tmem, #ttng.tensor_memory, mutable, 2x128x128> -> tensor<128x128xf32, #blocked>
      nvws.semaphore.release %8, %26 [#nvws.async_op<none>] {ttg.partition = array<i32: 0>} : <[!ttg.memdesc<2x128x1xf32, #tmem2, #ttng.tensor_memory, mutable>, !ttg.memdesc<2x128x1xf32, #tmem2, #ttng.tensor_memory, mutable>, !ttg.memdesc<2x128x1xf32, #tmem2, #ttng.tensor_memory, mutable>, !ttg.memdesc<2x128x128xf32, #tmem, #ttng.tensor_memory, mutable>, !ttg.memdesc<2x128x64xf32, #tmem1, #ttng.tensor_memory, mutable>]>, !ttg.async.token
      "use_acc"(%result_7) {ttg.partition = array<i32: 0>} : (tensor<128x128xf32, #blocked>) -> ()
      ttng.tmem_store %cst_0, %27#4, %true {ttg.partition = array<i32: 0>} : tensor<128x64xf32, #blocked1> -> !ttg.memdesc<128x64xf32, #tmem1, #ttng.tensor_memory, mutable, 2x128x64>
      nvws.semaphore.release %13, %26 [#nvws.async_op<none>] {ttg.partition = array<i32: 0>} : <[!ttg.memdesc<2x128x1xf32, #tmem2, #ttng.tensor_memory, mutable>, !ttg.memdesc<2x128x1xf32, #tmem2, #ttng.tensor_memory, mutable>, !ttg.memdesc<2x128x1xf32, #tmem2, #ttng.tensor_memory, mutable>, !ttg.memdesc<2x128x128xf32, #tmem, #ttng.tensor_memory, mutable>, !ttg.memdesc<2x128x64xf32, #tmem1, #ttng.tensor_memory, mutable>]>, !ttg.async.token
      %28 = nvws.semaphore.acquire %13 {ttg.partition = array<i32: 1>} : <[!ttg.memdesc<2x128x1xf32, #tmem2, #ttng.tensor_memory, mutable>, !ttg.memdesc<2x128x1xf32, #tmem2, #ttng.tensor_memory, mutable>, !ttg.memdesc<2x128x1xf32, #tmem2, #ttng.tensor_memory, mutable>, !ttg.memdesc<2x128x128xf32, #tmem, #ttng.tensor_memory, mutable>, !ttg.memdesc<2x128x64xf32, #tmem1, #ttng.tensor_memory, mutable>]> -> !ttg.async.token
      %29:5 = nvws.semaphore.buffer %13, %28 {ttg.partition = array<i32: 1>} : <[!ttg.memdesc<2x128x1xf32, #tmem2, #ttng.tensor_memory, mutable>, !ttg.memdesc<2x128x1xf32, #tmem2, #ttng.tensor_memory, mutable>, !ttg.memdesc<2x128x1xf32, #tmem2, #ttng.tensor_memory, mutable>, !ttg.memdesc<2x128x128xf32, #tmem, #ttng.tensor_memory, mutable>, !ttg.memdesc<2x128x64xf32, #tmem1, #ttng.tensor_memory, mutable>]>, !ttg.async.token -> !ttg.memdesc<128x1xf32, #tmem2, #ttng.tensor_memory, mutable, 2x128x1>, !ttg.memdesc<128x1xf32, #tmem2, #ttng.tensor_memory, mutable, 2x128x1>, !ttg.memdesc<128x1xf32, #tmem2, #ttng.tensor_memory, mutable, 2x128x1>, !ttg.memdesc<128x128xf32, #tmem, #ttng.tensor_memory, mutable, 2x128x128>, !ttg.memdesc<128x64xf32, #tmem1, #ttng.tensor_memory, mutable, 2x128x64>
      %result_9, %token_10 = ttng.tmem_load %29#4[] {ttg.partition = array<i32: 1>} : !ttg.memdesc<128x64xf32, #tmem1, #ttng.tensor_memory, mutable, 2x128x64> -> tensor<128x64xf32, #blocked1>
      "use_p"(%result_9) {ttg.partition = array<i32: 1>} : (tensor<128x64xf32, #blocked1>) -> ()
      %30 = arith.addi %arg4, %c0_i32 {ttg.partition = array<i32: 0, 1, 2>} : i32
      %31 = nvws.semaphore.acquire %8 {ttg.partition = array<i32: 1>} : <[!ttg.memdesc<2x128x1xf32, #tmem2, #ttng.tensor_memory, mutable>, !ttg.memdesc<2x128x1xf32, #tmem2, #ttng.tensor_memory, mutable>, !ttg.memdesc<2x128x1xf32, #tmem2, #ttng.tensor_memory, mutable>, !ttg.memdesc<2x128x128xf32, #tmem, #ttng.tensor_memory, mutable>, !ttg.memdesc<2x128x64xf32, #tmem1, #ttng.tensor_memory, mutable>]> -> !ttg.async.token
      scf.yield {ttg.partition = array<i32: 0, 1, 2>} %30, %31 : i32, !ttg.async.token
    } {tt.warp_specialize, ttg.partition = array<i32: 0, 1, 2>, ttg.partition.outputs = [array<i32: 0, 1, 2>, array<i32: 1>], ttg.warp_specialize.tag = 0 : i32}
    "use_i32"(%15#0) : (i32) -> ()
    tt.return
  }
  tt.func @tmem_disjoint_slivers_cross_partition(%arg0: i32, %arg1: i32, %arg2: i32) {
    %c0_i32 = arith.constant 0 : i32
    %cst = arith.constant dense<0.000000e+00> : tensor<128x64xf32, #blocked1>
    %cst_0 = arith.constant dense<1.000000e+00> : tensor<128x1xf32, #blocked2>
    %true = arith.constant true
    %result = ttng.tmem_alloc {buffer.id = 521 : i32, buffer.offset = 64 : i32} : () -> !ttg.memdesc<2x128x1xf32, #tmem2, #ttng.tensor_memory, mutable>
    %result_1 = ttng.tmem_alloc {buffer.id = 521 : i32, buffer.offset = 66 : i32} : () -> !ttg.memdesc<2x128x1xf32, #tmem2, #ttng.tensor_memory, mutable>
    %result_2 = ttng.tmem_alloc {buffer.id = 521 : i32, buffer.offset = 65 : i32} : () -> !ttg.memdesc<2x128x1xf32, #tmem2, #ttng.tensor_memory, mutable>
    %result_3 = ttng.tmem_alloc {buffer.id = 521 : i32, buffer.offset = 0 : i32} : () -> !ttg.memdesc<2x128x64xf32, #tmem1, #ttng.tensor_memory, mutable>
    %0 = nvws.semaphore.create %result, %result_1, %result_2, %result_3 true {nvws.dag_pending_count = 1 : i32} : <[!ttg.memdesc<2x128x1xf32, #tmem2, #ttng.tensor_memory, mutable>, !ttg.memdesc<2x128x1xf32, #tmem2, #ttng.tensor_memory, mutable>, !ttg.memdesc<2x128x1xf32, #tmem2, #ttng.tensor_memory, mutable>, !ttg.memdesc<2x128x64xf32, #tmem1, #ttng.tensor_memory, mutable>]>
    %1 = nvws.semaphore.create %result, %result_1, %result_2, %result_3 true {nvws.dag_pending_count = 1 : i32} : <[!ttg.memdesc<2x128x1xf32, #tmem2, #ttng.tensor_memory, mutable>, !ttg.memdesc<2x128x1xf32, #tmem2, #ttng.tensor_memory, mutable>, !ttg.memdesc<2x128x1xf32, #tmem2, #ttng.tensor_memory, mutable>, !ttg.memdesc<2x128x64xf32, #tmem1, #ttng.tensor_memory, mutable>]>
    %2 = nvws.semaphore.create %result, %result_1, %result_2, %result_3 true {nvws.dag_pending_count = 1 : i32} : <[!ttg.memdesc<2x128x1xf32, #tmem2, #ttng.tensor_memory, mutable>, !ttg.memdesc<2x128x1xf32, #tmem2, #ttng.tensor_memory, mutable>, !ttg.memdesc<2x128x1xf32, #tmem2, #ttng.tensor_memory, mutable>, !ttg.memdesc<2x128x64xf32, #tmem1, #ttng.tensor_memory, mutable>]>
    %3 = nvws.semaphore.create %result, %result_1, %result_2, %result_3 true {nvws.dag_pending_count = 1 : i32} : <[!ttg.memdesc<2x128x1xf32, #tmem2, #ttng.tensor_memory, mutable>, !ttg.memdesc<2x128x1xf32, #tmem2, #ttng.tensor_memory, mutable>, !ttg.memdesc<2x128x1xf32, #tmem2, #ttng.tensor_memory, mutable>, !ttg.memdesc<2x128x64xf32, #tmem1, #ttng.tensor_memory, mutable>]>
    %4 = nvws.semaphore.create %result, %result_1, %result_2, %result_3 true {nvws.dag_pending_count = 1 : i32} : <[!ttg.memdesc<2x128x1xf32, #tmem2, #ttng.tensor_memory, mutable>, !ttg.memdesc<2x128x1xf32, #tmem2, #ttng.tensor_memory, mutable>, !ttg.memdesc<2x128x1xf32, #tmem2, #ttng.tensor_memory, mutable>, !ttg.memdesc<2x128x64xf32, #tmem1, #ttng.tensor_memory, mutable>]>
    %5 = nvws.semaphore.create %result, %result_1, %result_2, %result_3 false {nvws.dag_pending_count = 1 : i32} : <[!ttg.memdesc<2x128x1xf32, #tmem2, #ttng.tensor_memory, mutable>, !ttg.memdesc<2x128x1xf32, #tmem2, #ttng.tensor_memory, mutable>, !ttg.memdesc<2x128x1xf32, #tmem2, #ttng.tensor_memory, mutable>, !ttg.memdesc<2x128x64xf32, #tmem1, #ttng.tensor_memory, mutable>]>
    %6 = nvws.semaphore.create %result, %result_1, %result_2, %result_3 false {nvws.dag_pending_count = 1 : i32} : <[!ttg.memdesc<2x128x1xf32, #tmem2, #ttng.tensor_memory, mutable>, !ttg.memdesc<2x128x1xf32, #tmem2, #ttng.tensor_memory, mutable>, !ttg.memdesc<2x128x1xf32, #tmem2, #ttng.tensor_memory, mutable>, !ttg.memdesc<2x128x64xf32, #tmem1, #ttng.tensor_memory, mutable>]>
    %7 = nvws.semaphore.create %result, %result_1, %result_2, %result_3 false {nvws.dag_pending_count = 1 : i32} : <[!ttg.memdesc<2x128x1xf32, #tmem2, #ttng.tensor_memory, mutable>, !ttg.memdesc<2x128x1xf32, #tmem2, #ttng.tensor_memory, mutable>, !ttg.memdesc<2x128x1xf32, #tmem2, #ttng.tensor_memory, mutable>, !ttg.memdesc<2x128x64xf32, #tmem1, #ttng.tensor_memory, mutable>]>
    %8 = nvws.semaphore.acquire %0 {ttg.partition = array<i32: 0>, ttg.warp_specialize.tag = 1 : i32} : <[!ttg.memdesc<2x128x1xf32, #tmem2, #ttng.tensor_memory, mutable>, !ttg.memdesc<2x128x1xf32, #tmem2, #ttng.tensor_memory, mutable>, !ttg.memdesc<2x128x1xf32, #tmem2, #ttng.tensor_memory, mutable>, !ttg.memdesc<2x128x64xf32, #tmem1, #ttng.tensor_memory, mutable>]> -> !ttg.async.token
    %9 = nvws.semaphore.acquire %2 {ttg.partition = array<i32: 1>, ttg.warp_specialize.tag = 1 : i32} : <[!ttg.memdesc<2x128x1xf32, #tmem2, #ttng.tensor_memory, mutable>, !ttg.memdesc<2x128x1xf32, #tmem2, #ttng.tensor_memory, mutable>, !ttg.memdesc<2x128x1xf32, #tmem2, #ttng.tensor_memory, mutable>, !ttg.memdesc<2x128x64xf32, #tmem1, #ttng.tensor_memory, mutable>]> -> !ttg.async.token
    %10 = nvws.semaphore.acquire %3 {ttg.partition = array<i32: 1>, ttg.warp_specialize.tag = 1 : i32} : <[!ttg.memdesc<2x128x1xf32, #tmem2, #ttng.tensor_memory, mutable>, !ttg.memdesc<2x128x1xf32, #tmem2, #ttng.tensor_memory, mutable>, !ttg.memdesc<2x128x1xf32, #tmem2, #ttng.tensor_memory, mutable>, !ttg.memdesc<2x128x64xf32, #tmem1, #ttng.tensor_memory, mutable>]> -> !ttg.async.token
    %11 = nvws.semaphore.acquire %4 {ttg.partition = array<i32: 1>, ttg.warp_specialize.tag = 1 : i32} : <[!ttg.memdesc<2x128x1xf32, #tmem2, #ttng.tensor_memory, mutable>, !ttg.memdesc<2x128x1xf32, #tmem2, #ttng.tensor_memory, mutable>, !ttg.memdesc<2x128x1xf32, #tmem2, #ttng.tensor_memory, mutable>, !ttg.memdesc<2x128x64xf32, #tmem1, #ttng.tensor_memory, mutable>]> -> !ttg.async.token
    %12:5 = scf.for %arg3 = %arg0 to %arg1 step %arg2 iter_args(%arg4 = %c0_i32, %arg5 = %8, %arg6 = %9, %arg7 = %10, %arg8 = %11) -> (i32, !ttg.async.token, !ttg.async.token, !ttg.async.token, !ttg.async.token)  : i32 {
      %13:4 = nvws.semaphore.buffer %2, %arg6 {ttg.partition = array<i32: 1>} : <[!ttg.memdesc<2x128x1xf32, #tmem2, #ttng.tensor_memory, mutable>, !ttg.memdesc<2x128x1xf32, #tmem2, #ttng.tensor_memory, mutable>, !ttg.memdesc<2x128x1xf32, #tmem2, #ttng.tensor_memory, mutable>, !ttg.memdesc<2x128x64xf32, #tmem1, #ttng.tensor_memory, mutable>]>, !ttg.async.token -> !ttg.memdesc<128x1xf32, #tmem2, #ttng.tensor_memory, mutable, 2x128x1>, !ttg.memdesc<128x1xf32, #tmem2, #ttng.tensor_memory, mutable, 2x128x1>, !ttg.memdesc<128x1xf32, #tmem2, #ttng.tensor_memory, mutable, 2x128x1>, !ttg.memdesc<128x64xf32, #tmem1, #ttng.tensor_memory, mutable, 2x128x64>
      ttng.tmem_store %cst_0, %13#0, %true {ttg.partition = array<i32: 1>} : tensor<128x1xf32, #blocked2> -> !ttg.memdesc<128x1xf32, #tmem2, #ttng.tensor_memory, mutable, 2x128x1>
      nvws.semaphore.release %5, %arg6 [#nvws.async_op<none>] {ttg.partition = array<i32: 1>} : <[!ttg.memdesc<2x128x1xf32, #tmem2, #ttng.tensor_memory, mutable>, !ttg.memdesc<2x128x1xf32, #tmem2, #ttng.tensor_memory, mutable>, !ttg.memdesc<2x128x1xf32, #tmem2, #ttng.tensor_memory, mutable>, !ttg.memdesc<2x128x64xf32, #tmem1, #ttng.tensor_memory, mutable>]>, !ttg.async.token
      %14 = nvws.semaphore.acquire %5 {ttg.partition = array<i32: 2>} : <[!ttg.memdesc<2x128x1xf32, #tmem2, #ttng.tensor_memory, mutable>, !ttg.memdesc<2x128x1xf32, #tmem2, #ttng.tensor_memory, mutable>, !ttg.memdesc<2x128x1xf32, #tmem2, #ttng.tensor_memory, mutable>, !ttg.memdesc<2x128x64xf32, #tmem1, #ttng.tensor_memory, mutable>]> -> !ttg.async.token
      %15:4 = nvws.semaphore.buffer %5, %14 {ttg.partition = array<i32: 2>} : <[!ttg.memdesc<2x128x1xf32, #tmem2, #ttng.tensor_memory, mutable>, !ttg.memdesc<2x128x1xf32, #tmem2, #ttng.tensor_memory, mutable>, !ttg.memdesc<2x128x1xf32, #tmem2, #ttng.tensor_memory, mutable>, !ttg.memdesc<2x128x64xf32, #tmem1, #ttng.tensor_memory, mutable>]>, !ttg.async.token -> !ttg.memdesc<128x1xf32, #tmem2, #ttng.tensor_memory, mutable, 2x128x1>, !ttg.memdesc<128x1xf32, #tmem2, #ttng.tensor_memory, mutable, 2x128x1>, !ttg.memdesc<128x1xf32, #tmem2, #ttng.tensor_memory, mutable, 2x128x1>, !ttg.memdesc<128x64xf32, #tmem1, #ttng.tensor_memory, mutable, 2x128x64>
      %result_4, %token = ttng.tmem_load %15#0[] {ttg.partition = array<i32: 2>} : !ttg.memdesc<128x1xf32, #tmem2, #ttng.tensor_memory, mutable, 2x128x1> -> tensor<128x1xf32, #blocked2>
      nvws.semaphore.release %2, %14 [#nvws.async_op<none>] {ttg.partition = array<i32: 2>} : <[!ttg.memdesc<2x128x1xf32, #tmem2, #ttng.tensor_memory, mutable>, !ttg.memdesc<2x128x1xf32, #tmem2, #ttng.tensor_memory, mutable>, !ttg.memdesc<2x128x1xf32, #tmem2, #ttng.tensor_memory, mutable>, !ttg.memdesc<2x128x64xf32, #tmem1, #ttng.tensor_memory, mutable>]>, !ttg.async.token
      "use_alpha"(%result_4) {ttg.partition = array<i32: 2>} : (tensor<128x1xf32, #blocked2>) -> ()
      %16:4 = nvws.semaphore.buffer %4, %arg8 {ttg.partition = array<i32: 1>} : <[!ttg.memdesc<2x128x1xf32, #tmem2, #ttng.tensor_memory, mutable>, !ttg.memdesc<2x128x1xf32, #tmem2, #ttng.tensor_memory, mutable>, !ttg.memdesc<2x128x1xf32, #tmem2, #ttng.tensor_memory, mutable>, !ttg.memdesc<2x128x64xf32, #tmem1, #ttng.tensor_memory, mutable>]>, !ttg.async.token -> !ttg.memdesc<128x1xf32, #tmem2, #ttng.tensor_memory, mutable, 2x128x1>, !ttg.memdesc<128x1xf32, #tmem2, #ttng.tensor_memory, mutable, 2x128x1>, !ttg.memdesc<128x1xf32, #tmem2, #ttng.tensor_memory, mutable, 2x128x1>, !ttg.memdesc<128x64xf32, #tmem1, #ttng.tensor_memory, mutable, 2x128x64>
      ttng.tmem_store %cst_0, %16#1, %true {ttg.partition = array<i32: 1>} : tensor<128x1xf32, #blocked2> -> !ttg.memdesc<128x1xf32, #tmem2, #ttng.tensor_memory, mutable, 2x128x1>
      nvws.semaphore.release %6, %arg8 [#nvws.async_op<none>] {ttg.partition = array<i32: 1>} : <[!ttg.memdesc<2x128x1xf32, #tmem2, #ttng.tensor_memory, mutable>, !ttg.memdesc<2x128x1xf32, #tmem2, #ttng.tensor_memory, mutable>, !ttg.memdesc<2x128x1xf32, #tmem2, #ttng.tensor_memory, mutable>, !ttg.memdesc<2x128x64xf32, #tmem1, #ttng.tensor_memory, mutable>]>, !ttg.async.token
      %17 = nvws.semaphore.acquire %6 {ttg.partition = array<i32: 2>} : <[!ttg.memdesc<2x128x1xf32, #tmem2, #ttng.tensor_memory, mutable>, !ttg.memdesc<2x128x1xf32, #tmem2, #ttng.tensor_memory, mutable>, !ttg.memdesc<2x128x1xf32, #tmem2, #ttng.tensor_memory, mutable>, !ttg.memdesc<2x128x64xf32, #tmem1, #ttng.tensor_memory, mutable>]> -> !ttg.async.token
      %18:4 = nvws.semaphore.buffer %6, %17 {ttg.partition = array<i32: 2>} : <[!ttg.memdesc<2x128x1xf32, #tmem2, #ttng.tensor_memory, mutable>, !ttg.memdesc<2x128x1xf32, #tmem2, #ttng.tensor_memory, mutable>, !ttg.memdesc<2x128x1xf32, #tmem2, #ttng.tensor_memory, mutable>, !ttg.memdesc<2x128x64xf32, #tmem1, #ttng.tensor_memory, mutable>]>, !ttg.async.token -> !ttg.memdesc<128x1xf32, #tmem2, #ttng.tensor_memory, mutable, 2x128x1>, !ttg.memdesc<128x1xf32, #tmem2, #ttng.tensor_memory, mutable, 2x128x1>, !ttg.memdesc<128x1xf32, #tmem2, #ttng.tensor_memory, mutable, 2x128x1>, !ttg.memdesc<128x64xf32, #tmem1, #ttng.tensor_memory, mutable, 2x128x64>
      %result_5, %token_6 = ttng.tmem_load %18#1[] {ttg.partition = array<i32: 2>} : !ttg.memdesc<128x1xf32, #tmem2, #ttng.tensor_memory, mutable, 2x128x1> -> tensor<128x1xf32, #blocked2>
      nvws.semaphore.release %4, %17 [#nvws.async_op<none>] {ttg.partition = array<i32: 2>} : <[!ttg.memdesc<2x128x1xf32, #tmem2, #ttng.tensor_memory, mutable>, !ttg.memdesc<2x128x1xf32, #tmem2, #ttng.tensor_memory, mutable>, !ttg.memdesc<2x128x1xf32, #tmem2, #ttng.tensor_memory, mutable>, !ttg.memdesc<2x128x64xf32, #tmem1, #ttng.tensor_memory, mutable>]>, !ttg.async.token
      "use_m"(%result_5) {ttg.partition = array<i32: 2>} : (tensor<128x1xf32, #blocked2>) -> ()
      %19:4 = nvws.semaphore.buffer %3, %arg7 {ttg.partition = array<i32: 1>} : <[!ttg.memdesc<2x128x1xf32, #tmem2, #ttng.tensor_memory, mutable>, !ttg.memdesc<2x128x1xf32, #tmem2, #ttng.tensor_memory, mutable>, !ttg.memdesc<2x128x1xf32, #tmem2, #ttng.tensor_memory, mutable>, !ttg.memdesc<2x128x64xf32, #tmem1, #ttng.tensor_memory, mutable>]>, !ttg.async.token -> !ttg.memdesc<128x1xf32, #tmem2, #ttng.tensor_memory, mutable, 2x128x1>, !ttg.memdesc<128x1xf32, #tmem2, #ttng.tensor_memory, mutable, 2x128x1>, !ttg.memdesc<128x1xf32, #tmem2, #ttng.tensor_memory, mutable, 2x128x1>, !ttg.memdesc<128x64xf32, #tmem1, #ttng.tensor_memory, mutable, 2x128x64>
      ttng.tmem_store %cst_0, %19#2, %true {ttg.partition = array<i32: 1>} : tensor<128x1xf32, #blocked2> -> !ttg.memdesc<128x1xf32, #tmem2, #ttng.tensor_memory, mutable, 2x128x1>
      nvws.semaphore.release %7, %arg7 [#nvws.async_op<none>] {ttg.partition = array<i32: 1>} : <[!ttg.memdesc<2x128x1xf32, #tmem2, #ttng.tensor_memory, mutable>, !ttg.memdesc<2x128x1xf32, #tmem2, #ttng.tensor_memory, mutable>, !ttg.memdesc<2x128x1xf32, #tmem2, #ttng.tensor_memory, mutable>, !ttg.memdesc<2x128x64xf32, #tmem1, #ttng.tensor_memory, mutable>]>, !ttg.async.token
      %20 = nvws.semaphore.acquire %7 {ttg.partition = array<i32: 2>} : <[!ttg.memdesc<2x128x1xf32, #tmem2, #ttng.tensor_memory, mutable>, !ttg.memdesc<2x128x1xf32, #tmem2, #ttng.tensor_memory, mutable>, !ttg.memdesc<2x128x1xf32, #tmem2, #ttng.tensor_memory, mutable>, !ttg.memdesc<2x128x64xf32, #tmem1, #ttng.tensor_memory, mutable>]> -> !ttg.async.token
      %21:4 = nvws.semaphore.buffer %7, %20 {ttg.partition = array<i32: 2>} : <[!ttg.memdesc<2x128x1xf32, #tmem2, #ttng.tensor_memory, mutable>, !ttg.memdesc<2x128x1xf32, #tmem2, #ttng.tensor_memory, mutable>, !ttg.memdesc<2x128x1xf32, #tmem2, #ttng.tensor_memory, mutable>, !ttg.memdesc<2x128x64xf32, #tmem1, #ttng.tensor_memory, mutable>]>, !ttg.async.token -> !ttg.memdesc<128x1xf32, #tmem2, #ttng.tensor_memory, mutable, 2x128x1>, !ttg.memdesc<128x1xf32, #tmem2, #ttng.tensor_memory, mutable, 2x128x1>, !ttg.memdesc<128x1xf32, #tmem2, #ttng.tensor_memory, mutable, 2x128x1>, !ttg.memdesc<128x64xf32, #tmem1, #ttng.tensor_memory, mutable, 2x128x64>
      %result_7, %token_8 = ttng.tmem_load %21#2[] {ttg.partition = array<i32: 2>} : !ttg.memdesc<128x1xf32, #tmem2, #ttng.tensor_memory, mutable, 2x128x1> -> tensor<128x1xf32, #blocked2>
      nvws.semaphore.release %3, %20 [#nvws.async_op<none>] {ttg.partition = array<i32: 2>} : <[!ttg.memdesc<2x128x1xf32, #tmem2, #ttng.tensor_memory, mutable>, !ttg.memdesc<2x128x1xf32, #tmem2, #ttng.tensor_memory, mutable>, !ttg.memdesc<2x128x1xf32, #tmem2, #ttng.tensor_memory, mutable>, !ttg.memdesc<2x128x64xf32, #tmem1, #ttng.tensor_memory, mutable>]>, !ttg.async.token
      "use_l"(%result_7) {ttg.partition = array<i32: 2>} : (tensor<128x1xf32, #blocked2>) -> ()
      %22 = nvws.semaphore.acquire %1 {ttg.partition = array<i32: 0>} : <[!ttg.memdesc<2x128x1xf32, #tmem2, #ttng.tensor_memory, mutable>, !ttg.memdesc<2x128x1xf32, #tmem2, #ttng.tensor_memory, mutable>, !ttg.memdesc<2x128x1xf32, #tmem2, #ttng.tensor_memory, mutable>, !ttg.memdesc<2x128x64xf32, #tmem1, #ttng.tensor_memory, mutable>]> -> !ttg.async.token
      %23:4 = nvws.semaphore.buffer %1, %22 {ttg.partition = array<i32: 0>} : <[!ttg.memdesc<2x128x1xf32, #tmem2, #ttng.tensor_memory, mutable>, !ttg.memdesc<2x128x1xf32, #tmem2, #ttng.tensor_memory, mutable>, !ttg.memdesc<2x128x1xf32, #tmem2, #ttng.tensor_memory, mutable>, !ttg.memdesc<2x128x64xf32, #tmem1, #ttng.tensor_memory, mutable>]>, !ttg.async.token -> !ttg.memdesc<128x1xf32, #tmem2, #ttng.tensor_memory, mutable, 2x128x1>, !ttg.memdesc<128x1xf32, #tmem2, #ttng.tensor_memory, mutable, 2x128x1>, !ttg.memdesc<128x1xf32, #tmem2, #ttng.tensor_memory, mutable, 2x128x1>, !ttg.memdesc<128x64xf32, #tmem1, #ttng.tensor_memory, mutable, 2x128x64>
      ttng.tmem_store %cst, %23#3, %true {ttg.partition = array<i32: 0>} : tensor<128x64xf32, #blocked1> -> !ttg.memdesc<128x64xf32, #tmem1, #ttng.tensor_memory, mutable, 2x128x64>
      nvws.semaphore.release %0, %22 [#nvws.async_op<none>] {ttg.partition = array<i32: 0>} : <[!ttg.memdesc<2x128x1xf32, #tmem2, #ttng.tensor_memory, mutable>, !ttg.memdesc<2x128x1xf32, #tmem2, #ttng.tensor_memory, mutable>, !ttg.memdesc<2x128x1xf32, #tmem2, #ttng.tensor_memory, mutable>, !ttg.memdesc<2x128x64xf32, #tmem1, #ttng.tensor_memory, mutable>]>, !ttg.async.token
      %24 = nvws.semaphore.acquire %0 {ttg.partition = array<i32: 1>} : <[!ttg.memdesc<2x128x1xf32, #tmem2, #ttng.tensor_memory, mutable>, !ttg.memdesc<2x128x1xf32, #tmem2, #ttng.tensor_memory, mutable>, !ttg.memdesc<2x128x1xf32, #tmem2, #ttng.tensor_memory, mutable>, !ttg.memdesc<2x128x64xf32, #tmem1, #ttng.tensor_memory, mutable>]> -> !ttg.async.token
      %25:4 = nvws.semaphore.buffer %0, %24 {ttg.partition = array<i32: 1>} : <[!ttg.memdesc<2x128x1xf32, #tmem2, #ttng.tensor_memory, mutable>, !ttg.memdesc<2x128x1xf32, #tmem2, #ttng.tensor_memory, mutable>, !ttg.memdesc<2x128x1xf32, #tmem2, #ttng.tensor_memory, mutable>, !ttg.memdesc<2x128x64xf32, #tmem1, #ttng.tensor_memory, mutable>]>, !ttg.async.token -> !ttg.memdesc<128x1xf32, #tmem2, #ttng.tensor_memory, mutable, 2x128x1>, !ttg.memdesc<128x1xf32, #tmem2, #ttng.tensor_memory, mutable, 2x128x1>, !ttg.memdesc<128x1xf32, #tmem2, #ttng.tensor_memory, mutable, 2x128x1>, !ttg.memdesc<128x64xf32, #tmem1, #ttng.tensor_memory, mutable, 2x128x64>
      %result_9, %token_10 = ttng.tmem_load %25#3[] {ttg.partition = array<i32: 1>} : !ttg.memdesc<128x64xf32, #tmem1, #ttng.tensor_memory, mutable, 2x128x64> -> tensor<128x64xf32, #blocked1>
      nvws.semaphore.release %1, %24 [#nvws.async_op<none>] {ttg.partition = array<i32: 1>} : <[!ttg.memdesc<2x128x1xf32, #tmem2, #ttng.tensor_memory, mutable>, !ttg.memdesc<2x128x1xf32, #tmem2, #ttng.tensor_memory, mutable>, !ttg.memdesc<2x128x1xf32, #tmem2, #ttng.tensor_memory, mutable>, !ttg.memdesc<2x128x64xf32, #tmem1, #ttng.tensor_memory, mutable>]>, !ttg.async.token
      "use_p"(%result_9) {ttg.partition = array<i32: 1>} : (tensor<128x64xf32, #blocked1>) -> ()
      %26 = arith.addi %arg4, %c0_i32 {ttg.partition = array<i32: 0, 1, 2>} : i32
      %27 = nvws.semaphore.acquire %2 {ttg.partition = array<i32: 1>} : <[!ttg.memdesc<2x128x1xf32, #tmem2, #ttng.tensor_memory, mutable>, !ttg.memdesc<2x128x1xf32, #tmem2, #ttng.tensor_memory, mutable>, !ttg.memdesc<2x128x1xf32, #tmem2, #ttng.tensor_memory, mutable>, !ttg.memdesc<2x128x64xf32, #tmem1, #ttng.tensor_memory, mutable>]> -> !ttg.async.token
      %28 = nvws.semaphore.acquire %3 {ttg.partition = array<i32: 1>} : <[!ttg.memdesc<2x128x1xf32, #tmem2, #ttng.tensor_memory, mutable>, !ttg.memdesc<2x128x1xf32, #tmem2, #ttng.tensor_memory, mutable>, !ttg.memdesc<2x128x1xf32, #tmem2, #ttng.tensor_memory, mutable>, !ttg.memdesc<2x128x64xf32, #tmem1, #ttng.tensor_memory, mutable>]> -> !ttg.async.token
      %29 = nvws.semaphore.acquire %4 {ttg.partition = array<i32: 1>} : <[!ttg.memdesc<2x128x1xf32, #tmem2, #ttng.tensor_memory, mutable>, !ttg.memdesc<2x128x1xf32, #tmem2, #ttng.tensor_memory, mutable>, !ttg.memdesc<2x128x1xf32, #tmem2, #ttng.tensor_memory, mutable>, !ttg.memdesc<2x128x64xf32, #tmem1, #ttng.tensor_memory, mutable>]> -> !ttg.async.token
      scf.yield {ttg.partition = array<i32: 0, 1, 2>} %26, %24, %27, %28, %29 : i32, !ttg.async.token, !ttg.async.token, !ttg.async.token, !ttg.async.token
    } {tt.warp_specialize, ttg.partition = array<i32: 0, 1, 2>, ttg.partition.outputs = [array<i32: 0, 1, 2>, array<i32: 1>, array<i32: 1>, array<i32: 1>, array<i32: 1>], ttg.warp_specialize.tag = 1 : i32}
    "use_i32"(%12#0) : (i32) -> ()
    tt.return
  }
  tt.func @tmem_disjoint_slivers_same_owner(%arg0: i32, %arg1: i32, %arg2: i32) {
    %c0_i32 = arith.constant 0 : i32
    %cst = arith.constant dense<0.000000e+00> : tensor<128x64xf32, #blocked1>
    %cst_0 = arith.constant dense<1.000000e+00> : tensor<128x1xf32, #blocked2>
    %true = arith.constant true
    %0 = scf.for %arg3 = %arg0 to %arg1 step %arg2 iter_args(%arg4 = %c0_i32) -> (i32)  : i32 {
      %result = ttng.tmem_alloc {buffer.id = 522 : i32, buffer.offset = 64 : i32, ttg.partition = array<i32: 1>} : () -> !ttg.memdesc<128x1xf32, #tmem2, #ttng.tensor_memory, mutable>
      ttng.tmem_store %cst_0, %result, %true {ttg.partition = array<i32: 1>} : tensor<128x1xf32, #blocked2> -> !ttg.memdesc<128x1xf32, #tmem2, #ttng.tensor_memory, mutable>
      %result_1, %token = ttng.tmem_load %result[] {ttg.partition = array<i32: 1>} : !ttg.memdesc<128x1xf32, #tmem2, #ttng.tensor_memory, mutable> -> tensor<128x1xf32, #blocked2>
      "use_alpha"(%result_1) {ttg.partition = array<i32: 1>} : (tensor<128x1xf32, #blocked2>) -> ()
      %result_2 = ttng.tmem_alloc {buffer.id = 522 : i32, buffer.offset = 66 : i32, ttg.partition = array<i32: 1>} : () -> !ttg.memdesc<128x1xf32, #tmem2, #ttng.tensor_memory, mutable>
      ttng.tmem_store %cst_0, %result_2, %true {ttg.partition = array<i32: 1>} : tensor<128x1xf32, #blocked2> -> !ttg.memdesc<128x1xf32, #tmem2, #ttng.tensor_memory, mutable>
      %result_3, %token_4 = ttng.tmem_load %result_2[] {ttg.partition = array<i32: 1>} : !ttg.memdesc<128x1xf32, #tmem2, #ttng.tensor_memory, mutable> -> tensor<128x1xf32, #blocked2>
      "use_m"(%result_3) {ttg.partition = array<i32: 1>} : (tensor<128x1xf32, #blocked2>) -> ()
      %result_5 = ttng.tmem_alloc {buffer.id = 522 : i32, buffer.offset = 65 : i32, ttg.partition = array<i32: 1>} : () -> !ttg.memdesc<128x1xf32, #tmem2, #ttng.tensor_memory, mutable>
      ttng.tmem_store %cst_0, %result_5, %true {ttg.partition = array<i32: 1>} : tensor<128x1xf32, #blocked2> -> !ttg.memdesc<128x1xf32, #tmem2, #ttng.tensor_memory, mutable>
      %result_6, %token_7 = ttng.tmem_load %result_5[] {ttg.partition = array<i32: 1>} : !ttg.memdesc<128x1xf32, #tmem2, #ttng.tensor_memory, mutable> -> tensor<128x1xf32, #blocked2>
      "use_l"(%result_6) {ttg.partition = array<i32: 1>} : (tensor<128x1xf32, #blocked2>) -> ()
      %result_8 = ttng.tmem_alloc {buffer.id = 522 : i32, buffer.offset = 0 : i32, ttg.partition = array<i32: 0>} : () -> !ttg.memdesc<128x64xf32, #tmem1, #ttng.tensor_memory, mutable>
      ttng.tmem_store %cst, %result_8, %true {ttg.partition = array<i32: 0>} : tensor<128x64xf32, #blocked1> -> !ttg.memdesc<128x64xf32, #tmem1, #ttng.tensor_memory, mutable>
      %result_9, %token_10 = ttng.tmem_load %result_8[] {ttg.partition = array<i32: 0>} : !ttg.memdesc<128x64xf32, #tmem1, #ttng.tensor_memory, mutable> -> tensor<128x64xf32, #blocked1>
      "use_p"(%result_9) {ttg.partition = array<i32: 0>} : (tensor<128x64xf32, #blocked1>) -> ()
      %1 = arith.addi %arg4, %c0_i32 {ttg.partition = array<i32: 0, 1>} : i32
      scf.yield {ttg.partition = array<i32: 0, 1>} %1 : i32
    } {tt.warp_specialize, ttg.partition = array<i32: 0, 1>, ttg.partition.outputs = [array<i32: 0, 1>], ttg.warp_specialize.tag = 2 : i32}
    "use_i32"(%0) : (i32) -> ()
    tt.return
  }
}

