#blocked = #ttg.blocked<{sizePerThread = [2], threadsPerWarp = [32], warpsPerCTA = [4], order = [0]}>
#blocked1 = #ttg.blocked<{sizePerThread = [1, 8], threadsPerWarp = [2, 16], warpsPerCTA = [4, 1], order = [1, 0]}>
#linear = #ttg.linear<{register = [[0, 1], [0, 2], [0, 4], [0, 8], [0, 16], [0, 32], [0, 64], [128, 0]], lane = [[1, 0], [2, 0], [4, 0], [8, 0], [16, 0]], warp = [[32, 0], [64, 0]], block = []}>
#linear1 = #ttg.linear<{register = [[0, 1], [0, 2], [0, 4], [0, 8], [0, 16], [0, 32], [0, 64]], lane = [[1, 0], [2, 0], [4, 0], [8, 0], [16, 0]], warp = [[32, 0], [64, 0]], block = []}>
#linear2 = #ttg.linear<{register = [[0, 0, 1], [0, 0, 2], [0, 0, 4], [0, 0, 8], [0, 0, 16], [0, 0, 32], [0, 1, 0], [128, 0, 0]], lane = [[1, 0, 0], [2, 0, 0], [4, 0, 0], [8, 0, 0], [16, 0, 0]], warp = [[32, 0, 0], [64, 0, 0]], block = []}>
#linear3 = #ttg.linear<{register = [[0, 1, 0], [0, 2, 0], [0, 4, 0], [0, 8, 0], [0, 16, 0], [0, 32, 0], [0, 0, 1], [128, 0, 0]], lane = [[1, 0, 0], [2, 0, 0], [4, 0, 0], [8, 0, 0], [16, 0, 0]], warp = [[32, 0, 0], [64, 0, 0]], block = []}>
#linear4 = #ttg.linear<{register = [[0, 1], [0, 2], [0, 4], [0, 8], [0, 16], [0, 32], [128, 0]], lane = [[1, 0], [2, 0], [4, 0], [8, 0], [16, 0]], warp = [[32, 0], [64, 0]], block = []}>
#linear5 = #ttg.linear<{register = [], lane = [[1, 0], [2, 0], [4, 0], [8, 0], [16, 0]], warp = [[32, 0], [64, 0]], block = []}>
#linear6 = #ttg.linear<{register = [], lane = [[1], [2], [4], [8], [16]], warp = [[32], [64]], block = []}>
#shared = #ttg.nvmma_shared<{swizzlingByteWidth = 128, transposed = false, elementBitWidth = 16}>
#shared1 = #ttg.nvmma_shared<{swizzlingByteWidth = 128, transposed = true, elementBitWidth = 16}>
#smem = #ttg.shared_memory
#tmem = #ttng.tensor_memory_encoding<blockM = 128, blockN = 128, colStride = 1>
#tmem1 = #ttng.tensor_memory_encoding<blockM = 128, blockN = 1, colStride = 1>
module attributes {"ttg.cluster-dim-x" = 1 : i32, "ttg.cluster-dim-y" = 1 : i32, "ttg.cluster-dim-z" = 1 : i32, ttg.max_reg_auto_ws = 152 : i32, ttg.maxnreg = 128 : i32, ttg.min_reg_auto_ws = 24 : i32, "ttg.num-ctas" = 1 : i32, "ttg.num-warps" = 4 : i32, ttg.target = "cuda:100", "ttg.threads-per-warp" = 32 : i32} {
  tt.func public @_attn_fwd_persist(%arg0: f32, %arg1: !tt.ptr<f32> {tt.divisibility = 16 : i32}, %arg2: i32, %arg3: i32 {tt.divisibility = 16 : i32}, %arg4: !tt.ptr<f16> {tt.divisibility = 16 : i32}, %arg5: !tt.ptr<f16> {tt.divisibility = 16 : i32}, %arg6: !tt.ptr<f16> {tt.divisibility = 16 : i32}, %arg7: !tt.ptr<f16> {tt.divisibility = 16 : i32}) attributes {noinline = false} {
    %false = arith.constant false
    %true = arith.constant true
    %c64_i32 = arith.constant 64 : i32
    %c1_i32 = arith.constant 1 : i32
    %c16384_i32 = arith.constant 16384 : i32
    %c128_i32 = arith.constant 128 : i32
    %c128_i64 = arith.constant 128 : i64
    %c1_i64 = arith.constant 1 : i64
    %c0_i32 = arith.constant 0 : i32
    %c256_i32 = arith.constant 256 : i32
    %cst = arith.constant 1.44269502 : f32
    %cst_0 = arith.constant dense<0.000000e+00> : tensor<128x128xf32, #linear>
    %cst_1 = arith.constant dense<0xFF800000> : tensor<128xf32, #ttg.slice<{dim = 1, parent = #linear}>>
    %cst_2 = arith.constant dense<1.000000e+00> : tensor<128xf32, #ttg.slice<{dim = 1, parent = #linear}>>
    %0 = tt.get_program_id x : i32
    %1 = tt.get_num_programs x : i32
    %2 = arith.muli %arg2, %c64_i32 : i32
    %3 = arith.muli %2, %arg3 : i32
    %4 = arith.divsi %3, %1 : i32
    %5 = arith.remsi %3, %1 : i32
    %6 = arith.cmpi slt, %0, %5 : i32
    %7 = scf.if %6 -> (i32) {
      %83 = arith.addi %4, %c1_i32 : i32
      scf.yield %83 : i32
    } else {
      scf.yield %4 : i32
    }
    %8 = arith.muli %arg2, %arg3 : i32
    %9 = arith.muli %8, %c16384_i32 : i32
    %10 = tt.make_tensor_descriptor %arg4, [%9, %c128_i32], [%c128_i64, %c1_i64] : !tt.ptr<f16>, !tt.tensordesc<tensor<128x128xf16, #shared>>
    %11 = tt.make_tensor_descriptor %arg5, [%9, %c128_i32], [%c128_i64, %c1_i64] : !tt.ptr<f16>, !tt.tensordesc<tensor<128x128xf16, #shared>>
    %12 = tt.make_tensor_descriptor %arg6, [%9, %c128_i32], [%c128_i64, %c1_i64] : !tt.ptr<f16>, !tt.tensordesc<tensor<128x128xf16, #shared>>
    %13 = tt.make_tensor_descriptor %arg7, [%9, %c128_i32], [%c128_i64, %c1_i64] : !tt.ptr<f16>, !tt.tensordesc<tensor<128x128xf16, #shared>>
    %14 = arith.muli %arg3, %c16384_i32 : i32
    %15 = tt.make_range {end = 128 : i32, start = 0 : i32} : tensor<128xi32, #blocked>
    %16 = tt.make_range {end = 256 : i32, start = 128 : i32} : tensor<128xi32, #blocked>
    %17 = arith.mulf %arg0, %cst : f32
    %18 = tt.splat %17 : f32 -> tensor<128xf32, #ttg.slice<{dim = 1, parent = #linear}>>
    %19 = tt.splat %17 : f32 -> tensor<128x128xf32, #linear>
    %20 = ttg.local_alloc : () -> !ttg.memdesc<1x128x128xf16, #shared, #smem, mutable>
    %21 = nvws.semaphore.create %20 true {nvws.dag_pending_count = 1 : i32} : <[!ttg.memdesc<1x128x128xf16, #shared, #smem, mutable>]>
    %22 = nvws.semaphore.create %20 false {nvws.dag_pending_count = 1 : i32} : <[!ttg.memdesc<1x128x128xf16, #shared, #smem, mutable>]>
    %23 = ttg.local_alloc : () -> !ttg.memdesc<1x128x128xf16, #shared, #smem, mutable>
    %24 = nvws.semaphore.create %23 true {nvws.dag_pending_count = 1 : i32} : <[!ttg.memdesc<1x128x128xf16, #shared, #smem, mutable>]>
    %25 = nvws.semaphore.create %23 false {nvws.dag_pending_count = 1 : i32} : <[!ttg.memdesc<1x128x128xf16, #shared, #smem, mutable>]>
    %26 = ttg.local_alloc : () -> !ttg.memdesc<1x128x128xf16, #shared, #smem, mutable>
    %27 = nvws.semaphore.create %26 true {nvws.dag_pending_count = 1 : i32} : <[!ttg.memdesc<1x128x128xf16, #shared, #smem, mutable>]>
    %28 = nvws.semaphore.create %26 false {nvws.dag_pending_count = 1 : i32} : <[!ttg.memdesc<1x128x128xf16, #shared, #smem, mutable>]>
    %29 = ttg.local_alloc : () -> !ttg.memdesc<1x128x128xf16, #shared, #smem, mutable>
    %30 = nvws.semaphore.create %29 true {nvws.dag_pending_count = 1 : i32} : <[!ttg.memdesc<1x128x128xf16, #shared, #smem, mutable>]>
    %31 = nvws.semaphore.create %29 false {nvws.dag_pending_count = 1 : i32} : <[!ttg.memdesc<1x128x128xf16, #shared, #smem, mutable>]>
    %result = ttng.tmem_alloc {buffer.copy = 1 : i32, buffer.id = 4 : i32, buffer.offset = 0 : i32} : () -> !ttg.memdesc<1x128x128xf32, #tmem, #ttng.tensor_memory, mutable>
    %32 = ttng.tmem_subslice %result {N = 0 : i32} : !ttg.memdesc<1x128x128xf32, #tmem, #ttng.tensor_memory, mutable> -> !ttg.memdesc<1x128x128xf32, #tmem, #ttng.tensor_memory, mutable>
    %33 = ttg.memdesc_reinterpret %32 : !ttg.memdesc<1x128x128xf32, #tmem, #ttng.tensor_memory, mutable> -> !ttg.memdesc<1x128x128xf16, #tmem, #ttng.tensor_memory, mutable>
    %34 = ttng.tmem_subslice %result {N = 65 : i32} : !ttg.memdesc<1x128x128xf32, #tmem, #ttng.tensor_memory, mutable> -> !ttg.memdesc<1x128x1xf32, #tmem1, #ttng.tensor_memory, mutable, 1x128x128>
    %35 = ttg.memdesc_reinterpret %34 : !ttg.memdesc<1x128x1xf32, #tmem1, #ttng.tensor_memory, mutable, 1x128x128> -> !ttg.memdesc<1x128x1xf32, #tmem1, #ttng.tensor_memory, mutable>
    %36 = ttng.tmem_subslice %result {N = 66 : i32} : !ttg.memdesc<1x128x128xf32, #tmem, #ttng.tensor_memory, mutable> -> !ttg.memdesc<1x128x1xf32, #tmem1, #ttng.tensor_memory, mutable, 1x128x128>
    %37 = ttg.memdesc_reinterpret %36 : !ttg.memdesc<1x128x1xf32, #tmem1, #ttng.tensor_memory, mutable, 1x128x128> -> !ttg.memdesc<1x128x1xf32, #tmem1, #ttng.tensor_memory, mutable>
    %38 = ttng.tmem_subslice %result {N = 64 : i32} : !ttg.memdesc<1x128x128xf32, #tmem, #ttng.tensor_memory, mutable> -> !ttg.memdesc<1x128x1xf32, #tmem1, #ttng.tensor_memory, mutable, 1x128x128>
    %39 = ttg.memdesc_reinterpret %38 : !ttg.memdesc<1x128x1xf32, #tmem1, #ttng.tensor_memory, mutable, 1x128x128> -> !ttg.memdesc<1x128x1xf32, #tmem1, #ttng.tensor_memory, mutable>
    %40 = nvws.semaphore.create %39, %37, %35, %result, %33 true {nvws.dag_pending_count = 2 : i32} : <[!ttg.memdesc<1x128x1xf32, #tmem1, #ttng.tensor_memory, mutable>, !ttg.memdesc<1x128x1xf32, #tmem1, #ttng.tensor_memory, mutable>, !ttg.memdesc<1x128x1xf32, #tmem1, #ttng.tensor_memory, mutable>, !ttg.memdesc<1x128x128xf32, #tmem, #ttng.tensor_memory, mutable>, !ttg.memdesc<1x128x128xf16, #tmem, #ttng.tensor_memory, mutable>]>
    %41 = nvws.semaphore.create %39, %37, %35, %result, %33 false {nvws.dag_pending_count = 1 : i32} : <[!ttg.memdesc<1x128x1xf32, #tmem1, #ttng.tensor_memory, mutable>, !ttg.memdesc<1x128x1xf32, #tmem1, #ttng.tensor_memory, mutable>, !ttg.memdesc<1x128x1xf32, #tmem1, #ttng.tensor_memory, mutable>, !ttg.memdesc<1x128x128xf32, #tmem, #ttng.tensor_memory, mutable>, !ttg.memdesc<1x128x128xf16, #tmem, #ttng.tensor_memory, mutable>]>
    %42 = nvws.semaphore.create %39, %37, %35, %result, %33 false {nvws.dag_pending_count = 1 : i32} : <[!ttg.memdesc<1x128x1xf32, #tmem1, #ttng.tensor_memory, mutable>, !ttg.memdesc<1x128x1xf32, #tmem1, #ttng.tensor_memory, mutable>, !ttg.memdesc<1x128x1xf32, #tmem1, #ttng.tensor_memory, mutable>, !ttg.memdesc<1x128x128xf32, #tmem, #ttng.tensor_memory, mutable>, !ttg.memdesc<1x128x128xf16, #tmem, #ttng.tensor_memory, mutable>]>
    %43 = nvws.semaphore.create %39, %37, %35, %result, %33 false {nvws.dag_pending_count = 1 : i32} : <[!ttg.memdesc<1x128x1xf32, #tmem1, #ttng.tensor_memory, mutable>, !ttg.memdesc<1x128x1xf32, #tmem1, #ttng.tensor_memory, mutable>, !ttg.memdesc<1x128x1xf32, #tmem1, #ttng.tensor_memory, mutable>, !ttg.memdesc<1x128x128xf32, #tmem, #ttng.tensor_memory, mutable>, !ttg.memdesc<1x128x128xf16, #tmem, #ttng.tensor_memory, mutable>]>
    %44 = nvws.semaphore.create %39, %37, %35, %result, %33 false {nvws.dag_pending_count = 2 : i32} : <[!ttg.memdesc<1x128x1xf32, #tmem1, #ttng.tensor_memory, mutable>, !ttg.memdesc<1x128x1xf32, #tmem1, #ttng.tensor_memory, mutable>, !ttg.memdesc<1x128x1xf32, #tmem1, #ttng.tensor_memory, mutable>, !ttg.memdesc<1x128x128xf32, #tmem, #ttng.tensor_memory, mutable>, !ttg.memdesc<1x128x128xf16, #tmem, #ttng.tensor_memory, mutable>]>
    %45 = nvws.semaphore.create %39, %37, %35, %result, %33 false {nvws.dag_pending_count = 1 : i32} : <[!ttg.memdesc<1x128x1xf32, #tmem1, #ttng.tensor_memory, mutable>, !ttg.memdesc<1x128x1xf32, #tmem1, #ttng.tensor_memory, mutable>, !ttg.memdesc<1x128x1xf32, #tmem1, #ttng.tensor_memory, mutable>, !ttg.memdesc<1x128x128xf32, #tmem, #ttng.tensor_memory, mutable>, !ttg.memdesc<1x128x128xf16, #tmem, #ttng.tensor_memory, mutable>]>
    %46 = nvws.semaphore.create %39, %37, %35, %result, %33 false {nvws.dag_pending_count = 1 : i32} : <[!ttg.memdesc<1x128x1xf32, #tmem1, #ttng.tensor_memory, mutable>, !ttg.memdesc<1x128x1xf32, #tmem1, #ttng.tensor_memory, mutable>, !ttg.memdesc<1x128x1xf32, #tmem1, #ttng.tensor_memory, mutable>, !ttg.memdesc<1x128x128xf32, #tmem, #ttng.tensor_memory, mutable>, !ttg.memdesc<1x128x128xf16, #tmem, #ttng.tensor_memory, mutable>]>
    %result_3 = ttng.tmem_alloc {buffer.copy = 1 : i32, buffer.id = 5 : i32, buffer.offset = 0 : i32} : () -> !ttg.memdesc<1x128x128xf32, #tmem, #ttng.tensor_memory, mutable>
    %47 = ttng.tmem_subslice %result_3 {N = 0 : i32} : !ttg.memdesc<1x128x128xf32, #tmem, #ttng.tensor_memory, mutable> -> !ttg.memdesc<1x128x128xf32, #tmem, #ttng.tensor_memory, mutable>
    %48 = ttg.memdesc_reinterpret %47 : !ttg.memdesc<1x128x128xf32, #tmem, #ttng.tensor_memory, mutable> -> !ttg.memdesc<1x128x128xf16, #tmem, #ttng.tensor_memory, mutable>
    %49 = ttng.tmem_subslice %result_3 {N = 65 : i32} : !ttg.memdesc<1x128x128xf32, #tmem, #ttng.tensor_memory, mutable> -> !ttg.memdesc<1x128x1xf32, #tmem1, #ttng.tensor_memory, mutable, 1x128x128>
    %50 = ttg.memdesc_reinterpret %49 : !ttg.memdesc<1x128x1xf32, #tmem1, #ttng.tensor_memory, mutable, 1x128x128> -> !ttg.memdesc<1x128x1xf32, #tmem1, #ttng.tensor_memory, mutable>
    %51 = ttng.tmem_subslice %result_3 {N = 66 : i32} : !ttg.memdesc<1x128x128xf32, #tmem, #ttng.tensor_memory, mutable> -> !ttg.memdesc<1x128x1xf32, #tmem1, #ttng.tensor_memory, mutable, 1x128x128>
    %52 = ttg.memdesc_reinterpret %51 : !ttg.memdesc<1x128x1xf32, #tmem1, #ttng.tensor_memory, mutable, 1x128x128> -> !ttg.memdesc<1x128x1xf32, #tmem1, #ttng.tensor_memory, mutable>
    %53 = ttng.tmem_subslice %result_3 {N = 64 : i32} : !ttg.memdesc<1x128x128xf32, #tmem, #ttng.tensor_memory, mutable> -> !ttg.memdesc<1x128x1xf32, #tmem1, #ttng.tensor_memory, mutable, 1x128x128>
    %54 = ttg.memdesc_reinterpret %53 : !ttg.memdesc<1x128x1xf32, #tmem1, #ttng.tensor_memory, mutable, 1x128x128> -> !ttg.memdesc<1x128x1xf32, #tmem1, #ttng.tensor_memory, mutable>
    %55 = nvws.semaphore.create %54, %52, %50, %result_3, %48 true {nvws.dag_pending_count = 2 : i32} : <[!ttg.memdesc<1x128x1xf32, #tmem1, #ttng.tensor_memory, mutable>, !ttg.memdesc<1x128x1xf32, #tmem1, #ttng.tensor_memory, mutable>, !ttg.memdesc<1x128x1xf32, #tmem1, #ttng.tensor_memory, mutable>, !ttg.memdesc<1x128x128xf32, #tmem, #ttng.tensor_memory, mutable>, !ttg.memdesc<1x128x128xf16, #tmem, #ttng.tensor_memory, mutable>]>
    %56 = nvws.semaphore.create %54, %52, %50, %result_3, %48 false {nvws.dag_pending_count = 1 : i32} : <[!ttg.memdesc<1x128x1xf32, #tmem1, #ttng.tensor_memory, mutable>, !ttg.memdesc<1x128x1xf32, #tmem1, #ttng.tensor_memory, mutable>, !ttg.memdesc<1x128x1xf32, #tmem1, #ttng.tensor_memory, mutable>, !ttg.memdesc<1x128x128xf32, #tmem, #ttng.tensor_memory, mutable>, !ttg.memdesc<1x128x128xf16, #tmem, #ttng.tensor_memory, mutable>]>
    %57 = nvws.semaphore.create %54, %52, %50, %result_3, %48 false {nvws.dag_pending_count = 1 : i32} : <[!ttg.memdesc<1x128x1xf32, #tmem1, #ttng.tensor_memory, mutable>, !ttg.memdesc<1x128x1xf32, #tmem1, #ttng.tensor_memory, mutable>, !ttg.memdesc<1x128x1xf32, #tmem1, #ttng.tensor_memory, mutable>, !ttg.memdesc<1x128x128xf32, #tmem, #ttng.tensor_memory, mutable>, !ttg.memdesc<1x128x128xf16, #tmem, #ttng.tensor_memory, mutable>]>
    %58 = nvws.semaphore.create %54, %52, %50, %result_3, %48 false {nvws.dag_pending_count = 1 : i32} : <[!ttg.memdesc<1x128x1xf32, #tmem1, #ttng.tensor_memory, mutable>, !ttg.memdesc<1x128x1xf32, #tmem1, #ttng.tensor_memory, mutable>, !ttg.memdesc<1x128x1xf32, #tmem1, #ttng.tensor_memory, mutable>, !ttg.memdesc<1x128x128xf32, #tmem, #ttng.tensor_memory, mutable>, !ttg.memdesc<1x128x128xf16, #tmem, #ttng.tensor_memory, mutable>]>
    %59 = nvws.semaphore.create %54, %52, %50, %result_3, %48 false {nvws.dag_pending_count = 2 : i32} : <[!ttg.memdesc<1x128x1xf32, #tmem1, #ttng.tensor_memory, mutable>, !ttg.memdesc<1x128x1xf32, #tmem1, #ttng.tensor_memory, mutable>, !ttg.memdesc<1x128x1xf32, #tmem1, #ttng.tensor_memory, mutable>, !ttg.memdesc<1x128x128xf32, #tmem, #ttng.tensor_memory, mutable>, !ttg.memdesc<1x128x128xf16, #tmem, #ttng.tensor_memory, mutable>]>
    %60 = nvws.semaphore.create %54, %52, %50, %result_3, %48 false {nvws.dag_pending_count = 1 : i32} : <[!ttg.memdesc<1x128x1xf32, #tmem1, #ttng.tensor_memory, mutable>, !ttg.memdesc<1x128x1xf32, #tmem1, #ttng.tensor_memory, mutable>, !ttg.memdesc<1x128x1xf32, #tmem1, #ttng.tensor_memory, mutable>, !ttg.memdesc<1x128x128xf32, #tmem, #ttng.tensor_memory, mutable>, !ttg.memdesc<1x128x128xf16, #tmem, #ttng.tensor_memory, mutable>]>
    %61 = nvws.semaphore.create %54, %52, %50, %result_3, %48 false {nvws.dag_pending_count = 1 : i32} : <[!ttg.memdesc<1x128x1xf32, #tmem1, #ttng.tensor_memory, mutable>, !ttg.memdesc<1x128x1xf32, #tmem1, #ttng.tensor_memory, mutable>, !ttg.memdesc<1x128x1xf32, #tmem1, #ttng.tensor_memory, mutable>, !ttg.memdesc<1x128x128xf32, #tmem, #ttng.tensor_memory, mutable>, !ttg.memdesc<1x128x128xf16, #tmem, #ttng.tensor_memory, mutable>]>
    %62 = ttg.local_alloc : () -> !ttg.memdesc<1x128x128xf16, #shared, #smem, mutable>
    %63 = nvws.semaphore.create %62 true {nvws.dag_pending_count = 1 : i32} : <[!ttg.memdesc<1x128x128xf16, #shared, #smem, mutable>]>
    %64 = nvws.semaphore.create %62 false {nvws.dag_pending_count = 1 : i32} : <[!ttg.memdesc<1x128x128xf16, #shared, #smem, mutable>]>
    %65 = ttg.local_alloc : () -> !ttg.memdesc<1x128x128xf16, #shared, #smem, mutable>
    %66 = nvws.semaphore.create %65 true {nvws.dag_pending_count = 1 : i32} : <[!ttg.memdesc<1x128x128xf16, #shared, #smem, mutable>]>
    %67 = nvws.semaphore.create %65 false {nvws.dag_pending_count = 1 : i32} : <[!ttg.memdesc<1x128x128xf16, #shared, #smem, mutable>]>
    %result_4 = ttng.tmem_alloc {buffer.copy = 1 : i32, buffer.id = 2 : i32, buffer.offset = 0 : i32} : () -> !ttg.memdesc<1x128x128xf32, #tmem, #ttng.tensor_memory, mutable>
    %68 = nvws.semaphore.create %result_4 true {nvws.dag_pending_count = 1 : i32} : <[!ttg.memdesc<1x128x128xf32, #tmem, #ttng.tensor_memory, mutable>]>
    %69 = nvws.semaphore.create %result_4 false {nvws.dag_pending_count = 1 : i32} : <[!ttg.memdesc<1x128x128xf32, #tmem, #ttng.tensor_memory, mutable>]>
    %result_5 = ttng.tmem_alloc {buffer.copy = 1 : i32, buffer.id = 3 : i32, buffer.offset = 0 : i32} : () -> !ttg.memdesc<1x128x128xf32, #tmem, #ttng.tensor_memory, mutable>
    %70 = nvws.semaphore.create %result_5 true {nvws.dag_pending_count = 1 : i32} : <[!ttg.memdesc<1x128x128xf32, #tmem, #ttng.tensor_memory, mutable>]>
    %71 = nvws.semaphore.create %result_5 false {nvws.dag_pending_count = 1 : i32} : <[!ttg.memdesc<1x128x128xf32, #tmem, #ttng.tensor_memory, mutable>]>
    %72 = nvws.semaphore.acquire %40 {ttg.partition = array<i32: 1>, ttg.warp_specialize.tag = 0 : i32} : <[!ttg.memdesc<1x128x1xf32, #tmem1, #ttng.tensor_memory, mutable>, !ttg.memdesc<1x128x1xf32, #tmem1, #ttng.tensor_memory, mutable>, !ttg.memdesc<1x128x1xf32, #tmem1, #ttng.tensor_memory, mutable>, !ttg.memdesc<1x128x128xf32, #tmem, #ttng.tensor_memory, mutable>, !ttg.memdesc<1x128x128xf16, #tmem, #ttng.tensor_memory, mutable>]> -> !ttg.async.token
    %73 = nvws.semaphore.acquire %55 {ttg.partition = array<i32: 1>, ttg.warp_specialize.tag = 0 : i32} : <[!ttg.memdesc<1x128x1xf32, #tmem1, #ttng.tensor_memory, mutable>, !ttg.memdesc<1x128x1xf32, #tmem1, #ttng.tensor_memory, mutable>, !ttg.memdesc<1x128x1xf32, #tmem1, #ttng.tensor_memory, mutable>, !ttg.memdesc<1x128x128xf32, #tmem, #ttng.tensor_memory, mutable>, !ttg.memdesc<1x128x128xf16, #tmem, #ttng.tensor_memory, mutable>]> -> !ttg.async.token
    %74 = nvws.semaphore.acquire %68 {ttg.partition = array<i32: 0>, ttg.warp_specialize.tag = 0 : i32} : <[!ttg.memdesc<1x128x128xf32, #tmem, #ttng.tensor_memory, mutable>]> -> !ttg.async.token
    %75 = nvws.semaphore.acquire %70 {ttg.partition = array<i32: 0>, ttg.warp_specialize.tag = 0 : i32} : <[!ttg.memdesc<1x128x128xf32, #tmem, #ttng.tensor_memory, mutable>]> -> !ttg.async.token
    %76 = nvws.semaphore.acquire %21 {ttg.partition = array<i32: 3>, ttg.warp_specialize.tag = 0 : i32} : <[!ttg.memdesc<1x128x128xf16, #shared, #smem, mutable>]> -> !ttg.async.token
    %77 = nvws.semaphore.acquire %24 {ttg.partition = array<i32: 3>, ttg.warp_specialize.tag = 0 : i32} : <[!ttg.memdesc<1x128x128xf16, #shared, #smem, mutable>]> -> !ttg.async.token
    %78 = nvws.semaphore.acquire %27 {ttg.partition = array<i32: 3>, ttg.warp_specialize.tag = 0 : i32} : <[!ttg.memdesc<1x128x128xf16, #shared, #smem, mutable>]> -> !ttg.async.token
    %79 = nvws.semaphore.acquire %30 {ttg.partition = array<i32: 3>, ttg.warp_specialize.tag = 0 : i32} : <[!ttg.memdesc<1x128x128xf16, #shared, #smem, mutable>]> -> !ttg.async.token
    %80 = nvws.semaphore.acquire %63 {ttg.partition = array<i32: 0>, ttg.warp_specialize.tag = 0 : i32} : <[!ttg.memdesc<1x128x128xf16, #shared, #smem, mutable>]> -> !ttg.async.token
    %81 = nvws.semaphore.acquire %66 {ttg.partition = array<i32: 0>, ttg.warp_specialize.tag = 0 : i32} : <[!ttg.memdesc<1x128x128xf16, #shared, #smem, mutable>]> -> !ttg.async.token
    %82:11 = scf.for %arg8 = %c0_i32 to %7 step %c1_i32 iter_args(%arg9 = %0, %arg10 = %72, %arg11 = %73, %arg12 = %74, %arg13 = %75, %arg14 = %76, %arg15 = %77, %arg16 = %78, %arg17 = %79, %arg18 = %80, %arg19 = %81) -> (i32, !ttg.async.token, !ttg.async.token, !ttg.async.token, !ttg.async.token, !ttg.async.token, !ttg.async.token, !ttg.async.token, !ttg.async.token, !ttg.async.token, !ttg.async.token)  : i32 {
      %83 = arith.remsi %arg9, %c64_i32 {ttg.partition = array<i32: 0, 1, 2, 3, 4, 5>} : i32
      %84 = arith.divsi %arg9, %c64_i32 {ttg.partition = array<i32: 0, 1, 2, 3, 4, 5>} : i32
      %85 = arith.divsi %84, %arg3 {ttg.partition = array<i32: 0, 1, 2, 3, 4, 5>} : i32
      %86 = arith.remsi %84, %arg3 {ttg.partition = array<i32: 0, 1, 2, 3, 4, 5>} : i32
      %87 = arith.muli %85, %14 {ttg.partition = array<i32: 0, 1, 2, 3, 4, 5>} : i32
      %88 = arith.muli %86, %c16384_i32 {ttg.partition = array<i32: 0, 1, 2, 3, 4, 5>} : i32
      %89 = arith.addi %87, %88 {ttg.partition = array<i32: 0, 1, 2, 3, 4, 5>} : i32
      %90 = arith.muli %83, %c256_i32 {ttg.partition = array<i32: 0, 2, 3>} : i32
      %91 = arith.addi %89, %90 {ttg.partition = array<i32: 2, 3>} : i32
      %92 = arith.addi %91, %c128_i32 {ttg.partition = array<i32: 2>} : i32
      %93 = arith.addi %91, %c128_i32 {ttg.partition = array<i32: 3>} : i32
      %94 = tt.splat %90 {ttg.partition = array<i32: 0, 2, 3>} : i32 -> tensor<128xi32, #blocked>
      %95 = arith.addi %94, %15 {ttg.partition = array<i32: 0>} : tensor<128xi32, #blocked>
      %96 = arith.addi %94, %16 {ttg.partition = array<i32: 0>} : tensor<128xi32, #blocked>
      %97 = nvws.semaphore.buffer %21, %arg14 {ttg.partition = array<i32: 3>} : <[!ttg.memdesc<1x128x128xf16, #shared, #smem, mutable>]>, !ttg.async.token -> !ttg.memdesc<128x128xf16, #shared, #smem, mutable>
      nvws.descriptor_load %10[%91, %c0_i32] 32768 %97 {ttg.partition = array<i32: 3>} : !tt.tensordesc<tensor<128x128xf16, #shared>>, i32, i32, !ttg.memdesc<128x128xf16, #shared, #smem, mutable>
      nvws.semaphore.release %22, %arg14 [#nvws.async_op<tma_load>] {ttg.partition = array<i32: 3>} : <[!ttg.memdesc<1x128x128xf16, #shared, #smem, mutable>]>, !ttg.async.token
      %98 = nvws.semaphore.buffer %24, %arg15 {ttg.partition = array<i32: 3>} : <[!ttg.memdesc<1x128x128xf16, #shared, #smem, mutable>]>, !ttg.async.token -> !ttg.memdesc<128x128xf16, #shared, #smem, mutable>
      nvws.descriptor_load %10[%93, %c0_i32] 32768 %98 {ttg.partition = array<i32: 3>} : !tt.tensordesc<tensor<128x128xf16, #shared>>, i32, i32, !ttg.memdesc<128x128xf16, #shared, #smem, mutable>
      nvws.semaphore.release %25, %arg15 [#nvws.async_op<tma_load>] {ttg.partition = array<i32: 3>} : <[!ttg.memdesc<1x128x128xf16, #shared, #smem, mutable>]>, !ttg.async.token
      %99 = nvws.semaphore.buffer %68, %arg12 {ttg.partition = array<i32: 0>} : <[!ttg.memdesc<1x128x128xf32, #tmem, #ttng.tensor_memory, mutable>]>, !ttg.async.token -> !ttg.memdesc<128x128xf32, #tmem, #ttng.tensor_memory, mutable, 1x128x128>
      %true_6 = arith.constant {ttg.partition = array<i32: 0>} true
      ttng.tmem_store %cst_0, %99, %true_6 {ttg.partition = array<i32: 0>} : tensor<128x128xf32, #linear> -> !ttg.memdesc<128x128xf32, #tmem, #ttng.tensor_memory, mutable, 1x128x128>
      %100 = nvws.semaphore.buffer %70, %arg13 {ttg.partition = array<i32: 0>} : <[!ttg.memdesc<1x128x128xf32, #tmem, #ttng.tensor_memory, mutable>]>, !ttg.async.token -> !ttg.memdesc<128x128xf32, #tmem, #ttng.tensor_memory, mutable, 1x128x128>
      ttng.tmem_store %cst_0, %100, %true_6 {ttg.partition = array<i32: 0>} : tensor<128x128xf32, #linear> -> !ttg.memdesc<128x128xf32, #tmem, #ttng.tensor_memory, mutable, 1x128x128>
      %101 = nvws.semaphore.acquire %22 {ttg.partition = array<i32: 1>} : <[!ttg.memdesc<1x128x128xf16, #shared, #smem, mutable>]> -> !ttg.async.token
      %102 = nvws.semaphore.acquire %25 {ttg.partition = array<i32: 1>} : <[!ttg.memdesc<1x128x128xf16, #shared, #smem, mutable>]> -> !ttg.async.token
      %103:11 = scf.for %arg20 = %c0_i32 to %c16384_i32 step %c128_i32 iter_args(%arg21 = %89, %arg22 = %cst_2, %arg23 = %cst_1, %arg24 = %cst_2, %arg25 = %cst_1, %arg26 = %arg10, %arg27 = %arg11, %arg28 = %arg12, %arg29 = %arg13, %arg30 = %arg16, %arg31 = %arg17) -> (i32, tensor<128xf32, #ttg.slice<{dim = 1, parent = #linear}>>, tensor<128xf32, #ttg.slice<{dim = 1, parent = #linear}>>, tensor<128xf32, #ttg.slice<{dim = 1, parent = #linear}>>, tensor<128xf32, #ttg.slice<{dim = 1, parent = #linear}>>, !ttg.async.token, !ttg.async.token, !ttg.async.token, !ttg.async.token, !ttg.async.token, !ttg.async.token)  : i32 {
        %164 = nvws.semaphore.buffer %27, %arg30 {loop.cluster = 1 : i32, loop.stage = 0 : i32, ttg.partition = array<i32: 3>} : <[!ttg.memdesc<1x128x128xf16, #shared, #smem, mutable>]>, !ttg.async.token -> !ttg.memdesc<128x128xf16, #shared, #smem, mutable>
        nvws.descriptor_load %11[%arg21, %c0_i32] 32768 %164 {loop.cluster = 1 : i32, loop.stage = 0 : i32, ttg.partition = array<i32: 3>} : !tt.tensordesc<tensor<128x128xf16, #shared>>, i32, i32, !ttg.memdesc<128x128xf16, #shared, #smem, mutable>
        nvws.semaphore.release %28, %arg30 [#nvws.async_op<tma_load>] {loop.cluster = 1 : i32, loop.stage = 0 : i32, ttg.partition = array<i32: 3>} : <[!ttg.memdesc<1x128x128xf16, #shared, #smem, mutable>]>, !ttg.async.token
        %165 = nvws.semaphore.buffer %30, %arg31 {loop.cluster = 4 : i32, loop.stage = 0 : i32, ttg.partition = array<i32: 3>} : <[!ttg.memdesc<1x128x128xf16, #shared, #smem, mutable>]>, !ttg.async.token -> !ttg.memdesc<128x128xf16, #shared, #smem, mutable>
        nvws.descriptor_load %12[%arg21, %c0_i32] 32768 %165 {loop.cluster = 4 : i32, loop.stage = 0 : i32, ttg.partition = array<i32: 3>} : !tt.tensordesc<tensor<128x128xf16, #shared>>, i32, i32, !ttg.memdesc<128x128xf16, #shared, #smem, mutable>
        nvws.semaphore.release %31, %arg31 [#nvws.async_op<tma_load>] {loop.cluster = 4 : i32, loop.stage = 0 : i32, ttg.partition = array<i32: 3>} : <[!ttg.memdesc<1x128x128xf16, #shared, #smem, mutable>]>, !ttg.async.token
        %166:5 = nvws.semaphore.buffer %40, %arg26 {loop.cluster = 1 : i32, loop.stage = 0 : i32, ttg.partition = array<i32: 1>} : <[!ttg.memdesc<1x128x1xf32, #tmem1, #ttng.tensor_memory, mutable>, !ttg.memdesc<1x128x1xf32, #tmem1, #ttng.tensor_memory, mutable>, !ttg.memdesc<1x128x1xf32, #tmem1, #ttng.tensor_memory, mutable>, !ttg.memdesc<1x128x128xf32, #tmem, #ttng.tensor_memory, mutable>, !ttg.memdesc<1x128x128xf16, #tmem, #ttng.tensor_memory, mutable>]>, !ttg.async.token -> !ttg.memdesc<128x1xf32, #tmem1, #ttng.tensor_memory, mutable, 1x128x1>, !ttg.memdesc<128x1xf32, #tmem1, #ttng.tensor_memory, mutable, 1x128x1>, !ttg.memdesc<128x1xf32, #tmem1, #ttng.tensor_memory, mutable, 1x128x1>, !ttg.memdesc<128x128xf32, #tmem, #ttng.tensor_memory, mutable, 1x128x128>, !ttg.memdesc<128x128xf16, #tmem, #ttng.tensor_memory, mutable, 1x128x128>
        %167 = nvws.semaphore.buffer %22, %101 {loop.cluster = 1 : i32, loop.stage = 0 : i32, ttg.partition = array<i32: 1>} : <[!ttg.memdesc<1x128x128xf16, #shared, #smem, mutable>]>, !ttg.async.token -> !ttg.memdesc<128x128xf16, #shared, #smem, mutable>
        %168 = nvws.semaphore.acquire %28 {loop.cluster = 1 : i32, loop.stage = 0 : i32, ttg.partition = array<i32: 1>} : <[!ttg.memdesc<1x128x128xf16, #shared, #smem, mutable>]> -> !ttg.async.token
        %169 = nvws.semaphore.buffer %28, %168 {loop.cluster = 1 : i32, loop.stage = 0 : i32, ttg.partition = array<i32: 1>} : <[!ttg.memdesc<1x128x128xf16, #shared, #smem, mutable>]>, !ttg.async.token -> !ttg.memdesc<128x128xf16, #shared, #smem, mutable>
        %170 = ttg.memdesc_reinterpret %169 {loop.cluster = 1 : i32, loop.stage = 0 : i32, ttg.partition = array<i32: 1>} : !ttg.memdesc<128x128xf16, #shared, #smem, mutable> -> !ttg.memdesc<128x128xf16, #shared, #smem, mutable>
        %171 = ttg.memdesc_trans %170 {loop.cluster = 1 : i32, loop.stage = 0 : i32, order = array<i32: 1, 0>, ttg.partition = array<i32: 1>} : !ttg.memdesc<128x128xf16, #shared, #smem, mutable> -> !ttg.memdesc<128x128xf16, #shared1, #smem, mutable>
        %172 = ttng.tc_gen5_mma %167, %171, %166#3[], %false, %true {loop.cluster = 1 : i32, loop.stage = 0 : i32, tt.self_latency = 1 : i32, ttg.partition = array<i32: 1>} : !ttg.memdesc<128x128xf16, #shared, #smem, mutable>, !ttg.memdesc<128x128xf16, #shared1, #smem, mutable>, !ttg.memdesc<128x128xf32, #tmem, #ttng.tensor_memory, mutable, 1x128x128>
        nvws.semaphore.release %41, %arg26 [#nvws.async_op<tc5mma>] {loop.cluster = 1 : i32, loop.stage = 0 : i32, ttg.partition = array<i32: 1>} : <[!ttg.memdesc<1x128x1xf32, #tmem1, #ttng.tensor_memory, mutable>, !ttg.memdesc<1x128x1xf32, #tmem1, #ttng.tensor_memory, mutable>, !ttg.memdesc<1x128x1xf32, #tmem1, #ttng.tensor_memory, mutable>, !ttg.memdesc<1x128x128xf32, #tmem, #ttng.tensor_memory, mutable>, !ttg.memdesc<1x128x128xf16, #tmem, #ttng.tensor_memory, mutable>]>, !ttg.async.token
        %173:5 = nvws.semaphore.buffer %55, %arg27 {loop.cluster = 3 : i32, loop.stage = 0 : i32, ttg.partition = array<i32: 1>} : <[!ttg.memdesc<1x128x1xf32, #tmem1, #ttng.tensor_memory, mutable>, !ttg.memdesc<1x128x1xf32, #tmem1, #ttng.tensor_memory, mutable>, !ttg.memdesc<1x128x1xf32, #tmem1, #ttng.tensor_memory, mutable>, !ttg.memdesc<1x128x128xf32, #tmem, #ttng.tensor_memory, mutable>, !ttg.memdesc<1x128x128xf16, #tmem, #ttng.tensor_memory, mutable>]>, !ttg.async.token -> !ttg.memdesc<128x1xf32, #tmem1, #ttng.tensor_memory, mutable, 1x128x1>, !ttg.memdesc<128x1xf32, #tmem1, #ttng.tensor_memory, mutable, 1x128x1>, !ttg.memdesc<128x1xf32, #tmem1, #ttng.tensor_memory, mutable, 1x128x1>, !ttg.memdesc<128x128xf32, #tmem, #ttng.tensor_memory, mutable, 1x128x128>, !ttg.memdesc<128x128xf16, #tmem, #ttng.tensor_memory, mutable, 1x128x128>
        %174 = nvws.semaphore.buffer %25, %102 {loop.cluster = 3 : i32, loop.stage = 0 : i32, ttg.partition = array<i32: 1>} : <[!ttg.memdesc<1x128x128xf16, #shared, #smem, mutable>]>, !ttg.async.token -> !ttg.memdesc<128x128xf16, #shared, #smem, mutable>
        %175 = ttng.tc_gen5_mma %174, %171, %173#3[], %false, %true {loop.cluster = 3 : i32, loop.stage = 0 : i32, tt.self_latency = 1 : i32, ttg.partition = array<i32: 1>} : !ttg.memdesc<128x128xf16, #shared, #smem, mutable>, !ttg.memdesc<128x128xf16, #shared1, #smem, mutable>, !ttg.memdesc<128x128xf32, #tmem, #ttng.tensor_memory, mutable, 1x128x128>
        nvws.semaphore.release %27, %168 [#nvws.async_op<tc5mma>] {loop.cluster = 3 : i32, loop.stage = 0 : i32, ttg.partition = array<i32: 1>} : <[!ttg.memdesc<1x128x128xf16, #shared, #smem, mutable>]>, !ttg.async.token
        nvws.semaphore.release %56, %arg27 [#nvws.async_op<tc5mma>] {loop.cluster = 3 : i32, loop.stage = 0 : i32, ttg.partition = array<i32: 1>} : <[!ttg.memdesc<1x128x1xf32, #tmem1, #ttng.tensor_memory, mutable>, !ttg.memdesc<1x128x1xf32, #tmem1, #ttng.tensor_memory, mutable>, !ttg.memdesc<1x128x1xf32, #tmem1, #ttng.tensor_memory, mutable>, !ttg.memdesc<1x128x128xf32, #tmem, #ttng.tensor_memory, mutable>, !ttg.memdesc<1x128x128xf16, #tmem, #ttng.tensor_memory, mutable>]>, !ttg.async.token
        %176 = nvws.semaphore.acquire %41 {loop.cluster = 4 : i32, loop.stage = 0 : i32, ttg.partition = array<i32: 5>} : <[!ttg.memdesc<1x128x1xf32, #tmem1, #ttng.tensor_memory, mutable>, !ttg.memdesc<1x128x1xf32, #tmem1, #ttng.tensor_memory, mutable>, !ttg.memdesc<1x128x1xf32, #tmem1, #ttng.tensor_memory, mutable>, !ttg.memdesc<1x128x128xf32, #tmem, #ttng.tensor_memory, mutable>, !ttg.memdesc<1x128x128xf16, #tmem, #ttng.tensor_memory, mutable>]> -> !ttg.async.token
        %177:5 = nvws.semaphore.buffer %41, %176 {loop.cluster = 4 : i32, loop.stage = 0 : i32, ttg.partition = array<i32: 5>} : <[!ttg.memdesc<1x128x1xf32, #tmem1, #ttng.tensor_memory, mutable>, !ttg.memdesc<1x128x1xf32, #tmem1, #ttng.tensor_memory, mutable>, !ttg.memdesc<1x128x1xf32, #tmem1, #ttng.tensor_memory, mutable>, !ttg.memdesc<1x128x128xf32, #tmem, #ttng.tensor_memory, mutable>, !ttg.memdesc<1x128x128xf16, #tmem, #ttng.tensor_memory, mutable>]>, !ttg.async.token -> !ttg.memdesc<128x1xf32, #tmem1, #ttng.tensor_memory, mutable, 1x128x1>, !ttg.memdesc<128x1xf32, #tmem1, #ttng.tensor_memory, mutable, 1x128x1>, !ttg.memdesc<128x1xf32, #tmem1, #ttng.tensor_memory, mutable, 1x128x1>, !ttg.memdesc<128x128xf32, #tmem, #ttng.tensor_memory, mutable, 1x128x128>, !ttg.memdesc<128x128xf16, #tmem, #ttng.tensor_memory, mutable, 1x128x128>
        %result_20, %token_21 = ttng.tmem_load %177#3[] {loop.cluster = 4 : i32, loop.stage = 0 : i32, ttg.partition = array<i32: 5>} : !ttg.memdesc<128x128xf32, #tmem, #ttng.tensor_memory, mutable, 1x128x128> -> tensor<128x128xf32, #linear1>
        %178 = ttg.convert_layout %result_20 {loop.cluster = 4 : i32, loop.stage = 0 : i32, ttg.partition = array<i32: 5>} : tensor<128x128xf32, #linear1> -> tensor<128x128xf32, #linear>
        %179 = nvws.semaphore.acquire %56 {loop.cluster = 2 : i32, loop.stage = 1 : i32, ttg.partition = array<i32: 4>} : <[!ttg.memdesc<1x128x1xf32, #tmem1, #ttng.tensor_memory, mutable>, !ttg.memdesc<1x128x1xf32, #tmem1, #ttng.tensor_memory, mutable>, !ttg.memdesc<1x128x1xf32, #tmem1, #ttng.tensor_memory, mutable>, !ttg.memdesc<1x128x128xf32, #tmem, #ttng.tensor_memory, mutable>, !ttg.memdesc<1x128x128xf16, #tmem, #ttng.tensor_memory, mutable>]> -> !ttg.async.token
        %180:5 = nvws.semaphore.buffer %56, %179 {loop.cluster = 2 : i32, loop.stage = 1 : i32, ttg.partition = array<i32: 4>} : <[!ttg.memdesc<1x128x1xf32, #tmem1, #ttng.tensor_memory, mutable>, !ttg.memdesc<1x128x1xf32, #tmem1, #ttng.tensor_memory, mutable>, !ttg.memdesc<1x128x1xf32, #tmem1, #ttng.tensor_memory, mutable>, !ttg.memdesc<1x128x128xf32, #tmem, #ttng.tensor_memory, mutable>, !ttg.memdesc<1x128x128xf16, #tmem, #ttng.tensor_memory, mutable>]>, !ttg.async.token -> !ttg.memdesc<128x1xf32, #tmem1, #ttng.tensor_memory, mutable, 1x128x1>, !ttg.memdesc<128x1xf32, #tmem1, #ttng.tensor_memory, mutable, 1x128x1>, !ttg.memdesc<128x1xf32, #tmem1, #ttng.tensor_memory, mutable, 1x128x1>, !ttg.memdesc<128x128xf32, #tmem, #ttng.tensor_memory, mutable, 1x128x128>, !ttg.memdesc<128x128xf16, #tmem, #ttng.tensor_memory, mutable, 1x128x128>
        %result_22, %token_23 = ttng.tmem_load %180#3[] {loop.cluster = 2 : i32, loop.stage = 1 : i32, ttg.partition = array<i32: 4>} : !ttg.memdesc<128x128xf32, #tmem, #ttng.tensor_memory, mutable, 1x128x128> -> tensor<128x128xf32, #linear1>
        %181 = ttg.convert_layout %result_22 {loop.cluster = 2 : i32, loop.stage = 1 : i32, ttg.partition = array<i32: 4>} : tensor<128x128xf32, #linear1> -> tensor<128x128xf32, #linear>
        %182 = "tt.reduce"(%178) <{axis = 1 : i32, reduction_ordering = "unordered"}> ({
        ^bb0(%arg32: f32, %arg33: f32):
          %265 = arith.maxnumf %arg32, %arg33 {ttg.partition = array<i32: 5>} : f32
          tt.reduce.return %265 {ttg.partition = array<i32: 5>} : f32
        }) {loop.cluster = 4 : i32, loop.stage = 0 : i32, ttg.partition = array<i32: 5>, ttg.partition.outputs = [array<i32: 5>]} : (tensor<128x128xf32, #linear>) -> tensor<128xf32, #ttg.slice<{dim = 1, parent = #linear}>>
        %183 = "tt.reduce"(%181) <{axis = 1 : i32, reduction_ordering = "unordered"}> ({
        ^bb0(%arg32: f32, %arg33: f32):
          %265 = arith.maxnumf %arg32, %arg33 {ttg.partition = array<i32: 4>} : f32
          tt.reduce.return %265 {ttg.partition = array<i32: 4>} : f32
        }) {loop.cluster = 2 : i32, loop.stage = 1 : i32, ttg.partition = array<i32: 4>, ttg.partition.outputs = [array<i32: 4>]} : (tensor<128x128xf32, #linear>) -> tensor<128xf32, #ttg.slice<{dim = 1, parent = #linear}>>
        %184 = arith.mulf %182, %18 {loop.cluster = 4 : i32, loop.stage = 0 : i32, ttg.partition = array<i32: 5>} : tensor<128xf32, #ttg.slice<{dim = 1, parent = #linear}>>
        %185 = arith.mulf %183, %18 {loop.cluster = 2 : i32, loop.stage = 1 : i32, ttg.partition = array<i32: 4>} : tensor<128xf32, #ttg.slice<{dim = 1, parent = #linear}>>
        %186 = arith.maxnumf %arg23, %184 {loop.cluster = 4 : i32, loop.stage = 0 : i32, ttg.partition = array<i32: 5>} : tensor<128xf32, #ttg.slice<{dim = 1, parent = #linear}>>
        %187 = arith.maxnumf %arg25, %185 {loop.cluster = 2 : i32, loop.stage = 1 : i32, ttg.partition = array<i32: 4>} : tensor<128xf32, #ttg.slice<{dim = 1, parent = #linear}>>
        %188 = arith.mulf %178, %19 {loop.cluster = 4 : i32, loop.stage = 0 : i32, ttg.partition = array<i32: 5>} : tensor<128x128xf32, #linear>
        %189 = arith.mulf %181, %19 {loop.cluster = 2 : i32, loop.stage = 1 : i32, ttg.partition = array<i32: 4>} : tensor<128x128xf32, #linear>
        %190 = tt.expand_dims %186 {axis = 1 : i32, loop.cluster = 4 : i32, loop.stage = 0 : i32, ttg.partition = array<i32: 5>} : tensor<128xf32, #ttg.slice<{dim = 1, parent = #linear}>> -> tensor<128x1xf32, #linear>
        %191 = tt.expand_dims %187 {axis = 1 : i32, loop.cluster = 2 : i32, loop.stage = 1 : i32, ttg.partition = array<i32: 4>} : tensor<128xf32, #ttg.slice<{dim = 1, parent = #linear}>> -> tensor<128x1xf32, #linear>
        %192 = tt.broadcast %190 {loop.cluster = 4 : i32, loop.stage = 0 : i32, ttg.partition = array<i32: 5>} : tensor<128x1xf32, #linear> -> tensor<128x128xf32, #linear>
        %193 = tt.broadcast %191 {loop.cluster = 2 : i32, loop.stage = 1 : i32, ttg.partition = array<i32: 4>} : tensor<128x1xf32, #linear> -> tensor<128x128xf32, #linear>
        %194 = arith.subf %188, %192 {loop.cluster = 4 : i32, loop.stage = 0 : i32, ttg.partition = array<i32: 5>} : tensor<128x128xf32, #linear>
        %195 = arith.subf %189, %193 {loop.cluster = 2 : i32, loop.stage = 1 : i32, ttg.partition = array<i32: 4>} : tensor<128x128xf32, #linear>
        %196 = math.exp2 %194 {loop.cluster = 4 : i32, loop.stage = 0 : i32, ttg.partition = array<i32: 5>} : tensor<128x128xf32, #linear>
        %197 = math.exp2 %195 {loop.cluster = 2 : i32, loop.stage = 1 : i32, ttg.partition = array<i32: 4>} : tensor<128x128xf32, #linear>
        %198 = arith.subf %arg23, %186 {loop.cluster = 4 : i32, loop.stage = 0 : i32, ttg.partition = array<i32: 5>} : tensor<128xf32, #ttg.slice<{dim = 1, parent = #linear}>>
        %199 = arith.subf %arg25, %187 {loop.cluster = 2 : i32, loop.stage = 1 : i32, ttg.partition = array<i32: 4>} : tensor<128xf32, #ttg.slice<{dim = 1, parent = #linear}>>
        %200 = math.exp2 %198 {loop.cluster = 4 : i32, loop.stage = 0 : i32, ttg.partition = array<i32: 5>} : tensor<128xf32, #ttg.slice<{dim = 1, parent = #linear}>>
        %201 = tt.expand_dims %200 {axis = 1 : i32, loop.cluster = 4 : i32, loop.stage = 0 : i32, ttg.partition = array<i32: 5>} : tensor<128xf32, #ttg.slice<{dim = 1, parent = #linear}>> -> tensor<128x1xf32, #linear>
        %true_24 = arith.constant {loop.cluster = 4 : i32, loop.stage = 0 : i32, ttg.partition = array<i32: 5>} true
        ttng.tmem_store %201, %177#0, %true_24 {loop.cluster = 4 : i32, loop.stage = 0 : i32, ttg.partition = array<i32: 5>} : tensor<128x1xf32, #linear> -> !ttg.memdesc<128x1xf32, #tmem1, #ttng.tensor_memory, mutable, 1x128x1>
        nvws.semaphore.release %42, %176 [#nvws.async_op<none>] {loop.cluster = 4 : i32, loop.stage = 0 : i32, ttg.partition = array<i32: 5>} : <[!ttg.memdesc<1x128x1xf32, #tmem1, #ttng.tensor_memory, mutable>, !ttg.memdesc<1x128x1xf32, #tmem1, #ttng.tensor_memory, mutable>, !ttg.memdesc<1x128x1xf32, #tmem1, #ttng.tensor_memory, mutable>, !ttg.memdesc<1x128x128xf32, #tmem, #ttng.tensor_memory, mutable>, !ttg.memdesc<1x128x128xf16, #tmem, #ttng.tensor_memory, mutable>]>, !ttg.async.token
        nvws.semaphore.release %44, %176 [#nvws.async_op<none>] {loop.cluster = 4 : i32, loop.stage = 0 : i32, ttg.partition = array<i32: 5>} : <[!ttg.memdesc<1x128x1xf32, #tmem1, #ttng.tensor_memory, mutable>, !ttg.memdesc<1x128x1xf32, #tmem1, #ttng.tensor_memory, mutable>, !ttg.memdesc<1x128x1xf32, #tmem1, #ttng.tensor_memory, mutable>, !ttg.memdesc<1x128x128xf32, #tmem, #ttng.tensor_memory, mutable>, !ttg.memdesc<1x128x128xf16, #tmem, #ttng.tensor_memory, mutable>]>, !ttg.async.token
        %202 = math.exp2 %199 {loop.cluster = 2 : i32, loop.stage = 1 : i32, ttg.partition = array<i32: 4>} : tensor<128xf32, #ttg.slice<{dim = 1, parent = #linear}>>
        %203 = tt.expand_dims %202 {axis = 1 : i32, loop.cluster = 2 : i32, loop.stage = 1 : i32, ttg.partition = array<i32: 4>} : tensor<128xf32, #ttg.slice<{dim = 1, parent = #linear}>> -> tensor<128x1xf32, #linear>
        %true_25 = arith.constant {loop.cluster = 2 : i32, loop.stage = 1 : i32, ttg.partition = array<i32: 4>} true
        ttng.tmem_store %203, %180#0, %true_25 {loop.cluster = 2 : i32, loop.stage = 1 : i32, ttg.partition = array<i32: 4>} : tensor<128x1xf32, #linear> -> !ttg.memdesc<128x1xf32, #tmem1, #ttng.tensor_memory, mutable, 1x128x1>
        nvws.semaphore.release %57, %179 [#nvws.async_op<none>] {loop.cluster = 2 : i32, loop.stage = 1 : i32, ttg.partition = array<i32: 4>} : <[!ttg.memdesc<1x128x1xf32, #tmem1, #ttng.tensor_memory, mutable>, !ttg.memdesc<1x128x1xf32, #tmem1, #ttng.tensor_memory, mutable>, !ttg.memdesc<1x128x1xf32, #tmem1, #ttng.tensor_memory, mutable>, !ttg.memdesc<1x128x128xf32, #tmem, #ttng.tensor_memory, mutable>, !ttg.memdesc<1x128x128xf16, #tmem, #ttng.tensor_memory, mutable>]>, !ttg.async.token
        nvws.semaphore.release %59, %179 [#nvws.async_op<none>] {loop.cluster = 2 : i32, loop.stage = 1 : i32, ttg.partition = array<i32: 4>} : <[!ttg.memdesc<1x128x1xf32, #tmem1, #ttng.tensor_memory, mutable>, !ttg.memdesc<1x128x1xf32, #tmem1, #ttng.tensor_memory, mutable>, !ttg.memdesc<1x128x1xf32, #tmem1, #ttng.tensor_memory, mutable>, !ttg.memdesc<1x128x128xf32, #tmem, #ttng.tensor_memory, mutable>, !ttg.memdesc<1x128x128xf16, #tmem, #ttng.tensor_memory, mutable>]>, !ttg.async.token
        %204 = "tt.reduce"(%196) <{axis = 1 : i32, reduction_ordering = "unordered"}> ({
        ^bb0(%arg32: f32, %arg33: f32):
          %265 = arith.addf %arg32, %arg33 {ttg.partition = array<i32: 5>} : f32
          tt.reduce.return %265 {ttg.partition = array<i32: 5>} : f32
        }) {loop.cluster = 1 : i32, loop.stage = 1 : i32, ttg.partition = array<i32: 5>, ttg.partition.outputs = [array<i32: 5>]} : (tensor<128x128xf32, #linear>) -> tensor<128xf32, #ttg.slice<{dim = 1, parent = #linear}>>
        %205 = "tt.reduce"(%197) <{axis = 1 : i32, reduction_ordering = "unordered"}> ({
        ^bb0(%arg32: f32, %arg33: f32):
          %265 = arith.addf %arg32, %arg33 {ttg.partition = array<i32: 4>} : f32
          tt.reduce.return %265 {ttg.partition = array<i32: 4>} : f32
        }) {loop.cluster = 2 : i32, loop.stage = 1 : i32, ttg.partition = array<i32: 4>, ttg.partition.outputs = [array<i32: 4>]} : (tensor<128x128xf32, #linear>) -> tensor<128xf32, #ttg.slice<{dim = 1, parent = #linear}>>
        %206 = nvws.semaphore.buffer %68, %arg28 {loop.cluster = 4 : i32, loop.stage = 0 : i32, ttg.partition = array<i32: 0>} : <[!ttg.memdesc<1x128x128xf32, #tmem, #ttng.tensor_memory, mutable>]>, !ttg.async.token -> !ttg.memdesc<128x128xf32, #tmem, #ttng.tensor_memory, mutable, 1x128x128>
        %result_26, %token_27 = ttng.tmem_load %206[] {loop.cluster = 4 : i32, loop.stage = 0 : i32, tmem.end = array<i32: 8>, ttg.partition = array<i32: 0>} : !ttg.memdesc<128x128xf32, #tmem, #ttng.tensor_memory, mutable, 1x128x128> -> tensor<128x128xf32, #linear1>
        %207 = nvws.semaphore.buffer %70, %arg29 {loop.cluster = 2 : i32, loop.stage = 1 : i32, ttg.partition = array<i32: 0>} : <[!ttg.memdesc<1x128x128xf32, #tmem, #ttng.tensor_memory, mutable>]>, !ttg.async.token -> !ttg.memdesc<128x128xf32, #tmem, #ttng.tensor_memory, mutable, 1x128x128>
        %result_28, %token_29 = ttng.tmem_load %207[] {loop.cluster = 2 : i32, loop.stage = 1 : i32, tmem.end = array<i32: 11>, ttg.partition = array<i32: 0>} : !ttg.memdesc<128x128xf32, #tmem, #ttng.tensor_memory, mutable, 1x128x128> -> tensor<128x128xf32, #linear1>
        %208 = tt.reshape %result_26 {ttg.partition = array<i32: 0>} : tensor<128x128xf32, #linear1> -> tensor<128x2x64xf32, #linear2>
        %209 = tt.reshape %result_28 {ttg.partition = array<i32: 0>} : tensor<128x128xf32, #linear1> -> tensor<128x2x64xf32, #linear2>
        %210 = tt.trans %208 {loop.cluster = 4 : i32, loop.stage = 0 : i32, order = array<i32: 0, 2, 1>, ttg.partition = array<i32: 0>} : tensor<128x2x64xf32, #linear2> -> tensor<128x64x2xf32, #linear3>
        %211 = tt.trans %209 {loop.cluster = 2 : i32, loop.stage = 1 : i32, order = array<i32: 0, 2, 1>, ttg.partition = array<i32: 0>} : tensor<128x2x64xf32, #linear2> -> tensor<128x64x2xf32, #linear3>
        %outLHS, %outRHS = tt.split %210 {loop.cluster = 4 : i32, loop.stage = 0 : i32, ttg.partition = array<i32: 0>} : tensor<128x64x2xf32, #linear3> -> tensor<128x64xf32, #linear4>
        %outLHS_30, %outRHS_31 = tt.split %211 {loop.cluster = 2 : i32, loop.stage = 1 : i32, ttg.partition = array<i32: 0>} : tensor<128x64x2xf32, #linear3> -> tensor<128x64xf32, #linear4>
        %212 = nvws.semaphore.acquire %42 {loop.cluster = 4 : i32, loop.stage = 0 : i32, ttg.partition = array<i32: 0>} : <[!ttg.memdesc<1x128x1xf32, #tmem1, #ttng.tensor_memory, mutable>, !ttg.memdesc<1x128x1xf32, #tmem1, #ttng.tensor_memory, mutable>, !ttg.memdesc<1x128x1xf32, #tmem1, #ttng.tensor_memory, mutable>, !ttg.memdesc<1x128x128xf32, #tmem, #ttng.tensor_memory, mutable>, !ttg.memdesc<1x128x128xf16, #tmem, #ttng.tensor_memory, mutable>]> -> !ttg.async.token
        %213:5 = nvws.semaphore.buffer %42, %212 {loop.cluster = 4 : i32, loop.stage = 0 : i32, ttg.partition = array<i32: 0>} : <[!ttg.memdesc<1x128x1xf32, #tmem1, #ttng.tensor_memory, mutable>, !ttg.memdesc<1x128x1xf32, #tmem1, #ttng.tensor_memory, mutable>, !ttg.memdesc<1x128x1xf32, #tmem1, #ttng.tensor_memory, mutable>, !ttg.memdesc<1x128x128xf32, #tmem, #ttng.tensor_memory, mutable>, !ttg.memdesc<1x128x128xf16, #tmem, #ttng.tensor_memory, mutable>]>, !ttg.async.token -> !ttg.memdesc<128x1xf32, #tmem1, #ttng.tensor_memory, mutable, 1x128x1>, !ttg.memdesc<128x1xf32, #tmem1, #ttng.tensor_memory, mutable, 1x128x1>, !ttg.memdesc<128x1xf32, #tmem1, #ttng.tensor_memory, mutable, 1x128x1>, !ttg.memdesc<128x128xf32, #tmem, #ttng.tensor_memory, mutable, 1x128x128>, !ttg.memdesc<128x128xf16, #tmem, #ttng.tensor_memory, mutable, 1x128x128>
        %result_32, %token_33 = ttng.tmem_load %213#0[] {loop.cluster = 4 : i32, loop.stage = 0 : i32, ttg.partition = array<i32: 0>} : !ttg.memdesc<128x1xf32, #tmem1, #ttng.tensor_memory, mutable, 1x128x1> -> tensor<128x1xf32, #linear5>
        nvws.semaphore.release %44, %212 [#nvws.async_op<none>] {loop.cluster = 4 : i32, loop.stage = 0 : i32, ttg.partition = array<i32: 0>} : <[!ttg.memdesc<1x128x1xf32, #tmem1, #ttng.tensor_memory, mutable>, !ttg.memdesc<1x128x1xf32, #tmem1, #ttng.tensor_memory, mutable>, !ttg.memdesc<1x128x1xf32, #tmem1, #ttng.tensor_memory, mutable>, !ttg.memdesc<1x128x128xf32, #tmem, #ttng.tensor_memory, mutable>, !ttg.memdesc<1x128x128xf16, #tmem, #ttng.tensor_memory, mutable>]>, !ttg.async.token
        %214 = tt.reshape %result_32 {loop.cluster = 4 : i32, loop.stage = 0 : i32, ttg.partition = array<i32: 0>} : tensor<128x1xf32, #linear5> -> tensor<128xf32, #linear6>
        %215 = ttg.convert_layout %214 {loop.cluster = 4 : i32, loop.stage = 0 : i32, ttg.partition = array<i32: 0>} : tensor<128xf32, #linear6> -> tensor<128xf32, #ttg.slice<{dim = 1, parent = #linear}>>
        %216 = tt.expand_dims %215 {axis = 1 : i32, loop.cluster = 4 : i32, loop.stage = 0 : i32, ttg.partition = array<i32: 0>} : tensor<128xf32, #ttg.slice<{dim = 1, parent = #linear}>> -> tensor<128x1xf32, #linear>
        %217 = nvws.semaphore.acquire %57 {loop.cluster = 2 : i32, loop.stage = 1 : i32, ttg.partition = array<i32: 0>} : <[!ttg.memdesc<1x128x1xf32, #tmem1, #ttng.tensor_memory, mutable>, !ttg.memdesc<1x128x1xf32, #tmem1, #ttng.tensor_memory, mutable>, !ttg.memdesc<1x128x1xf32, #tmem1, #ttng.tensor_memory, mutable>, !ttg.memdesc<1x128x128xf32, #tmem, #ttng.tensor_memory, mutable>, !ttg.memdesc<1x128x128xf16, #tmem, #ttng.tensor_memory, mutable>]> -> !ttg.async.token
        %218:5 = nvws.semaphore.buffer %57, %217 {loop.cluster = 2 : i32, loop.stage = 1 : i32, ttg.partition = array<i32: 0>} : <[!ttg.memdesc<1x128x1xf32, #tmem1, #ttng.tensor_memory, mutable>, !ttg.memdesc<1x128x1xf32, #tmem1, #ttng.tensor_memory, mutable>, !ttg.memdesc<1x128x1xf32, #tmem1, #ttng.tensor_memory, mutable>, !ttg.memdesc<1x128x128xf32, #tmem, #ttng.tensor_memory, mutable>, !ttg.memdesc<1x128x128xf16, #tmem, #ttng.tensor_memory, mutable>]>, !ttg.async.token -> !ttg.memdesc<128x1xf32, #tmem1, #ttng.tensor_memory, mutable, 1x128x1>, !ttg.memdesc<128x1xf32, #tmem1, #ttng.tensor_memory, mutable, 1x128x1>, !ttg.memdesc<128x1xf32, #tmem1, #ttng.tensor_memory, mutable, 1x128x1>, !ttg.memdesc<128x128xf32, #tmem, #ttng.tensor_memory, mutable, 1x128x128>, !ttg.memdesc<128x128xf16, #tmem, #ttng.tensor_memory, mutable, 1x128x128>
        %result_34, %token_35 = ttng.tmem_load %218#0[] {loop.cluster = 2 : i32, loop.stage = 1 : i32, ttg.partition = array<i32: 0>} : !ttg.memdesc<128x1xf32, #tmem1, #ttng.tensor_memory, mutable, 1x128x1> -> tensor<128x1xf32, #linear5>
        nvws.semaphore.release %59, %217 [#nvws.async_op<none>] {loop.cluster = 2 : i32, loop.stage = 1 : i32, ttg.partition = array<i32: 0>} : <[!ttg.memdesc<1x128x1xf32, #tmem1, #ttng.tensor_memory, mutable>, !ttg.memdesc<1x128x1xf32, #tmem1, #ttng.tensor_memory, mutable>, !ttg.memdesc<1x128x1xf32, #tmem1, #ttng.tensor_memory, mutable>, !ttg.memdesc<1x128x128xf32, #tmem, #ttng.tensor_memory, mutable>, !ttg.memdesc<1x128x128xf16, #tmem, #ttng.tensor_memory, mutable>]>, !ttg.async.token
        %219 = tt.reshape %result_34 {loop.cluster = 2 : i32, loop.stage = 1 : i32, ttg.partition = array<i32: 0>} : tensor<128x1xf32, #linear5> -> tensor<128xf32, #linear6>
        %220 = ttg.convert_layout %219 {loop.cluster = 2 : i32, loop.stage = 1 : i32, ttg.partition = array<i32: 0>} : tensor<128xf32, #linear6> -> tensor<128xf32, #ttg.slice<{dim = 1, parent = #linear}>>
        %221 = tt.expand_dims %220 {axis = 1 : i32, loop.cluster = 2 : i32, loop.stage = 1 : i32, ttg.partition = array<i32: 0>} : tensor<128xf32, #ttg.slice<{dim = 1, parent = #linear}>> -> tensor<128x1xf32, #linear>
        %222 = ttg.convert_layout %216 {loop.cluster = 4 : i32, loop.stage = 0 : i32, ttg.partition = array<i32: 0>} : tensor<128x1xf32, #linear> -> tensor<128x1xf32, #linear4>
        %223 = ttg.convert_layout %221 {loop.cluster = 2 : i32, loop.stage = 1 : i32, ttg.partition = array<i32: 0>} : tensor<128x1xf32, #linear> -> tensor<128x1xf32, #linear4>
        %224 = tt.broadcast %222 {loop.cluster = 4 : i32, loop.stage = 0 : i32, ttg.partition = array<i32: 0>} : tensor<128x1xf32, #linear4> -> tensor<128x64xf32, #linear4>
        %225 = tt.broadcast %223 {loop.cluster = 2 : i32, loop.stage = 1 : i32, ttg.partition = array<i32: 0>} : tensor<128x1xf32, #linear4> -> tensor<128x64xf32, #linear4>
        %226 = tt.elementwise_inline_asm "\0A        {\0A            .reg .b64 ra, rb, rc;\0A            mov.b64 ra, { $2, $3 };\0A            mov.b64 rb, { $4, $5 };\0A            mul.f32x2 rc, ra, rb;\0A            mov.b64 { $0, $1 }, rc;\0A        }\0A        " {constraints = "=r,=r,r,r,r,r", loop.cluster = 4 : i32, loop.stage = 0 : i32, packed_element = 2 : i32, pure = true, ttg.partition = array<i32: 0>} %outLHS, %224 : tensor<128x64xf32, #linear4>, tensor<128x64xf32, #linear4> -> tensor<128x64xf32, #linear4>
        %227 = tt.elementwise_inline_asm "\0A        {\0A            .reg .b64 ra, rb, rc;\0A            mov.b64 ra, { $2, $3 };\0A            mov.b64 rb, { $4, $5 };\0A            mul.f32x2 rc, ra, rb;\0A            mov.b64 { $0, $1 }, rc;\0A        }\0A        " {constraints = "=r,=r,r,r,r,r", loop.cluster = 2 : i32, loop.stage = 1 : i32, packed_element = 2 : i32, pure = true, ttg.partition = array<i32: 0>} %outLHS_30, %225 : tensor<128x64xf32, #linear4>, tensor<128x64xf32, #linear4> -> tensor<128x64xf32, #linear4>
        %228 = tt.elementwise_inline_asm "\0A        {\0A            .reg .b64 ra, rb, rc;\0A            mov.b64 ra, { $2, $3 };\0A            mov.b64 rb, { $4, $5 };\0A            mul.f32x2 rc, ra, rb;\0A            mov.b64 { $0, $1 }, rc;\0A        }\0A        " {constraints = "=r,=r,r,r,r,r", loop.cluster = 4 : i32, loop.stage = 0 : i32, packed_element = 2 : i32, pure = true, ttg.partition = array<i32: 0>} %outRHS, %224 : tensor<128x64xf32, #linear4>, tensor<128x64xf32, #linear4> -> tensor<128x64xf32, #linear4>
        %229 = tt.elementwise_inline_asm "\0A        {\0A            .reg .b64 ra, rb, rc;\0A            mov.b64 ra, { $2, $3 };\0A            mov.b64 rb, { $4, $5 };\0A            mul.f32x2 rc, ra, rb;\0A            mov.b64 { $0, $1 }, rc;\0A        }\0A        " {constraints = "=r,=r,r,r,r,r", loop.cluster = 2 : i32, loop.stage = 1 : i32, packed_element = 2 : i32, pure = true, ttg.partition = array<i32: 0>} %outRHS_31, %225 : tensor<128x64xf32, #linear4>, tensor<128x64xf32, #linear4> -> tensor<128x64xf32, #linear4>
        %230 = tt.join %226, %228 {loop.cluster = 4 : i32, loop.stage = 0 : i32, ttg.partition = array<i32: 0>} : tensor<128x64xf32, #linear4> -> tensor<128x64x2xf32, #linear3>
        %231 = tt.join %227, %229 {loop.cluster = 2 : i32, loop.stage = 1 : i32, ttg.partition = array<i32: 0>} : tensor<128x64xf32, #linear4> -> tensor<128x64x2xf32, #linear3>
        %232 = tt.trans %230 {loop.cluster = 4 : i32, loop.stage = 0 : i32, order = array<i32: 0, 2, 1>, ttg.partition = array<i32: 0>} : tensor<128x64x2xf32, #linear3> -> tensor<128x2x64xf32, #linear2>
        %233 = tt.trans %231 {loop.cluster = 2 : i32, loop.stage = 1 : i32, order = array<i32: 0, 2, 1>, ttg.partition = array<i32: 0>} : tensor<128x64x2xf32, #linear3> -> tensor<128x2x64xf32, #linear2>
        %234 = tt.reshape %232 {loop.cluster = 4 : i32, loop.stage = 0 : i32, ttg.partition = array<i32: 0>} : tensor<128x2x64xf32, #linear2> -> tensor<128x128xf32, #linear>
        %235 = tt.reshape %233 {loop.cluster = 2 : i32, loop.stage = 1 : i32, ttg.partition = array<i32: 0>} : tensor<128x2x64xf32, #linear2> -> tensor<128x128xf32, #linear>
        %236 = arith.truncf %196 {loop.cluster = 4 : i32, loop.stage = 0 : i32, ttg.partition = array<i32: 5>} : tensor<128x128xf32, #linear> to tensor<128x128xf16, #linear>
        %237 = arith.truncf %197 {loop.cluster = 2 : i32, loop.stage = 1 : i32, ttg.partition = array<i32: 4>} : tensor<128x128xf32, #linear> to tensor<128x128xf16, #linear>
        %238:5 = nvws.semaphore.buffer %41, %176 {loop.cluster = 4 : i32, loop.stage = 0 : i32, ttg.partition = array<i32: 5>} : <[!ttg.memdesc<1x128x1xf32, #tmem1, #ttng.tensor_memory, mutable>, !ttg.memdesc<1x128x1xf32, #tmem1, #ttng.tensor_memory, mutable>, !ttg.memdesc<1x128x1xf32, #tmem1, #ttng.tensor_memory, mutable>, !ttg.memdesc<1x128x128xf32, #tmem, #ttng.tensor_memory, mutable>, !ttg.memdesc<1x128x128xf16, #tmem, #ttng.tensor_memory, mutable>]>, !ttg.async.token -> !ttg.memdesc<128x1xf32, #tmem1, #ttng.tensor_memory, mutable, 1x128x1>, !ttg.memdesc<128x1xf32, #tmem1, #ttng.tensor_memory, mutable, 1x128x1>, !ttg.memdesc<128x1xf32, #tmem1, #ttng.tensor_memory, mutable, 1x128x1>, !ttg.memdesc<128x128xf32, #tmem, #ttng.tensor_memory, mutable, 1x128x128>, !ttg.memdesc<128x128xf16, #tmem, #ttng.tensor_memory, mutable, 1x128x128>
        ttng.tmem_store %236, %238#4, %true_24 {loop.cluster = 4 : i32, loop.stage = 0 : i32, ttg.partition = array<i32: 5>} : tensor<128x128xf16, #linear> -> !ttg.memdesc<128x128xf16, #tmem, #ttng.tensor_memory, mutable, 1x128x128>
        nvws.semaphore.release %43, %176 [#nvws.async_op<none>] {loop.cluster = 4 : i32, loop.stage = 0 : i32, ttg.partition = array<i32: 5>} : <[!ttg.memdesc<1x128x1xf32, #tmem1, #ttng.tensor_memory, mutable>, !ttg.memdesc<1x128x1xf32, #tmem1, #ttng.tensor_memory, mutable>, !ttg.memdesc<1x128x1xf32, #tmem1, #ttng.tensor_memory, mutable>, !ttg.memdesc<1x128x128xf32, #tmem, #ttng.tensor_memory, mutable>, !ttg.memdesc<1x128x128xf16, #tmem, #ttng.tensor_memory, mutable>]>, !ttg.async.token
        %239:5 = nvws.semaphore.buffer %56, %179 {loop.cluster = 2 : i32, loop.stage = 1 : i32, ttg.partition = array<i32: 4>} : <[!ttg.memdesc<1x128x1xf32, #tmem1, #ttng.tensor_memory, mutable>, !ttg.memdesc<1x128x1xf32, #tmem1, #ttng.tensor_memory, mutable>, !ttg.memdesc<1x128x1xf32, #tmem1, #ttng.tensor_memory, mutable>, !ttg.memdesc<1x128x128xf32, #tmem, #ttng.tensor_memory, mutable>, !ttg.memdesc<1x128x128xf16, #tmem, #ttng.tensor_memory, mutable>]>, !ttg.async.token -> !ttg.memdesc<128x1xf32, #tmem1, #ttng.tensor_memory, mutable, 1x128x1>, !ttg.memdesc<128x1xf32, #tmem1, #ttng.tensor_memory, mutable, 1x128x1>, !ttg.memdesc<128x1xf32, #tmem1, #ttng.tensor_memory, mutable, 1x128x1>, !ttg.memdesc<128x128xf32, #tmem, #ttng.tensor_memory, mutable, 1x128x128>, !ttg.memdesc<128x128xf16, #tmem, #ttng.tensor_memory, mutable, 1x128x128>
        ttng.tmem_store %237, %239#4, %true_25 {loop.cluster = 2 : i32, loop.stage = 1 : i32, ttg.partition = array<i32: 4>} : tensor<128x128xf16, #linear> -> !ttg.memdesc<128x128xf16, #tmem, #ttng.tensor_memory, mutable, 1x128x128>
        nvws.semaphore.release %58, %179 [#nvws.async_op<none>] {loop.cluster = 2 : i32, loop.stage = 1 : i32, ttg.partition = array<i32: 4>} : <[!ttg.memdesc<1x128x1xf32, #tmem1, #ttng.tensor_memory, mutable>, !ttg.memdesc<1x128x1xf32, #tmem1, #ttng.tensor_memory, mutable>, !ttg.memdesc<1x128x1xf32, #tmem1, #ttng.tensor_memory, mutable>, !ttg.memdesc<1x128x128xf32, #tmem, #ttng.tensor_memory, mutable>, !ttg.memdesc<1x128x128xf16, #tmem, #ttng.tensor_memory, mutable>]>, !ttg.async.token
        %240 = ttng.tmem_store %234, %206[], %true {loop.cluster = 4 : i32, loop.stage = 0 : i32, tmem.start = array<i32: 9>, ttg.partition = array<i32: 0>} : tensor<128x128xf32, #linear> -> !ttg.memdesc<128x128xf32, #tmem, #ttng.tensor_memory, mutable, 1x128x128>
        nvws.semaphore.release %69, %arg28 [#nvws.async_op<none>] {loop.cluster = 4 : i32, loop.stage = 0 : i32, ttg.partition = array<i32: 0>} : <[!ttg.memdesc<1x128x128xf32, #tmem, #ttng.tensor_memory, mutable>]>, !ttg.async.token
        %241 = ttng.tmem_store %235, %207[], %true {loop.cluster = 2 : i32, loop.stage = 1 : i32, tmem.start = array<i32: 12>, ttg.partition = array<i32: 0>} : tensor<128x128xf32, #linear> -> !ttg.memdesc<128x128xf32, #tmem, #ttng.tensor_memory, mutable, 1x128x128>
        nvws.semaphore.release %71, %arg29 [#nvws.async_op<none>] {loop.cluster = 2 : i32, loop.stage = 1 : i32, ttg.partition = array<i32: 0>} : <[!ttg.memdesc<1x128x128xf32, #tmem, #ttng.tensor_memory, mutable>]>, !ttg.async.token
        %242 = nvws.semaphore.acquire %43 {loop.cluster = 4 : i32, loop.stage = 0 : i32, ttg.partition = array<i32: 1>} : <[!ttg.memdesc<1x128x1xf32, #tmem1, #ttng.tensor_memory, mutable>, !ttg.memdesc<1x128x1xf32, #tmem1, #ttng.tensor_memory, mutable>, !ttg.memdesc<1x128x1xf32, #tmem1, #ttng.tensor_memory, mutable>, !ttg.memdesc<1x128x128xf32, #tmem, #ttng.tensor_memory, mutable>, !ttg.memdesc<1x128x128xf16, #tmem, #ttng.tensor_memory, mutable>]> -> !ttg.async.token
        %243:5 = nvws.semaphore.buffer %43, %242 {loop.cluster = 4 : i32, loop.stage = 0 : i32, ttg.partition = array<i32: 1>} : <[!ttg.memdesc<1x128x1xf32, #tmem1, #ttng.tensor_memory, mutable>, !ttg.memdesc<1x128x1xf32, #tmem1, #ttng.tensor_memory, mutable>, !ttg.memdesc<1x128x1xf32, #tmem1, #ttng.tensor_memory, mutable>, !ttg.memdesc<1x128x128xf32, #tmem, #ttng.tensor_memory, mutable>, !ttg.memdesc<1x128x128xf16, #tmem, #ttng.tensor_memory, mutable>]>, !ttg.async.token -> !ttg.memdesc<128x1xf32, #tmem1, #ttng.tensor_memory, mutable, 1x128x1>, !ttg.memdesc<128x1xf32, #tmem1, #ttng.tensor_memory, mutable, 1x128x1>, !ttg.memdesc<128x1xf32, #tmem1, #ttng.tensor_memory, mutable, 1x128x1>, !ttg.memdesc<128x128xf32, #tmem, #ttng.tensor_memory, mutable, 1x128x128>, !ttg.memdesc<128x128xf16, #tmem, #ttng.tensor_memory, mutable, 1x128x128>
        %244 = nvws.semaphore.acquire %69 {loop.cluster = 4 : i32, loop.stage = 0 : i32, ttg.partition = array<i32: 1>} : <[!ttg.memdesc<1x128x128xf32, #tmem, #ttng.tensor_memory, mutable>]> -> !ttg.async.token
        %245 = nvws.semaphore.buffer %69, %244 {loop.cluster = 4 : i32, loop.stage = 0 : i32, ttg.partition = array<i32: 1>} : <[!ttg.memdesc<1x128x128xf32, #tmem, #ttng.tensor_memory, mutable>]>, !ttg.async.token -> !ttg.memdesc<128x128xf32, #tmem, #ttng.tensor_memory, mutable, 1x128x128>
        %246 = nvws.semaphore.acquire %31 {loop.cluster = 4 : i32, loop.stage = 0 : i32, ttg.partition = array<i32: 1>} : <[!ttg.memdesc<1x128x128xf16, #shared, #smem, mutable>]> -> !ttg.async.token
        %247 = nvws.semaphore.buffer %31, %246 {loop.cluster = 4 : i32, loop.stage = 0 : i32, ttg.partition = array<i32: 1>} : <[!ttg.memdesc<1x128x128xf16, #shared, #smem, mutable>]>, !ttg.async.token -> !ttg.memdesc<128x128xf16, #shared, #smem, mutable>
        %248 = ttng.tc_gen5_mma %243#4, %247, %245[], %true, %true {loop.cluster = 4 : i32, loop.stage = 0 : i32, tmem.end = array<i32: 9>, tmem.start = array<i32: 8, 10>, tt.self_latency = 1 : i32, ttg.partition = array<i32: 1>} : !ttg.memdesc<128x128xf16, #tmem, #ttng.tensor_memory, mutable, 1x128x128>, !ttg.memdesc<128x128xf16, #shared, #smem, mutable>, !ttg.memdesc<128x128xf32, #tmem, #ttng.tensor_memory, mutable, 1x128x128>
        nvws.semaphore.release %68, %244 [#nvws.async_op<tc5mma>] {loop.cluster = 4 : i32, loop.stage = 0 : i32, ttg.partition = array<i32: 1>} : <[!ttg.memdesc<1x128x128xf32, #tmem, #ttng.tensor_memory, mutable>]>, !ttg.async.token
        %249 = nvws.semaphore.acquire %58 {loop.cluster = 2 : i32, loop.stage = 1 : i32, ttg.partition = array<i32: 1>} : <[!ttg.memdesc<1x128x1xf32, #tmem1, #ttng.tensor_memory, mutable>, !ttg.memdesc<1x128x1xf32, #tmem1, #ttng.tensor_memory, mutable>, !ttg.memdesc<1x128x1xf32, #tmem1, #ttng.tensor_memory, mutable>, !ttg.memdesc<1x128x128xf32, #tmem, #ttng.tensor_memory, mutable>, !ttg.memdesc<1x128x128xf16, #tmem, #ttng.tensor_memory, mutable>]> -> !ttg.async.token
        %250:5 = nvws.semaphore.buffer %58, %249 {loop.cluster = 2 : i32, loop.stage = 1 : i32, ttg.partition = array<i32: 1>} : <[!ttg.memdesc<1x128x1xf32, #tmem1, #ttng.tensor_memory, mutable>, !ttg.memdesc<1x128x1xf32, #tmem1, #ttng.tensor_memory, mutable>, !ttg.memdesc<1x128x1xf32, #tmem1, #ttng.tensor_memory, mutable>, !ttg.memdesc<1x128x128xf32, #tmem, #ttng.tensor_memory, mutable>, !ttg.memdesc<1x128x128xf16, #tmem, #ttng.tensor_memory, mutable>]>, !ttg.async.token -> !ttg.memdesc<128x1xf32, #tmem1, #ttng.tensor_memory, mutable, 1x128x1>, !ttg.memdesc<128x1xf32, #tmem1, #ttng.tensor_memory, mutable, 1x128x1>, !ttg.memdesc<128x1xf32, #tmem1, #ttng.tensor_memory, mutable, 1x128x1>, !ttg.memdesc<128x128xf32, #tmem, #ttng.tensor_memory, mutable, 1x128x128>, !ttg.memdesc<128x128xf16, #tmem, #ttng.tensor_memory, mutable, 1x128x128>
        %251 = nvws.semaphore.acquire %71 {loop.cluster = 2 : i32, loop.stage = 1 : i32, ttg.partition = array<i32: 1>} : <[!ttg.memdesc<1x128x128xf32, #tmem, #ttng.tensor_memory, mutable>]> -> !ttg.async.token
        %252 = nvws.semaphore.buffer %71, %251 {loop.cluster = 2 : i32, loop.stage = 1 : i32, ttg.partition = array<i32: 1>} : <[!ttg.memdesc<1x128x128xf32, #tmem, #ttng.tensor_memory, mutable>]>, !ttg.async.token -> !ttg.memdesc<128x128xf32, #tmem, #ttng.tensor_memory, mutable, 1x128x128>
        %253 = ttng.tc_gen5_mma %250#4, %247, %252[], %true, %true {loop.cluster = 2 : i32, loop.stage = 1 : i32, tmem.end = array<i32: 12>, tmem.start = array<i32: 11, 13>, tt.self_latency = 1 : i32, ttg.partition = array<i32: 1>} : !ttg.memdesc<128x128xf16, #tmem, #ttng.tensor_memory, mutable, 1x128x128>, !ttg.memdesc<128x128xf16, #shared, #smem, mutable>, !ttg.memdesc<128x128xf32, #tmem, #ttng.tensor_memory, mutable, 1x128x128>
        nvws.semaphore.release %30, %246 [#nvws.async_op<tc5mma>] {loop.cluster = 2 : i32, loop.stage = 1 : i32, ttg.partition = array<i32: 1>} : <[!ttg.memdesc<1x128x128xf16, #shared, #smem, mutable>]>, !ttg.async.token
        nvws.semaphore.release %70, %251 [#nvws.async_op<tc5mma>] {loop.cluster = 2 : i32, loop.stage = 1 : i32, ttg.partition = array<i32: 1>} : <[!ttg.memdesc<1x128x128xf32, #tmem, #ttng.tensor_memory, mutable>]>, !ttg.async.token
        %254 = arith.mulf %arg22, %200 {loop.cluster = 1 : i32, loop.stage = 1 : i32, ttg.partition = array<i32: 5>} : tensor<128xf32, #ttg.slice<{dim = 1, parent = #linear}>>
        %255 = arith.mulf %arg24, %202 {loop.cluster = 2 : i32, loop.stage = 1 : i32, ttg.partition = array<i32: 4>} : tensor<128xf32, #ttg.slice<{dim = 1, parent = #linear}>>
        %256 = arith.addf %254, %204 {loop.cluster = 1 : i32, loop.stage = 1 : i32, ttg.partition = array<i32: 5>} : tensor<128xf32, #ttg.slice<{dim = 1, parent = #linear}>>
        %257 = arith.addf %255, %205 {loop.cluster = 2 : i32, loop.stage = 1 : i32, ttg.partition = array<i32: 4>} : tensor<128xf32, #ttg.slice<{dim = 1, parent = #linear}>>
        %258 = arith.addi %arg21, %c128_i32 {loop.cluster = 0 : i32, loop.stage = 1 : i32, ttg.partition = array<i32: 3>} : i32
        %259 = nvws.semaphore.acquire %44 {loop.cluster = 4 : i32, loop.stage = 0 : i32, ttg.partition = array<i32: 1>} : <[!ttg.memdesc<1x128x1xf32, #tmem1, #ttng.tensor_memory, mutable>, !ttg.memdesc<1x128x1xf32, #tmem1, #ttng.tensor_memory, mutable>, !ttg.memdesc<1x128x1xf32, #tmem1, #ttng.tensor_memory, mutable>, !ttg.memdesc<1x128x128xf32, #tmem, #ttng.tensor_memory, mutable>, !ttg.memdesc<1x128x128xf16, #tmem, #ttng.tensor_memory, mutable>]> -> !ttg.async.token
        %260 = nvws.semaphore.acquire %59 {loop.cluster = 2 : i32, loop.stage = 1 : i32, ttg.partition = array<i32: 1>} : <[!ttg.memdesc<1x128x1xf32, #tmem1, #ttng.tensor_memory, mutable>, !ttg.memdesc<1x128x1xf32, #tmem1, #ttng.tensor_memory, mutable>, !ttg.memdesc<1x128x1xf32, #tmem1, #ttng.tensor_memory, mutable>, !ttg.memdesc<1x128x128xf32, #tmem, #ttng.tensor_memory, mutable>, !ttg.memdesc<1x128x128xf16, #tmem, #ttng.tensor_memory, mutable>]> -> !ttg.async.token
        %261 = nvws.semaphore.acquire %68 {loop.cluster = 4 : i32, loop.stage = 0 : i32, ttg.partition = array<i32: 0>} : <[!ttg.memdesc<1x128x128xf32, #tmem, #ttng.tensor_memory, mutable>]> -> !ttg.async.token
        %262 = nvws.semaphore.acquire %70 {loop.cluster = 2 : i32, loop.stage = 1 : i32, ttg.partition = array<i32: 0>} : <[!ttg.memdesc<1x128x128xf32, #tmem, #ttng.tensor_memory, mutable>]> -> !ttg.async.token
        %263 = nvws.semaphore.acquire %27 {loop.cluster = 1 : i32, loop.stage = 0 : i32, ttg.partition = array<i32: 3>} : <[!ttg.memdesc<1x128x128xf16, #shared, #smem, mutable>]> -> !ttg.async.token
        %264 = nvws.semaphore.acquire %30 {loop.cluster = 4 : i32, loop.stage = 0 : i32, ttg.partition = array<i32: 3>} : <[!ttg.memdesc<1x128x128xf16, #shared, #smem, mutable>]> -> !ttg.async.token
        scf.yield {ttg.partition = array<i32: 0, 1, 3, 4, 5>} %258, %256, %186, %257, %187, %259, %260, %261, %262, %263, %264 : i32, tensor<128xf32, #ttg.slice<{dim = 1, parent = #linear}>>, tensor<128xf32, #ttg.slice<{dim = 1, parent = #linear}>>, tensor<128xf32, #ttg.slice<{dim = 1, parent = #linear}>>, tensor<128xf32, #ttg.slice<{dim = 1, parent = #linear}>>, !ttg.async.token, !ttg.async.token, !ttg.async.token, !ttg.async.token, !ttg.async.token, !ttg.async.token
      } {tt.data_partition_factor = 2 : i32, tt.merge_epilogue = true, tt.scheduled_max_stage = 1 : i32, tt.separate_epilogue_store = true, ttg.partition = array<i32: 0, 1, 3, 4, 5>, ttg.partition.outputs = [array<i32: 3>, array<i32: 5>, array<i32: 5>, array<i32: 4>, array<i32: 4>, array<i32: 1>, array<i32: 1>, array<i32: 0>, array<i32: 0>, array<i32: 3>, array<i32: 3>]}
      nvws.semaphore.release %24, %102 [#nvws.async_op<tc5mma>] {loop.cluster = 3 : i32, loop.stage = 0 : i32, ttg.partition = array<i32: 1>} : <[!ttg.memdesc<1x128x128xf16, #shared, #smem, mutable>]>, !ttg.async.token
      nvws.semaphore.release %21, %101 [#nvws.async_op<tc5mma>] {loop.cluster = 1 : i32, loop.stage = 0 : i32, ttg.partition = array<i32: 1>} : <[!ttg.memdesc<1x128x128xf16, #shared, #smem, mutable>]>, !ttg.async.token
      nvws.semaphore.release %60, %103#6 [#nvws.async_op<tc5mma>] {loop.cluster = 2 : i32, loop.stage = 1 : i32, ttg.partition = array<i32: 1>} : <[!ttg.memdesc<1x128x1xf32, #tmem1, #ttng.tensor_memory, mutable>, !ttg.memdesc<1x128x1xf32, #tmem1, #ttng.tensor_memory, mutable>, !ttg.memdesc<1x128x1xf32, #tmem1, #ttng.tensor_memory, mutable>, !ttg.memdesc<1x128x128xf32, #tmem, #ttng.tensor_memory, mutable>, !ttg.memdesc<1x128x128xf16, #tmem, #ttng.tensor_memory, mutable>]>, !ttg.async.token
      nvws.semaphore.release %45, %103#5 [#nvws.async_op<tc5mma>] {loop.cluster = 4 : i32, loop.stage = 0 : i32, ttg.partition = array<i32: 1>} : <[!ttg.memdesc<1x128x1xf32, #tmem1, #ttng.tensor_memory, mutable>, !ttg.memdesc<1x128x1xf32, #tmem1, #ttng.tensor_memory, mutable>, !ttg.memdesc<1x128x1xf32, #tmem1, #ttng.tensor_memory, mutable>, !ttg.memdesc<1x128x128xf32, #tmem, #ttng.tensor_memory, mutable>, !ttg.memdesc<1x128x128xf16, #tmem, #ttng.tensor_memory, mutable>]>, !ttg.async.token
      %104 = tt.expand_dims %103#4 {axis = 1 : i32, ttg.partition = array<i32: 4>} : tensor<128xf32, #ttg.slice<{dim = 1, parent = #linear}>> -> tensor<128x1xf32, #linear>
      %true_7 = arith.constant {ttg.partition = array<i32: 4>} true
      %105 = nvws.semaphore.acquire %60 {ttg.partition = array<i32: 4>} : <[!ttg.memdesc<1x128x1xf32, #tmem1, #ttng.tensor_memory, mutable>, !ttg.memdesc<1x128x1xf32, #tmem1, #ttng.tensor_memory, mutable>, !ttg.memdesc<1x128x1xf32, #tmem1, #ttng.tensor_memory, mutable>, !ttg.memdesc<1x128x128xf32, #tmem, #ttng.tensor_memory, mutable>, !ttg.memdesc<1x128x128xf16, #tmem, #ttng.tensor_memory, mutable>]> -> !ttg.async.token
      %106:5 = nvws.semaphore.buffer %60, %105 {ttg.partition = array<i32: 4>} : <[!ttg.memdesc<1x128x1xf32, #tmem1, #ttng.tensor_memory, mutable>, !ttg.memdesc<1x128x1xf32, #tmem1, #ttng.tensor_memory, mutable>, !ttg.memdesc<1x128x1xf32, #tmem1, #ttng.tensor_memory, mutable>, !ttg.memdesc<1x128x128xf32, #tmem, #ttng.tensor_memory, mutable>, !ttg.memdesc<1x128x128xf16, #tmem, #ttng.tensor_memory, mutable>]>, !ttg.async.token -> !ttg.memdesc<128x1xf32, #tmem1, #ttng.tensor_memory, mutable, 1x128x1>, !ttg.memdesc<128x1xf32, #tmem1, #ttng.tensor_memory, mutable, 1x128x1>, !ttg.memdesc<128x1xf32, #tmem1, #ttng.tensor_memory, mutable, 1x128x1>, !ttg.memdesc<128x128xf32, #tmem, #ttng.tensor_memory, mutable, 1x128x128>, !ttg.memdesc<128x128xf16, #tmem, #ttng.tensor_memory, mutable, 1x128x128>
      ttng.tmem_store %104, %106#2, %true_7 {ttg.partition = array<i32: 4>} : tensor<128x1xf32, #linear> -> !ttg.memdesc<128x1xf32, #tmem1, #ttng.tensor_memory, mutable, 1x128x1>
      %107 = tt.expand_dims %103#3 {axis = 1 : i32, ttg.partition = array<i32: 4>} : tensor<128xf32, #ttg.slice<{dim = 1, parent = #linear}>> -> tensor<128x1xf32, #linear>
      ttng.tmem_store %107, %106#1, %true_7 {ttg.partition = array<i32: 4>} : tensor<128x1xf32, #linear> -> !ttg.memdesc<128x1xf32, #tmem1, #ttng.tensor_memory, mutable, 1x128x1>
      nvws.semaphore.release %61, %105 [#nvws.async_op<none>] {ttg.partition = array<i32: 4>} : <[!ttg.memdesc<1x128x1xf32, #tmem1, #ttng.tensor_memory, mutable>, !ttg.memdesc<1x128x1xf32, #tmem1, #ttng.tensor_memory, mutable>, !ttg.memdesc<1x128x1xf32, #tmem1, #ttng.tensor_memory, mutable>, !ttg.memdesc<1x128x128xf32, #tmem, #ttng.tensor_memory, mutable>, !ttg.memdesc<1x128x128xf16, #tmem, #ttng.tensor_memory, mutable>]>, !ttg.async.token
      nvws.semaphore.release %55, %105 [#nvws.async_op<none>] {ttg.partition = array<i32: 4>} : <[!ttg.memdesc<1x128x1xf32, #tmem1, #ttng.tensor_memory, mutable>, !ttg.memdesc<1x128x1xf32, #tmem1, #ttng.tensor_memory, mutable>, !ttg.memdesc<1x128x1xf32, #tmem1, #ttng.tensor_memory, mutable>, !ttg.memdesc<1x128x128xf32, #tmem, #ttng.tensor_memory, mutable>, !ttg.memdesc<1x128x128xf16, #tmem, #ttng.tensor_memory, mutable>]>, !ttg.async.token
      %108 = tt.expand_dims %103#2 {axis = 1 : i32, ttg.partition = array<i32: 5>} : tensor<128xf32, #ttg.slice<{dim = 1, parent = #linear}>> -> tensor<128x1xf32, #linear>
      %true_8 = arith.constant {ttg.partition = array<i32: 5>} true
      %109 = nvws.semaphore.acquire %45 {ttg.partition = array<i32: 5>} : <[!ttg.memdesc<1x128x1xf32, #tmem1, #ttng.tensor_memory, mutable>, !ttg.memdesc<1x128x1xf32, #tmem1, #ttng.tensor_memory, mutable>, !ttg.memdesc<1x128x1xf32, #tmem1, #ttng.tensor_memory, mutable>, !ttg.memdesc<1x128x128xf32, #tmem, #ttng.tensor_memory, mutable>, !ttg.memdesc<1x128x128xf16, #tmem, #ttng.tensor_memory, mutable>]> -> !ttg.async.token
      %110:5 = nvws.semaphore.buffer %45, %109 {ttg.partition = array<i32: 5>} : <[!ttg.memdesc<1x128x1xf32, #tmem1, #ttng.tensor_memory, mutable>, !ttg.memdesc<1x128x1xf32, #tmem1, #ttng.tensor_memory, mutable>, !ttg.memdesc<1x128x1xf32, #tmem1, #ttng.tensor_memory, mutable>, !ttg.memdesc<1x128x128xf32, #tmem, #ttng.tensor_memory, mutable>, !ttg.memdesc<1x128x128xf16, #tmem, #ttng.tensor_memory, mutable>]>, !ttg.async.token -> !ttg.memdesc<128x1xf32, #tmem1, #ttng.tensor_memory, mutable, 1x128x1>, !ttg.memdesc<128x1xf32, #tmem1, #ttng.tensor_memory, mutable, 1x128x1>, !ttg.memdesc<128x1xf32, #tmem1, #ttng.tensor_memory, mutable, 1x128x1>, !ttg.memdesc<128x128xf32, #tmem, #ttng.tensor_memory, mutable, 1x128x128>, !ttg.memdesc<128x128xf16, #tmem, #ttng.tensor_memory, mutable, 1x128x128>
      ttng.tmem_store %108, %110#2, %true_8 {ttg.partition = array<i32: 5>} : tensor<128x1xf32, #linear> -> !ttg.memdesc<128x1xf32, #tmem1, #ttng.tensor_memory, mutable, 1x128x1>
      %111 = tt.expand_dims %103#1 {axis = 1 : i32, ttg.partition = array<i32: 5>} : tensor<128xf32, #ttg.slice<{dim = 1, parent = #linear}>> -> tensor<128x1xf32, #linear>
      ttng.tmem_store %111, %110#1, %true_8 {ttg.partition = array<i32: 5>} : tensor<128x1xf32, #linear> -> !ttg.memdesc<128x1xf32, #tmem1, #ttng.tensor_memory, mutable, 1x128x1>
      nvws.semaphore.release %46, %109 [#nvws.async_op<none>] {ttg.partition = array<i32: 5>} : <[!ttg.memdesc<1x128x1xf32, #tmem1, #ttng.tensor_memory, mutable>, !ttg.memdesc<1x128x1xf32, #tmem1, #ttng.tensor_memory, mutable>, !ttg.memdesc<1x128x1xf32, #tmem1, #ttng.tensor_memory, mutable>, !ttg.memdesc<1x128x128xf32, #tmem, #ttng.tensor_memory, mutable>, !ttg.memdesc<1x128x128xf16, #tmem, #ttng.tensor_memory, mutable>]>, !ttg.async.token
      nvws.semaphore.release %40, %109 [#nvws.async_op<none>] {ttg.partition = array<i32: 5>} : <[!ttg.memdesc<1x128x1xf32, #tmem1, #ttng.tensor_memory, mutable>, !ttg.memdesc<1x128x1xf32, #tmem1, #ttng.tensor_memory, mutable>, !ttg.memdesc<1x128x1xf32, #tmem1, #ttng.tensor_memory, mutable>, !ttg.memdesc<1x128x128xf32, #tmem, #ttng.tensor_memory, mutable>, !ttg.memdesc<1x128x128xf16, #tmem, #ttng.tensor_memory, mutable>]>, !ttg.async.token
      %112 = nvws.semaphore.acquire %46 {ttg.partition = array<i32: 0>} : <[!ttg.memdesc<1x128x1xf32, #tmem1, #ttng.tensor_memory, mutable>, !ttg.memdesc<1x128x1xf32, #tmem1, #ttng.tensor_memory, mutable>, !ttg.memdesc<1x128x1xf32, #tmem1, #ttng.tensor_memory, mutable>, !ttg.memdesc<1x128x128xf32, #tmem, #ttng.tensor_memory, mutable>, !ttg.memdesc<1x128x128xf16, #tmem, #ttng.tensor_memory, mutable>]> -> !ttg.async.token
      %113:5 = nvws.semaphore.buffer %46, %112 {ttg.partition = array<i32: 0>} : <[!ttg.memdesc<1x128x1xf32, #tmem1, #ttng.tensor_memory, mutable>, !ttg.memdesc<1x128x1xf32, #tmem1, #ttng.tensor_memory, mutable>, !ttg.memdesc<1x128x1xf32, #tmem1, #ttng.tensor_memory, mutable>, !ttg.memdesc<1x128x128xf32, #tmem, #ttng.tensor_memory, mutable>, !ttg.memdesc<1x128x128xf16, #tmem, #ttng.tensor_memory, mutable>]>, !ttg.async.token -> !ttg.memdesc<128x1xf32, #tmem1, #ttng.tensor_memory, mutable, 1x128x1>, !ttg.memdesc<128x1xf32, #tmem1, #ttng.tensor_memory, mutable, 1x128x1>, !ttg.memdesc<128x1xf32, #tmem1, #ttng.tensor_memory, mutable, 1x128x1>, !ttg.memdesc<128x128xf32, #tmem, #ttng.tensor_memory, mutable, 1x128x128>, !ttg.memdesc<128x128xf16, #tmem, #ttng.tensor_memory, mutable, 1x128x128>
      %result_9, %token = ttng.tmem_load %113#1[] {ttg.partition = array<i32: 0>} : !ttg.memdesc<128x1xf32, #tmem1, #ttng.tensor_memory, mutable, 1x128x1> -> tensor<128x1xf32, #linear5>
      %114 = tt.reshape %result_9 {ttg.partition = array<i32: 0>} : tensor<128x1xf32, #linear5> -> tensor<128xf32, #linear6>
      %115 = ttg.convert_layout %114 {ttg.partition = array<i32: 0>} : tensor<128xf32, #linear6> -> tensor<128xf32, #ttg.slice<{dim = 1, parent = #linear}>>
      %116 = math.log2 %115 {ttg.partition = array<i32: 0>} : tensor<128xf32, #ttg.slice<{dim = 1, parent = #linear}>>
      %117 = nvws.semaphore.acquire %61 {ttg.partition = array<i32: 0>} : <[!ttg.memdesc<1x128x1xf32, #tmem1, #ttng.tensor_memory, mutable>, !ttg.memdesc<1x128x1xf32, #tmem1, #ttng.tensor_memory, mutable>, !ttg.memdesc<1x128x1xf32, #tmem1, #ttng.tensor_memory, mutable>, !ttg.memdesc<1x128x128xf32, #tmem, #ttng.tensor_memory, mutable>, !ttg.memdesc<1x128x128xf16, #tmem, #ttng.tensor_memory, mutable>]> -> !ttg.async.token
      %118:5 = nvws.semaphore.buffer %61, %117 {ttg.partition = array<i32: 0>} : <[!ttg.memdesc<1x128x1xf32, #tmem1, #ttng.tensor_memory, mutable>, !ttg.memdesc<1x128x1xf32, #tmem1, #ttng.tensor_memory, mutable>, !ttg.memdesc<1x128x1xf32, #tmem1, #ttng.tensor_memory, mutable>, !ttg.memdesc<1x128x128xf32, #tmem, #ttng.tensor_memory, mutable>, !ttg.memdesc<1x128x128xf16, #tmem, #ttng.tensor_memory, mutable>]>, !ttg.async.token -> !ttg.memdesc<128x1xf32, #tmem1, #ttng.tensor_memory, mutable, 1x128x1>, !ttg.memdesc<128x1xf32, #tmem1, #ttng.tensor_memory, mutable, 1x128x1>, !ttg.memdesc<128x1xf32, #tmem1, #ttng.tensor_memory, mutable, 1x128x1>, !ttg.memdesc<128x128xf32, #tmem, #ttng.tensor_memory, mutable, 1x128x128>, !ttg.memdesc<128x128xf16, #tmem, #ttng.tensor_memory, mutable, 1x128x128>
      %result_10, %token_11 = ttng.tmem_load %118#1[] {ttg.partition = array<i32: 0>} : !ttg.memdesc<128x1xf32, #tmem1, #ttng.tensor_memory, mutable, 1x128x1> -> tensor<128x1xf32, #linear5>
      %119 = tt.reshape %result_10 {ttg.partition = array<i32: 0>} : tensor<128x1xf32, #linear5> -> tensor<128xf32, #linear6>
      %120 = ttg.convert_layout %119 {ttg.partition = array<i32: 0>} : tensor<128xf32, #linear6> -> tensor<128xf32, #ttg.slice<{dim = 1, parent = #linear}>>
      %121 = math.log2 %120 {ttg.partition = array<i32: 0>} : tensor<128xf32, #ttg.slice<{dim = 1, parent = #linear}>>
      %result_12, %token_13 = ttng.tmem_load %113#2[] {ttg.partition = array<i32: 0>} : !ttg.memdesc<128x1xf32, #tmem1, #ttng.tensor_memory, mutable, 1x128x1> -> tensor<128x1xf32, #linear5>
      nvws.semaphore.release %40, %112 [#nvws.async_op<none>] {ttg.partition = array<i32: 0>} : <[!ttg.memdesc<1x128x1xf32, #tmem1, #ttng.tensor_memory, mutable>, !ttg.memdesc<1x128x1xf32, #tmem1, #ttng.tensor_memory, mutable>, !ttg.memdesc<1x128x1xf32, #tmem1, #ttng.tensor_memory, mutable>, !ttg.memdesc<1x128x128xf32, #tmem, #ttng.tensor_memory, mutable>, !ttg.memdesc<1x128x128xf16, #tmem, #ttng.tensor_memory, mutable>]>, !ttg.async.token
      %122 = tt.reshape %result_12 {ttg.partition = array<i32: 0>} : tensor<128x1xf32, #linear5> -> tensor<128xf32, #linear6>
      %123 = ttg.convert_layout %122 {ttg.partition = array<i32: 0>} : tensor<128xf32, #linear6> -> tensor<128xf32, #ttg.slice<{dim = 1, parent = #linear}>>
      %124 = arith.addf %123, %116 {ttg.partition = array<i32: 0>} : tensor<128xf32, #ttg.slice<{dim = 1, parent = #linear}>>
      %result_14, %token_15 = ttng.tmem_load %118#2[] {ttg.partition = array<i32: 0>} : !ttg.memdesc<128x1xf32, #tmem1, #ttng.tensor_memory, mutable, 1x128x1> -> tensor<128x1xf32, #linear5>
      nvws.semaphore.release %55, %117 [#nvws.async_op<none>] {ttg.partition = array<i32: 0>} : <[!ttg.memdesc<1x128x1xf32, #tmem1, #ttng.tensor_memory, mutable>, !ttg.memdesc<1x128x1xf32, #tmem1, #ttng.tensor_memory, mutable>, !ttg.memdesc<1x128x1xf32, #tmem1, #ttng.tensor_memory, mutable>, !ttg.memdesc<1x128x128xf32, #tmem, #ttng.tensor_memory, mutable>, !ttg.memdesc<1x128x128xf16, #tmem, #ttng.tensor_memory, mutable>]>, !ttg.async.token
      %125 = tt.reshape %result_14 {ttg.partition = array<i32: 0>} : tensor<128x1xf32, #linear5> -> tensor<128xf32, #linear6>
      %126 = ttg.convert_layout %125 {ttg.partition = array<i32: 0>} : tensor<128xf32, #linear6> -> tensor<128xf32, #ttg.slice<{dim = 1, parent = #linear}>>
      %127 = arith.addf %126, %121 {ttg.partition = array<i32: 0>} : tensor<128xf32, #ttg.slice<{dim = 1, parent = #linear}>>
      %128 = tt.expand_dims %115 {axis = 1 : i32, ttg.partition = array<i32: 0>} : tensor<128xf32, #ttg.slice<{dim = 1, parent = #linear}>> -> tensor<128x1xf32, #linear>
      %129 = tt.expand_dims %120 {axis = 1 : i32, ttg.partition = array<i32: 0>} : tensor<128xf32, #ttg.slice<{dim = 1, parent = #linear}>> -> tensor<128x1xf32, #linear>
      %130 = tt.broadcast %128 {ttg.partition = array<i32: 0>} : tensor<128x1xf32, #linear> -> tensor<128x128xf32, #linear>
      %131 = tt.broadcast %129 {ttg.partition = array<i32: 0>} : tensor<128x1xf32, #linear> -> tensor<128x128xf32, #linear>
      %132 = nvws.semaphore.buffer %68, %103#7 {ttg.partition = array<i32: 0>} : <[!ttg.memdesc<1x128x128xf32, #tmem, #ttng.tensor_memory, mutable>]>, !ttg.async.token -> !ttg.memdesc<128x128xf32, #tmem, #ttng.tensor_memory, mutable, 1x128x128>
      %result_16, %token_17 = ttng.tmem_load %132[] {tmem.end = array<i32: 10>, ttg.partition = array<i32: 0>} : !ttg.memdesc<128x128xf32, #tmem, #ttng.tensor_memory, mutable, 1x128x128> -> tensor<128x128xf32, #linear1>
      %133 = ttg.convert_layout %result_16 {ttg.partition = array<i32: 0>} : tensor<128x128xf32, #linear1> -> tensor<128x128xf32, #linear>
      %134 = nvws.semaphore.buffer %70, %103#8 {ttg.partition = array<i32: 0>} : <[!ttg.memdesc<1x128x128xf32, #tmem, #ttng.tensor_memory, mutable>]>, !ttg.async.token -> !ttg.memdesc<128x128xf32, #tmem, #ttng.tensor_memory, mutable, 1x128x128>
      %result_18, %token_19 = ttng.tmem_load %134[] {tmem.end = array<i32: 13>, ttg.partition = array<i32: 0>} : !ttg.memdesc<128x128xf32, #tmem, #ttng.tensor_memory, mutable, 1x128x128> -> tensor<128x128xf32, #linear1>
      %135 = ttg.convert_layout %result_18 {ttg.partition = array<i32: 0>} : tensor<128x128xf32, #linear1> -> tensor<128x128xf32, #linear>
      %136 = arith.divf %133, %130 {ttg.partition = array<i32: 0>} : tensor<128x128xf32, #linear>
      %137 = arith.divf %135, %131 {ttg.partition = array<i32: 0>} : tensor<128x128xf32, #linear>
      %138 = arith.muli %84, %c16384_i32 {ttg.partition = array<i32: 0, 1, 2, 3, 4, 5>} : i32
      %139 = tt.addptr %arg1, %138 {ttg.partition = array<i32: 0, 1, 2, 3, 4, 5>} : !tt.ptr<f32>, i32
      %140 = tt.splat %139 {ttg.partition = array<i32: 0>} : !tt.ptr<f32> -> tensor<128x!tt.ptr<f32>, #blocked>
      %141 = tt.addptr %140, %95 {ttg.partition = array<i32: 0>} : tensor<128x!tt.ptr<f32>, #blocked>, tensor<128xi32, #blocked>
      %142 = tt.addptr %140, %96 {ttg.partition = array<i32: 0>} : tensor<128x!tt.ptr<f32>, #blocked>, tensor<128xi32, #blocked>
      %143 = ttg.convert_layout %124 {ttg.partition = array<i32: 0>} : tensor<128xf32, #ttg.slice<{dim = 1, parent = #linear}>> -> tensor<128xf32, #blocked>
      %144 = ttg.convert_layout %127 {ttg.partition = array<i32: 0>} : tensor<128xf32, #ttg.slice<{dim = 1, parent = #linear}>> -> tensor<128xf32, #blocked>
      tt.store %141, %143 {ttg.partition = array<i32: 0>} : tensor<128x!tt.ptr<f32>, #blocked>
      tt.store %142, %144 {ttg.partition = array<i32: 0>} : tensor<128x!tt.ptr<f32>, #blocked>
      %145 = arith.truncf %136 {ttg.partition = array<i32: 0>} : tensor<128x128xf32, #linear> to tensor<128x128xf16, #linear>
      %146 = nvws.semaphore.buffer %63, %arg18 {ttg.partition = array<i32: 0>} : <[!ttg.memdesc<1x128x128xf16, #shared, #smem, mutable>]>, !ttg.async.token -> !ttg.memdesc<128x128xf16, #shared, #smem, mutable>
      ttg.local_store %145, %146 {ttg.partition = array<i32: 0>} : tensor<128x128xf16, #linear> -> !ttg.memdesc<128x128xf16, #shared, #smem, mutable>
      nvws.semaphore.release %64, %arg18 [#nvws.async_op<none>] {ttg.partition = array<i32: 0>} : <[!ttg.memdesc<1x128x128xf16, #shared, #smem, mutable>]>, !ttg.async.token
      %147 = arith.truncf %137 {ttg.partition = array<i32: 0>} : tensor<128x128xf32, #linear> to tensor<128x128xf16, #linear>
      %148 = nvws.semaphore.buffer %66, %arg19 {ttg.partition = array<i32: 0>} : <[!ttg.memdesc<1x128x128xf16, #shared, #smem, mutable>]>, !ttg.async.token -> !ttg.memdesc<128x128xf16, #shared, #smem, mutable>
      ttg.local_store %147, %148 {ttg.partition = array<i32: 0>} : tensor<128x128xf16, #linear> -> !ttg.memdesc<128x128xf16, #shared, #smem, mutable>
      nvws.semaphore.release %67, %arg19 [#nvws.async_op<none>] {ttg.partition = array<i32: 0>} : <[!ttg.memdesc<1x128x128xf16, #shared, #smem, mutable>]>, !ttg.async.token
      %149 = nvws.semaphore.acquire %64 {ttg.partition = array<i32: 2>} : <[!ttg.memdesc<1x128x128xf16, #shared, #smem, mutable>]> -> !ttg.async.token
      %150 = nvws.semaphore.buffer %64, %149 {ttg.partition = array<i32: 2>} : <[!ttg.memdesc<1x128x128xf16, #shared, #smem, mutable>]>, !ttg.async.token -> !ttg.memdesc<128x128xf16, #shared, #smem, mutable>
      %151 = ttg.local_load %150 {ttg.partition = array<i32: 2>} : !ttg.memdesc<128x128xf16, #shared, #smem, mutable> -> tensor<128x128xf16, #linear>
      nvws.semaphore.release %63, %149 [#nvws.async_op<none>] {ttg.partition = array<i32: 2>} : <[!ttg.memdesc<1x128x128xf16, #shared, #smem, mutable>]>, !ttg.async.token
      %152 = ttg.convert_layout %151 {ttg.partition = array<i32: 2>} : tensor<128x128xf16, #linear> -> tensor<128x128xf16, #blocked1>
      %153 = nvws.semaphore.acquire %67 {ttg.partition = array<i32: 2>} : <[!ttg.memdesc<1x128x128xf16, #shared, #smem, mutable>]> -> !ttg.async.token
      %154 = nvws.semaphore.buffer %67, %153 {ttg.partition = array<i32: 2>} : <[!ttg.memdesc<1x128x128xf16, #shared, #smem, mutable>]>, !ttg.async.token -> !ttg.memdesc<128x128xf16, #shared, #smem, mutable>
      %155 = ttg.local_load %154 {ttg.partition = array<i32: 2>} : !ttg.memdesc<128x128xf16, #shared, #smem, mutable> -> tensor<128x128xf16, #linear>
      nvws.semaphore.release %66, %153 [#nvws.async_op<none>] {ttg.partition = array<i32: 2>} : <[!ttg.memdesc<1x128x128xf16, #shared, #smem, mutable>]>, !ttg.async.token
      %156 = ttg.convert_layout %155 {ttg.partition = array<i32: 2>} : tensor<128x128xf16, #linear> -> tensor<128x128xf16, #blocked1>
      tt.descriptor_store %13[%91, %c0_i32], %152 {ttg.partition = array<i32: 2>} : !tt.tensordesc<tensor<128x128xf16, #shared>>, tensor<128x128xf16, #blocked1>
      tt.descriptor_store %13[%92, %c0_i32], %156 {ttg.partition = array<i32: 2>} : !tt.tensordesc<tensor<128x128xf16, #shared>>, tensor<128x128xf16, #blocked1>
      %157 = arith.addi %arg9, %1 {ttg.partition = array<i32: 0, 1, 2, 3, 4, 5>} : i32
      %158 = nvws.semaphore.acquire %40 {loop.cluster = 4 : i32, loop.stage = 0 : i32, ttg.partition = array<i32: 1>} : <[!ttg.memdesc<1x128x1xf32, #tmem1, #ttng.tensor_memory, mutable>, !ttg.memdesc<1x128x1xf32, #tmem1, #ttng.tensor_memory, mutable>, !ttg.memdesc<1x128x1xf32, #tmem1, #ttng.tensor_memory, mutable>, !ttg.memdesc<1x128x128xf32, #tmem, #ttng.tensor_memory, mutable>, !ttg.memdesc<1x128x128xf16, #tmem, #ttng.tensor_memory, mutable>]> -> !ttg.async.token
      %159 = nvws.semaphore.acquire %55 {loop.cluster = 2 : i32, loop.stage = 1 : i32, ttg.partition = array<i32: 1>} : <[!ttg.memdesc<1x128x1xf32, #tmem1, #ttng.tensor_memory, mutable>, !ttg.memdesc<1x128x1xf32, #tmem1, #ttng.tensor_memory, mutable>, !ttg.memdesc<1x128x1xf32, #tmem1, #ttng.tensor_memory, mutable>, !ttg.memdesc<1x128x128xf32, #tmem, #ttng.tensor_memory, mutable>, !ttg.memdesc<1x128x128xf16, #tmem, #ttng.tensor_memory, mutable>]> -> !ttg.async.token
      %160 = nvws.semaphore.acquire %21 {ttg.partition = array<i32: 3>} : <[!ttg.memdesc<1x128x128xf16, #shared, #smem, mutable>]> -> !ttg.async.token
      %161 = nvws.semaphore.acquire %24 {ttg.partition = array<i32: 3>} : <[!ttg.memdesc<1x128x128xf16, #shared, #smem, mutable>]> -> !ttg.async.token
      %162 = nvws.semaphore.acquire %63 {ttg.partition = array<i32: 0>} : <[!ttg.memdesc<1x128x128xf16, #shared, #smem, mutable>]> -> !ttg.async.token
      %163 = nvws.semaphore.acquire %66 {ttg.partition = array<i32: 0>} : <[!ttg.memdesc<1x128x128xf16, #shared, #smem, mutable>]> -> !ttg.async.token
      scf.yield {ttg.partition = array<i32: 0, 1, 2, 3, 4, 5>} %157, %158, %159, %103#7, %103#8, %160, %161, %103#9, %103#10, %162, %163 : i32, !ttg.async.token, !ttg.async.token, !ttg.async.token, !ttg.async.token, !ttg.async.token, !ttg.async.token, !ttg.async.token, !ttg.async.token, !ttg.async.token, !ttg.async.token
    } {tt.data_partition_factor = 2 : i32, tt.merge_epilogue = true, tt.separate_epilogue_store = true, tt.warp_specialize, ttg.partition = array<i32: 0, 1, 2, 3, 4, 5>, ttg.partition.outputs = [array<i32: 0, 1, 2, 3, 4, 5>, array<i32: 1>, array<i32: 1>, array<i32: 0>, array<i32: 0>, array<i32: 3>, array<i32: 3>, array<i32: 3>, array<i32: 3>, array<i32: 0>, array<i32: 0>], ttg.partition.stages = [0 : i32, 1 : i32, 0 : i32, 0 : i32, 0 : i32, 0 : i32], ttg.partition.types = ["correction", "gemm", "epilogue_store", "load", "computation", "computation"], ttg.warp_specialize.tag = 0 : i32}
    tt.return
  }
}

