#blocked = #ttg.blocked<{sizePerThread = [1, 4], threadsPerWarp = [32, 1], warpsPerCTA = [1, 8], order = [1, 0]}>
#blocked1 = #ttg.blocked<{sizePerThread = [1, 1], threadsPerWarp = [8, 4], warpsPerCTA = [8, 1], order = [1, 0]}>
#blocked2 = #ttg.blocked<{sizePerThread = [1, 1, 1], threadsPerWarp = [16, 2, 1], warpsPerCTA = [8, 1, 1], order = [2, 1, 0]}>
#blocked3 = #ttg.blocked<{sizePerThread = [1, 1], threadsPerWarp = [16, 2], warpsPerCTA = [8, 1], order = [1, 0]}>
#blocked4 = #ttg.blocked<{sizePerThread = [1, 16], threadsPerWarp = [8, 4], warpsPerCTA = [8, 1], order = [1, 0]}>
#blocked5 = #ttg.blocked<{sizePerThread = [1, 1, 16], threadsPerWarp = [8, 2, 2], warpsPerCTA = [8, 1, 1], order = [2, 1, 0]}>
#blocked6 = #ttg.blocked<{sizePerThread = [1], threadsPerWarp = [32], warpsPerCTA = [8], order = [0]}>
#blocked7 = #ttg.blocked<{sizePerThread = [1, 1], threadsPerWarp = [1, 32], warpsPerCTA = [2, 4], order = [1, 0]}>
#blocked8 = #ttg.blocked<{sizePerThread = [1, 1], threadsPerWarp = [32, 1], warpsPerCTA = [4, 2], order = [0, 1]}>
#blocked9 = #ttg.blocked<{sizePerThread = [1, 2, 16], threadsPerWarp = [8, 1, 4], warpsPerCTA = [8, 1, 1], order = [1, 2, 0]}>
#blocked10 = #ttg.blocked<{sizePerThread = [1, 16, 2], threadsPerWarp = [8, 4, 1], warpsPerCTA = [8, 1, 1], order = [2, 1, 0]}>
#blocked11 = #ttg.blocked<{sizePerThread = [1, 1, 1, 1, 16], threadsPerWarp = [1, 1, 1, 8, 4], warpsPerCTA = [1, 1, 1, 8, 1], order = [4, 3, 2, 1, 0]}>
#linear = #ttg.linear<{register = [[0, 1], [0, 2], [0, 4], [0, 8], [0, 16]], lane = [[0, 32], [1, 0], [2, 0], [4, 0], [8, 0]], warp = [[16, 0], [32, 0], [64, 0]], block = []}>
#linear1 = #ttg.linear<{register = [[0, 1], [0, 2], [0, 4], [0, 8], [0, 16], [0, 32], [0, 64]], lane = [[1, 0], [2, 0], [4, 0], [8, 0], [16, 0]], warp = [[32, 0], [64, 0], [0, 128]], block = []}>
#linear2 = #ttg.linear<{register = [[0, 1], [0, 2], [32, 0]], lane = [[1, 0], [2, 0], [4, 0], [8, 0], [16, 0]], warp = [[0, 0], [0, 0], [64, 0]], block = []}>
#linear3 = #ttg.linear<{register = [[0, 0, 1], [0, 0, 2], [0, 0, 4], [0, 0, 8], [0, 0, 16], [0, 0, 32], [0, 0, 64]], lane = [[1, 0, 0], [2, 0, 0], [4, 0, 0], [8, 0, 0], [16, 0, 0]], warp = [[32, 0, 0], [64, 0, 0], [0, 1, 0]], block = []}>
#linear4 = #ttg.linear<{register = [[0, 1, 0], [0, 2, 0], [0, 4, 0], [0, 8, 0], [0, 16, 0], [0, 32, 0], [0, 64, 0]], lane = [[1, 0, 0], [2, 0, 0], [4, 0, 0], [8, 0, 0], [16, 0, 0]], warp = [[32, 0, 0], [64, 0, 0], [0, 0, 1]], block = []}>
#linear5 = #ttg.linear<{register = [[0, 0, 1], [0, 64, 0], [0, 1, 0], [0, 2, 0], [0, 4, 0], [0, 8, 0], [64, 0, 0]], lane = [[0, 16, 0], [0, 32, 0], [1, 0, 0], [2, 0, 0], [4, 0, 0]], warp = [[8, 0, 0], [16, 0, 0], [32, 0, 0]], block = []}>
#linear6 = #ttg.linear<{register = [[0, 0, 1], [0, 64, 0], [0, 1, 0], [0, 2, 0], [0, 4, 0], [0, 8, 0], [0, 16, 0]], lane = [[0, 32, 0], [1, 0, 0], [2, 0, 0], [4, 0, 0], [8, 0, 0]], warp = [[16, 0, 0], [32, 0, 0], [64, 0, 0]], block = []}>
#linear7 = #ttg.linear<{register = [[0, 64], [0, 1], [0, 2], [0, 4], [0, 8], [64, 0]], lane = [[0, 16], [0, 32], [1, 0], [2, 0], [4, 0]], warp = [[8, 0], [16, 0], [32, 0]], block = []}>
#linear8 = #ttg.linear<{register = [[0, 64], [0, 1], [0, 2], [0, 4], [0, 8], [0, 16]], lane = [[0, 32], [1, 0], [2, 0], [4, 0], [8, 0]], warp = [[16, 0], [32, 0], [64, 0]], block = []}>
#linear9 = #ttg.linear<{register = [[0, 1], [64, 0], [1, 0], [2, 0], [4, 0], [8, 0]], lane = [[16, 0], [32, 0], [0, 0], [0, 0], [0, 0]], warp = [[0, 0], [0, 0], [0, 0]], block = []}>
#linear10 = #ttg.linear<{register = [[0, 1], [64, 0], [1, 0], [2, 0], [4, 0], [8, 0], [16, 0]], lane = [[32, 0], [0, 0], [0, 0], [0, 0], [0, 0]], warp = [[0, 0], [0, 0], [0, 0]], block = []}>
#linear11 = #ttg.linear<{register = [[64], [1], [2], [4], [8]], lane = [[16], [32], [0], [0], [0]], warp = [[0], [0], [0]], block = []}>
#linear12 = #ttg.linear<{register = [[64], [1], [2], [4], [8], [16]], lane = [[32], [0], [0], [0], [0]], warp = [[0], [0], [0]], block = []}>
#linear13 = #ttg.linear<{register = [[0, 1, 0], [0, 0, 1], [0, 0, 2], [0, 0, 4], [0, 0, 8], [0, 0, 16]], lane = [[0, 0, 32], [1, 0, 0], [2, 0, 0], [4, 0, 0], [8, 0, 0]], warp = [[16, 0, 0], [32, 0, 0], [64, 0, 0]], block = []}>
#linear14 = #ttg.linear<{register = [[0, 0, 1], [0, 1, 0], [0, 2, 0], [0, 4, 0], [0, 8, 0], [0, 16, 0]], lane = [[0, 32, 0], [1, 0, 0], [2, 0, 0], [4, 0, 0], [8, 0, 0]], warp = [[16, 0, 0], [32, 0, 0], [64, 0, 0]], block = []}>
#linear15 = #ttg.linear<{register = [[1, 0], [0, 1], [0, 2], [0, 4], [0, 8]], lane = [[0, 16], [0, 32], [0, 0], [0, 0], [0, 0]], warp = [[0, 0], [0, 0], [0, 0]], block = []}>
#linear16 = #ttg.linear<{register = [[1, 0], [0, 1], [0, 2], [0, 4], [0, 8], [0, 16]], lane = [[0, 32], [0, 0], [0, 0], [0, 0], [0, 0]], warp = [[0, 0], [0, 0], [0, 0]], block = []}>
#linear17 = #ttg.linear<{register = [[0, 1], [1, 0], [2, 0], [4, 0], [8, 0]], lane = [[16, 0], [32, 0], [0, 0], [0, 0], [0, 0]], warp = [[0, 0], [0, 0], [0, 0]], block = []}>
#linear18 = #ttg.linear<{register = [[0, 1], [1, 0], [2, 0], [4, 0], [8, 0], [16, 0]], lane = [[32, 0], [0, 0], [0, 0], [0, 0], [0, 0]], warp = [[0, 0], [0, 0], [0, 0]], block = []}>
#shared = #ttg.nvmma_shared<{swizzlingByteWidth = 64, transposed = false, elementBitWidth = 8, rank = 5}>
#shared1 = #ttg.nvmma_shared<{swizzlingByteWidth = 128, transposed = false, elementBitWidth = 8}>
#shared2 = #ttg.nvmma_shared<{swizzlingByteWidth = 128, transposed = false, elementBitWidth = 8, fp4Padded = true, rank = 3}>
#shared3 = #ttg.nvmma_shared<{swizzlingByteWidth = 0, transposed = false, elementBitWidth = 8, rank = 5}>
#shared4 = #ttg.nvmma_shared<{swizzlingByteWidth = 128, transposed = false, elementBitWidth = 8, fp4Padded = true}>
#shared5 = #ttg.nvmma_shared<{swizzlingByteWidth = 0, transposed = false, elementBitWidth = 8}>
#shared6 = #ttg.nvmma_shared<{swizzlingByteWidth = 128, transposed = true, elementBitWidth = 8, fp4Padded = true}>
#shared7 = #ttg.shared_linear<{offset = [[0, 0, 0, 0, 1], [0, 0, 0, 0, 2], [0, 0, 0, 1, 0], [0, 0, 0, 2, 0], [0, 0, 1, 0, 0], [0, 0, 2, 0, 0], [0, 0, 4, 0, 0], [0, 0, 8, 0, 0], [0, 0, 16, 0, 0], [1, 0, 0, 0, 0]]}, alignment = 128>
#shared8 = #ttg.shared_linear<{offset = [[0, 0, 0, 0, 1], [0, 0, 0, 0, 2], [0, 1, 0, 0, 0], [0, 2, 0, 0, 0], [0, 0, 1, 0, 0], [0, 0, 2, 0, 0], [0, 0, 4, 0, 0], [0, 0, 8, 0, 0], [0, 0, 16, 0, 0], [1, 0, 0, 0, 0]]}, alignment = 128>
#shared9 = #ttg.shared_linear<{offset = [[0, 1], [0, 2], [32, 0], [64, 0], [1, 0], [2, 0], [4, 0], [8, 0], [16, 0], [128, 0]]}, alignment = 128>
#smem = #ttg.shared_memory
#tmem = #ttng.tensor_memory_encoding<blockM = 128, blockN = 256, colStride = 1>
#tmem_scales = #ttng.tensor_memory_scales_encoding<>
module attributes {"ttg.cluster-dim-x" = 1 : i32, "ttg.cluster-dim-y" = 1 : i32, "ttg.cluster-dim-z" = 1 : i32, ttg.max_reg_auto_ws = 152 : i32, ttg.min_reg_auto_ws = 24 : i32, "ttg.num-ctas" = 1 : i32, "ttg.num-warps" = 8 : i32, ttg.target = "cuda:103", "ttg.threads-per-warp" = 32 : i32} {
  tt.func public @_p_matmul_NNT_fp8e4nvxfp8e4nvxmxfp4_128x256x128x1_dequantize_mxfp8(%arg0: !tt.tensordesc<tensor<1x1x1x128x64xf8E4M3FN, #shared>>, %arg1: i32, %arg2: i32, %arg3: i32, %arg4: i32, %arg5: i32, %arg6: i64, %arg7: i64, %arg8: i64, %arg9: i64, %arg10: i64, %arg11: !tt.ptr<f8E4M3FN> {tt.divisibility = 16 : i32}, %arg12: i32 {tt.divisibility = 16 : i32}, %arg13: i32 {tt.divisibility = 16 : i32}, %arg14: i32 {tt.divisibility = 16 : i32}, %arg15: !tt.ptr<i8> {tt.divisibility = 16 : i32}, %arg16: i32 {tt.divisibility = 16 : i32}, %arg17: i32 {tt.divisibility = 16 : i32}, %arg18: i32, %arg19: !tt.tensordesc<tensor<1x128xf8E4M3FN, #shared1>>, %arg20: i32, %arg21: i32, %arg22: i64, %arg23: i64, %arg24: !tt.ptr<f8E4M3FN> {tt.divisibility = 16 : i32}, %arg25: i32 {tt.divisibility = 16 : i32}, %arg26: i32 {tt.divisibility = 16 : i32}, %arg27: !tt.ptr<i8> {tt.divisibility = 16 : i32}, %arg28: i32 {tt.divisibility = 16 : i32}, %arg29: i32, %arg30: !tt.tensordesc<tensor<1x256x64xui8, #shared2>>, %arg31: i32, %arg32: i32, %arg33: i32, %arg34: i64, %arg35: i64, %arg36: i64, %arg37: !tt.ptr<i8> {tt.divisibility = 16 : i32}, %arg38: i32 {tt.divisibility = 16 : i32}, %arg39: i32 {tt.divisibility = 16 : i32}, %arg40: !tt.tensordesc<tensor<1x2x1x2x256xui8, #shared3>>, %arg41: i32, %arg42: i32, %arg43: i32, %arg44: i32, %arg45: i32, %arg46: i64, %arg47: i64, %arg48: i64, %arg49: i64, %arg50: i64, %arg51: !tt.ptr<f32> {tt.divisibility = 16 : i32}, %arg52: i32 {tt.divisibility = 16 : i32}, %arg53: i32 {tt.divisibility = 16 : i32}, %arg54: i32 {tt.divisibility = 16 : i32}, %arg55: i32 {tt.divisibility = 16 : i32}, %arg56: !tt.ptr<i32> {tt.divisibility = 16 : i32}, %arg57: !tt.ptr<i32> {tt.divisibility = 16 : i32}, %arg58: !tt.ptr<i32> {tt.divisibility = 16 : i32}, %arg59: !tt.ptr<i32> {tt.divisibility = 16 : i32}, %arg60: !tt.ptr<i32> {tt.divisibility = 16 : i32}, %arg61: i32, %arg62: i32 {tt.divisibility = 16 : i32}) attributes {noinline = false} {
    %0 = ub.poison : !ttg.async.token
    %false = arith.constant false
    %cst = arith.constant dense<0> : tensor<128xi32, #ttg.slice<{dim = 0, parent = #blocked}>>
    %cst_0 = arith.constant dense<false> : tensor<128xi1, #ttg.slice<{dim = 1, parent = #blocked1}>>
    %1 = ub.poison : !tt.ptr<i32>
    %2 = ub.poison : tensor<128x4x!tt.ptr<i8>, #blocked1>
    %cst_1 = arith.constant dense<-1.000000e+00> : tensor<128x64xf32, #linear>
    %c31_i32 = arith.constant 31 : i32
    %c1073741824_i32 = arith.constant 1073741824 : i32
    %cst_2 = arith.constant dense<4.480000e+02> : tensor<128x2x1xf32, #blocked2>
    %cst_3 = arith.constant dense<8388607> : tensor<128x2x1xi32, #blocked2>
    %cst_4 = arith.constant dense<2139095040> : tensor<128x2x1xi32, #blocked2>
    %cst_5 = arith.constant dense<23> : tensor<128x2xi32, #blocked3>
    %true = arith.constant true
    %cst_6 = arith.constant dense<-1> : tensor<128xi32, #ttg.slice<{dim = 0, parent = #blocked}>>
    %cst_7 = arith.constant dense<-1> : tensor<128xi32, #ttg.slice<{dim = 1, parent = #blocked1}>>
    %cst_8 = arith.constant dense<0.000000e+00> : tensor<128x64xf32, #blocked4>
    %cst_9 = arith.constant dense<0.000000e+00> : tensor<128x2x1xf32, #blocked5>
    %cst_10 = arith.constant dense<1.000000e+00> : tensor<128x2x1xf32, #blocked5>
    %cst_11 = arith.constant dense<2139095040> : tensor<128x2x1xi32, #blocked5>
    %cst_12 = arith.constant dense<8388607> : tensor<128x2x1xi32, #blocked5>
    %cst_13 = arith.constant dense<4.480000e+02> : tensor<128x2x1xf32, #blocked5>
    %cst_14 = arith.constant dense<-1.000000e+00> : tensor<128x64xf32, #blocked4>
    %c1_i64 = arith.constant 1 : i64
    %c10_i32 = arith.constant 10 : i32
    %c1_i32 = arith.constant 1 : i32
    %c0_i32 = arith.constant 0 : i32
    %c256_i32 = arith.constant 256 : i32
    %c32_i32 = arith.constant 32 : i32
    %c128_i32 = arith.constant 128 : i32
    %c64_i32 = arith.constant 64 : i32
    %c16_i32 = arith.constant 16 : i32
    %c127_i32 = arith.constant 127 : i32
    %c4_i32 = arith.constant 4 : i32
    %cst_15 = arith.constant dense<4> : tensor<128x4xi32, #blocked1>
    %c2_i32 = arith.constant 2 : i32
    %c192_i32 = arith.constant 192 : i32
    %c6_i32 = arith.constant 6 : i32
    %cst_16 = arith.constant dense<0> : tensor<128x4xi8, #blocked1>
    %cst_17 = arith.constant dense<0.000000e+00> : tensor<256xf32, #blocked6>
    %c8_i32 = arith.constant 8 : i32
    %c65535_i32 = arith.constant 65535 : i32
    %cst_18 = arith.constant dense<0.000000e+00> : tensor<128x256xf32, #linear1>
    %3 = tt.make_tensor_descriptor %arg11, [%arg1, %arg2, %arg3, %arg4, %arg5], [%arg6, %arg7, %arg8, %arg9, %c1_i64] : !tt.ptr<f8E4M3FN>, !tt.tensordesc<tensor<1x1x1x128x64xf8E4M3FN, #shared>>
    %4 = tt.addptr %arg59, %c10_i32 : !tt.ptr<i32>, i32
    %5 = tt.load %4 : !tt.ptr<i32>
    %6 = tt.get_program_id x : i32
    %7 = arith.subi %6, %c10_i32 : i32
    %8 = tt.make_range {end = 128 : i32, start = 0 : i32} : tensor<128xi32, #ttg.slice<{dim = 1, parent = #blocked1}>>
    %9 = tt.make_range {end = 128 : i32, start = 0 : i32} : tensor<128xi32, #ttg.slice<{dim = 1, parent = #blocked4}>>
    %10 = tt.make_range {end = 128 : i32, start = 0 : i32} : tensor<128xi32, #ttg.slice<{dim = 1, parent = #linear}>>
    %11 = tt.make_range {end = 128 : i32, start = 0 : i32} : tensor<128xi32, #ttg.slice<{dim = 1, parent = #blocked3}>>
    %12 = tt.make_range {end = 128 : i32, start = 0 : i32} : tensor<128xi32, #ttg.slice<{dim = 0, parent = #blocked}>>
    %13 = tt.make_range {end = 4 : i32, start = 0 : i32} : tensor<4xi32, #ttg.slice<{dim = 0, parent = #blocked1}>>
    %14 = arith.extsi %arg29 : i32 to i64
    %15 = tt.splat %14 : i64 -> tensor<128x1xi64, #blocked1>
    %16 = tt.splat %arg27 : !tt.ptr<i8> -> tensor<128x1x!tt.ptr<i8>, #blocked1>
    %17 = arith.extsi %13 : tensor<4xi32, #ttg.slice<{dim = 0, parent = #blocked1}>> to tensor<4xi64, #ttg.slice<{dim = 0, parent = #blocked1}>>
    %18 = tt.expand_dims %17 {axis = 0 : i32} : tensor<4xi64, #ttg.slice<{dim = 0, parent = #blocked1}>> -> tensor<1x4xi64, #blocked1>
    %19 = tt.broadcast %18 : tensor<1x4xi64, #blocked1> -> tensor<128x4xi64, #blocked1>
    %20 = arith.addi %arg54, %c127_i32 : i32
    %21 = arith.divsi %20, %c128_i32 : i32
    %22 = arith.maxsi %21, %c1_i32 : i32
    %23 = arith.cmpi sgt, %22, %c0_i32 : i32
    %24 = tt.make_range {end = 256 : i32, start = 0 : i32} : tensor<256xi32, #blocked6>
    %25 = tt.splat %arg53 : i32 -> tensor<256xi32, #blocked6>
    %26 = tt.make_range {end = 64 : i32, start = 0 : i32} : tensor<64xi32, #ttg.slice<{dim = 0, parent = #blocked4}>>
    %27 = tt.make_range {end = 64 : i32, start = 0 : i32} : tensor<64xi32, #ttg.slice<{dim = 0, parent = #linear}>>
    %28 = tt.splat %arg53 : i32 -> tensor<64xi32, #ttg.slice<{dim = 0, parent = #blocked4}>>
    %29 = tt.splat %arg53 : i32 -> tensor<64xi32, #ttg.slice<{dim = 0, parent = #linear}>>
    %30 = tt.make_range {end = 2 : i32, start = 0 : i32} : tensor<2xi32, #ttg.slice<{dim = 0, parent = #blocked3}>>
    %31 = arith.addi %arg53, %c31_i32 : i32
    %32 = arith.divsi %31, %c32_i32 : i32
    %33 = tt.splat %32 : i32 -> tensor<2xi32, #ttg.slice<{dim = 0, parent = #blocked3}>>
    %34 = arith.extsi %arg18 : i32 to i64
    %35 = tt.splat %34 : i64 -> tensor<128x1xi64, #blocked3>
    %36 = tt.splat %arg15 : !tt.ptr<i8> -> tensor<128x1x!tt.ptr<i8>, #blocked3>
    %37 = arith.subi %5, %6 : i32
    %38 = arith.ceildivsi %37, %c10_i32 : i32
    %39 = arith.maxsi %22, %c1_i32 : i32
    %40 = arith.muli %38, %39 : i32
    %41 = arith.subi %6, %c10_i32 : i32
    %42 = arith.addi %arg53, %c127_i32 : i32
    %43 = arith.divsi %42, %c128_i32 : i32
    %44 = arith.subi %39, %c1_i32 : i32
    %45 = arith.subi %39, %c1_i32 : i32
    %result = ttng.tmem_alloc : () -> !ttg.memdesc<1x128x256xf32, #tmem, #ttng.tensor_memory, mutable>
    %46 = nvws.semaphore.create %result false {nvws.dag_pending_count = 1 : i32} : <[!ttg.memdesc<1x128x256xf32, #tmem, #ttng.tensor_memory, mutable>]>
    %47 = nvws.semaphore.create %result true {nvws.dag_pending_count = 1 : i32} : <[!ttg.memdesc<1x128x256xf32, #tmem, #ttng.tensor_memory, mutable>]>
    %48 = nvws.semaphore.acquire %47 : <[!ttg.memdesc<1x128x256xf32, #tmem, #ttng.tensor_memory, mutable>]> -> !ttg.async.token
    %49 = nvws.semaphore.buffer %46, %48 : <[!ttg.memdesc<1x128x256xf32, #tmem, #ttng.tensor_memory, mutable>]>, !ttg.async.token -> !ttg.memdesc<128x256xf32, #tmem, #ttng.tensor_memory, mutable, 1x128x256>
    %50 = ttng.tmem_store %cst_18, %49[], %true : tensor<128x256xf32, #linear1> -> !ttg.memdesc<128x256xf32, #tmem, #ttng.tensor_memory, mutable, 1x128x256>
    %51 = ttg.local_alloc : () -> !ttg.memdesc<1x128x128xf8E4M3FN, #shared1, #smem, mutable>
    %52 = nvws.semaphore.create %51 false {nvws.dag_pending_count = 1 : i32} : <[!ttg.memdesc<1x128x128xf8E4M3FN, #shared1, #smem, mutable>]>
    %53 = nvws.semaphore.create %51 true {nvws.dag_pending_count = 1 : i32} : <[!ttg.memdesc<1x128x128xf8E4M3FN, #shared1, #smem, mutable>]>
    %54 = ttg.local_alloc : () -> !ttg.memdesc<1x256x64xi8, #shared4, #smem, mutable>
    %55 = nvws.semaphore.create %54 false {nvws.dag_pending_count = 1 : i32} : <[!ttg.memdesc<1x256x64xi8, #shared4, #smem, mutable>]>
    %56 = nvws.semaphore.create %54 true {nvws.dag_pending_count = 1 : i32} : <[!ttg.memdesc<1x256x64xi8, #shared4, #smem, mutable>]>
    %57 = ttg.local_alloc : () -> !ttg.memdesc<256x64xi8, #shared4, #smem, mutable>
    %58 = ttg.local_alloc : () -> !ttg.memdesc<1x1x2x1x2x256xi8, #shared3, #smem, mutable>
    %59 = nvws.semaphore.create %58 false {nvws.dag_pending_count = 1 : i32} : <[!ttg.memdesc<1x1x2x1x2x256xi8, #shared3, #smem, mutable>]>
    %60 = nvws.semaphore.create %58 true {nvws.dag_pending_count = 1 : i32} : <[!ttg.memdesc<1x1x2x1x2x256xi8, #shared3, #smem, mutable>]>
    %61 = ttg.local_alloc : () -> !ttg.memdesc<1x2x1x2x256xi8, #shared3, #smem, mutable>
    %62 = nvws.semaphore.acquire %53 {ttg.partition = array<i32: 2>, ttg.warp_specialize.tag = 0 : i32} : <[!ttg.memdesc<1x128x128xf8E4M3FN, #shared1, #smem, mutable>]> -> !ttg.async.token
    %63 = nvws.semaphore.acquire %56 {ttg.partition = array<i32: 2>, ttg.warp_specialize.tag = 0 : i32} : <[!ttg.memdesc<1x256x64xi8, #shared4, #smem, mutable>]> -> !ttg.async.token
    %64 = nvws.semaphore.acquire %60 {ttg.partition = array<i32: 2>, ttg.warp_specialize.tag = 0 : i32} : <[!ttg.memdesc<1x1x2x1x2x256xi8, #shared3, #smem, mutable>]> -> !ttg.async.token
    %65:17 = scf.for %arg63 = %c0_i32 to %40 step %c1_i32 iter_args(%arg64 = %c0_i32, %arg65 = %41, %arg66 = %7, %arg67 = %c0_i32, %arg68 = %2, %arg69 = %1, %arg70 = %c0_i32, %arg71 = %c0_i32, %arg72 = %cst_0, %arg73 = %cst, %arg74 = %2, %arg75 = %false, %arg76 = %0, %arg77 = %48, %arg78 = %62, %arg79 = %63, %arg80 = %64) -> (i32, i32, i32, i32, tensor<128x4x!tt.ptr<i8>, #blocked1>, !tt.ptr<i32>, i32, i32, tensor<128xi1, #ttg.slice<{dim = 1, parent = #blocked1}>>, tensor<128xi32, #ttg.slice<{dim = 0, parent = #blocked}>>, tensor<128x4x!tt.ptr<i8>, #blocked1>, i1, !ttg.async.token, !ttg.async.token, !ttg.async.token, !ttg.async.token, !ttg.async.token)  : i32 {
      %66 = arith.cmpi eq, %arg64, %c0_i32 {loop.cluster = 1 : i32, loop.stage = 0 : i32, ttg.partition = array<i32: 0, 1, 2>} : i32
      %67 = arith.select %66, %c0_i32, %arg67 {loop.cluster = 5 : i32, loop.stage = 0 : i32, ttg.partition = array<i32: 2>} : i32
      %68:8 = scf.if %66 -> (!tt.ptr<i32>, i32, i32, tensor<128xi1, #ttg.slice<{dim = 1, parent = #blocked1}>>, tensor<128xi32, #ttg.slice<{dim = 0, parent = #blocked}>>, tensor<128x4x!tt.ptr<i8>, #blocked1>, tensor<128x4x!tt.ptr<i8>, #blocked1>, i32) {
        %111 = arith.addi %arg65, %c10_i32 {ttg.partition = array<i32: 0, 1, 2>} : i32
        %112 = arith.remsi %111, %5 {ttg.partition = array<i32: 0, 1, 2>} : i32
        %113 = arith.divsi %112, %c8_i32 {ttg.partition = array<i32: 0, 1, 2>} : i32
        %114 = arith.muli %113, %c8_i32 {ttg.partition = array<i32: 0, 1, 2>} : i32
        %115 = arith.subi %5, %114 {ttg.partition = array<i32: 0, 1, 2>} : i32
        %116 = arith.minsi %115, %c8_i32 {ttg.partition = array<i32: 0, 1, 2>} : i32
        %117 = arith.cmpi sge, %116, %c0_i32 {ttg.partition = array<i32: 0>} : i32
        llvm.intr.assume %117 : i1 {ttg.partition = array<i32: 0>}
        %118 = arith.remsi %112, %116 {ttg.partition = array<i32: 0, 1, 2>} : i32
        %119 = arith.addi %114, %118 {ttg.partition = array<i32: 0, 1, 2>} : i32
        %120 = arith.remsi %112, %c8_i32 {ttg.partition = array<i32: 2>} : i32
        %121 = arith.divsi %120, %116 {ttg.partition = array<i32: 2>} : i32
        %122 = tt.addptr %arg60, %119 {ttg.partition = array<i32: 0, 1, 2>} : !tt.ptr<i32>, i32
        %123 = tt.load %122 {ttg.partition = array<i32: 1, 2>} : !tt.ptr<i32>
        %124 = arith.andi %123, %c65535_i32 {ttg.partition = array<i32: 1, 2>} : i32
        %125 = arith.shrsi %123, %c16_i32 {ttg.partition = array<i32: 1, 2>} : i32
        %126 = tt.addptr %arg58, %124 {ttg.partition = array<i32: 1, 2>} : !tt.ptr<i32>, i32
        %127 = tt.load %126 {ttg.partition = array<i32: 1, 2>} : !tt.ptr<i32>
        %128 = arith.muli %125, %c128_i32 {ttg.partition = array<i32: 1, 2>} : i32
        %129 = tt.addptr %arg57, %124 {ttg.partition = array<i32: 1, 2>} : !tt.ptr<i32>, i32
        %130 = tt.load %129 {ttg.partition = array<i32: 1, 2>} : !tt.ptr<i32>
        %131 = arith.muli %121, %c256_i32 {ttg.partition = array<i32: 2>} : i32
        %132 = tt.splat %128 {ttg.partition = array<i32: 1>} : i32 -> tensor<128xi32, #ttg.slice<{dim = 1, parent = #blocked1}>>
        %133 = tt.splat %128 {ttg.partition = array<i32: 2>} : i32 -> tensor<128xi32, #ttg.slice<{dim = 0, parent = #blocked}>>
        %134 = arith.addi %132, %8 {ttg.partition = array<i32: 1>} : tensor<128xi32, #ttg.slice<{dim = 1, parent = #blocked1}>>
        %135 = arith.addi %133, %12 {ttg.partition = array<i32: 2>} : tensor<128xi32, #ttg.slice<{dim = 0, parent = #blocked}>>
        %136 = tt.splat %130 {ttg.partition = array<i32: 1>} : i32 -> tensor<128xi32, #ttg.slice<{dim = 1, parent = #blocked1}>>
        %137 = tt.splat %130 {ttg.partition = array<i32: 2>} : i32 -> tensor<128xi32, #ttg.slice<{dim = 0, parent = #blocked}>>
        %138 = arith.cmpi slt, %134, %136 {ttg.partition = array<i32: 1>} : tensor<128xi32, #ttg.slice<{dim = 1, parent = #blocked1}>>
        %139 = arith.cmpi slt, %135, %137 {ttg.partition = array<i32: 2>} : tensor<128xi32, #ttg.slice<{dim = 0, parent = #blocked}>>
        %140 = arith.extsi %127 {ttg.partition = array<i32: 1, 2>} : i32 to i64
        %141 = tt.addptr %arg56, %140 {ttg.partition = array<i32: 1, 2>} : !tt.ptr<i32>, i64
        %142 = tt.splat %141 {ttg.partition = array<i32: 1>} : !tt.ptr<i32> -> tensor<128x!tt.ptr<i32>, #ttg.slice<{dim = 1, parent = #blocked1}>>
        %143 = tt.splat %141 {ttg.partition = array<i32: 2>} : !tt.ptr<i32> -> tensor<128x!tt.ptr<i32>, #ttg.slice<{dim = 0, parent = #blocked}>>
        %144 = tt.addptr %142, %134 {ttg.partition = array<i32: 1>} : tensor<128x!tt.ptr<i32>, #ttg.slice<{dim = 1, parent = #blocked1}>>, tensor<128xi32, #ttg.slice<{dim = 1, parent = #blocked1}>>
        %145 = tt.addptr %143, %135 {ttg.partition = array<i32: 2>} : tensor<128x!tt.ptr<i32>, #ttg.slice<{dim = 0, parent = #blocked}>>, tensor<128xi32, #ttg.slice<{dim = 0, parent = #blocked}>>
        %146 = tt.load %144, %138, %cst_7 {ttg.partition = array<i32: 1>} : tensor<128x!tt.ptr<i32>, #ttg.slice<{dim = 1, parent = #blocked1}>>
        %147 = tt.load %145, %139, %cst_6 {ttg.partition = array<i32: 2>} : tensor<128x!tt.ptr<i32>, #ttg.slice<{dim = 0, parent = #blocked}>>
        %148 = arith.extsi %146 {ttg.partition = array<i32: 1>} : tensor<128xi32, #ttg.slice<{dim = 1, parent = #blocked1}>> to tensor<128xi64, #ttg.slice<{dim = 1, parent = #blocked1}>>
        %149 = tt.expand_dims %148 {axis = 1 : i32, ttg.partition = array<i32: 1>} : tensor<128xi64, #ttg.slice<{dim = 1, parent = #blocked1}>> -> tensor<128x1xi64, #blocked1>
        %150 = arith.muli %149, %15 {ttg.partition = array<i32: 1>} : tensor<128x1xi64, #blocked1>
        %151 = tt.addptr %16, %150 {ttg.partition = array<i32: 1>} : tensor<128x1x!tt.ptr<i8>, #blocked1>, tensor<128x1xi64, #blocked1>
        %152 = tt.broadcast %151 {ttg.partition = array<i32: 1>} : tensor<128x1x!tt.ptr<i8>, #blocked1> -> tensor<128x4x!tt.ptr<i8>, #blocked1>
        %153 = tt.addptr %152, %19 {ttg.partition = array<i32: 1>} : tensor<128x4x!tt.ptr<i8>, #blocked1>, tensor<128x4xi64, #blocked1>
        llvm.intr.assume %23 : i1 {ttg.partition = array<i32: 0, 1, 2>}
        scf.yield {ttg.partition = array<i32: 0, 1, 2>} %122, %124, %131, %138, %147, %153, %153, %111 : !tt.ptr<i32>, i32, i32, tensor<128xi1, #ttg.slice<{dim = 1, parent = #blocked1}>>, tensor<128xi32, #ttg.slice<{dim = 0, parent = #blocked}>>, tensor<128x4x!tt.ptr<i8>, #blocked1>, tensor<128x4x!tt.ptr<i8>, #blocked1>, i32
      } else {
        scf.yield {ttg.partition = array<i32: 0, 1, 2>} %arg69, %arg70, %arg71, %arg72, %arg73, %arg74, %arg68, %arg65 : !tt.ptr<i32>, i32, i32, tensor<128xi1, #ttg.slice<{dim = 1, parent = #blocked1}>>, tensor<128xi32, #ttg.slice<{dim = 0, parent = #blocked}>>, tensor<128x4x!tt.ptr<i8>, #blocked1>, tensor<128x4x!tt.ptr<i8>, #blocked1>, i32
      } {loop.cluster = 1 : i32, loop.stage = 0 : i32, ttg.partition = array<i32: 0, 1, 2>, ttg.partition.outputs = [array<i32: 0>, array<i32: 2>, array<i32: 2>, array<i32: 1>, array<i32: 2>, array<i32: 1>, array<i32: 1>, array<i32: 0, 1, 2>]}
      %69 = arith.muli %67, %c128_i32 {loop.cluster = 5 : i32, loop.stage = 0 : i32, ttg.partition = array<i32: 2>} : i32
      %70 = arith.muli %67, %c64_i32 {loop.cluster = 5 : i32, loop.stage = 0 : i32, ttg.partition = array<i32: 2>} : i32
      %71 = nvws.semaphore.buffer %52, %arg78 {loop.cluster = 5 : i32, loop.stage = 0 : i32, ttg.partition = array<i32: 2>} : <[!ttg.memdesc<1x128x128xf8E4M3FN, #shared1, #smem, mutable>]>, !ttg.async.token -> !ttg.memdesc<128x128xf8E4M3FN, #shared1, #smem, mutable>
      nvws.descriptor_gather %arg19[%68#4, %69] 16384 %71 {loop.cluster = 5 : i32, loop.stage = 0 : i32, ttg.partition = array<i32: 2>} : !tt.tensordesc<tensor<1x128xf8E4M3FN, #shared1>>, tensor<128xi32, #ttg.slice<{dim = 0, parent = #blocked}>>, i32, !ttg.memdesc<128x128xf8E4M3FN, #shared1, #smem, mutable>
      nvws.semaphore.release %52, %arg78 [#nvws.async_op<tma_load>] {loop.cluster = 5 : i32, loop.stage = 0 : i32, ttg.partition = array<i32: 2>} : <[!ttg.memdesc<1x128x128xf8E4M3FN, #shared1, #smem, mutable>]>, !ttg.async.token
      %72 = tt.expand_dims %68#3 {axis = 1 : i32, loop.cluster = 2 : i32, loop.stage = 2 : i32, ttg.partition = array<i32: 1>} : tensor<128xi1, #ttg.slice<{dim = 1, parent = #blocked1}>> -> tensor<128x1xi1, #blocked1>
      %73 = tt.broadcast %72 {loop.cluster = 2 : i32, loop.stage = 2 : i32, ttg.partition = array<i32: 1>} : tensor<128x1xi1, #blocked1> -> tensor<128x4xi1, #blocked1>
      %74 = tt.load %68#6, %73, %cst_16 {loop.cluster = 2 : i32, loop.stage = 2 : i32, ttg.partition = array<i32: 1>} : tensor<128x4x!tt.ptr<i8>, #blocked1>
      %75 = ttg.local_alloc %74 {loop.cluster = 2 : i32, loop.stage = 2 : i32, ttg.partition = array<i32: 1>} : (tensor<128x4xi8, #blocked1>) -> !ttg.memdesc<128x4xi8, #shared5, #smem>
      %76 = ttg.local_load %75 {loop.cluster = 2 : i32, loop.stage = 2 : i32, ttg.partition = array<i32: 1>} : !ttg.memdesc<128x4xi8, #shared5, #smem> -> tensor<128x4xi8, #linear2>
      %77 = nvws.semaphore.buffer %55, %arg79 {loop.cluster = 5 : i32, loop.stage = 0 : i32, ttg.partition = array<i32: 2>} : <[!ttg.memdesc<1x256x64xi8, #shared4, #smem, mutable>]>, !ttg.async.token -> !ttg.memdesc<256x64xi8, #shared4, #smem, mutable>
      nvws.descriptor_load %arg30[%68#1, %68#2, %70] 16384 %77 {loop.cluster = 5 : i32, loop.stage = 0 : i32, ttg.partition = array<i32: 2>} : !tt.tensordesc<tensor<1x256x64xui8, #shared2>>, i32, i32, i32, !ttg.memdesc<256x64xi8, #shared4, #smem, mutable>
      nvws.semaphore.release %55, %arg79 [#nvws.async_op<tma_load>] {loop.cluster = 5 : i32, loop.stage = 0 : i32, ttg.partition = array<i32: 2>} : <[!ttg.memdesc<1x256x64xi8, #shared4, #smem, mutable>]>, !ttg.async.token
      %78 = ttg.memdesc_trans %57 {loop.cluster = 2 : i32, loop.stage = 2 : i32, order = array<i32: 1, 0>, ttg.partition = array<i32: 1>} : !ttg.memdesc<256x64xi8, #shared4, #smem, mutable> -> !ttg.memdesc<64x256xi8, #shared6, #smem, mutable>
      %79 = arith.divsi %70, %c16_i32 {loop.cluster = 5 : i32, loop.stage = 0 : i32, ttg.partition = array<i32: 2>} : i32
      %80 = arith.muli %68#1, %43 {loop.cluster = 5 : i32, loop.stage = 0 : i32, ttg.partition = array<i32: 2>} : i32
      %81 = arith.divsi %68#2, %c128_i32 {loop.cluster = 5 : i32, loop.stage = 0 : i32, ttg.partition = array<i32: 2>} : i32
      %82 = arith.addi %80, %81 {loop.cluster = 5 : i32, loop.stage = 0 : i32, ttg.partition = array<i32: 2>} : i32
      %83 = arith.divsi %79, %c4_i32 {loop.cluster = 5 : i32, loop.stage = 0 : i32, ttg.partition = array<i32: 2>} : i32
      %84 = nvws.semaphore.buffer %59, %arg80 {loop.cluster = 5 : i32, loop.stage = 0 : i32, ttg.partition = array<i32: 2>} : <[!ttg.memdesc<1x1x2x1x2x256xi8, #shared3, #smem, mutable>]>, !ttg.async.token -> !ttg.memdesc<1x2x1x2x256xi8, #shared3, #smem, mutable>
      nvws.descriptor_load %arg40[%c0_i32, %82, %83, %c0_i32, %c0_i32] 1024 %84 {loop.cluster = 5 : i32, loop.stage = 0 : i32, ttg.partition = array<i32: 2>} : !tt.tensordesc<tensor<1x2x1x2x256xui8, #shared3>>, i32, i32, i32, i32, i32, !ttg.memdesc<1x2x1x2x256xi8, #shared3, #smem, mutable>
      nvws.semaphore.release %59, %arg80 [#nvws.async_op<tma_load>] {loop.cluster = 5 : i32, loop.stage = 0 : i32, ttg.partition = array<i32: 2>} : <[!ttg.memdesc<1x1x2x1x2x256xi8, #shared3, #smem, mutable>]>, !ttg.async.token
      %result_19 = ttng.tmem_alloc %76 {loop.cluster = 2 : i32, loop.stage = 2 : i32, ttg.partition = array<i32: 1>} : (tensor<128x4xi8, #linear2>) -> !ttg.memdesc<128x4xi8, #tmem_scales, #ttng.tensor_memory>
      %85 = ttg.memdesc_reshape %61 {loop.cluster = 2 : i32, loop.stage = 2 : i32, ttg.partition = array<i32: 1>} : !ttg.memdesc<1x2x1x2x256xi8, #shared3, #smem, mutable> -> !ttg.memdesc<2x1x32x4x4xi8, #shared7, #smem, mutable>
      %86 = ttg.memdesc_trans %85 {loop.cluster = 2 : i32, loop.stage = 2 : i32, order = array<i32: 0, 3, 2, 1, 4>, ttg.partition = array<i32: 1>} : !ttg.memdesc<2x1x32x4x4xi8, #shared7, #smem, mutable> -> !ttg.memdesc<2x4x32x1x4xi8, #shared8, #smem, mutable>
      %87 = ttg.memdesc_reshape %86 {loop.cluster = 2 : i32, loop.stage = 2 : i32, ttg.partition = array<i32: 1>} : !ttg.memdesc<2x4x32x1x4xi8, #shared8, #smem, mutable> -> !ttg.memdesc<256x4xi8, #shared9, #smem, mutable>
      %88 = nvws.semaphore.buffer %46, %arg77 {loop.cluster = 2 : i32, loop.stage = 2 : i32, ttg.partition = array<i32: 1>} : <[!ttg.memdesc<1x128x256xf32, #tmem, #ttng.tensor_memory, mutable>]>, !ttg.async.token -> !ttg.memdesc<128x256xf32, #tmem, #ttng.tensor_memory, mutable, 1x128x256>
      %89 = nvws.semaphore.acquire %52 {loop.cluster = 2 : i32, loop.stage = 2 : i32, ttg.partition = array<i32: 1>} : <[!ttg.memdesc<1x128x128xf8E4M3FN, #shared1, #smem, mutable>]> -> !ttg.async.token
      %90 = nvws.semaphore.buffer %52, %89 {loop.cluster = 2 : i32, loop.stage = 2 : i32, ttg.partition = array<i32: 1>} : <[!ttg.memdesc<1x128x128xf8E4M3FN, #shared1, #smem, mutable>]>, !ttg.async.token -> !ttg.memdesc<128x128xf8E4M3FN, #shared1, #smem, mutable>
      %91 = nvws.semaphore.acquire %55 {loop.cluster = 2 : i32, loop.stage = 2 : i32, ttg.partition = array<i32: 1>} : <[!ttg.memdesc<1x256x64xi8, #shared4, #smem, mutable>]> -> !ttg.async.token
      %92 = nvws.semaphore.buffer %55, %91 {loop.cluster = 2 : i32, loop.stage = 2 : i32, ttg.partition = array<i32: 1>} : <[!ttg.memdesc<1x256x64xi8, #shared4, #smem, mutable>]>, !ttg.async.token -> !ttg.memdesc<256x64xi8, #shared4, #smem, mutable>
      %93 = ttg.memdesc_trans %92 {loop.cluster = 2 : i32, loop.stage = 2 : i32, order = array<i32: 1, 0>, ttg.partition = array<i32: 1>} : !ttg.memdesc<256x64xi8, #shared4, #smem, mutable> -> !ttg.memdesc<64x256xi8, #shared6, #smem, mutable>
      %94 = nvws.semaphore.acquire %59 {loop.cluster = 2 : i32, loop.stage = 2 : i32, ttg.partition = array<i32: 1>} : <[!ttg.memdesc<1x1x2x1x2x256xi8, #shared3, #smem, mutable>]> -> !ttg.async.token
      %95 = nvws.semaphore.buffer %59, %94 {loop.cluster = 2 : i32, loop.stage = 2 : i32, ttg.partition = array<i32: 1>} : <[!ttg.memdesc<1x1x2x1x2x256xi8, #shared3, #smem, mutable>]>, !ttg.async.token -> !ttg.memdesc<1x2x1x2x256xi8, #shared3, #smem, mutable>
      %96 = ttg.memdesc_reshape %95 {loop.cluster = 2 : i32, loop.stage = 2 : i32, ttg.partition = array<i32: 1>} : !ttg.memdesc<1x2x1x2x256xi8, #shared3, #smem, mutable> -> !ttg.memdesc<2x1x32x4x4xi8, #shared7, #smem, mutable>
      %97 = ttg.memdesc_trans %96 {loop.cluster = 2 : i32, loop.stage = 2 : i32, order = array<i32: 0, 3, 2, 1, 4>, ttg.partition = array<i32: 1>} : !ttg.memdesc<2x1x32x4x4xi8, #shared7, #smem, mutable> -> !ttg.memdesc<2x4x32x1x4xi8, #shared8, #smem, mutable>
      %98 = ttg.memdesc_reshape %97 {loop.cluster = 2 : i32, loop.stage = 2 : i32, ttg.partition = array<i32: 1>} : !ttg.memdesc<2x4x32x1x4xi8, #shared8, #smem, mutable> -> !ttg.memdesc<256x4xi8, #shared9, #smem, mutable>
      %99 = ttng.tc_gen5_mma_scaled %90, %93, %88[], %result_19, %98, %arg75, %true lhs = e4m3 rhs = e2m1 {loop.cluster = 2 : i32, loop.stage = 2 : i32, ttg.partition = array<i32: 1>} : !ttg.memdesc<128x128xf8E4M3FN, #shared1, #smem, mutable>, !ttg.memdesc<64x256xi8, #shared6, #smem, mutable>, !ttg.memdesc<128x256xf32, #tmem, #ttng.tensor_memory, mutable, 1x128x256>, !ttg.memdesc<128x4xi8, #tmem_scales, #ttng.tensor_memory>, !ttg.memdesc<256x4xi8, #shared9, #smem, mutable>
      nvws.semaphore.release %60, %94 [#nvws.async_op<tc5mma>] {loop.cluster = 2 : i32, loop.stage = 2 : i32, ttg.partition = array<i32: 1>} : <[!ttg.memdesc<1x1x2x1x2x256xi8, #shared3, #smem, mutable>]>, !ttg.async.token
      %100 = nvws.semaphore.acquire %60 {loop.cluster = 5 : i32, loop.stage = 0 : i32, ttg.partition = array<i32: 2>} : <[!ttg.memdesc<1x1x2x1x2x256xi8, #shared3, #smem, mutable>]> -> !ttg.async.token
      nvws.semaphore.release %56, %91 [#nvws.async_op<tc5mma>] {loop.cluster = 2 : i32, loop.stage = 2 : i32, ttg.partition = array<i32: 1>} : <[!ttg.memdesc<1x256x64xi8, #shared4, #smem, mutable>]>, !ttg.async.token
      %101 = nvws.semaphore.acquire %56 {loop.cluster = 5 : i32, loop.stage = 0 : i32, ttg.partition = array<i32: 2>} : <[!ttg.memdesc<1x256x64xi8, #shared4, #smem, mutable>]> -> !ttg.async.token
      nvws.semaphore.release %53, %89 [#nvws.async_op<tc5mma>] {loop.cluster = 2 : i32, loop.stage = 2 : i32, ttg.partition = array<i32: 1>} : <[!ttg.memdesc<1x128x128xf8E4M3FN, #shared1, #smem, mutable>]>, !ttg.async.token
      %102 = nvws.semaphore.acquire %53 {loop.cluster = 5 : i32, loop.stage = 0 : i32, ttg.partition = array<i32: 2>} : <[!ttg.memdesc<1x128x128xf8E4M3FN, #shared1, #smem, mutable>]> -> !ttg.async.token
      %103 = tt.addptr %68#6, %cst_15 {loop.cluster = 0 : i32, loop.stage = 1 : i32, ttg.partition = array<i32: 1>} : tensor<128x4x!tt.ptr<i8>, #blocked1>, tensor<128x4xi32, #blocked1>
      %104 = arith.addi %67, %c1_i32 {loop.cluster = 4 : i32, loop.stage = 1 : i32, ttg.partition = array<i32: 2>} : i32
      %105 = arith.cmpi eq, %arg64, %44 {loop.cluster = 6 : i32, loop.stage = 2 : i32, ttg.partition = array<i32: 0, 1>} : i32
      %106 = arith.select %105, %false, %true {loop.cluster = 6 : i32, loop.stage = 2 : i32, ttg.partition = array<i32: 1>} : i1
      scf.if %105 {
        nvws.semaphore.release %46, %arg77 [#nvws.async_op<tc5mma>] {loop.cluster = 2 : i32, loop.stage = 2 : i32, ttg.partition = array<i32: 1>} : <[!ttg.memdesc<1x128x256xf32, #tmem, #ttng.tensor_memory, mutable>]>, !ttg.async.token
      } {loop.cluster = 2 : i32, loop.stage = 2 : i32, ttg.partition = array<i32: 1>}
      %107:3 = scf.if %105 -> (i32, !ttg.async.token, !ttg.async.token) {
        %111 = arith.addi %arg66, %c10_i32 {ttg.partition = array<i32: 0>} : i32
        %112 = arith.remsi %111, %5 {ttg.partition = array<i32: 0>} : i32
        %113 = arith.divsi %112, %c8_i32 {ttg.partition = array<i32: 0>} : i32
        %114 = arith.muli %113, %c8_i32 {ttg.partition = array<i32: 0>} : i32
        %115 = arith.subi %5, %114 {ttg.partition = array<i32: 0>} : i32
        %116 = arith.minsi %115, %c8_i32 {ttg.partition = array<i32: 0>} : i32
        %117 = arith.cmpi sge, %116, %c0_i32 {ttg.partition = array<i32: 0>} : i32
        llvm.intr.assume %117 : i1 {ttg.partition = array<i32: 0>}
        %118 = arith.remsi %112, %c8_i32 {ttg.partition = array<i32: 0>} : i32
        %119 = arith.divsi %118, %116 {ttg.partition = array<i32: 0>} : i32
        %120 = tt.load %68#0 {ttg.partition = array<i32: 0>} : !tt.ptr<i32>
        %121 = arith.andi %120, %c65535_i32 {ttg.partition = array<i32: 0>} : i32
        %122 = arith.shrsi %120, %c16_i32 {ttg.partition = array<i32: 0>} : i32
        %123 = tt.addptr %arg58, %121 {ttg.partition = array<i32: 0>} : !tt.ptr<i32>, i32
        %124 = tt.load %123 {ttg.partition = array<i32: 0>} : !tt.ptr<i32>
        %125 = arith.muli %122, %c128_i32 {ttg.partition = array<i32: 0>} : i32
        %126 = arith.muli %119, %c256_i32 {ttg.partition = array<i32: 0>} : i32
        %127 = tt.addptr %arg57, %121 {ttg.partition = array<i32: 0>} : !tt.ptr<i32>, i32
        %128 = tt.load %127 {ttg.partition = array<i32: 0>} : !tt.ptr<i32>
        %129 = tt.splat %125 {ttg.partition = array<i32: 0>} : i32 -> tensor<128xi32, #ttg.slice<{dim = 1, parent = #blocked4}>>
        %130 = tt.splat %125 {ttg.partition = array<i32: 0>} : i32 -> tensor<128xi32, #ttg.slice<{dim = 1, parent = #linear}>>
        %131 = tt.splat %125 {ttg.partition = array<i32: 0>} : i32 -> tensor<128xi32, #ttg.slice<{dim = 1, parent = #blocked3}>>
        %132 = arith.addi %129, %9 {ttg.partition = array<i32: 0>} : tensor<128xi32, #ttg.slice<{dim = 1, parent = #blocked4}>>
        %133 = arith.addi %130, %10 {ttg.partition = array<i32: 0>} : tensor<128xi32, #ttg.slice<{dim = 1, parent = #linear}>>
        %134 = arith.addi %131, %11 {ttg.partition = array<i32: 0>} : tensor<128xi32, #ttg.slice<{dim = 1, parent = #blocked3}>>
        %135 = tt.splat %128 {ttg.partition = array<i32: 0>} : i32 -> tensor<128xi32, #ttg.slice<{dim = 1, parent = #blocked4}>>
        %136 = tt.splat %128 {ttg.partition = array<i32: 0>} : i32 -> tensor<128xi32, #ttg.slice<{dim = 1, parent = #linear}>>
        %137 = tt.splat %128 {ttg.partition = array<i32: 0>} : i32 -> tensor<128xi32, #ttg.slice<{dim = 1, parent = #blocked3}>>
        %138 = arith.cmpi slt, %132, %135 {ttg.partition = array<i32: 0>} : tensor<128xi32, #ttg.slice<{dim = 1, parent = #blocked4}>>
        %139 = arith.cmpi slt, %133, %136 {ttg.partition = array<i32: 0>} : tensor<128xi32, #ttg.slice<{dim = 1, parent = #linear}>>
        %140 = arith.cmpi slt, %134, %137 {ttg.partition = array<i32: 0>} : tensor<128xi32, #ttg.slice<{dim = 1, parent = #blocked3}>>
        %141 = tt.splat %126 {ttg.partition = array<i32: 0>} : i32 -> tensor<256xi32, #blocked6>
        %142 = arith.addi %141, %24 {ttg.partition = array<i32: 0>} : tensor<256xi32, #blocked6>
        %143 = arith.cmpi slt, %142, %25 {ttg.partition = array<i32: 0>} : tensor<256xi32, #blocked6>
        %144 = arith.muli %121, %arg52 {ttg.partition = array<i32: 0>} : i32
        %145 = tt.addptr %arg51, %144 {ttg.partition = array<i32: 0>} : !tt.ptr<f32>, i32
        %146 = tt.splat %145 {ttg.partition = array<i32: 0>} : !tt.ptr<f32> -> tensor<256x!tt.ptr<f32>, #blocked6>
        %147 = tt.addptr %146, %142 {ttg.partition = array<i32: 0>} : tensor<256x!tt.ptr<f32>, #blocked6>, tensor<256xi32, #blocked6>
        %148 = tt.load %147, %143, %cst_17 {ttg.partition = array<i32: 0>} : tensor<256x!tt.ptr<f32>, #blocked6>
        %149 = nvws.semaphore.acquire %46 {ttg.partition = array<i32: 0>} : <[!ttg.memdesc<1x128x256xf32, #tmem, #ttng.tensor_memory, mutable>]> -> !ttg.async.token
        %150 = nvws.semaphore.buffer %46, %149 {ttg.partition = array<i32: 0>} : <[!ttg.memdesc<1x128x256xf32, #tmem, #ttng.tensor_memory, mutable>]>, !ttg.async.token -> !ttg.memdesc<128x256xf32, #tmem, #ttng.tensor_memory, mutable, 1x128x256>
        %result_20, %token = ttng.tmem_load %150[] {ttg.partition = array<i32: 0>} : !ttg.memdesc<128x256xf32, #tmem, #ttng.tensor_memory, mutable, 1x128x256> -> tensor<128x256xf32, #linear1>
        nvws.semaphore.release %47, %149 [#nvws.async_op<none>] {ttg.partition = array<i32: 0>} : <[!ttg.memdesc<1x128x256xf32, #tmem, #ttng.tensor_memory, mutable>]>, !ttg.async.token
        %151 = nvws.semaphore.acquire %47 {loop.cluster = 2 : i32, loop.stage = 2 : i32, ttg.partition = array<i32: 1>} : <[!ttg.memdesc<1x128x256xf32, #tmem, #ttng.tensor_memory, mutable>]> -> !ttg.async.token
        %152 = tt.reshape %result_20 {ttg.partition = array<i32: 0>} : tensor<128x256xf32, #linear1> -> tensor<128x2x128xf32, #linear3>
        %153 = tt.trans %152 {order = array<i32: 0, 2, 1>, ttg.partition = array<i32: 0>} : tensor<128x2x128xf32, #linear3> -> tensor<128x128x2xf32, #linear4>
        %154 = ttg.convert_layout %153 {ttg.partition = array<i32: 0>} : tensor<128x128x2xf32, #linear4> -> tensor<128x128x2xf32, #linear5>
        %155 = ttg.convert_layout %153 {ttg.partition = array<i32: 0>} : tensor<128x128x2xf32, #linear4> -> tensor<128x128x2xf32, #linear6>
        %outLHS, %outRHS = tt.split %154 {ttg.partition = array<i32: 0>} : tensor<128x128x2xf32, #linear5> -> tensor<128x128xf32, #linear7>
        %outLHS_21, %outRHS_22 = tt.split %155 {ttg.partition = array<i32: 0>} : tensor<128x128x2xf32, #linear6> -> tensor<128x128xf32, #linear8>
        %156 = tt.reshape %148 {ttg.partition = array<i32: 0>} : tensor<256xf32, #blocked6> -> tensor<2x128xf32, #blocked7>
        %157 = tt.trans %156 {order = array<i32: 1, 0>, ttg.partition = array<i32: 0>} : tensor<2x128xf32, #blocked7> -> tensor<128x2xf32, #blocked8>
        %158 = ttg.convert_layout %157 {ttg.partition = array<i32: 0>} : tensor<128x2xf32, #blocked8> -> tensor<128x2xf32, #linear9>
        %159 = ttg.convert_layout %157 {ttg.partition = array<i32: 0>} : tensor<128x2xf32, #blocked8> -> tensor<128x2xf32, #linear10>
        %outLHS_23, %outRHS_24 = tt.split %158 {ttg.partition = array<i32: 0>} : tensor<128x2xf32, #linear9> -> tensor<128xf32, #linear11>
        %outLHS_25, %outRHS_26 = tt.split %159 {ttg.partition = array<i32: 0>} : tensor<128x2xf32, #linear10> -> tensor<128xf32, #linear12>
        %160 = tt.reshape %outLHS {ttg.partition = array<i32: 0>} : tensor<128x128xf32, #linear7> -> tensor<128x2x64xf32, #blocked9>
        %161 = tt.reshape %outLHS_21 {ttg.partition = array<i32: 0>} : tensor<128x128xf32, #linear8> -> tensor<128x2x64xf32, #linear13>
        %162 = tt.trans %160 {order = array<i32: 0, 2, 1>, ttg.partition = array<i32: 0>} : tensor<128x2x64xf32, #blocked9> -> tensor<128x64x2xf32, #blocked10>
        %163 = tt.trans %161 {order = array<i32: 0, 2, 1>, ttg.partition = array<i32: 0>} : tensor<128x2x64xf32, #linear13> -> tensor<128x64x2xf32, #linear14>
        %164 = tt.reshape %outRHS {ttg.partition = array<i32: 0>} : tensor<128x128xf32, #linear7> -> tensor<128x2x64xf32, #blocked9>
        %165 = tt.reshape %outRHS_22 {ttg.partition = array<i32: 0>} : tensor<128x128xf32, #linear8> -> tensor<128x2x64xf32, #linear13>
        %166 = tt.trans %164 {order = array<i32: 0, 2, 1>, ttg.partition = array<i32: 0>} : tensor<128x2x64xf32, #blocked9> -> tensor<128x64x2xf32, #blocked10>
        %167 = tt.trans %165 {order = array<i32: 0, 2, 1>, ttg.partition = array<i32: 0>} : tensor<128x2x64xf32, #linear13> -> tensor<128x64x2xf32, #linear14>
        %outLHS_27, %outRHS_28 = tt.split %162 {ttg.partition = array<i32: 0>} : tensor<128x64x2xf32, #blocked10> -> tensor<128x64xf32, #blocked4>
        %outLHS_29, %outRHS_30 = tt.split %163 {ttg.partition = array<i32: 0>} : tensor<128x64x2xf32, #linear14> -> tensor<128x64xf32, #linear>
        %outLHS_31, %outRHS_32 = tt.split %166 {ttg.partition = array<i32: 0>} : tensor<128x64x2xf32, #blocked10> -> tensor<128x64xf32, #blocked4>
        %outLHS_33, %outRHS_34 = tt.split %167 {ttg.partition = array<i32: 0>} : tensor<128x64x2xf32, #linear14> -> tensor<128x64xf32, #linear>
        %168 = tt.reshape %outLHS_23 {ttg.partition = array<i32: 0>} : tensor<128xf32, #linear11> -> tensor<2x64xf32, #linear15>
        %169 = tt.reshape %outLHS_25 {ttg.partition = array<i32: 0>} : tensor<128xf32, #linear12> -> tensor<2x64xf32, #linear16>
        %170 = tt.trans %168 {order = array<i32: 1, 0>, ttg.partition = array<i32: 0>} : tensor<2x64xf32, #linear15> -> tensor<64x2xf32, #linear17>
        %171 = tt.trans %169 {order = array<i32: 1, 0>, ttg.partition = array<i32: 0>} : tensor<2x64xf32, #linear16> -> tensor<64x2xf32, #linear18>
        %outLHS_35, %outRHS_36 = tt.split %170 {ttg.partition = array<i32: 0>} : tensor<64x2xf32, #linear17> -> tensor<64xf32, #ttg.slice<{dim = 0, parent = #blocked4}>>
        %outLHS_37, %outRHS_38 = tt.split %171 {ttg.partition = array<i32: 0>} : tensor<64x2xf32, #linear18> -> tensor<64xf32, #ttg.slice<{dim = 0, parent = #linear}>>
        %172 = tt.reshape %outRHS_24 {ttg.partition = array<i32: 0>} : tensor<128xf32, #linear11> -> tensor<2x64xf32, #linear15>
        %173 = tt.reshape %outRHS_26 {ttg.partition = array<i32: 0>} : tensor<128xf32, #linear12> -> tensor<2x64xf32, #linear16>
        %174 = tt.trans %172 {order = array<i32: 1, 0>, ttg.partition = array<i32: 0>} : tensor<2x64xf32, #linear15> -> tensor<64x2xf32, #linear17>
        %175 = tt.trans %173 {order = array<i32: 1, 0>, ttg.partition = array<i32: 0>} : tensor<2x64xf32, #linear16> -> tensor<64x2xf32, #linear18>
        %outLHS_39, %outRHS_40 = tt.split %174 {ttg.partition = array<i32: 0>} : tensor<64x2xf32, #linear17> -> tensor<64xf32, #ttg.slice<{dim = 0, parent = #blocked4}>>
        %outLHS_41, %outRHS_42 = tt.split %175 {ttg.partition = array<i32: 0>} : tensor<64x2xf32, #linear18> -> tensor<64xf32, #ttg.slice<{dim = 0, parent = #linear}>>
        %176 = tt.expand_dims %outLHS_35 {axis = 0 : i32, ttg.partition = array<i32: 0>} : tensor<64xf32, #ttg.slice<{dim = 0, parent = #blocked4}>> -> tensor<1x64xf32, #blocked4>
        %177 = tt.expand_dims %outLHS_37 {axis = 0 : i32, ttg.partition = array<i32: 0>} : tensor<64xf32, #ttg.slice<{dim = 0, parent = #linear}>> -> tensor<1x64xf32, #linear>
        %178 = tt.broadcast %176 {ttg.partition = array<i32: 0>} : tensor<1x64xf32, #blocked4> -> tensor<128x64xf32, #blocked4>
        %179 = tt.broadcast %177 {ttg.partition = array<i32: 0>} : tensor<1x64xf32, #linear> -> tensor<128x64xf32, #linear>
        %180 = arith.addf %outLHS_27, %178 {ttg.partition = array<i32: 0>} : tensor<128x64xf32, #blocked4>
        %181 = arith.addf %outLHS_29, %179 {ttg.partition = array<i32: 0>} : tensor<128x64xf32, #linear>
        %182 = tt.splat %126 {ttg.partition = array<i32: 0>} : i32 -> tensor<64xi32, #ttg.slice<{dim = 0, parent = #blocked4}>>
        %183 = tt.splat %126 {ttg.partition = array<i32: 0>} : i32 -> tensor<64xi32, #ttg.slice<{dim = 0, parent = #linear}>>
        %184 = arith.addi %182, %26 {ttg.partition = array<i32: 0>} : tensor<64xi32, #ttg.slice<{dim = 0, parent = #blocked4}>>
        %185 = arith.addi %183, %27 {ttg.partition = array<i32: 0>} : tensor<64xi32, #ttg.slice<{dim = 0, parent = #linear}>>
        %186 = arith.cmpi slt, %184, %28 {ttg.partition = array<i32: 0>} : tensor<64xi32, #ttg.slice<{dim = 0, parent = #blocked4}>>
        %187 = arith.cmpi slt, %185, %29 {ttg.partition = array<i32: 0>} : tensor<64xi32, #ttg.slice<{dim = 0, parent = #linear}>>
        %188 = tt.expand_dims %138 {axis = 1 : i32, ttg.partition = array<i32: 0>} : tensor<128xi1, #ttg.slice<{dim = 1, parent = #blocked4}>> -> tensor<128x1xi1, #blocked4>
        %189 = tt.expand_dims %139 {axis = 1 : i32, ttg.partition = array<i32: 0>} : tensor<128xi1, #ttg.slice<{dim = 1, parent = #linear}>> -> tensor<128x1xi1, #linear>
        %190 = tt.expand_dims %140 {axis = 1 : i32, ttg.partition = array<i32: 0>} : tensor<128xi1, #ttg.slice<{dim = 1, parent = #blocked3}>> -> tensor<128x1xi1, #blocked3>
        %191 = tt.expand_dims %186 {axis = 0 : i32, ttg.partition = array<i32: 0>} : tensor<64xi1, #ttg.slice<{dim = 0, parent = #blocked4}>> -> tensor<1x64xi1, #blocked4>
        %192 = tt.expand_dims %187 {axis = 0 : i32, ttg.partition = array<i32: 0>} : tensor<64xi1, #ttg.slice<{dim = 0, parent = #linear}>> -> tensor<1x64xi1, #linear>
        %193 = tt.broadcast %188 {ttg.partition = array<i32: 0>} : tensor<128x1xi1, #blocked4> -> tensor<128x64xi1, #blocked4>
        %194 = tt.broadcast %189 {ttg.partition = array<i32: 0>} : tensor<128x1xi1, #linear> -> tensor<128x64xi1, #linear>
        %195 = tt.broadcast %191 {ttg.partition = array<i32: 0>} : tensor<1x64xi1, #blocked4> -> tensor<128x64xi1, #blocked4>
        %196 = tt.broadcast %192 {ttg.partition = array<i32: 0>} : tensor<1x64xi1, #linear> -> tensor<128x64xi1, #linear>
        %197 = arith.andi %193, %195 {ttg.partition = array<i32: 0>} : tensor<128x64xi1, #blocked4>
        %198 = arith.andi %194, %196 {ttg.partition = array<i32: 0>} : tensor<128x64xi1, #linear>
        %199 = math.absf %180 {ttg.partition = array<i32: 0>} : tensor<128x64xf32, #blocked4>
        %200 = math.absf %181 {ttg.partition = array<i32: 0>} : tensor<128x64xf32, #linear>
        %201 = arith.select %197, %199, %cst_14 {ttg.partition = array<i32: 0>} : tensor<128x64xi1, #blocked4>, tensor<128x64xf32, #blocked4>
        %202 = arith.select %198, %200, %cst_1 {ttg.partition = array<i32: 0>} : tensor<128x64xi1, #linear>, tensor<128x64xf32, #linear>
        %203 = tt.reshape %201 {ttg.partition = array<i32: 0>} : tensor<128x64xf32, #blocked4> -> tensor<128x2x32xf32, #blocked5>
        %204 = tt.reshape %202 {ttg.partition = array<i32: 0>} : tensor<128x64xf32, #linear> -> tensor<128x2x32xf32, #blocked2>
        %205 = "tt.reduce"(%203) <{axis = 2 : i32, reduction_ordering = "unordered"}> ({
        ^bb0(%arg81: f32, %arg82: f32):
          %440 = arith.maxnumf %arg81, %arg82 {ttg.partition = array<i32: 0>} : f32
          tt.reduce.return %440 {ttg.partition = array<i32: 0>} : f32
        }) {ttg.partition = array<i32: 0>, ttg.partition.outputs = [array<i32: 0>]} : (tensor<128x2x32xf32, #blocked5>) -> tensor<128x2xf32, #ttg.slice<{dim = 2, parent = #blocked5}>>
        %206 = "tt.reduce"(%204) <{axis = 2 : i32, reduction_ordering = "unordered"}> ({
        ^bb0(%arg81: f32, %arg82: f32):
          %440 = arith.maxnumf %arg81, %arg82 {ttg.partition = array<i32: 0>} : f32
          tt.reduce.return %440 {ttg.partition = array<i32: 0>} : f32
        }) {ttg.partition = array<i32: 0>, ttg.partition.outputs = [array<i32: 0>]} : (tensor<128x2x32xf32, #blocked2>) -> tensor<128x2xf32, #ttg.slice<{dim = 2, parent = #blocked2}>>
        %207 = tt.expand_dims %205 {axis = 2 : i32, ttg.partition = array<i32: 0>} : tensor<128x2xf32, #ttg.slice<{dim = 2, parent = #blocked5}>> -> tensor<128x2x1xf32, #blocked5>
        %208 = tt.expand_dims %206 {axis = 2 : i32, ttg.partition = array<i32: 0>} : tensor<128x2xf32, #ttg.slice<{dim = 2, parent = #blocked2}>> -> tensor<128x2x1xf32, #blocked2>
        %209 = arith.divf %207, %cst_13 {ttg.partition = array<i32: 0>} : tensor<128x2x1xf32, #blocked5>
        %210 = arith.divf %208, %cst_2 {ttg.partition = array<i32: 0>} : tensor<128x2x1xf32, #blocked2>
        %211 = tt.bitcast %209 {ttg.partition = array<i32: 0>} : tensor<128x2x1xf32, #blocked5> -> tensor<128x2x1xi32, #blocked5>
        %212 = tt.bitcast %210 {ttg.partition = array<i32: 0>} : tensor<128x2x1xf32, #blocked2> -> tensor<128x2x1xi32, #blocked2>
        %213 = arith.addi %211, %cst_12 {ttg.partition = array<i32: 0>} : tensor<128x2x1xi32, #blocked5>
        %214 = arith.addi %212, %cst_3 {ttg.partition = array<i32: 0>} : tensor<128x2x1xi32, #blocked2>
        %215 = arith.andi %213, %cst_11 {ttg.partition = array<i32: 0>} : tensor<128x2x1xi32, #blocked5>
        %216 = arith.andi %214, %cst_4 {ttg.partition = array<i32: 0>} : tensor<128x2x1xi32, #blocked2>
        %217 = tt.bitcast %215 {ttg.partition = array<i32: 0>} : tensor<128x2x1xi32, #blocked5> -> tensor<128x2x1xf32, #blocked5>
        %218 = arith.cmpf oeq, %217, %cst_9 {ttg.partition = array<i32: 0>} : tensor<128x2x1xf32, #blocked5>
        %219 = arith.divf %cst_10, %217 {ttg.partition = array<i32: 0>} : tensor<128x2x1xf32, #blocked5>
        %220 = arith.select %218, %cst_9, %219 {ttg.partition = array<i32: 0>} : tensor<128x2x1xi1, #blocked5>, tensor<128x2x1xf32, #blocked5>
        %221 = tt.reshape %180 {ttg.partition = array<i32: 0>} : tensor<128x64xf32, #blocked4> -> tensor<128x2x32xf32, #blocked5>
        %222 = tt.broadcast %220 {ttg.partition = array<i32: 0>} : tensor<128x2x1xf32, #blocked5> -> tensor<128x2x32xf32, #blocked5>
        %223 = arith.mulf %221, %222 {ttg.partition = array<i32: 0>} : tensor<128x2x32xf32, #blocked5>
        %224 = tt.reshape %223 {ttg.partition = array<i32: 0>} : tensor<128x2x32xf32, #blocked5> -> tensor<128x64xf32, #blocked4>
        %225 = arith.select %197, %224, %cst_8 {ttg.partition = array<i32: 0>} : tensor<128x64xi1, #blocked4>, tensor<128x64xf32, #blocked4>
        %226 = tt.reshape %216 {ttg.partition = array<i32: 0>} : tensor<128x2x1xi32, #blocked2> -> tensor<128x2xi32, #blocked3>
        %227 = arith.shrui %226, %cst_5 {ttg.partition = array<i32: 0>} : tensor<128x2xi32, #blocked3>
        %228 = arith.trunci %227 {ttg.partition = array<i32: 0>} : tensor<128x2xi32, #blocked3> to tensor<128x2xi8, #blocked3>
        %229 = tt.fp_to_fp %225, rounding = rtne {ttg.partition = array<i32: 0>} : tensor<128x64xf32, #blocked4> -> tensor<128x64xf8E4M3FN, #blocked4>
        %230 = arith.divsi %126, %c32_i32 {ttg.partition = array<i32: 0>} : i32
        %231 = tt.splat %230 {ttg.partition = array<i32: 0>} : i32 -> tensor<2xi32, #ttg.slice<{dim = 0, parent = #blocked3}>>
        %232 = arith.addi %231, %30 {ttg.partition = array<i32: 0>} : tensor<2xi32, #ttg.slice<{dim = 0, parent = #blocked3}>>
        %233 = arith.cmpi slt, %232, %33 {ttg.partition = array<i32: 0>} : tensor<2xi32, #ttg.slice<{dim = 0, parent = #blocked3}>>
        %234 = arith.addi %124, %125 {ttg.partition = array<i32: 0>} : i32
        %235 = tt.splat %234 {ttg.partition = array<i32: 0>} : i32 -> tensor<128xi32, #ttg.slice<{dim = 1, parent = #blocked3}>>
        %236 = arith.addi %235, %11 {ttg.partition = array<i32: 0>} : tensor<128xi32, #ttg.slice<{dim = 1, parent = #blocked3}>>
        %237 = arith.extsi %236 {ttg.partition = array<i32: 0>} : tensor<128xi32, #ttg.slice<{dim = 1, parent = #blocked3}>> to tensor<128xi64, #ttg.slice<{dim = 1, parent = #blocked3}>>
        %238 = tt.expand_dims %237 {axis = 1 : i32, ttg.partition = array<i32: 0>} : tensor<128xi64, #ttg.slice<{dim = 1, parent = #blocked3}>> -> tensor<128x1xi64, #blocked3>
        %239 = arith.muli %238, %35 {ttg.partition = array<i32: 0>} : tensor<128x1xi64, #blocked3>
        %240 = tt.addptr %36, %239 {ttg.partition = array<i32: 0>} : tensor<128x1x!tt.ptr<i8>, #blocked3>, tensor<128x1xi64, #blocked3>
        %241 = arith.extsi %232 {ttg.partition = array<i32: 0>} : tensor<2xi32, #ttg.slice<{dim = 0, parent = #blocked3}>> to tensor<2xi64, #ttg.slice<{dim = 0, parent = #blocked3}>>
        %242 = tt.expand_dims %241 {axis = 0 : i32, ttg.partition = array<i32: 0>} : tensor<2xi64, #ttg.slice<{dim = 0, parent = #blocked3}>> -> tensor<1x2xi64, #blocked3>
        %243 = tt.broadcast %240 {ttg.partition = array<i32: 0>} : tensor<128x1x!tt.ptr<i8>, #blocked3> -> tensor<128x2x!tt.ptr<i8>, #blocked3>
        %244 = tt.broadcast %242 {ttg.partition = array<i32: 0>} : tensor<1x2xi64, #blocked3> -> tensor<128x2xi64, #blocked3>
        %245 = tt.addptr %243, %244 {ttg.partition = array<i32: 0>} : tensor<128x2x!tt.ptr<i8>, #blocked3>, tensor<128x2xi64, #blocked3>
        %246 = tt.expand_dims %233 {axis = 0 : i32, ttg.partition = array<i32: 0>} : tensor<2xi1, #ttg.slice<{dim = 0, parent = #blocked3}>> -> tensor<1x2xi1, #blocked3>
        %247 = tt.broadcast %190 {ttg.partition = array<i32: 0>} : tensor<128x1xi1, #blocked3> -> tensor<128x2xi1, #blocked3>
        %248 = tt.broadcast %246 {ttg.partition = array<i32: 0>} : tensor<1x2xi1, #blocked3> -> tensor<128x2xi1, #blocked3>
        %249 = arith.andi %247, %248 {ttg.partition = array<i32: 0>} : tensor<128x2xi1, #blocked3>
        tt.store %245, %228, %249 {ttg.partition = array<i32: 0>} : tensor<128x2x!tt.ptr<i8>, #blocked3>
        %250 = arith.subi %c1073741824_i32, %128 {ttg.partition = array<i32: 0>} : i32
        %251 = arith.addi %250, %125 {ttg.partition = array<i32: 0>} : i32
        %252 = arith.addi %124, %128 {ttg.partition = array<i32: 0>} : i32
        %253 = tt.reshape %229 {ttg.partition = array<i32: 0>} : tensor<128x64xf8E4M3FN, #blocked4> -> tensor<1x1x1x128x64xf8E4M3FN, #blocked11>
        tt.descriptor_store %3[%c1073741824_i32, %252, %c0_i32, %251, %126], %253 {ttg.partition = array<i32: 0>} : !tt.tensordesc<tensor<1x1x1x128x64xf8E4M3FN, #shared>>, tensor<1x1x1x128x64xf8E4M3FN, #blocked11>
        %254 = tt.expand_dims %outRHS_36 {axis = 0 : i32, ttg.partition = array<i32: 0>} : tensor<64xf32, #ttg.slice<{dim = 0, parent = #blocked4}>> -> tensor<1x64xf32, #blocked4>
        %255 = tt.expand_dims %outRHS_38 {axis = 0 : i32, ttg.partition = array<i32: 0>} : tensor<64xf32, #ttg.slice<{dim = 0, parent = #linear}>> -> tensor<1x64xf32, #linear>
        %256 = tt.broadcast %254 {ttg.partition = array<i32: 0>} : tensor<1x64xf32, #blocked4> -> tensor<128x64xf32, #blocked4>
        %257 = tt.broadcast %255 {ttg.partition = array<i32: 0>} : tensor<1x64xf32, #linear> -> tensor<128x64xf32, #linear>
        %258 = arith.addf %outRHS_28, %256 {ttg.partition = array<i32: 0>} : tensor<128x64xf32, #blocked4>
        %259 = arith.addf %outRHS_30, %257 {ttg.partition = array<i32: 0>} : tensor<128x64xf32, #linear>
        %260 = arith.addi %126, %c64_i32 {ttg.partition = array<i32: 0>} : i32
        %261 = tt.splat %260 {ttg.partition = array<i32: 0>} : i32 -> tensor<64xi32, #ttg.slice<{dim = 0, parent = #blocked4}>>
        %262 = tt.splat %260 {ttg.partition = array<i32: 0>} : i32 -> tensor<64xi32, #ttg.slice<{dim = 0, parent = #linear}>>
        %263 = arith.addi %261, %26 {ttg.partition = array<i32: 0>} : tensor<64xi32, #ttg.slice<{dim = 0, parent = #blocked4}>>
        %264 = arith.addi %262, %27 {ttg.partition = array<i32: 0>} : tensor<64xi32, #ttg.slice<{dim = 0, parent = #linear}>>
        %265 = arith.cmpi slt, %263, %28 {ttg.partition = array<i32: 0>} : tensor<64xi32, #ttg.slice<{dim = 0, parent = #blocked4}>>
        %266 = arith.cmpi slt, %264, %29 {ttg.partition = array<i32: 0>} : tensor<64xi32, #ttg.slice<{dim = 0, parent = #linear}>>
        %267 = tt.expand_dims %265 {axis = 0 : i32, ttg.partition = array<i32: 0>} : tensor<64xi1, #ttg.slice<{dim = 0, parent = #blocked4}>> -> tensor<1x64xi1, #blocked4>
        %268 = tt.expand_dims %266 {axis = 0 : i32, ttg.partition = array<i32: 0>} : tensor<64xi1, #ttg.slice<{dim = 0, parent = #linear}>> -> tensor<1x64xi1, #linear>
        %269 = tt.broadcast %267 {ttg.partition = array<i32: 0>} : tensor<1x64xi1, #blocked4> -> tensor<128x64xi1, #blocked4>
        %270 = tt.broadcast %268 {ttg.partition = array<i32: 0>} : tensor<1x64xi1, #linear> -> tensor<128x64xi1, #linear>
        %271 = arith.andi %193, %269 {ttg.partition = array<i32: 0>} : tensor<128x64xi1, #blocked4>
        %272 = arith.andi %194, %270 {ttg.partition = array<i32: 0>} : tensor<128x64xi1, #linear>
        %273 = math.absf %258 {ttg.partition = array<i32: 0>} : tensor<128x64xf32, #blocked4>
        %274 = math.absf %259 {ttg.partition = array<i32: 0>} : tensor<128x64xf32, #linear>
        %275 = arith.select %271, %273, %cst_14 {ttg.partition = array<i32: 0>} : tensor<128x64xi1, #blocked4>, tensor<128x64xf32, #blocked4>
        %276 = arith.select %272, %274, %cst_1 {ttg.partition = array<i32: 0>} : tensor<128x64xi1, #linear>, tensor<128x64xf32, #linear>
        %277 = tt.reshape %275 {ttg.partition = array<i32: 0>} : tensor<128x64xf32, #blocked4> -> tensor<128x2x32xf32, #blocked5>
        %278 = tt.reshape %276 {ttg.partition = array<i32: 0>} : tensor<128x64xf32, #linear> -> tensor<128x2x32xf32, #blocked2>
        %279 = "tt.reduce"(%277) <{axis = 2 : i32, reduction_ordering = "unordered"}> ({
        ^bb0(%arg81: f32, %arg82: f32):
          %440 = arith.maxnumf %arg81, %arg82 {ttg.partition = array<i32: 0>} : f32
          tt.reduce.return %440 {ttg.partition = array<i32: 0>} : f32
        }) {ttg.partition = array<i32: 0>, ttg.partition.outputs = [array<i32: 0>]} : (tensor<128x2x32xf32, #blocked5>) -> tensor<128x2xf32, #ttg.slice<{dim = 2, parent = #blocked5}>>
        %280 = "tt.reduce"(%278) <{axis = 2 : i32, reduction_ordering = "unordered"}> ({
        ^bb0(%arg81: f32, %arg82: f32):
          %440 = arith.maxnumf %arg81, %arg82 {ttg.partition = array<i32: 0>} : f32
          tt.reduce.return %440 {ttg.partition = array<i32: 0>} : f32
        }) {ttg.partition = array<i32: 0>, ttg.partition.outputs = [array<i32: 0>]} : (tensor<128x2x32xf32, #blocked2>) -> tensor<128x2xf32, #ttg.slice<{dim = 2, parent = #blocked2}>>
        %281 = tt.expand_dims %279 {axis = 2 : i32, ttg.partition = array<i32: 0>} : tensor<128x2xf32, #ttg.slice<{dim = 2, parent = #blocked5}>> -> tensor<128x2x1xf32, #blocked5>
        %282 = tt.expand_dims %280 {axis = 2 : i32, ttg.partition = array<i32: 0>} : tensor<128x2xf32, #ttg.slice<{dim = 2, parent = #blocked2}>> -> tensor<128x2x1xf32, #blocked2>
        %283 = arith.divf %281, %cst_13 {ttg.partition = array<i32: 0>} : tensor<128x2x1xf32, #blocked5>
        %284 = arith.divf %282, %cst_2 {ttg.partition = array<i32: 0>} : tensor<128x2x1xf32, #blocked2>
        %285 = tt.bitcast %283 {ttg.partition = array<i32: 0>} : tensor<128x2x1xf32, #blocked5> -> tensor<128x2x1xi32, #blocked5>
        %286 = tt.bitcast %284 {ttg.partition = array<i32: 0>} : tensor<128x2x1xf32, #blocked2> -> tensor<128x2x1xi32, #blocked2>
        %287 = arith.addi %285, %cst_12 {ttg.partition = array<i32: 0>} : tensor<128x2x1xi32, #blocked5>
        %288 = arith.addi %286, %cst_3 {ttg.partition = array<i32: 0>} : tensor<128x2x1xi32, #blocked2>
        %289 = arith.andi %287, %cst_11 {ttg.partition = array<i32: 0>} : tensor<128x2x1xi32, #blocked5>
        %290 = arith.andi %288, %cst_4 {ttg.partition = array<i32: 0>} : tensor<128x2x1xi32, #blocked2>
        %291 = tt.bitcast %289 {ttg.partition = array<i32: 0>} : tensor<128x2x1xi32, #blocked5> -> tensor<128x2x1xf32, #blocked5>
        %292 = arith.cmpf oeq, %291, %cst_9 {ttg.partition = array<i32: 0>} : tensor<128x2x1xf32, #blocked5>
        %293 = arith.divf %cst_10, %291 {ttg.partition = array<i32: 0>} : tensor<128x2x1xf32, #blocked5>
        %294 = arith.select %292, %cst_9, %293 {ttg.partition = array<i32: 0>} : tensor<128x2x1xi1, #blocked5>, tensor<128x2x1xf32, #blocked5>
        %295 = tt.reshape %258 {ttg.partition = array<i32: 0>} : tensor<128x64xf32, #blocked4> -> tensor<128x2x32xf32, #blocked5>
        %296 = tt.broadcast %294 {ttg.partition = array<i32: 0>} : tensor<128x2x1xf32, #blocked5> -> tensor<128x2x32xf32, #blocked5>
        %297 = arith.mulf %295, %296 {ttg.partition = array<i32: 0>} : tensor<128x2x32xf32, #blocked5>
        %298 = tt.reshape %297 {ttg.partition = array<i32: 0>} : tensor<128x2x32xf32, #blocked5> -> tensor<128x64xf32, #blocked4>
        %299 = arith.select %271, %298, %cst_8 {ttg.partition = array<i32: 0>} : tensor<128x64xi1, #blocked4>, tensor<128x64xf32, #blocked4>
        %300 = tt.reshape %290 {ttg.partition = array<i32: 0>} : tensor<128x2x1xi32, #blocked2> -> tensor<128x2xi32, #blocked3>
        %301 = arith.shrui %300, %cst_5 {ttg.partition = array<i32: 0>} : tensor<128x2xi32, #blocked3>
        %302 = arith.trunci %301 {ttg.partition = array<i32: 0>} : tensor<128x2xi32, #blocked3> to tensor<128x2xi8, #blocked3>
        %303 = tt.fp_to_fp %299, rounding = rtne {ttg.partition = array<i32: 0>} : tensor<128x64xf32, #blocked4> -> tensor<128x64xf8E4M3FN, #blocked4>
        %304 = arith.addi %230, %c2_i32 {ttg.partition = array<i32: 0>} : i32
        %305 = tt.splat %304 {ttg.partition = array<i32: 0>} : i32 -> tensor<2xi32, #ttg.slice<{dim = 0, parent = #blocked3}>>
        %306 = arith.addi %305, %30 {ttg.partition = array<i32: 0>} : tensor<2xi32, #ttg.slice<{dim = 0, parent = #blocked3}>>
        %307 = arith.cmpi slt, %306, %33 {ttg.partition = array<i32: 0>} : tensor<2xi32, #ttg.slice<{dim = 0, parent = #blocked3}>>
        %308 = arith.extsi %306 {ttg.partition = array<i32: 0>} : tensor<2xi32, #ttg.slice<{dim = 0, parent = #blocked3}>> to tensor<2xi64, #ttg.slice<{dim = 0, parent = #blocked3}>>
        %309 = tt.expand_dims %308 {axis = 0 : i32, ttg.partition = array<i32: 0>} : tensor<2xi64, #ttg.slice<{dim = 0, parent = #blocked3}>> -> tensor<1x2xi64, #blocked3>
        %310 = tt.broadcast %309 {ttg.partition = array<i32: 0>} : tensor<1x2xi64, #blocked3> -> tensor<128x2xi64, #blocked3>
        %311 = tt.addptr %243, %310 {ttg.partition = array<i32: 0>} : tensor<128x2x!tt.ptr<i8>, #blocked3>, tensor<128x2xi64, #blocked3>
        %312 = tt.expand_dims %307 {axis = 0 : i32, ttg.partition = array<i32: 0>} : tensor<2xi1, #ttg.slice<{dim = 0, parent = #blocked3}>> -> tensor<1x2xi1, #blocked3>
        %313 = tt.broadcast %312 {ttg.partition = array<i32: 0>} : tensor<1x2xi1, #blocked3> -> tensor<128x2xi1, #blocked3>
        %314 = arith.andi %247, %313 {ttg.partition = array<i32: 0>} : tensor<128x2xi1, #blocked3>
        tt.store %311, %302, %314 {ttg.partition = array<i32: 0>} : tensor<128x2x!tt.ptr<i8>, #blocked3>
        %315 = tt.reshape %303 {ttg.partition = array<i32: 0>} : tensor<128x64xf8E4M3FN, #blocked4> -> tensor<1x1x1x128x64xf8E4M3FN, #blocked11>
        tt.descriptor_store %3[%c1073741824_i32, %252, %c0_i32, %251, %260], %315 {ttg.partition = array<i32: 0>} : !tt.tensordesc<tensor<1x1x1x128x64xf8E4M3FN, #shared>>, tensor<1x1x1x128x64xf8E4M3FN, #blocked11>
        %316 = tt.expand_dims %outLHS_39 {axis = 0 : i32, ttg.partition = array<i32: 0>} : tensor<64xf32, #ttg.slice<{dim = 0, parent = #blocked4}>> -> tensor<1x64xf32, #blocked4>
        %317 = tt.expand_dims %outLHS_41 {axis = 0 : i32, ttg.partition = array<i32: 0>} : tensor<64xf32, #ttg.slice<{dim = 0, parent = #linear}>> -> tensor<1x64xf32, #linear>
        %318 = tt.broadcast %316 {ttg.partition = array<i32: 0>} : tensor<1x64xf32, #blocked4> -> tensor<128x64xf32, #blocked4>
        %319 = tt.broadcast %317 {ttg.partition = array<i32: 0>} : tensor<1x64xf32, #linear> -> tensor<128x64xf32, #linear>
        %320 = arith.addf %outLHS_31, %318 {ttg.partition = array<i32: 0>} : tensor<128x64xf32, #blocked4>
        %321 = arith.addf %outLHS_33, %319 {ttg.partition = array<i32: 0>} : tensor<128x64xf32, #linear>
        %322 = arith.addi %126, %c128_i32 {ttg.partition = array<i32: 0>} : i32
        %323 = tt.splat %322 {ttg.partition = array<i32: 0>} : i32 -> tensor<64xi32, #ttg.slice<{dim = 0, parent = #blocked4}>>
        %324 = tt.splat %322 {ttg.partition = array<i32: 0>} : i32 -> tensor<64xi32, #ttg.slice<{dim = 0, parent = #linear}>>
        %325 = arith.addi %323, %26 {ttg.partition = array<i32: 0>} : tensor<64xi32, #ttg.slice<{dim = 0, parent = #blocked4}>>
        %326 = arith.addi %324, %27 {ttg.partition = array<i32: 0>} : tensor<64xi32, #ttg.slice<{dim = 0, parent = #linear}>>
        %327 = arith.cmpi slt, %325, %28 {ttg.partition = array<i32: 0>} : tensor<64xi32, #ttg.slice<{dim = 0, parent = #blocked4}>>
        %328 = arith.cmpi slt, %326, %29 {ttg.partition = array<i32: 0>} : tensor<64xi32, #ttg.slice<{dim = 0, parent = #linear}>>
        %329 = tt.expand_dims %327 {axis = 0 : i32, ttg.partition = array<i32: 0>} : tensor<64xi1, #ttg.slice<{dim = 0, parent = #blocked4}>> -> tensor<1x64xi1, #blocked4>
        %330 = tt.expand_dims %328 {axis = 0 : i32, ttg.partition = array<i32: 0>} : tensor<64xi1, #ttg.slice<{dim = 0, parent = #linear}>> -> tensor<1x64xi1, #linear>
        %331 = tt.broadcast %329 {ttg.partition = array<i32: 0>} : tensor<1x64xi1, #blocked4> -> tensor<128x64xi1, #blocked4>
        %332 = tt.broadcast %330 {ttg.partition = array<i32: 0>} : tensor<1x64xi1, #linear> -> tensor<128x64xi1, #linear>
        %333 = arith.andi %193, %331 {ttg.partition = array<i32: 0>} : tensor<128x64xi1, #blocked4>
        %334 = arith.andi %194, %332 {ttg.partition = array<i32: 0>} : tensor<128x64xi1, #linear>
        %335 = math.absf %320 {ttg.partition = array<i32: 0>} : tensor<128x64xf32, #blocked4>
        %336 = math.absf %321 {ttg.partition = array<i32: 0>} : tensor<128x64xf32, #linear>
        %337 = arith.select %333, %335, %cst_14 {ttg.partition = array<i32: 0>} : tensor<128x64xi1, #blocked4>, tensor<128x64xf32, #blocked4>
        %338 = arith.select %334, %336, %cst_1 {ttg.partition = array<i32: 0>} : tensor<128x64xi1, #linear>, tensor<128x64xf32, #linear>
        %339 = tt.reshape %337 {ttg.partition = array<i32: 0>} : tensor<128x64xf32, #blocked4> -> tensor<128x2x32xf32, #blocked5>
        %340 = tt.reshape %338 {ttg.partition = array<i32: 0>} : tensor<128x64xf32, #linear> -> tensor<128x2x32xf32, #blocked2>
        %341 = "tt.reduce"(%339) <{axis = 2 : i32, reduction_ordering = "unordered"}> ({
        ^bb0(%arg81: f32, %arg82: f32):
          %440 = arith.maxnumf %arg81, %arg82 {ttg.partition = array<i32: 0>} : f32
          tt.reduce.return %440 {ttg.partition = array<i32: 0>} : f32
        }) {ttg.partition = array<i32: 0>, ttg.partition.outputs = [array<i32: 0>]} : (tensor<128x2x32xf32, #blocked5>) -> tensor<128x2xf32, #ttg.slice<{dim = 2, parent = #blocked5}>>
        %342 = "tt.reduce"(%340) <{axis = 2 : i32, reduction_ordering = "unordered"}> ({
        ^bb0(%arg81: f32, %arg82: f32):
          %440 = arith.maxnumf %arg81, %arg82 {ttg.partition = array<i32: 0>} : f32
          tt.reduce.return %440 {ttg.partition = array<i32: 0>} : f32
        }) {ttg.partition = array<i32: 0>, ttg.partition.outputs = [array<i32: 0>]} : (tensor<128x2x32xf32, #blocked2>) -> tensor<128x2xf32, #ttg.slice<{dim = 2, parent = #blocked2}>>
        %343 = tt.expand_dims %341 {axis = 2 : i32, ttg.partition = array<i32: 0>} : tensor<128x2xf32, #ttg.slice<{dim = 2, parent = #blocked5}>> -> tensor<128x2x1xf32, #blocked5>
        %344 = tt.expand_dims %342 {axis = 2 : i32, ttg.partition = array<i32: 0>} : tensor<128x2xf32, #ttg.slice<{dim = 2, parent = #blocked2}>> -> tensor<128x2x1xf32, #blocked2>
        %345 = arith.divf %343, %cst_13 {ttg.partition = array<i32: 0>} : tensor<128x2x1xf32, #blocked5>
        %346 = arith.divf %344, %cst_2 {ttg.partition = array<i32: 0>} : tensor<128x2x1xf32, #blocked2>
        %347 = tt.bitcast %345 {ttg.partition = array<i32: 0>} : tensor<128x2x1xf32, #blocked5> -> tensor<128x2x1xi32, #blocked5>
        %348 = tt.bitcast %346 {ttg.partition = array<i32: 0>} : tensor<128x2x1xf32, #blocked2> -> tensor<128x2x1xi32, #blocked2>
        %349 = arith.addi %347, %cst_12 {ttg.partition = array<i32: 0>} : tensor<128x2x1xi32, #blocked5>
        %350 = arith.addi %348, %cst_3 {ttg.partition = array<i32: 0>} : tensor<128x2x1xi32, #blocked2>
        %351 = arith.andi %349, %cst_11 {ttg.partition = array<i32: 0>} : tensor<128x2x1xi32, #blocked5>
        %352 = arith.andi %350, %cst_4 {ttg.partition = array<i32: 0>} : tensor<128x2x1xi32, #blocked2>
        %353 = tt.bitcast %351 {ttg.partition = array<i32: 0>} : tensor<128x2x1xi32, #blocked5> -> tensor<128x2x1xf32, #blocked5>
        %354 = arith.cmpf oeq, %353, %cst_9 {ttg.partition = array<i32: 0>} : tensor<128x2x1xf32, #blocked5>
        %355 = arith.divf %cst_10, %353 {ttg.partition = array<i32: 0>} : tensor<128x2x1xf32, #blocked5>
        %356 = arith.select %354, %cst_9, %355 {ttg.partition = array<i32: 0>} : tensor<128x2x1xi1, #blocked5>, tensor<128x2x1xf32, #blocked5>
        %357 = tt.reshape %320 {ttg.partition = array<i32: 0>} : tensor<128x64xf32, #blocked4> -> tensor<128x2x32xf32, #blocked5>
        %358 = tt.broadcast %356 {ttg.partition = array<i32: 0>} : tensor<128x2x1xf32, #blocked5> -> tensor<128x2x32xf32, #blocked5>
        %359 = arith.mulf %357, %358 {ttg.partition = array<i32: 0>} : tensor<128x2x32xf32, #blocked5>
        %360 = tt.reshape %359 {ttg.partition = array<i32: 0>} : tensor<128x2x32xf32, #blocked5> -> tensor<128x64xf32, #blocked4>
        %361 = arith.select %333, %360, %cst_8 {ttg.partition = array<i32: 0>} : tensor<128x64xi1, #blocked4>, tensor<128x64xf32, #blocked4>
        %362 = tt.reshape %352 {ttg.partition = array<i32: 0>} : tensor<128x2x1xi32, #blocked2> -> tensor<128x2xi32, #blocked3>
        %363 = arith.shrui %362, %cst_5 {ttg.partition = array<i32: 0>} : tensor<128x2xi32, #blocked3>
        %364 = arith.trunci %363 {ttg.partition = array<i32: 0>} : tensor<128x2xi32, #blocked3> to tensor<128x2xi8, #blocked3>
        %365 = tt.fp_to_fp %361, rounding = rtne {ttg.partition = array<i32: 0>} : tensor<128x64xf32, #blocked4> -> tensor<128x64xf8E4M3FN, #blocked4>
        %366 = arith.addi %230, %c4_i32 {ttg.partition = array<i32: 0>} : i32
        %367 = tt.splat %366 {ttg.partition = array<i32: 0>} : i32 -> tensor<2xi32, #ttg.slice<{dim = 0, parent = #blocked3}>>
        %368 = arith.addi %367, %30 {ttg.partition = array<i32: 0>} : tensor<2xi32, #ttg.slice<{dim = 0, parent = #blocked3}>>
        %369 = arith.cmpi slt, %368, %33 {ttg.partition = array<i32: 0>} : tensor<2xi32, #ttg.slice<{dim = 0, parent = #blocked3}>>
        %370 = arith.extsi %368 {ttg.partition = array<i32: 0>} : tensor<2xi32, #ttg.slice<{dim = 0, parent = #blocked3}>> to tensor<2xi64, #ttg.slice<{dim = 0, parent = #blocked3}>>
        %371 = tt.expand_dims %370 {axis = 0 : i32, ttg.partition = array<i32: 0>} : tensor<2xi64, #ttg.slice<{dim = 0, parent = #blocked3}>> -> tensor<1x2xi64, #blocked3>
        %372 = tt.broadcast %371 {ttg.partition = array<i32: 0>} : tensor<1x2xi64, #blocked3> -> tensor<128x2xi64, #blocked3>
        %373 = tt.addptr %243, %372 {ttg.partition = array<i32: 0>} : tensor<128x2x!tt.ptr<i8>, #blocked3>, tensor<128x2xi64, #blocked3>
        %374 = tt.expand_dims %369 {axis = 0 : i32, ttg.partition = array<i32: 0>} : tensor<2xi1, #ttg.slice<{dim = 0, parent = #blocked3}>> -> tensor<1x2xi1, #blocked3>
        %375 = tt.broadcast %374 {ttg.partition = array<i32: 0>} : tensor<1x2xi1, #blocked3> -> tensor<128x2xi1, #blocked3>
        %376 = arith.andi %247, %375 {ttg.partition = array<i32: 0>} : tensor<128x2xi1, #blocked3>
        tt.store %373, %364, %376 {ttg.partition = array<i32: 0>} : tensor<128x2x!tt.ptr<i8>, #blocked3>
        %377 = tt.reshape %365 {ttg.partition = array<i32: 0>} : tensor<128x64xf8E4M3FN, #blocked4> -> tensor<1x1x1x128x64xf8E4M3FN, #blocked11>
        tt.descriptor_store %3[%c1073741824_i32, %252, %c0_i32, %251, %322], %377 {ttg.partition = array<i32: 0>} : !tt.tensordesc<tensor<1x1x1x128x64xf8E4M3FN, #shared>>, tensor<1x1x1x128x64xf8E4M3FN, #blocked11>
        %378 = tt.expand_dims %outRHS_40 {axis = 0 : i32, ttg.partition = array<i32: 0>} : tensor<64xf32, #ttg.slice<{dim = 0, parent = #blocked4}>> -> tensor<1x64xf32, #blocked4>
        %379 = tt.expand_dims %outRHS_42 {axis = 0 : i32, ttg.partition = array<i32: 0>} : tensor<64xf32, #ttg.slice<{dim = 0, parent = #linear}>> -> tensor<1x64xf32, #linear>
        %380 = tt.broadcast %378 {ttg.partition = array<i32: 0>} : tensor<1x64xf32, #blocked4> -> tensor<128x64xf32, #blocked4>
        %381 = tt.broadcast %379 {ttg.partition = array<i32: 0>} : tensor<1x64xf32, #linear> -> tensor<128x64xf32, #linear>
        %382 = arith.addf %outRHS_32, %380 {ttg.partition = array<i32: 0>} : tensor<128x64xf32, #blocked4>
        %383 = arith.addf %outRHS_34, %381 {ttg.partition = array<i32: 0>} : tensor<128x64xf32, #linear>
        %384 = arith.addi %126, %c192_i32 {ttg.partition = array<i32: 0>} : i32
        %385 = tt.splat %384 {ttg.partition = array<i32: 0>} : i32 -> tensor<64xi32, #ttg.slice<{dim = 0, parent = #blocked4}>>
        %386 = tt.splat %384 {ttg.partition = array<i32: 0>} : i32 -> tensor<64xi32, #ttg.slice<{dim = 0, parent = #linear}>>
        %387 = arith.addi %385, %26 {ttg.partition = array<i32: 0>} : tensor<64xi32, #ttg.slice<{dim = 0, parent = #blocked4}>>
        %388 = arith.addi %386, %27 {ttg.partition = array<i32: 0>} : tensor<64xi32, #ttg.slice<{dim = 0, parent = #linear}>>
        %389 = arith.cmpi slt, %387, %28 {ttg.partition = array<i32: 0>} : tensor<64xi32, #ttg.slice<{dim = 0, parent = #blocked4}>>
        %390 = arith.cmpi slt, %388, %29 {ttg.partition = array<i32: 0>} : tensor<64xi32, #ttg.slice<{dim = 0, parent = #linear}>>
        %391 = tt.expand_dims %389 {axis = 0 : i32, ttg.partition = array<i32: 0>} : tensor<64xi1, #ttg.slice<{dim = 0, parent = #blocked4}>> -> tensor<1x64xi1, #blocked4>
        %392 = tt.expand_dims %390 {axis = 0 : i32, ttg.partition = array<i32: 0>} : tensor<64xi1, #ttg.slice<{dim = 0, parent = #linear}>> -> tensor<1x64xi1, #linear>
        %393 = tt.broadcast %391 {ttg.partition = array<i32: 0>} : tensor<1x64xi1, #blocked4> -> tensor<128x64xi1, #blocked4>
        %394 = tt.broadcast %392 {ttg.partition = array<i32: 0>} : tensor<1x64xi1, #linear> -> tensor<128x64xi1, #linear>
        %395 = arith.andi %193, %393 {ttg.partition = array<i32: 0>} : tensor<128x64xi1, #blocked4>
        %396 = arith.andi %194, %394 {ttg.partition = array<i32: 0>} : tensor<128x64xi1, #linear>
        %397 = math.absf %382 {ttg.partition = array<i32: 0>} : tensor<128x64xf32, #blocked4>
        %398 = math.absf %383 {ttg.partition = array<i32: 0>} : tensor<128x64xf32, #linear>
        %399 = arith.select %395, %397, %cst_14 {ttg.partition = array<i32: 0>} : tensor<128x64xi1, #blocked4>, tensor<128x64xf32, #blocked4>
        %400 = arith.select %396, %398, %cst_1 {ttg.partition = array<i32: 0>} : tensor<128x64xi1, #linear>, tensor<128x64xf32, #linear>
        %401 = tt.reshape %399 {ttg.partition = array<i32: 0>} : tensor<128x64xf32, #blocked4> -> tensor<128x2x32xf32, #blocked5>
        %402 = tt.reshape %400 {ttg.partition = array<i32: 0>} : tensor<128x64xf32, #linear> -> tensor<128x2x32xf32, #blocked2>
        %403 = "tt.reduce"(%401) <{axis = 2 : i32, reduction_ordering = "unordered"}> ({
        ^bb0(%arg81: f32, %arg82: f32):
          %440 = arith.maxnumf %arg81, %arg82 {ttg.partition = array<i32: 0>} : f32
          tt.reduce.return %440 {ttg.partition = array<i32: 0>} : f32
        }) {ttg.partition = array<i32: 0>, ttg.partition.outputs = [array<i32: 0>]} : (tensor<128x2x32xf32, #blocked5>) -> tensor<128x2xf32, #ttg.slice<{dim = 2, parent = #blocked5}>>
        %404 = "tt.reduce"(%402) <{axis = 2 : i32, reduction_ordering = "unordered"}> ({
        ^bb0(%arg81: f32, %arg82: f32):
          %440 = arith.maxnumf %arg81, %arg82 {ttg.partition = array<i32: 0>} : f32
          tt.reduce.return %440 {ttg.partition = array<i32: 0>} : f32
        }) {ttg.partition = array<i32: 0>, ttg.partition.outputs = [array<i32: 0>]} : (tensor<128x2x32xf32, #blocked2>) -> tensor<128x2xf32, #ttg.slice<{dim = 2, parent = #blocked2}>>
        %405 = tt.expand_dims %403 {axis = 2 : i32, ttg.partition = array<i32: 0>} : tensor<128x2xf32, #ttg.slice<{dim = 2, parent = #blocked5}>> -> tensor<128x2x1xf32, #blocked5>
        %406 = tt.expand_dims %404 {axis = 2 : i32, ttg.partition = array<i32: 0>} : tensor<128x2xf32, #ttg.slice<{dim = 2, parent = #blocked2}>> -> tensor<128x2x1xf32, #blocked2>
        %407 = arith.divf %405, %cst_13 {ttg.partition = array<i32: 0>} : tensor<128x2x1xf32, #blocked5>
        %408 = arith.divf %406, %cst_2 {ttg.partition = array<i32: 0>} : tensor<128x2x1xf32, #blocked2>
        %409 = tt.bitcast %407 {ttg.partition = array<i32: 0>} : tensor<128x2x1xf32, #blocked5> -> tensor<128x2x1xi32, #blocked5>
        %410 = tt.bitcast %408 {ttg.partition = array<i32: 0>} : tensor<128x2x1xf32, #blocked2> -> tensor<128x2x1xi32, #blocked2>
        %411 = arith.addi %409, %cst_12 {ttg.partition = array<i32: 0>} : tensor<128x2x1xi32, #blocked5>
        %412 = arith.addi %410, %cst_3 {ttg.partition = array<i32: 0>} : tensor<128x2x1xi32, #blocked2>
        %413 = arith.andi %411, %cst_11 {ttg.partition = array<i32: 0>} : tensor<128x2x1xi32, #blocked5>
        %414 = arith.andi %412, %cst_4 {ttg.partition = array<i32: 0>} : tensor<128x2x1xi32, #blocked2>
        %415 = tt.bitcast %413 {ttg.partition = array<i32: 0>} : tensor<128x2x1xi32, #blocked5> -> tensor<128x2x1xf32, #blocked5>
        %416 = arith.cmpf oeq, %415, %cst_9 {ttg.partition = array<i32: 0>} : tensor<128x2x1xf32, #blocked5>
        %417 = arith.divf %cst_10, %415 {ttg.partition = array<i32: 0>} : tensor<128x2x1xf32, #blocked5>
        %418 = arith.select %416, %cst_9, %417 {ttg.partition = array<i32: 0>} : tensor<128x2x1xi1, #blocked5>, tensor<128x2x1xf32, #blocked5>
        %419 = tt.reshape %382 {ttg.partition = array<i32: 0>} : tensor<128x64xf32, #blocked4> -> tensor<128x2x32xf32, #blocked5>
        %420 = tt.broadcast %418 {ttg.partition = array<i32: 0>} : tensor<128x2x1xf32, #blocked5> -> tensor<128x2x32xf32, #blocked5>
        %421 = arith.mulf %419, %420 {ttg.partition = array<i32: 0>} : tensor<128x2x32xf32, #blocked5>
        %422 = tt.reshape %421 {ttg.partition = array<i32: 0>} : tensor<128x2x32xf32, #blocked5> -> tensor<128x64xf32, #blocked4>
        %423 = arith.select %395, %422, %cst_8 {ttg.partition = array<i32: 0>} : tensor<128x64xi1, #blocked4>, tensor<128x64xf32, #blocked4>
        %424 = tt.reshape %414 {ttg.partition = array<i32: 0>} : tensor<128x2x1xi32, #blocked2> -> tensor<128x2xi32, #blocked3>
        %425 = arith.shrui %424, %cst_5 {ttg.partition = array<i32: 0>} : tensor<128x2xi32, #blocked3>
        %426 = arith.trunci %425 {ttg.partition = array<i32: 0>} : tensor<128x2xi32, #blocked3> to tensor<128x2xi8, #blocked3>
        %427 = tt.fp_to_fp %423, rounding = rtne {ttg.partition = array<i32: 0>} : tensor<128x64xf32, #blocked4> -> tensor<128x64xf8E4M3FN, #blocked4>
        %428 = arith.addi %230, %c6_i32 {ttg.partition = array<i32: 0>} : i32
        %429 = tt.splat %428 {ttg.partition = array<i32: 0>} : i32 -> tensor<2xi32, #ttg.slice<{dim = 0, parent = #blocked3}>>
        %430 = arith.addi %429, %30 {ttg.partition = array<i32: 0>} : tensor<2xi32, #ttg.slice<{dim = 0, parent = #blocked3}>>
        %431 = arith.cmpi slt, %430, %33 {ttg.partition = array<i32: 0>} : tensor<2xi32, #ttg.slice<{dim = 0, parent = #blocked3}>>
        %432 = arith.extsi %430 {ttg.partition = array<i32: 0>} : tensor<2xi32, #ttg.slice<{dim = 0, parent = #blocked3}>> to tensor<2xi64, #ttg.slice<{dim = 0, parent = #blocked3}>>
        %433 = tt.expand_dims %432 {axis = 0 : i32, ttg.partition = array<i32: 0>} : tensor<2xi64, #ttg.slice<{dim = 0, parent = #blocked3}>> -> tensor<1x2xi64, #blocked3>
        %434 = tt.broadcast %433 {ttg.partition = array<i32: 0>} : tensor<1x2xi64, #blocked3> -> tensor<128x2xi64, #blocked3>
        %435 = tt.addptr %243, %434 {ttg.partition = array<i32: 0>} : tensor<128x2x!tt.ptr<i8>, #blocked3>, tensor<128x2xi64, #blocked3>
        %436 = tt.expand_dims %431 {axis = 0 : i32, ttg.partition = array<i32: 0>} : tensor<2xi1, #ttg.slice<{dim = 0, parent = #blocked3}>> -> tensor<1x2xi1, #blocked3>
        %437 = tt.broadcast %436 {ttg.partition = array<i32: 0>} : tensor<1x2xi1, #blocked3> -> tensor<128x2xi1, #blocked3>
        %438 = arith.andi %247, %437 {ttg.partition = array<i32: 0>} : tensor<128x2xi1, #blocked3>
        tt.store %435, %426, %438 {ttg.partition = array<i32: 0>} : tensor<128x2x!tt.ptr<i8>, #blocked3>
        %439 = tt.reshape %427 {ttg.partition = array<i32: 0>} : tensor<128x64xf8E4M3FN, #blocked4> -> tensor<1x1x1x128x64xf8E4M3FN, #blocked11>
        tt.descriptor_store %3[%c1073741824_i32, %252, %c0_i32, %251, %384], %439 {ttg.partition = array<i32: 0>} : !tt.tensordesc<tensor<1x1x1x128x64xf8E4M3FN, #shared>>, tensor<1x1x1x128x64xf8E4M3FN, #blocked11>
        scf.yield {ttg.partition = array<i32: 0, 1>} %111, %0, %151 : i32, !ttg.async.token, !ttg.async.token
      } else {
        scf.yield {ttg.partition = array<i32: 0, 1>} %arg66, %0, %arg77 : i32, !ttg.async.token, !ttg.async.token
      } {loop.cluster = 6 : i32, loop.stage = 2 : i32, ttg.partition = array<i32: 0, 1>, ttg.partition.outputs = [array<i32: 0>, array<i32: 1>, array<i32: 1>]}
      %108 = arith.addi %arg64, %c1_i32 {loop.cluster = 0 : i32, loop.stage = 1 : i32, ttg.partition = array<i32: 0, 1, 2>} : i32
      %109 = arith.cmpi eq, %arg64, %45 {loop.cluster = 0 : i32, loop.stage = 1 : i32, ttg.partition = array<i32: 0, 1, 2>} : i32
      %110 = arith.select %109, %c0_i32, %108 {loop.cluster = 0 : i32, loop.stage = 1 : i32, ttg.partition = array<i32: 0, 1, 2>} : i32
      scf.yield {ttg.partition = array<i32: 0, 1, 2>} %110, %68#7, %107#0, %104, %103, %68#0, %68#1, %68#2, %68#3, %68#4, %68#5, %106, %107#1, %107#2, %102, %101, %100 : i32, i32, i32, i32, tensor<128x4x!tt.ptr<i8>, #blocked1>, !tt.ptr<i32>, i32, i32, tensor<128xi1, #ttg.slice<{dim = 1, parent = #blocked1}>>, tensor<128xi32, #ttg.slice<{dim = 0, parent = #blocked}>>, tensor<128x4x!tt.ptr<i8>, #blocked1>, i1, !ttg.async.token, !ttg.async.token, !ttg.async.token, !ttg.async.token, !ttg.async.token
    } {tt.disallow_acc_multi_buffer, tt.scheduled_max_stage = 2 : i32, tt.warp_specialize, ttg.partition = array<i32: 0, 1, 2>, ttg.partition.outputs = [array<i32: 0, 1, 2>, array<i32: 0, 1, 2>, array<i32: 0>, array<i32: 2>, array<i32: 1>, array<i32: 0>, array<i32: 2>, array<i32: 2>, array<i32: 1>, array<i32: 2>, array<i32: 1>, array<i32: 1>, array<i32: 1>, array<i32: 1>, array<i32: 2>, array<i32: 2>, array<i32: 2>], ttg.partition.stages = [0 : i32, 1 : i32, 0 : i32], ttg.warp_specialize.tag = 0 : i32}
    tt.return
  }
}

