#blocked = #ttg.blocked<{sizePerThread = [1], threadsPerWarp = [32], warpsPerCTA = [4], order = [0]}>
#shared = #ttg.swizzled_shared<{vec = 1, perPhase = 1, maxPhase = 1, order = [0]}>
#smem = #ttg.shared_memory
module attributes {"ttg.num-warps" = 4 : i32} {
  tt.func @local_if_conditional_only(%arg0: i32, %arg1: i32, %arg2: i32) {
    %0 = ttg.local_alloc {buffer.id = 200 : i32} : () -> !ttg.memdesc<1x1xi32, #shared, #smem, mutable>
    %1 = nvws.semaphore.create %0 false {nvws.dag_pending_count = 1 : i32} : <[!ttg.memdesc<1x1xi32, #shared, #smem, mutable>]>
    %2 = nvws.semaphore.create %0 true {nvws.dag_pending_count = 1 : i32} : <[!ttg.memdesc<1x1xi32, #shared, #smem, mutable>]>
    %3 = nvws.semaphore.acquire %2 {ttg.partition = array<i32: 0>, ttg.warp_specialize.tag = 0 : i32} : <[!ttg.memdesc<1x1xi32, #shared, #smem, mutable>]> -> !ttg.async.token
    %4 = scf.for %arg3 = %arg0 to %arg1 step %arg2 iter_args(%arg4 = %3) -> (!ttg.async.token)  : i32 {
      %5 = "producer"() {ttg.partition = array<i32: 0>} : () -> tensor<1xi32, #blocked>
      %6 = nvws.semaphore.buffer %1, %arg4 {ttg.partition = array<i32: 0>} : <[!ttg.memdesc<1x1xi32, #shared, #smem, mutable>]>, !ttg.async.token -> !ttg.memdesc<1xi32, #shared, #smem, mutable>
      ttg.local_store %5, %6 {ttg.partition = array<i32: 0>} : tensor<1xi32, #blocked> -> !ttg.memdesc<1xi32, #shared, #smem, mutable>
      %7 = "cond"() {ttg.partition = array<i32: 0, 1>} : () -> i1
      %8 = scf.if %7 -> (!ttg.async.token) {
        nvws.semaphore.release %1, %arg4 [#nvws.async_op<none>] {ttg.partition = array<i32: 0>} : <[!ttg.memdesc<1x1xi32, #shared, #smem, mutable>]>, !ttg.async.token
        %11 = nvws.semaphore.acquire %1 {ttg.partition = array<i32: 1>} : <[!ttg.memdesc<1x1xi32, #shared, #smem, mutable>]> -> !ttg.async.token
        %12 = nvws.semaphore.buffer %1, %11 {ttg.partition = array<i32: 1>} : <[!ttg.memdesc<1x1xi32, #shared, #smem, mutable>]>, !ttg.async.token -> !ttg.memdesc<1xi32, #shared, #smem, mutable>
        %13 = ttg.local_load %12 {ttg.partition = array<i32: 1>} : !ttg.memdesc<1xi32, #shared, #smem, mutable> -> tensor<1xi32, #blocked>
        nvws.semaphore.release %2, %11 [#nvws.async_op<none>] {ttg.partition = array<i32: 1>} : <[!ttg.memdesc<1x1xi32, #shared, #smem, mutable>]>, !ttg.async.token
        %14 = nvws.semaphore.acquire %2 {ttg.partition = array<i32: 0>} : <[!ttg.memdesc<1x1xi32, #shared, #smem, mutable>]> -> !ttg.async.token
        "use_then"(%13) {ttg.partition = array<i32: 1>} : (tensor<1xi32, #blocked>) -> ()
        scf.yield {ttg.partition = array<i32: 0, 1>} %14 : !ttg.async.token
      } else {
        scf.yield {ttg.partition = array<i32: 0, 1>} %arg4 : !ttg.async.token
      } {ttg.partition = array<i32: 0, 1>, ttg.partition.outputs = [array<i32: 0>]}
      %9 = "producer2"() {ttg.partition = array<i32: 0>} : () -> tensor<1xi32, #blocked>
      %10 = nvws.semaphore.buffer %1, %8 {ttg.partition = array<i32: 0>} : <[!ttg.memdesc<1x1xi32, #shared, #smem, mutable>]>, !ttg.async.token -> !ttg.memdesc<1xi32, #shared, #smem, mutable>
      ttg.local_store %9, %10 {ttg.partition = array<i32: 0>} : tensor<1xi32, #blocked> -> !ttg.memdesc<1xi32, #shared, #smem, mutable>
      scf.yield {ttg.partition = array<i32: 0, 1>} %8 : !ttg.async.token
    } {tt.warp_specialize, ttg.partition = array<i32: 0, 1>, ttg.partition.outputs = [array<i32: 0>], ttg.partition.stages = [0 : i32, 1 : i32], ttg.warp_specialize.tag = 0 : i32}
    tt.return
  }
}

// -----
#blocked = #ttg.blocked<{sizePerThread = [1], threadsPerWarp = [32], warpsPerCTA = [4], order = [0]}>
#shared = #ttg.swizzled_shared<{vec = 1, perPhase = 1, maxPhase = 1, order = [0]}>
#smem = #ttg.shared_memory
module attributes {"ttg.num-warps" = 4 : i32} {
  tt.func @local_if_conditional_only_else(%arg0: i32, %arg1: i32, %arg2: i32) {
    %0 = ttg.local_alloc {buffer.id = 203 : i32} : () -> !ttg.memdesc<1x1xi32, #shared, #smem, mutable>
    %1 = nvws.semaphore.create %0 false {nvws.dag_pending_count = 1 : i32} : <[!ttg.memdesc<1x1xi32, #shared, #smem, mutable>]>
    %2 = nvws.semaphore.create %0 true {nvws.dag_pending_count = 1 : i32} : <[!ttg.memdesc<1x1xi32, #shared, #smem, mutable>]>
    %3 = nvws.semaphore.acquire %2 {ttg.partition = array<i32: 0>, ttg.warp_specialize.tag = 0 : i32} : <[!ttg.memdesc<1x1xi32, #shared, #smem, mutable>]> -> !ttg.async.token
    %4 = scf.for %arg3 = %arg0 to %arg1 step %arg2 iter_args(%arg4 = %3) -> (!ttg.async.token)  : i32 {
      %5 = "producer"() {ttg.partition = array<i32: 0>} : () -> tensor<1xi32, #blocked>
      %6 = nvws.semaphore.buffer %1, %arg4 {ttg.partition = array<i32: 0>} : <[!ttg.memdesc<1x1xi32, #shared, #smem, mutable>]>, !ttg.async.token -> !ttg.memdesc<1xi32, #shared, #smem, mutable>
      ttg.local_store %5, %6 {ttg.partition = array<i32: 0>} : tensor<1xi32, #blocked> -> !ttg.memdesc<1xi32, #shared, #smem, mutable>
      %7 = "cond"() {ttg.partition = array<i32: 0, 1>} : () -> i1
      %8 = scf.if %7 -> (!ttg.async.token) {
        nvws.semaphore.release %1, %arg4 [#nvws.async_op<none>] {ttg.partition = array<i32: 0>} : <[!ttg.memdesc<1x1xi32, #shared, #smem, mutable>]>, !ttg.async.token
        scf.yield {ttg.partition = array<i32: 0, 1>} %arg4 : !ttg.async.token
      } else {
        %11 = nvws.semaphore.acquire %1 {ttg.partition = array<i32: 1>} : <[!ttg.memdesc<1x1xi32, #shared, #smem, mutable>]> -> !ttg.async.token
        %12 = nvws.semaphore.buffer %1, %11 {ttg.partition = array<i32: 1>} : <[!ttg.memdesc<1x1xi32, #shared, #smem, mutable>]>, !ttg.async.token -> !ttg.memdesc<1xi32, #shared, #smem, mutable>
        %13 = ttg.local_load %12 {ttg.partition = array<i32: 1>} : !ttg.memdesc<1xi32, #shared, #smem, mutable> -> tensor<1xi32, #blocked>
        nvws.semaphore.release %2, %11 [#nvws.async_op<none>] {ttg.partition = array<i32: 1>} : <[!ttg.memdesc<1x1xi32, #shared, #smem, mutable>]>, !ttg.async.token
        %14 = nvws.semaphore.acquire %2 {ttg.partition = array<i32: 0>} : <[!ttg.memdesc<1x1xi32, #shared, #smem, mutable>]> -> !ttg.async.token
        "use_else"(%13) {ttg.partition = array<i32: 1>} : (tensor<1xi32, #blocked>) -> ()
        scf.yield {ttg.partition = array<i32: 0, 1>} %14 : !ttg.async.token
      } {ttg.partition = array<i32: 0, 1>, ttg.partition.outputs = [array<i32: 0>]}
      %9 = "producer2"() {ttg.partition = array<i32: 0>} : () -> tensor<1xi32, #blocked>
      %10 = nvws.semaphore.buffer %1, %8 {ttg.partition = array<i32: 0>} : <[!ttg.memdesc<1x1xi32, #shared, #smem, mutable>]>, !ttg.async.token -> !ttg.memdesc<1xi32, #shared, #smem, mutable>
      ttg.local_store %9, %10 {ttg.partition = array<i32: 0>} : tensor<1xi32, #blocked> -> !ttg.memdesc<1xi32, #shared, #smem, mutable>
      scf.yield {ttg.partition = array<i32: 0, 1>} %8 : !ttg.async.token
    } {tt.warp_specialize, ttg.partition = array<i32: 0, 1>, ttg.partition.outputs = [array<i32: 0>], ttg.partition.stages = [0 : i32, 1 : i32], ttg.warp_specialize.tag = 0 : i32}
    tt.return
  }
}

// -----
#blocked = #ttg.blocked<{sizePerThread = [1], threadsPerWarp = [32], warpsPerCTA = [4], order = [0]}>
#shared = #ttg.swizzled_shared<{vec = 1, perPhase = 1, maxPhase = 1, order = [0]}>
#smem = #ttg.shared_memory
module attributes {"ttg.num-warps" = 4 : i32} {
  tt.func @local_if_consumption_continues_after_join(%arg0: i32, %arg1: i32, %arg2: i32) {
    %0 = ttg.local_alloc {buffer.id = 201 : i32} : () -> !ttg.memdesc<1x1xi32, #shared, #smem, mutable>
    %1 = nvws.semaphore.create %0 false {nvws.dag_pending_count = 1 : i32} : <[!ttg.memdesc<1x1xi32, #shared, #smem, mutable>]>
    %2 = nvws.semaphore.create %0 false {nvws.dag_pending_count = 1 : i32} : <[!ttg.memdesc<1x1xi32, #shared, #smem, mutable>]>
    %3 = nvws.semaphore.create %0 false {nvws.dag_pending_count = 1 : i32} : <[!ttg.memdesc<1x1xi32, #shared, #smem, mutable>]>
    %4 = nvws.semaphore.create %0 true {nvws.dag_pending_count = 1 : i32} : <[!ttg.memdesc<1x1xi32, #shared, #smem, mutable>]>
    %5 = nvws.semaphore.acquire %4 {ttg.partition = array<i32: 0>, ttg.warp_specialize.tag = 0 : i32} : <[!ttg.memdesc<1x1xi32, #shared, #smem, mutable>]> -> !ttg.async.token
    %6 = scf.for %arg3 = %arg0 to %arg1 step %arg2 iter_args(%arg4 = %5) -> (!ttg.async.token)  : i32 {
      %7 = "producer"() {ttg.partition = array<i32: 0>} : () -> tensor<1xi32, #blocked>
      %8 = nvws.semaphore.buffer %1, %arg4 {ttg.partition = array<i32: 0>} : <[!ttg.memdesc<1x1xi32, #shared, #smem, mutable>]>, !ttg.async.token -> !ttg.memdesc<1xi32, #shared, #smem, mutable>
      ttg.local_store %7, %8 {ttg.partition = array<i32: 0>} : tensor<1xi32, #blocked> -> !ttg.memdesc<1xi32, #shared, #smem, mutable>
      %9 = "cond"() {ttg.partition = array<i32: 0, 1>} : () -> i1
      %10 = scf.if %9 -> (!ttg.async.token) {
        nvws.semaphore.release %1, %arg4 [#nvws.async_op<none>] {ttg.partition = array<i32: 0>} : <[!ttg.memdesc<1x1xi32, #shared, #smem, mutable>]>, !ttg.async.token
        %17 = nvws.semaphore.acquire %1 {ttg.partition = array<i32: 1>} : <[!ttg.memdesc<1x1xi32, #shared, #smem, mutable>]> -> !ttg.async.token
        %18 = nvws.semaphore.buffer %1, %17 {ttg.partition = array<i32: 1>} : <[!ttg.memdesc<1x1xi32, #shared, #smem, mutable>]>, !ttg.async.token -> !ttg.memdesc<1xi32, #shared, #smem, mutable>
        %19 = ttg.local_load %18 {ttg.partition = array<i32: 1>} : !ttg.memdesc<1xi32, #shared, #smem, mutable> -> tensor<1xi32, #blocked>
        nvws.semaphore.release %2, %17 [#nvws.async_op<none>] {ttg.partition = array<i32: 1>} : <[!ttg.memdesc<1x1xi32, #shared, #smem, mutable>]>, !ttg.async.token
        %20 = nvws.semaphore.acquire %2 {ttg.partition = array<i32: 0>} : <[!ttg.memdesc<1x1xi32, #shared, #smem, mutable>]> -> !ttg.async.token
        "use_then"(%19) {ttg.partition = array<i32: 1>} : (tensor<1xi32, #blocked>) -> ()
        scf.yield {ttg.partition = array<i32: 0, 1>} %20 : !ttg.async.token
      } else {
        scf.yield {ttg.partition = array<i32: 0, 1>} %arg4 : !ttg.async.token
      } {ttg.partition = array<i32: 0, 1>, ttg.partition.outputs = [array<i32: 0>]}
      nvws.semaphore.release %3, %10 [#nvws.async_op<none>] {ttg.partition = array<i32: 0>} : <[!ttg.memdesc<1x1xi32, #shared, #smem, mutable>]>, !ttg.async.token
      %11 = nvws.semaphore.acquire %3 {ttg.partition = array<i32: 1>} : <[!ttg.memdesc<1x1xi32, #shared, #smem, mutable>]> -> !ttg.async.token
      %12 = nvws.semaphore.buffer %1, %11 {ttg.partition = array<i32: 1>} : <[!ttg.memdesc<1x1xi32, #shared, #smem, mutable>]>, !ttg.async.token -> !ttg.memdesc<1xi32, #shared, #smem, mutable>
      %13 = ttg.local_load %12 {ttg.partition = array<i32: 1>} : !ttg.memdesc<1xi32, #shared, #smem, mutable> -> tensor<1xi32, #blocked>
      nvws.semaphore.release %4, %11 [#nvws.async_op<none>] {ttg.partition = array<i32: 1>} : <[!ttg.memdesc<1x1xi32, #shared, #smem, mutable>]>, !ttg.async.token
      "use_after"(%13) {ttg.partition = array<i32: 1>} : (tensor<1xi32, #blocked>) -> ()
      %14 = "producer2"() {ttg.partition = array<i32: 0>} : () -> tensor<1xi32, #blocked>
      %15 = nvws.semaphore.acquire %4 {ttg.partition = array<i32: 0>} : <[!ttg.memdesc<1x1xi32, #shared, #smem, mutable>]> -> !ttg.async.token
      %16 = nvws.semaphore.buffer %1, %15 {ttg.partition = array<i32: 0>} : <[!ttg.memdesc<1x1xi32, #shared, #smem, mutable>]>, !ttg.async.token -> !ttg.memdesc<1xi32, #shared, #smem, mutable>
      ttg.local_store %14, %16 {ttg.partition = array<i32: 0>} : tensor<1xi32, #blocked> -> !ttg.memdesc<1xi32, #shared, #smem, mutable>
      scf.yield {ttg.partition = array<i32: 0, 1>} %15 : !ttg.async.token
    } {tt.warp_specialize, ttg.partition = array<i32: 0, 1>, ttg.partition.outputs = [array<i32: 0>], ttg.partition.stages = [0 : i32, 1 : i32], ttg.warp_specialize.tag = 0 : i32}
    tt.return
  }
}

// -----
#blocked = #ttg.blocked<{sizePerThread = [1], threadsPerWarp = [32], warpsPerCTA = [4], order = [0]}>
#shared = #ttg.swizzled_shared<{vec = 1, perPhase = 1, maxPhase = 1, order = [0]}>
#smem = #ttg.shared_memory
module attributes {"ttg.num-warps" = 4 : i32} {
  tt.func @local_root_external_distinct_from_ws_tag_zero(%arg0: i32, %arg1: i32, %arg2: i32) {
    %0 = ttg.local_alloc {buffer.id = 202 : i32} : () -> !ttg.memdesc<1xi32, #shared, #smem, mutable>
    %1 = "producer"() {ttg.partition = array<i32: 0>} : () -> tensor<1xi32, #blocked>
    ttg.local_store %1, %0 {ttg.partition = array<i32: 0>} : tensor<1xi32, #blocked> -> !ttg.memdesc<1xi32, #shared, #smem, mutable>
    scf.for %arg3 = %arg0 to %arg1 step %arg2  : i32 {
      %2 = ttg.local_load %0 {ttg.partition = array<i32: 0>} : !ttg.memdesc<1xi32, #shared, #smem, mutable> -> tensor<1xi32, #blocked>
      "use"(%2) {ttg.partition = array<i32: 0>} : (tensor<1xi32, #blocked>) -> ()
    } {tt.warp_specialize, ttg.partition = array<i32: 0>, ttg.partition.stages = [0 : i32], ttg.warp_specialize.tag = 0 : i32}
    tt.return
  }
}

