#blocked = #ttg.blocked<{sizePerThread = [1], threadsPerWarp = [32], warpsPerCTA = [4], order = [0]}>
#shared = #ttg.swizzled_shared<{vec = 1, perPhase = 1, maxPhase = 1, order = [0]}>
#smem = #ttg.shared_memory
module attributes {"ttg.num-warps" = 4 : i32} {
  tt.func @release_multiplicity_unified_fanin_regain(%arg0: i32, %arg1: i32, %arg2: i32) {
    %0 = ttg.local_alloc {buffer.id = 700 : i32} : () -> !ttg.memdesc<1x1xi32, #shared, #smem, mutable>
    %1 = nvws.semaphore.create %0 false {nvws.dag_pending_count = 2 : i32} : <[!ttg.memdesc<1x1xi32, #shared, #smem, mutable>]>
    %2 = nvws.semaphore.create %0 false {nvws.dag_pending_count = 1 : i32} : <[!ttg.memdesc<1x1xi32, #shared, #smem, mutable>]>
    %3 = nvws.semaphore.create %0 false {nvws.dag_pending_count = 1 : i32} : <[!ttg.memdesc<1x1xi32, #shared, #smem, mutable>]>
    %4 = nvws.semaphore.create %0 true {nvws.dag_pending_count = 1 : i32} : <[!ttg.memdesc<1x1xi32, #shared, #smem, mutable>]>
    %5 = nvws.semaphore.acquire %4 {ttg.partition = array<i32: 3>, ttg.warp_specialize.tag = 0 : i32} : <[!ttg.memdesc<1x1xi32, #shared, #smem, mutable>]> -> !ttg.async.token
    %6 = scf.for %arg3 = %arg0 to %arg1 step %arg2 iter_args(%arg4 = %5) -> (!ttg.async.token)  : i32 {
      %7 = "producer"() {ttg.partition = array<i32: 3>} : () -> tensor<1xi32, #blocked>
      %8 = nvws.semaphore.buffer %1, %arg4 {ttg.partition = array<i32: 3>} : <[!ttg.memdesc<1x1xi32, #shared, #smem, mutable>]>, !ttg.async.token -> !ttg.memdesc<1xi32, #shared, #smem, mutable>
      ttg.local_store %7, %8 {ttg.partition = array<i32: 3>} : tensor<1xi32, #blocked> -> !ttg.memdesc<1xi32, #shared, #smem, mutable>
      nvws.semaphore.release %1, %arg4 [#nvws.async_op<none>] {ttg.partition = array<i32: 3>} : <[!ttg.memdesc<1x1xi32, #shared, #smem, mutable>]>, !ttg.async.token
      %9 = nvws.semaphore.acquire %1 {ttg.partition = array<i32: 2>} : <[!ttg.memdesc<1x1xi32, #shared, #smem, mutable>]> -> !ttg.async.token
      %10 = scf.for %arg5 = %arg0 to %arg1 step %arg2 iter_args(%arg6 = %9) -> (!ttg.async.token)  : i32 {
        %12 = nvws.semaphore.buffer %1, %arg6 {ttg.partition = array<i32: 2>} : <[!ttg.memdesc<1x1xi32, #shared, #smem, mutable>]>, !ttg.async.token -> !ttg.memdesc<1xi32, #shared, #smem, mutable>
        %13 = ttg.local_load %12 {ttg.partition = array<i32: 2>} : !ttg.memdesc<1xi32, #shared, #smem, mutable> -> tensor<1xi32, #blocked>
        nvws.semaphore.release %2, %arg6 [#nvws.async_op<none>] {ttg.partition = array<i32: 2>} : <[!ttg.memdesc<1x1xi32, #shared, #smem, mutable>]>, !ttg.async.token
        "use2"(%13) {ttg.partition = array<i32: 2>} : (tensor<1xi32, #blocked>) -> ()
        %14 = nvws.semaphore.acquire %2 {ttg.partition = array<i32: 1>} : <[!ttg.memdesc<1x1xi32, #shared, #smem, mutable>]> -> !ttg.async.token
        %15 = nvws.semaphore.buffer %1, %14 {ttg.partition = array<i32: 1>} : <[!ttg.memdesc<1x1xi32, #shared, #smem, mutable>]>, !ttg.async.token -> !ttg.memdesc<1xi32, #shared, #smem, mutable>
        %16 = ttg.local_load %15 {ttg.partition = array<i32: 1>} : !ttg.memdesc<1xi32, #shared, #smem, mutable> -> tensor<1xi32, #blocked>
        %17 = "correct"(%16) {ttg.partition = array<i32: 1>} : (tensor<1xi32, #blocked>) -> tensor<1xi32, #blocked>
        ttg.local_store %17, %15 {ttg.partition = array<i32: 1>} : tensor<1xi32, #blocked> -> !ttg.memdesc<1xi32, #shared, #smem, mutable>
        nvws.semaphore.release %3, %14 [#nvws.async_op<none>] {ttg.partition = array<i32: 1>} : <[!ttg.memdesc<1x1xi32, #shared, #smem, mutable>]>, !ttg.async.token
        nvws.semaphore.release %1, %14 [#nvws.async_op<none>] {ttg.partition = array<i32: 1>} : <[!ttg.memdesc<1x1xi32, #shared, #smem, mutable>]>, !ttg.async.token
        %18 = nvws.semaphore.acquire %3 {ttg.partition = array<i32: 0>} : <[!ttg.memdesc<1x1xi32, #shared, #smem, mutable>]> -> !ttg.async.token
        %19 = nvws.semaphore.buffer %1, %18 {ttg.partition = array<i32: 0>} : <[!ttg.memdesc<1x1xi32, #shared, #smem, mutable>]>, !ttg.async.token -> !ttg.memdesc<1xi32, #shared, #smem, mutable>
        %20 = ttg.local_load %19 {ttg.partition = array<i32: 0>} : !ttg.memdesc<1xi32, #shared, #smem, mutable> -> tensor<1xi32, #blocked>
        nvws.semaphore.release %1, %18 [#nvws.async_op<none>] {ttg.partition = array<i32: 0>} : <[!ttg.memdesc<1x1xi32, #shared, #smem, mutable>]>, !ttg.async.token
        %21 = nvws.semaphore.acquire %1 {ttg.partition = array<i32: 2>} : <[!ttg.memdesc<1x1xi32, #shared, #smem, mutable>]> -> !ttg.async.token
        "use0"(%20) {ttg.partition = array<i32: 0>} : (tensor<1xi32, #blocked>) -> ()
        scf.yield {ttg.partition = array<i32: 0, 1, 2>} %21 : !ttg.async.token
      } {ttg.partition = array<i32: 0, 1, 2>, ttg.partition.outputs = [array<i32: 2>]}
      nvws.semaphore.release %4, %10 [#nvws.async_op<none>] {ttg.partition = array<i32: 2>} : <[!ttg.memdesc<1x1xi32, #shared, #smem, mutable>]>, !ttg.async.token
      %11 = nvws.semaphore.acquire %4 {ttg.partition = array<i32: 3>} : <[!ttg.memdesc<1x1xi32, #shared, #smem, mutable>]> -> !ttg.async.token
      scf.yield {ttg.partition = array<i32: 0, 1, 2, 3>} %11 : !ttg.async.token
    } {tt.warp_specialize, ttg.partition = array<i32: 0, 1, 2, 3>, ttg.partition.outputs = [array<i32: 3>], ttg.partition.stages = [0 : i32, 0 : i32, 0 : i32, 1 : i32], ttg.warp_specialize.tag = 0 : i32}
    tt.return
  }
}

