#blocked = #ttg.blocked<{sizePerThread = [1, 128], threadsPerWarp = [32, 1], warpsPerCTA = [4, 1], order = [0, 1]}>
#shared = #ttg.nvmma_shared<{swizzlingByteWidth = 128, transposed = false, elementBitWidth = 16}>
#smem = #ttg.shared_memory
#tmem = #ttng.tensor_memory_encoding<blockM = 128, blockN = 128, colStride = 1>
module attributes {"ttg.num-warps" = 4 : i32, ttg.target = "cuda:100"} {
  tt.func @outer_sourceful_alloc_inner_loop_reentry(%arg0: i32, %arg1: i32, %arg2: i32) {
    %0 = ub.poison : !ttg.async.token
    %c0_i32 = arith.constant 0 : i32
    %cst = arith.constant dense<0.000000e+00> : tensor<128x128xf32, #blocked>
    %true = arith.constant true
    %result = ttng.tmem_alloc : () -> !ttg.memdesc<1x128x128xf32, #tmem, #ttng.tensor_memory, mutable>
    %1 = nvws.semaphore.create %result false {nvws.dag_pending_count = 1 : i32} : <[!ttg.memdesc<1x128x128xf32, #tmem, #ttng.tensor_memory, mutable>]>
    %2 = nvws.semaphore.create %result false {nvws.dag_pending_count = 1 : i32} : <[!ttg.memdesc<1x128x128xf32, #tmem, #ttng.tensor_memory, mutable>]>
    %3 = nvws.semaphore.create %result true {nvws.dag_pending_count = 1 : i32} : <[!ttg.memdesc<1x128x128xf32, #tmem, #ttng.tensor_memory, mutable>]>
    %4 = nvws.semaphore.acquire %3 {ttg.partition = array<i32: 0>, ttg.warp_specialize.tag = 0 : i32} : <[!ttg.memdesc<1x128x128xf32, #tmem, #ttng.tensor_memory, mutable>]> -> !ttg.async.token
    %5:2 = scf.for %arg3 = %arg0 to %arg1 step %arg2 iter_args(%arg4 = %c0_i32, %arg5 = %4) -> (i32, !ttg.async.token)  : i32 {
      nvws.semaphore.release %1, %arg5 [#nvws.async_op<none>] {ttg.partition = array<i32: 0>} : <[!ttg.memdesc<1x128x128xf32, #tmem, #ttng.tensor_memory, mutable>]>, !ttg.async.token
      %6 = nvws.semaphore.buffer %1, %arg5 {ttg.partition = array<i32: 0>} : <[!ttg.memdesc<1x128x128xf32, #tmem, #ttng.tensor_memory, mutable>]>, !ttg.async.token -> !ttg.memdesc<128x128xf32, #tmem, #ttng.tensor_memory, mutable, 1x128x128>
      %true_0 = arith.constant {ttg.partition = array<i32: 0>} true
      ttng.tmem_store %cst, %6, %true_0 {ttg.partition = array<i32: 0>} : tensor<128x128xf32, #blocked> -> !ttg.memdesc<128x128xf32, #tmem, #ttng.tensor_memory, mutable, 1x128x128>
      %7 = nvws.semaphore.acquire %1 {ttg.partition = array<i32: 1>} : <[!ttg.memdesc<1x128x128xf32, #tmem, #ttng.tensor_memory, mutable>]> -> !ttg.async.token
      %8:2 = scf.for %arg6 = %arg0 to %arg1 step %arg2 iter_args(%arg7 = %0, %arg8 = %7) -> (!ttg.async.token, !ttg.async.token)  : i32 {
        %12 = "load1"(%arg6) {ttg.partition = array<i32: 1>} : (i32) -> !ttg.memdesc<128x64xf32, #shared, #smem>
        %13 = "load2"(%arg6) {ttg.partition = array<i32: 1>} : (i32) -> !ttg.memdesc<64x128xf32, #shared, #smem>
        %14 = nvws.semaphore.buffer %1, %arg8 {ttg.partition = array<i32: 1>} : <[!ttg.memdesc<1x128x128xf32, #tmem, #ttng.tensor_memory, mutable>]>, !ttg.async.token -> !ttg.memdesc<128x128xf32, #tmem, #ttng.tensor_memory, mutable, 1x128x128>
        %15 = ttng.tc_gen5_mma %12, %13, %6[], %true, %true {ttg.partition = array<i32: 1>} : !ttg.memdesc<128x64xf32, #shared, #smem>, !ttg.memdesc<64x128xf32, #shared, #smem>, !ttg.memdesc<128x128xf32, #tmem, #ttng.tensor_memory, mutable, 1x128x128>
        nvws.semaphore.release %2, %arg8 [#nvws.async_op<tc5mma>] {ttg.partition = array<i32: 1>} : <[!ttg.memdesc<1x128x128xf32, #tmem, #ttng.tensor_memory, mutable>]>, !ttg.async.token
        %16 = nvws.semaphore.acquire %2 {ttg.partition = array<i32: 0>} : <[!ttg.memdesc<1x128x128xf32, #tmem, #ttng.tensor_memory, mutable>]> -> !ttg.async.token
        %17 = nvws.semaphore.buffer %1, %16 {ttg.partition = array<i32: 0>} : <[!ttg.memdesc<1x128x128xf32, #tmem, #ttng.tensor_memory, mutable>]>, !ttg.async.token -> !ttg.memdesc<128x128xf32, #tmem, #ttng.tensor_memory, mutable, 1x128x128>
        %result_2, %token_3 = ttng.tmem_load %6[] {ttg.partition = array<i32: 0>} : !ttg.memdesc<128x128xf32, #tmem, #ttng.tensor_memory, mutable, 1x128x128> -> tensor<128x128xf32, #blocked>
        nvws.semaphore.release %1, %16 [#nvws.async_op<none>] {ttg.partition = array<i32: 0>} : <[!ttg.memdesc<1x128x128xf32, #tmem, #ttng.tensor_memory, mutable>]>, !ttg.async.token
        %18 = nvws.semaphore.acquire %1 {ttg.partition = array<i32: 1>} : <[!ttg.memdesc<1x128x128xf32, #tmem, #ttng.tensor_memory, mutable>]> -> !ttg.async.token
        "use"(%result_2) {ttg.partition = array<i32: 0>} : (tensor<128x128xf32, #blocked>) -> ()
        scf.yield {ttg.partition = array<i32: 0, 1>} %0, %18 : !ttg.async.token, !ttg.async.token
      } {ttg.partition = array<i32: 0, 1>, ttg.partition.outputs = [array<i32: 0>, array<i32: 1>]}
      nvws.semaphore.release %3, %8#1 [#nvws.async_op<tc5mma>] {ttg.partition = array<i32: 1>} : <[!ttg.memdesc<1x128x128xf32, #tmem, #ttng.tensor_memory, mutable>]>, !ttg.async.token
      %9 = nvws.semaphore.acquire %3 {ttg.partition = array<i32: 0>} : <[!ttg.memdesc<1x128x128xf32, #tmem, #ttng.tensor_memory, mutable>]> -> !ttg.async.token
      %10 = nvws.semaphore.buffer %1, %9 {ttg.partition = array<i32: 0>} : <[!ttg.memdesc<1x128x128xf32, #tmem, #ttng.tensor_memory, mutable>]>, !ttg.async.token -> !ttg.memdesc<128x128xf32, #tmem, #ttng.tensor_memory, mutable, 1x128x128>
      %result_1, %token = ttng.tmem_load %6[] {ttg.partition = array<i32: 0>} : !ttg.memdesc<128x128xf32, #tmem, #ttng.tensor_memory, mutable, 1x128x128> -> tensor<128x128xf32, #blocked>
      "use"(%result_1) {ttg.partition = array<i32: 0>} : (tensor<128x128xf32, #blocked>) -> ()
      %11 = arith.addi %arg4, %c0_i32 {ttg.partition = array<i32: 0>} : i32
      scf.yield {ttg.partition = array<i32: 0, 1>} %11, %9 : i32, !ttg.async.token
    } {tt.warp_specialize, ttg.partition = array<i32: 0, 1>, ttg.partition.outputs = [array<i32: 0>, array<i32: 0>], ttg.warp_specialize.tag = 0 : i32}
    "use_i32"(%5#0) : (i32) -> ()
    tt.return
  }
}

// -----
#blocked = #ttg.blocked<{sizePerThread = [1, 128], threadsPerWarp = [32, 1], warpsPerCTA = [4, 1], order = [0, 1]}>
#shared = #ttg.nvmma_shared<{swizzlingByteWidth = 128, transposed = false, elementBitWidth = 16}>
#smem = #ttg.shared_memory
#tmem = #ttng.tensor_memory_encoding<blockM = 128, blockN = 128, colStride = 1>
module attributes {"ttg.num-warps" = 4 : i32, ttg.target = "cuda:100"} {
  tt.func @three_level_reentry_without_post_access(%arg0: i32, %arg1: i32, %arg2: i32) {
    %0 = ub.poison : !ttg.async.token
    %c0_i32 = arith.constant 0 : i32
    %cst = arith.constant dense<0.000000e+00> : tensor<128x128xf32, #blocked>
    %true = arith.constant true
    %result = ttng.tmem_alloc : () -> !ttg.memdesc<1x128x128xf32, #tmem, #ttng.tensor_memory, mutable>
    %1 = nvws.semaphore.create %result false {nvws.dag_pending_count = 1 : i32} : <[!ttg.memdesc<1x128x128xf32, #tmem, #ttng.tensor_memory, mutable>]>
    %2 = nvws.semaphore.create %result false {nvws.dag_pending_count = 1 : i32} : <[!ttg.memdesc<1x128x128xf32, #tmem, #ttng.tensor_memory, mutable>]>
    %3 = nvws.semaphore.create %result false {nvws.dag_pending_count = 1 : i32} : <[!ttg.memdesc<1x128x128xf32, #tmem, #ttng.tensor_memory, mutable>]>
    %4 = nvws.semaphore.create %result true {nvws.dag_pending_count = 1 : i32} : <[!ttg.memdesc<1x128x128xf32, #tmem, #ttng.tensor_memory, mutable>]>
    %5 = nvws.semaphore.acquire %4 {ttg.partition = array<i32: 0>, ttg.warp_specialize.tag = 0 : i32} : <[!ttg.memdesc<1x128x128xf32, #tmem, #ttng.tensor_memory, mutable>]> -> !ttg.async.token
    %6:2 = scf.for %arg3 = %arg0 to %arg1 step %arg2 iter_args(%arg4 = %c0_i32, %arg5 = %5) -> (i32, !ttg.async.token)  : i32 {
      nvws.semaphore.release %1, %arg5 [#nvws.async_op<none>] {ttg.partition = array<i32: 0>} : <[!ttg.memdesc<1x128x128xf32, #tmem, #ttng.tensor_memory, mutable>]>, !ttg.async.token
      %7 = nvws.semaphore.buffer %1, %arg5 {ttg.partition = array<i32: 0>} : <[!ttg.memdesc<1x128x128xf32, #tmem, #ttng.tensor_memory, mutable>]>, !ttg.async.token -> !ttg.memdesc<128x128xf32, #tmem, #ttng.tensor_memory, mutable, 1x128x128>
      %true_0 = arith.constant {ttg.partition = array<i32: 0>} true
      ttng.tmem_store %cst, %7, %true_0 {ttg.partition = array<i32: 0>} : tensor<128x128xf32, #blocked> -> !ttg.memdesc<128x128xf32, #tmem, #ttng.tensor_memory, mutable, 1x128x128>
      %8 = nvws.semaphore.acquire %1 {ttg.partition = array<i32: 1>} : <[!ttg.memdesc<1x128x128xf32, #tmem, #ttng.tensor_memory, mutable>]> -> !ttg.async.token
      %9:3 = scf.for %arg6 = %arg0 to %arg1 step %arg2 iter_args(%arg7 = %c0_i32, %arg8 = %0, %arg9 = %8) -> (i32, !ttg.async.token, !ttg.async.token)  : i32 {
        %12:2 = scf.for %arg10 = %arg0 to %arg1 step %arg2 iter_args(%arg11 = %arg8, %arg12 = %arg9) -> (!ttg.async.token, !ttg.async.token)  : i32 {
          %14 = "load1"(%arg10) {ttg.partition = array<i32: 1>} : (i32) -> !ttg.memdesc<128x64xf32, #shared, #smem>
          %15 = "load2"(%arg10) {ttg.partition = array<i32: 1>} : (i32) -> !ttg.memdesc<64x128xf32, #shared, #smem>
          %16 = nvws.semaphore.buffer %1, %arg12 {ttg.partition = array<i32: 1>} : <[!ttg.memdesc<1x128x128xf32, #tmem, #ttng.tensor_memory, mutable>]>, !ttg.async.token -> !ttg.memdesc<128x128xf32, #tmem, #ttng.tensor_memory, mutable, 1x128x128>
          %17 = ttng.tc_gen5_mma %14, %15, %7[], %true, %true {ttg.partition = array<i32: 1>} : !ttg.memdesc<128x64xf32, #shared, #smem>, !ttg.memdesc<64x128xf32, #shared, #smem>, !ttg.memdesc<128x128xf32, #tmem, #ttng.tensor_memory, mutable, 1x128x128>
          nvws.semaphore.release %2, %arg12 [#nvws.async_op<tc5mma>] {ttg.partition = array<i32: 1>} : <[!ttg.memdesc<1x128x128xf32, #tmem, #ttng.tensor_memory, mutable>]>, !ttg.async.token
          %18 = nvws.semaphore.acquire %2 {ttg.partition = array<i32: 0>} : <[!ttg.memdesc<1x128x128xf32, #tmem, #ttng.tensor_memory, mutable>]> -> !ttg.async.token
          %19 = nvws.semaphore.buffer %1, %18 {ttg.partition = array<i32: 0>} : <[!ttg.memdesc<1x128x128xf32, #tmem, #ttng.tensor_memory, mutable>]>, !ttg.async.token -> !ttg.memdesc<128x128xf32, #tmem, #ttng.tensor_memory, mutable, 1x128x128>
          %result_1, %token = ttng.tmem_load %7[] {ttg.partition = array<i32: 0>} : !ttg.memdesc<128x128xf32, #tmem, #ttng.tensor_memory, mutable, 1x128x128> -> tensor<128x128xf32, #blocked>
          nvws.semaphore.release %3, %18 [#nvws.async_op<none>] {ttg.partition = array<i32: 0>} : <[!ttg.memdesc<1x128x128xf32, #tmem, #ttng.tensor_memory, mutable>]>, !ttg.async.token
          %20 = nvws.semaphore.acquire %3 {ttg.partition = array<i32: 1>} : <[!ttg.memdesc<1x128x128xf32, #tmem, #ttng.tensor_memory, mutable>]> -> !ttg.async.token
          "use"(%result_1) {ttg.partition = array<i32: 0>} : (tensor<128x128xf32, #blocked>) -> ()
          scf.yield {ttg.partition = array<i32: 0, 1>} %0, %20 : !ttg.async.token, !ttg.async.token
        } {ttg.partition = array<i32: 0, 1>, ttg.partition.outputs = [array<i32: 0>, array<i32: 1>]}
        %13 = arith.addi %arg7, %c0_i32 {ttg.partition = array<i32: 0>} : i32
        scf.yield {ttg.partition = array<i32: 0, 1>} %13, %12#0, %12#1 : i32, !ttg.async.token, !ttg.async.token
      } {ttg.partition = array<i32: 0, 1>, ttg.partition.outputs = [array<i32: 0>, array<i32: 0>, array<i32: 1>]}
      nvws.semaphore.release %4, %9#2 [#nvws.async_op<tc5mma>] {ttg.partition = array<i32: 1>} : <[!ttg.memdesc<1x128x128xf32, #tmem, #ttng.tensor_memory, mutable>]>, !ttg.async.token
      %10 = nvws.semaphore.acquire %4 {ttg.partition = array<i32: 0>} : <[!ttg.memdesc<1x128x128xf32, #tmem, #ttng.tensor_memory, mutable>]> -> !ttg.async.token
      %11 = arith.addi %arg4, %9#0 {ttg.partition = array<i32: 0>} : i32
      scf.yield {ttg.partition = array<i32: 0, 1>} %11, %10 : i32, !ttg.async.token
    } {tt.warp_specialize, ttg.partition = array<i32: 0, 1>, ttg.partition.outputs = [array<i32: 0>, array<i32: 0>], ttg.warp_specialize.tag = 0 : i32}
    "use_i32"(%6#0) : (i32) -> ()
    tt.return
  }
}

// -----
#blocked = #ttg.blocked<{sizePerThread = [1, 128], threadsPerWarp = [32, 1], warpsPerCTA = [4, 1], order = [0, 1]}>
#shared = #ttg.nvmma_shared<{swizzlingByteWidth = 128, transposed = false, elementBitWidth = 16}>
#smem = #ttg.shared_memory
#tmem = #ttng.tensor_memory_encoding<blockM = 128, blockN = 128, colStride = 1>
module attributes {"ttg.num-warps" = 4 : i32, ttg.target = "cuda:100"} {
  tt.func @three_level_sourceful_alloc_reentry(%arg0: i32, %arg1: i32, %arg2: i32) {
    %0 = ub.poison : !ttg.async.token
    %c0_i32 = arith.constant 0 : i32
    %cst = arith.constant dense<0.000000e+00> : tensor<128x128xf32, #blocked>
    %true = arith.constant true
    %result = ttng.tmem_alloc : () -> !ttg.memdesc<1x128x128xf32, #tmem, #ttng.tensor_memory, mutable>
    %1 = nvws.semaphore.create %result false {nvws.dag_pending_count = 1 : i32} : <[!ttg.memdesc<1x128x128xf32, #tmem, #ttng.tensor_memory, mutable>]>
    %2 = nvws.semaphore.create %result false {nvws.dag_pending_count = 1 : i32} : <[!ttg.memdesc<1x128x128xf32, #tmem, #ttng.tensor_memory, mutable>]>
    %3 = nvws.semaphore.create %result false {nvws.dag_pending_count = 1 : i32} : <[!ttg.memdesc<1x128x128xf32, #tmem, #ttng.tensor_memory, mutable>]>
    %4 = nvws.semaphore.create %result false {nvws.dag_pending_count = 1 : i32} : <[!ttg.memdesc<1x128x128xf32, #tmem, #ttng.tensor_memory, mutable>]>
    %5 = nvws.semaphore.create %result true {nvws.dag_pending_count = 1 : i32} : <[!ttg.memdesc<1x128x128xf32, #tmem, #ttng.tensor_memory, mutable>]>
    %6 = nvws.semaphore.acquire %5 {ttg.partition = array<i32: 0>, ttg.warp_specialize.tag = 0 : i32} : <[!ttg.memdesc<1x128x128xf32, #tmem, #ttng.tensor_memory, mutable>]> -> !ttg.async.token
    %7:2 = scf.for %arg3 = %arg0 to %arg1 step %arg2 iter_args(%arg4 = %c0_i32, %arg5 = %6) -> (i32, !ttg.async.token)  : i32 {
      nvws.semaphore.release %1, %arg5 [#nvws.async_op<none>] {ttg.partition = array<i32: 0>} : <[!ttg.memdesc<1x128x128xf32, #tmem, #ttng.tensor_memory, mutable>]>, !ttg.async.token
      %8 = nvws.semaphore.buffer %1, %arg5 {ttg.partition = array<i32: 0>} : <[!ttg.memdesc<1x128x128xf32, #tmem, #ttng.tensor_memory, mutable>]>, !ttg.async.token -> !ttg.memdesc<128x128xf32, #tmem, #ttng.tensor_memory, mutable, 1x128x128>
      %true_0 = arith.constant {ttg.partition = array<i32: 0>} true
      ttng.tmem_store %cst, %8, %true_0 {ttg.partition = array<i32: 0>} : tensor<128x128xf32, #blocked> -> !ttg.memdesc<128x128xf32, #tmem, #ttng.tensor_memory, mutable, 1x128x128>
      %9 = nvws.semaphore.acquire %1 {ttg.partition = array<i32: 1>} : <[!ttg.memdesc<1x128x128xf32, #tmem, #ttng.tensor_memory, mutable>]> -> !ttg.async.token
      %10:3 = scf.for %arg6 = %arg0 to %arg1 step %arg2 iter_args(%arg7 = %c0_i32, %arg8 = %0, %arg9 = %9) -> (i32, !ttg.async.token, !ttg.async.token)  : i32 {
        %14:2 = scf.for %arg10 = %arg0 to %arg1 step %arg2 iter_args(%arg11 = %arg8, %arg12 = %arg9) -> (!ttg.async.token, !ttg.async.token)  : i32 {
          %19 = "load1"(%arg10) {ttg.partition = array<i32: 1>} : (i32) -> !ttg.memdesc<128x64xf32, #shared, #smem>
          %20 = "load2"(%arg10) {ttg.partition = array<i32: 1>} : (i32) -> !ttg.memdesc<64x128xf32, #shared, #smem>
          %21 = nvws.semaphore.buffer %1, %arg12 {ttg.partition = array<i32: 1>} : <[!ttg.memdesc<1x128x128xf32, #tmem, #ttng.tensor_memory, mutable>]>, !ttg.async.token -> !ttg.memdesc<128x128xf32, #tmem, #ttng.tensor_memory, mutable, 1x128x128>
          %22 = ttng.tc_gen5_mma %19, %20, %8[], %true, %true {ttg.partition = array<i32: 1>} : !ttg.memdesc<128x64xf32, #shared, #smem>, !ttg.memdesc<64x128xf32, #shared, #smem>, !ttg.memdesc<128x128xf32, #tmem, #ttng.tensor_memory, mutable, 1x128x128>
          nvws.semaphore.release %2, %arg12 [#nvws.async_op<tc5mma>] {ttg.partition = array<i32: 1>} : <[!ttg.memdesc<1x128x128xf32, #tmem, #ttng.tensor_memory, mutable>]>, !ttg.async.token
          %23 = nvws.semaphore.acquire %2 {ttg.partition = array<i32: 0>} : <[!ttg.memdesc<1x128x128xf32, #tmem, #ttng.tensor_memory, mutable>]> -> !ttg.async.token
          %24 = nvws.semaphore.buffer %1, %23 {ttg.partition = array<i32: 0>} : <[!ttg.memdesc<1x128x128xf32, #tmem, #ttng.tensor_memory, mutable>]>, !ttg.async.token -> !ttg.memdesc<128x128xf32, #tmem, #ttng.tensor_memory, mutable, 1x128x128>
          %result_4, %token_5 = ttng.tmem_load %8[] {ttg.partition = array<i32: 0>} : !ttg.memdesc<128x128xf32, #tmem, #ttng.tensor_memory, mutable, 1x128x128> -> tensor<128x128xf32, #blocked>
          nvws.semaphore.release %3, %23 [#nvws.async_op<none>] {ttg.partition = array<i32: 0>} : <[!ttg.memdesc<1x128x128xf32, #tmem, #ttng.tensor_memory, mutable>]>, !ttg.async.token
          %25 = nvws.semaphore.acquire %3 {ttg.partition = array<i32: 1>} : <[!ttg.memdesc<1x128x128xf32, #tmem, #ttng.tensor_memory, mutable>]> -> !ttg.async.token
          "use"(%result_4) {ttg.partition = array<i32: 0>} : (tensor<128x128xf32, #blocked>) -> ()
          scf.yield {ttg.partition = array<i32: 0, 1>} %0, %25 : !ttg.async.token, !ttg.async.token
        } {ttg.partition = array<i32: 0, 1>, ttg.partition.outputs = [array<i32: 0>, array<i32: 1>]}
        nvws.semaphore.release %4, %14#1 [#nvws.async_op<tc5mma>] {ttg.partition = array<i32: 1>} : <[!ttg.memdesc<1x128x128xf32, #tmem, #ttng.tensor_memory, mutable>]>, !ttg.async.token
        %15 = nvws.semaphore.acquire %4 {ttg.partition = array<i32: 0>} : <[!ttg.memdesc<1x128x128xf32, #tmem, #ttng.tensor_memory, mutable>]> -> !ttg.async.token
        %16 = nvws.semaphore.buffer %1, %15 {ttg.partition = array<i32: 0>} : <[!ttg.memdesc<1x128x128xf32, #tmem, #ttng.tensor_memory, mutable>]>, !ttg.async.token -> !ttg.memdesc<128x128xf32, #tmem, #ttng.tensor_memory, mutable, 1x128x128>
        %result_2, %token_3 = ttng.tmem_load %8[] {ttg.partition = array<i32: 0>} : !ttg.memdesc<128x128xf32, #tmem, #ttng.tensor_memory, mutable, 1x128x128> -> tensor<128x128xf32, #blocked>
        nvws.semaphore.release %1, %15 [#nvws.async_op<none>] {ttg.partition = array<i32: 0>} : <[!ttg.memdesc<1x128x128xf32, #tmem, #ttng.tensor_memory, mutable>]>, !ttg.async.token
        %17 = nvws.semaphore.acquire %1 {ttg.partition = array<i32: 1>} : <[!ttg.memdesc<1x128x128xf32, #tmem, #ttng.tensor_memory, mutable>]> -> !ttg.async.token
        "use"(%result_2) {ttg.partition = array<i32: 0>} : (tensor<128x128xf32, #blocked>) -> ()
        %18 = arith.addi %arg7, %c0_i32 {ttg.partition = array<i32: 0>} : i32
        scf.yield {ttg.partition = array<i32: 0, 1>} %18, %0, %17 : i32, !ttg.async.token, !ttg.async.token
      } {ttg.partition = array<i32: 0, 1>, ttg.partition.outputs = [array<i32: 0>, array<i32: 0>, array<i32: 1>]}
      nvws.semaphore.release %5, %10#2 [#nvws.async_op<tc5mma>] {ttg.partition = array<i32: 1>} : <[!ttg.memdesc<1x128x128xf32, #tmem, #ttng.tensor_memory, mutable>]>, !ttg.async.token
      %11 = nvws.semaphore.acquire %5 {ttg.partition = array<i32: 0>} : <[!ttg.memdesc<1x128x128xf32, #tmem, #ttng.tensor_memory, mutable>]> -> !ttg.async.token
      %12 = nvws.semaphore.buffer %1, %11 {ttg.partition = array<i32: 0>} : <[!ttg.memdesc<1x128x128xf32, #tmem, #ttng.tensor_memory, mutable>]>, !ttg.async.token -> !ttg.memdesc<128x128xf32, #tmem, #ttng.tensor_memory, mutable, 1x128x128>
      %result_1, %token = ttng.tmem_load %8[] {ttg.partition = array<i32: 0>} : !ttg.memdesc<128x128xf32, #tmem, #ttng.tensor_memory, mutable, 1x128x128> -> tensor<128x128xf32, #blocked>
      "use"(%result_1) {ttg.partition = array<i32: 0>} : (tensor<128x128xf32, #blocked>) -> ()
      %13 = arith.addi %arg4, %10#0 {ttg.partition = array<i32: 0>} : i32
      scf.yield {ttg.partition = array<i32: 0, 1>} %13, %11 : i32, !ttg.async.token
    } {tt.warp_specialize, ttg.partition = array<i32: 0, 1>, ttg.partition.outputs = [array<i32: 0>, array<i32: 0>], ttg.warp_specialize.tag = 0 : i32}
    "use_i32"(%7#0) : (i32) -> ()
    tt.return
  }
}

