#blocked = #ttg.blocked<{sizePerThread = [1, 128], threadsPerWarp = [32, 1], warpsPerCTA = [4, 1], order = [0, 1]}>
#shared = #ttg.nvmma_shared<{swizzlingByteWidth = 128, transposed = false, elementBitWidth = 16}>
#smem = #ttg.shared_memory
#tmem = #ttng.tensor_memory_encoding<blockM = 128, blockN = 128, colStride = 1>
module attributes {"ttg.num-warps" = 4 : i32, ttg.target = "cuda:100"} {
  tt.func @tmem_loop_carried_linear_chain_no_exit_drain(%arg0: i32, %arg1: i32, %arg2: i32, %arg3: !ttg.memdesc<128x128xf16, #shared, #smem>) {
    %c0_i32 = arith.constant 0 : i32
    %true = arith.constant true
    %cst = arith.constant dense<0.000000e+00> : tensor<128x128xf16, #blocked>
    %cst_0 = arith.constant dense<0.000000e+00> : tensor<128x128xf32, #blocked>
    %result, %token = ttng.tmem_alloc %cst_0 {ttg.partition = array<i32: 1>} : (tensor<128x128xf32, #blocked>) -> (!ttg.memdesc<128x128xf32, #tmem, #ttng.tensor_memory, mutable>, !ttg.async.token)
    %result_1 = ttng.tmem_alloc {buffer.id = 920 : i32, buffer.offset = 0 : i32} : () -> !ttg.memdesc<1x128x128xf16, #tmem, #ttng.tensor_memory, mutable>
    %0 = nvws.semaphore.create %result_1 false {nvws.dag_pending_count = 1 : i32} : <[!ttg.memdesc<1x128x128xf16, #tmem, #ttng.tensor_memory, mutable>]>
    %1 = nvws.semaphore.create %result_1 true {nvws.dag_pending_count = 1 : i32} : <[!ttg.memdesc<1x128x128xf16, #tmem, #ttng.tensor_memory, mutable>]>
    %2 = nvws.semaphore.acquire %1 {ttg.partition = array<i32: 5>, ttg.warp_specialize.tag = 0 : i32} : <[!ttg.memdesc<1x128x128xf16, #tmem, #ttng.tensor_memory, mutable>]> -> !ttg.async.token
    %3:3 = scf.for %arg4 = %arg0 to %arg1 step %arg2 iter_args(%arg5 = %c0_i32, %arg6 = %token, %arg7 = %2) -> (i32, !ttg.async.token, !ttg.async.token)  : i32 {
      nvws.semaphore.release %0, %arg7 [#nvws.async_op<none>] {ttg.partition = array<i32: 5>} : <[!ttg.memdesc<1x128x128xf16, #tmem, #ttng.tensor_memory, mutable>]>, !ttg.async.token
      %4 = nvws.semaphore.buffer %0, %arg7 {ttg.partition = array<i32: 5>} : <[!ttg.memdesc<1x128x128xf16, #tmem, #ttng.tensor_memory, mutable>]>, !ttg.async.token -> !ttg.memdesc<128x128xf16, #tmem, #ttng.tensor_memory, mutable, 1x128x128>
      %true_2 = arith.constant {ttg.partition = array<i32: 5>} true
      ttng.tmem_store %cst, %4, %true_2 {ttg.partition = array<i32: 5>} : tensor<128x128xf16, #blocked> -> !ttg.memdesc<128x128xf16, #tmem, #ttng.tensor_memory, mutable, 1x128x128>
      %5 = nvws.semaphore.acquire %0 {ttg.partition = array<i32: 1>} : <[!ttg.memdesc<1x128x128xf16, #tmem, #ttng.tensor_memory, mutable>]> -> !ttg.async.token
      %6 = nvws.semaphore.buffer %0, %5 {ttg.partition = array<i32: 1>} : <[!ttg.memdesc<1x128x128xf16, #tmem, #ttng.tensor_memory, mutable>]>, !ttg.async.token -> !ttg.memdesc<128x128xf16, #tmem, #ttng.tensor_memory, mutable, 1x128x128>
      %7 = ttng.tc_gen5_mma %4, %arg3, %result[%arg6], %true, %true {ttg.partition = array<i32: 1>} : !ttg.memdesc<128x128xf16, #tmem, #ttng.tensor_memory, mutable, 1x128x128>, !ttg.memdesc<128x128xf16, #shared, #smem>, !ttg.memdesc<128x128xf32, #tmem, #ttng.tensor_memory, mutable>
      nvws.semaphore.release %1, %5 [#nvws.async_op<tc5mma>] {ttg.partition = array<i32: 1>} : <[!ttg.memdesc<1x128x128xf16, #tmem, #ttng.tensor_memory, mutable>]>, !ttg.async.token
      %8 = nvws.semaphore.acquire %1 {ttg.partition = array<i32: 5>} : <[!ttg.memdesc<1x128x128xf16, #tmem, #ttng.tensor_memory, mutable>]> -> !ttg.async.token
      %9 = arith.addi %arg5, %c0_i32 {ttg.partition = array<i32: 5>} : i32
      scf.yield {ttg.partition = array<i32: 1, 5>} %9, %7, %8 : i32, !ttg.async.token, !ttg.async.token
    } {tt.warp_specialize, ttg.partition = array<i32: 1, 5>, ttg.partition.outputs = [array<i32: 5>, array<i32: 1>, array<i32: 5>], ttg.warp_specialize.tag = 0 : i32}
    "use"(%3#0) : (i32) -> ()
    tt.return
  }
}

