#blocked = #ttg.blocked<{sizePerThread = [1], threadsPerWarp = [32], warpsPerCTA = [4], order = [0]}>
#shared = #ttg.swizzled_shared<{vec = 1, perPhase = 1, maxPhase = 1, order = [0]}>
#smem = #ttg.shared_memory
module attributes {"ttg.num-warps" = 4 : i32} {
  tt.func @local_no_buffer_id(%arg0: i32, %arg1: i32, %arg2: i32) {
    %0 = ttg.local_alloc : () -> !ttg.memdesc<1x1xi32, #shared, #smem, mutable>
    %1 = nvws.semaphore.create %0 false {nvws.dag_pending_count = 1 : i32} : <[!ttg.memdesc<1x1xi32, #shared, #smem, mutable>]>
    %2 = nvws.semaphore.create %0 true {nvws.dag_pending_count = 1 : i32} : <[!ttg.memdesc<1x1xi32, #shared, #smem, mutable>]>
    %3 = nvws.semaphore.acquire %2 {ttg.partition = array<i32: 0>, ttg.warp_specialize.tag = 0 : i32} : <[!ttg.memdesc<1x1xi32, #shared, #smem, mutable>]> -> !ttg.async.token
    %4 = scf.for %arg3 = %arg0 to %arg1 step %arg2 iter_args(%arg4 = %3) -> (!ttg.async.token)  : i32 {
      %5 = "producer"() {ttg.partition = array<i32: 0>} : () -> tensor<1xi32, #blocked>
      %6 = nvws.semaphore.buffer %1, %arg4 {ttg.partition = array<i32: 0>} : <[!ttg.memdesc<1x1xi32, #shared, #smem, mutable>]>, !ttg.async.token -> !ttg.memdesc<1xi32, #shared, #smem, mutable>
      ttg.local_store %5, %6 {ttg.partition = array<i32: 0>} : tensor<1xi32, #blocked> -> !ttg.memdesc<1xi32, #shared, #smem, mutable>
      nvws.semaphore.release %1, %arg4 [#nvws.async_op<none>] {ttg.partition = array<i32: 0>} : <[!ttg.memdesc<1x1xi32, #shared, #smem, mutable>]>, !ttg.async.token
      %7 = nvws.semaphore.acquire %1 {ttg.partition = array<i32: 1>} : <[!ttg.memdesc<1x1xi32, #shared, #smem, mutable>]> -> !ttg.async.token
      %8 = nvws.semaphore.buffer %1, %7 {ttg.partition = array<i32: 1>} : <[!ttg.memdesc<1x1xi32, #shared, #smem, mutable>]>, !ttg.async.token -> !ttg.memdesc<1xi32, #shared, #smem, mutable>
      %9 = ttg.local_load %8 {ttg.partition = array<i32: 1>} : !ttg.memdesc<1xi32, #shared, #smem, mutable> -> tensor<1xi32, #blocked>
      nvws.semaphore.release %2, %7 [#nvws.async_op<none>] {ttg.partition = array<i32: 1>} : <[!ttg.memdesc<1x1xi32, #shared, #smem, mutable>]>, !ttg.async.token
      %10 = nvws.semaphore.acquire %2 {ttg.partition = array<i32: 0>} : <[!ttg.memdesc<1x1xi32, #shared, #smem, mutable>]> -> !ttg.async.token
      "use"(%9) {ttg.partition = array<i32: 1>} : (tensor<1xi32, #blocked>) -> ()
      scf.yield {ttg.partition = array<i32: 0, 1>} %10 : !ttg.async.token
    } {tt.warp_specialize, ttg.partition = array<i32: 0, 1>, ttg.partition.outputs = [array<i32: 0>], ttg.partition.stages = [0 : i32, 1 : i32], ttg.warp_specialize.tag = 0 : i32}
    tt.return
  }
}

