#blocked = #ttg.blocked<{sizePerThread = [2], threadsPerWarp = [32], warpsPerCTA = [4], order = [0]}>
#blocked1 = #ttg.blocked<{sizePerThread = [1, 8], threadsPerWarp = [2, 16], warpsPerCTA = [4, 1], order = [1, 0]}>
#linear = #ttg.linear<{register = [[0, 1], [0, 2], [0, 4], [0, 8], [0, 16], [0, 32], [0, 64], [128, 0]], lane = [[1, 0], [2, 0], [4, 0], [8, 0], [16, 0]], warp = [[32, 0], [64, 0]], block = []}>
#linear1 = #ttg.linear<{register = [[0, 1], [0, 2], [0, 4], [0, 8], [0, 16], [0, 32], [0, 64]], lane = [[1, 0], [2, 0], [4, 0], [8, 0], [16, 0]], warp = [[32, 0], [64, 0]], block = []}>
#linear2 = #ttg.linear<{register = [[0, 0, 1], [0, 0, 2], [0, 0, 4], [0, 0, 8], [0, 0, 16], [0, 0, 32], [0, 1, 0], [128, 0, 0]], lane = [[1, 0, 0], [2, 0, 0], [4, 0, 0], [8, 0, 0], [16, 0, 0]], warp = [[32, 0, 0], [64, 0, 0]], block = []}>
#linear3 = #ttg.linear<{register = [[0, 1, 0], [0, 2, 0], [0, 4, 0], [0, 8, 0], [0, 16, 0], [0, 32, 0], [0, 0, 1], [128, 0, 0]], lane = [[1, 0, 0], [2, 0, 0], [4, 0, 0], [8, 0, 0], [16, 0, 0]], warp = [[32, 0, 0], [64, 0, 0]], block = []}>
#linear4 = #ttg.linear<{register = [[0, 1], [0, 2], [0, 4], [0, 8], [0, 16], [0, 32], [128, 0]], lane = [[1, 0], [2, 0], [4, 0], [8, 0], [16, 0]], warp = [[32, 0], [64, 0]], block = []}>
#linear5 = #ttg.linear<{register = [], lane = [[1, 0], [2, 0], [4, 0], [8, 0], [16, 0]], warp = [[32, 0], [64, 0]], block = []}>
#linear6 = #ttg.linear<{register = [], lane = [[1], [2], [4], [8], [16]], warp = [[32], [64]], block = []}>
#shared = #ttg.nvmma_shared<{swizzlingByteWidth = 128, transposed = false, elementBitWidth = 16}>
#shared1 = #ttg.nvmma_shared<{swizzlingByteWidth = 128, transposed = true, elementBitWidth = 16}>
#smem = #ttg.shared_memory
#tmem = #ttng.tensor_memory_encoding<blockM = 128, blockN = 128, colStride = 1>
#tmem1 = #ttng.tensor_memory_encoding<blockM = 128, blockN = 1, colStride = 1>
module attributes {"ttg.cluster-dim-x" = 1 : i32, "ttg.cluster-dim-y" = 1 : i32, "ttg.cluster-dim-z" = 1 : i32, ttg.max_reg_auto_ws = 152 : i32, ttg.maxnreg = 128 : i32, ttg.min_reg_auto_ws = 24 : i32, "ttg.num-ctas" = 1 : i32, "ttg.num-warps" = 4 : i32, ttg.target = "cuda:100", "ttg.threads-per-warp" = 32 : i32} {
  tt.func public @_attn_fwd_persist(%arg0: f32, %arg1: !tt.ptr<f32> {tt.divisibility = 16 : i32}, %arg2: i32, %arg3: i32 {tt.divisibility = 16 : i32}, %arg4: !tt.ptr<f16> {tt.divisibility = 16 : i32}, %arg5: !tt.ptr<f16> {tt.divisibility = 16 : i32}, %arg6: !tt.ptr<f16> {tt.divisibility = 16 : i32}, %arg7: !tt.ptr<f16> {tt.divisibility = 16 : i32}) attributes {noinline = false} {
    %0 = ub.poison : !ttg.async.token
    %false = arith.constant false
    %true = arith.constant true
    %c64_i32 = arith.constant 64 : i32
    %c1_i32 = arith.constant 1 : i32
    %c16384_i32 = arith.constant 16384 : i32
    %c128_i32 = arith.constant 128 : i32
    %c128_i64 = arith.constant 128 : i64
    %c1_i64 = arith.constant 1 : i64
    %c0_i32 = arith.constant 0 : i32
    %c256_i32 = arith.constant 256 : i32
    %cst = arith.constant 1.44269502 : f32
    %cst_0 = arith.constant dense<0.000000e+00> : tensor<128x128xf32, #linear>
    %cst_1 = arith.constant dense<0xFF800000> : tensor<128xf32, #ttg.slice<{dim = 1, parent = #linear}>>
    %cst_2 = arith.constant dense<1.000000e+00> : tensor<128xf32, #ttg.slice<{dim = 1, parent = #linear}>>
    %1 = tt.get_program_id x : i32
    %2 = tt.get_num_programs x : i32
    %3 = arith.muli %arg2, %c64_i32 : i32
    %4 = arith.muli %3, %arg3 : i32
    %5 = arith.divsi %4, %2 : i32
    %6 = arith.remsi %4, %2 : i32
    %7 = arith.cmpi slt, %1, %6 : i32
    %8 = scf.if %7 -> (i32) {
      %93 = arith.addi %5, %c1_i32 : i32
      scf.yield %93 : i32
    } else {
      scf.yield %5 : i32
    }
    %9 = arith.muli %arg2, %arg3 : i32
    %10 = arith.muli %9, %c16384_i32 : i32
    %11 = tt.make_tensor_descriptor %arg4, [%10, %c128_i32], [%c128_i64, %c1_i64] : !tt.ptr<f16>, !tt.tensordesc<tensor<128x128xf16, #shared>>
    %12 = tt.make_tensor_descriptor %arg4, [%10, %c128_i32], [%c128_i64, %c1_i64] : !tt.ptr<f16>, !tt.tensordesc<tensor<128x128xf16, #shared>>
    %13 = tt.make_tensor_descriptor %arg5, [%10, %c128_i32], [%c128_i64, %c1_i64] : !tt.ptr<f16>, !tt.tensordesc<tensor<128x128xf16, #shared>>
    %14 = tt.make_tensor_descriptor %arg6, [%10, %c128_i32], [%c128_i64, %c1_i64] : !tt.ptr<f16>, !tt.tensordesc<tensor<128x128xf16, #shared>>
    %15 = tt.make_tensor_descriptor %arg7, [%10, %c128_i32], [%c128_i64, %c1_i64] : !tt.ptr<f16>, !tt.tensordesc<tensor<128x128xf16, #shared>>
    %16 = tt.make_tensor_descriptor %arg7, [%10, %c128_i32], [%c128_i64, %c1_i64] : !tt.ptr<f16>, !tt.tensordesc<tensor<128x128xf16, #shared>>
    %17 = arith.muli %arg3, %c16384_i32 : i32
    %18 = tt.make_range {end = 128 : i32, start = 0 : i32} : tensor<128xi32, #blocked>
    %19 = tt.make_range {end = 256 : i32, start = 128 : i32} : tensor<128xi32, #blocked>
    %20 = arith.mulf %arg0, %cst : f32
    %21 = tt.splat %20 : f32 -> tensor<128xf32, #ttg.slice<{dim = 1, parent = #linear}>>
    %22 = tt.splat %20 : f32 -> tensor<128xf32, #ttg.slice<{dim = 1, parent = #linear}>>
    %23 = tt.splat %20 : f32 -> tensor<128x128xf32, #linear>
    %24 = tt.splat %20 : f32 -> tensor<128x128xf32, #linear>
    %25 = ttg.local_alloc : () -> !ttg.memdesc<1x128x128xf16, #shared, #smem, mutable>
    %26 = nvws.semaphore.create %25 false {nvws.dag_pending_count = 1 : i32} : <[!ttg.memdesc<1x128x128xf16, #shared, #smem, mutable>]>
    %27 = nvws.semaphore.create %25 true {nvws.dag_pending_count = 1 : i32} : <[!ttg.memdesc<1x128x128xf16, #shared, #smem, mutable>]>
    %28 = ttg.local_alloc : () -> !ttg.memdesc<1x128x128xf16, #shared, #smem, mutable>
    %29 = nvws.semaphore.create %28 false {nvws.dag_pending_count = 1 : i32} : <[!ttg.memdesc<1x128x128xf16, #shared, #smem, mutable>]>
    %30 = nvws.semaphore.create %28 true {nvws.dag_pending_count = 1 : i32} : <[!ttg.memdesc<1x128x128xf16, #shared, #smem, mutable>]>
    %31 = ttg.local_alloc : () -> !ttg.memdesc<1x128x128xf16, #shared, #smem, mutable>
    %32 = nvws.semaphore.create %31 false {nvws.dag_pending_count = 1 : i32} : <[!ttg.memdesc<1x128x128xf16, #shared, #smem, mutable>]>
    %33 = nvws.semaphore.create %31 true {nvws.dag_pending_count = 1 : i32} : <[!ttg.memdesc<1x128x128xf16, #shared, #smem, mutable>]>
    %34 = ttg.local_alloc : () -> !ttg.memdesc<128x128xf16, #shared, #smem, mutable>
    %35 = ttg.local_alloc : () -> !ttg.memdesc<1x128x128xf16, #shared, #smem, mutable>
    %36 = nvws.semaphore.create %35 false {nvws.dag_pending_count = 1 : i32} : <[!ttg.memdesc<1x128x128xf16, #shared, #smem, mutable>]>
    %37 = nvws.semaphore.create %35 true {nvws.dag_pending_count = 1 : i32} : <[!ttg.memdesc<1x128x128xf16, #shared, #smem, mutable>]>
    %result = ttng.tmem_alloc {buffer.copy = 1 : i32, buffer.id = 4 : i32, buffer.offset = 0 : i32} : () -> !ttg.memdesc<1x128x128xf32, #tmem, #ttng.tensor_memory, mutable>
    %38 = ttng.tmem_subslice %result {N = 0 : i32} : !ttg.memdesc<1x128x128xf32, #tmem, #ttng.tensor_memory, mutable> -> !ttg.memdesc<1x128x128xf32, #tmem, #ttng.tensor_memory, mutable>
    %39 = ttg.memdesc_reinterpret %38 : !ttg.memdesc<1x128x128xf32, #tmem, #ttng.tensor_memory, mutable> -> !ttg.memdesc<1x128x128xf16, #tmem, #ttng.tensor_memory, mutable>
    %40 = ttng.tmem_subslice %result {N = 65 : i32} : !ttg.memdesc<1x128x128xf32, #tmem, #ttng.tensor_memory, mutable> -> !ttg.memdesc<1x128x1xf32, #tmem1, #ttng.tensor_memory, mutable, 1x128x128>
    %41 = ttg.memdesc_reinterpret %40 : !ttg.memdesc<1x128x1xf32, #tmem1, #ttng.tensor_memory, mutable, 1x128x128> -> !ttg.memdesc<1x128x1xf32, #tmem1, #ttng.tensor_memory, mutable>
    %42 = ttng.tmem_subslice %result {N = 66 : i32} : !ttg.memdesc<1x128x128xf32, #tmem, #ttng.tensor_memory, mutable> -> !ttg.memdesc<1x128x1xf32, #tmem1, #ttng.tensor_memory, mutable, 1x128x128>
    %43 = ttg.memdesc_reinterpret %42 : !ttg.memdesc<1x128x1xf32, #tmem1, #ttng.tensor_memory, mutable, 1x128x128> -> !ttg.memdesc<1x128x1xf32, #tmem1, #ttng.tensor_memory, mutable>
    %44 = ttng.tmem_subslice %result {N = 64 : i32} : !ttg.memdesc<1x128x128xf32, #tmem, #ttng.tensor_memory, mutable> -> !ttg.memdesc<1x128x1xf32, #tmem1, #ttng.tensor_memory, mutable, 1x128x128>
    %45 = ttg.memdesc_reinterpret %44 : !ttg.memdesc<1x128x1xf32, #tmem1, #ttng.tensor_memory, mutable, 1x128x128> -> !ttg.memdesc<1x128x1xf32, #tmem1, #ttng.tensor_memory, mutable>
    %46 = nvws.semaphore.create %45, %43, %41, %result, %39 false {nvws.dag_pending_count = 1 : i32} : <[!ttg.memdesc<1x128x1xf32, #tmem1, #ttng.tensor_memory, mutable>, !ttg.memdesc<1x128x1xf32, #tmem1, #ttng.tensor_memory, mutable>, !ttg.memdesc<1x128x1xf32, #tmem1, #ttng.tensor_memory, mutable>, !ttg.memdesc<1x128x128xf32, #tmem, #ttng.tensor_memory, mutable>, !ttg.memdesc<1x128x128xf16, #tmem, #ttng.tensor_memory, mutable>]>
    %47 = nvws.semaphore.create %45, %43, %41, %result, %39 false {nvws.dag_pending_count = 1 : i32} : <[!ttg.memdesc<1x128x1xf32, #tmem1, #ttng.tensor_memory, mutable>, !ttg.memdesc<1x128x1xf32, #tmem1, #ttng.tensor_memory, mutable>, !ttg.memdesc<1x128x1xf32, #tmem1, #ttng.tensor_memory, mutable>, !ttg.memdesc<1x128x128xf32, #tmem, #ttng.tensor_memory, mutable>, !ttg.memdesc<1x128x128xf16, #tmem, #ttng.tensor_memory, mutable>]>
    %48 = nvws.semaphore.create %45, %43, %41, %result, %39 false {nvws.dag_pending_count = 1 : i32} : <[!ttg.memdesc<1x128x1xf32, #tmem1, #ttng.tensor_memory, mutable>, !ttg.memdesc<1x128x1xf32, #tmem1, #ttng.tensor_memory, mutable>, !ttg.memdesc<1x128x1xf32, #tmem1, #ttng.tensor_memory, mutable>, !ttg.memdesc<1x128x128xf32, #tmem, #ttng.tensor_memory, mutable>, !ttg.memdesc<1x128x128xf16, #tmem, #ttng.tensor_memory, mutable>]>
    %49 = nvws.semaphore.create %45, %43, %41, %result, %39 false {nvws.dag_pending_count = 2 : i32} : <[!ttg.memdesc<1x128x1xf32, #tmem1, #ttng.tensor_memory, mutable>, !ttg.memdesc<1x128x1xf32, #tmem1, #ttng.tensor_memory, mutable>, !ttg.memdesc<1x128x1xf32, #tmem1, #ttng.tensor_memory, mutable>, !ttg.memdesc<1x128x128xf32, #tmem, #ttng.tensor_memory, mutable>, !ttg.memdesc<1x128x128xf16, #tmem, #ttng.tensor_memory, mutable>]>
    %50 = nvws.semaphore.create %45, %43, %41, %result, %39 false {nvws.dag_pending_count = 1 : i32} : <[!ttg.memdesc<1x128x1xf32, #tmem1, #ttng.tensor_memory, mutable>, !ttg.memdesc<1x128x1xf32, #tmem1, #ttng.tensor_memory, mutable>, !ttg.memdesc<1x128x1xf32, #tmem1, #ttng.tensor_memory, mutable>, !ttg.memdesc<1x128x128xf32, #tmem, #ttng.tensor_memory, mutable>, !ttg.memdesc<1x128x128xf16, #tmem, #ttng.tensor_memory, mutable>]>
    %51 = nvws.semaphore.create %45, %43, %41, %result, %39 false {nvws.dag_pending_count = 1 : i32} : <[!ttg.memdesc<1x128x1xf32, #tmem1, #ttng.tensor_memory, mutable>, !ttg.memdesc<1x128x1xf32, #tmem1, #ttng.tensor_memory, mutable>, !ttg.memdesc<1x128x1xf32, #tmem1, #ttng.tensor_memory, mutable>, !ttg.memdesc<1x128x128xf32, #tmem, #ttng.tensor_memory, mutable>, !ttg.memdesc<1x128x128xf16, #tmem, #ttng.tensor_memory, mutable>]>
    %52 = nvws.semaphore.create %45, %43, %41, %result, %39 false {nvws.dag_pending_count = 1 : i32} : <[!ttg.memdesc<1x128x1xf32, #tmem1, #ttng.tensor_memory, mutable>, !ttg.memdesc<1x128x1xf32, #tmem1, #ttng.tensor_memory, mutable>, !ttg.memdesc<1x128x1xf32, #tmem1, #ttng.tensor_memory, mutable>, !ttg.memdesc<1x128x128xf32, #tmem, #ttng.tensor_memory, mutable>, !ttg.memdesc<1x128x128xf16, #tmem, #ttng.tensor_memory, mutable>]>
    %53 = nvws.semaphore.create %45, %43, %41, %result, %39 false {nvws.dag_pending_count = 1 : i32} : <[!ttg.memdesc<1x128x1xf32, #tmem1, #ttng.tensor_memory, mutable>, !ttg.memdesc<1x128x1xf32, #tmem1, #ttng.tensor_memory, mutable>, !ttg.memdesc<1x128x1xf32, #tmem1, #ttng.tensor_memory, mutable>, !ttg.memdesc<1x128x128xf32, #tmem, #ttng.tensor_memory, mutable>, !ttg.memdesc<1x128x128xf16, #tmem, #ttng.tensor_memory, mutable>]>
    %54 = nvws.semaphore.create %45, %43, %41, %result, %39 true {nvws.dag_pending_count = 2 : i32} : <[!ttg.memdesc<1x128x1xf32, #tmem1, #ttng.tensor_memory, mutable>, !ttg.memdesc<1x128x1xf32, #tmem1, #ttng.tensor_memory, mutable>, !ttg.memdesc<1x128x1xf32, #tmem1, #ttng.tensor_memory, mutable>, !ttg.memdesc<1x128x128xf32, #tmem, #ttng.tensor_memory, mutable>, !ttg.memdesc<1x128x128xf16, #tmem, #ttng.tensor_memory, mutable>]>
    %result_3 = ttng.tmem_alloc {buffer.copy = 1 : i32, buffer.id = 5 : i32, buffer.offset = 0 : i32} : () -> !ttg.memdesc<1x128x128xf32, #tmem, #ttng.tensor_memory, mutable>
    %55 = ttng.tmem_subslice %result_3 {N = 0 : i32} : !ttg.memdesc<1x128x128xf32, #tmem, #ttng.tensor_memory, mutable> -> !ttg.memdesc<1x128x128xf32, #tmem, #ttng.tensor_memory, mutable>
    %56 = ttg.memdesc_reinterpret %55 : !ttg.memdesc<1x128x128xf32, #tmem, #ttng.tensor_memory, mutable> -> !ttg.memdesc<1x128x128xf16, #tmem, #ttng.tensor_memory, mutable>
    %57 = ttng.tmem_subslice %result_3 {N = 65 : i32} : !ttg.memdesc<1x128x128xf32, #tmem, #ttng.tensor_memory, mutable> -> !ttg.memdesc<1x128x1xf32, #tmem1, #ttng.tensor_memory, mutable, 1x128x128>
    %58 = ttg.memdesc_reinterpret %57 : !ttg.memdesc<1x128x1xf32, #tmem1, #ttng.tensor_memory, mutable, 1x128x128> -> !ttg.memdesc<1x128x1xf32, #tmem1, #ttng.tensor_memory, mutable>
    %59 = ttng.tmem_subslice %result_3 {N = 66 : i32} : !ttg.memdesc<1x128x128xf32, #tmem, #ttng.tensor_memory, mutable> -> !ttg.memdesc<1x128x1xf32, #tmem1, #ttng.tensor_memory, mutable, 1x128x128>
    %60 = ttg.memdesc_reinterpret %59 : !ttg.memdesc<1x128x1xf32, #tmem1, #ttng.tensor_memory, mutable, 1x128x128> -> !ttg.memdesc<1x128x1xf32, #tmem1, #ttng.tensor_memory, mutable>
    %61 = ttng.tmem_subslice %result_3 {N = 64 : i32} : !ttg.memdesc<1x128x128xf32, #tmem, #ttng.tensor_memory, mutable> -> !ttg.memdesc<1x128x1xf32, #tmem1, #ttng.tensor_memory, mutable, 1x128x128>
    %62 = ttg.memdesc_reinterpret %61 : !ttg.memdesc<1x128x1xf32, #tmem1, #ttng.tensor_memory, mutable, 1x128x128> -> !ttg.memdesc<1x128x1xf32, #tmem1, #ttng.tensor_memory, mutable>
    %63 = nvws.semaphore.create %62, %60, %58, %result_3, %56 false {nvws.dag_pending_count = 1 : i32} : <[!ttg.memdesc<1x128x1xf32, #tmem1, #ttng.tensor_memory, mutable>, !ttg.memdesc<1x128x1xf32, #tmem1, #ttng.tensor_memory, mutable>, !ttg.memdesc<1x128x1xf32, #tmem1, #ttng.tensor_memory, mutable>, !ttg.memdesc<1x128x128xf32, #tmem, #ttng.tensor_memory, mutable>, !ttg.memdesc<1x128x128xf16, #tmem, #ttng.tensor_memory, mutable>]>
    %64 = nvws.semaphore.create %62, %60, %58, %result_3, %56 false {nvws.dag_pending_count = 1 : i32} : <[!ttg.memdesc<1x128x1xf32, #tmem1, #ttng.tensor_memory, mutable>, !ttg.memdesc<1x128x1xf32, #tmem1, #ttng.tensor_memory, mutable>, !ttg.memdesc<1x128x1xf32, #tmem1, #ttng.tensor_memory, mutable>, !ttg.memdesc<1x128x128xf32, #tmem, #ttng.tensor_memory, mutable>, !ttg.memdesc<1x128x128xf16, #tmem, #ttng.tensor_memory, mutable>]>
    %65 = nvws.semaphore.create %62, %60, %58, %result_3, %56 false {nvws.dag_pending_count = 1 : i32} : <[!ttg.memdesc<1x128x1xf32, #tmem1, #ttng.tensor_memory, mutable>, !ttg.memdesc<1x128x1xf32, #tmem1, #ttng.tensor_memory, mutable>, !ttg.memdesc<1x128x1xf32, #tmem1, #ttng.tensor_memory, mutable>, !ttg.memdesc<1x128x128xf32, #tmem, #ttng.tensor_memory, mutable>, !ttg.memdesc<1x128x128xf16, #tmem, #ttng.tensor_memory, mutable>]>
    %66 = nvws.semaphore.create %62, %60, %58, %result_3, %56 false {nvws.dag_pending_count = 2 : i32} : <[!ttg.memdesc<1x128x1xf32, #tmem1, #ttng.tensor_memory, mutable>, !ttg.memdesc<1x128x1xf32, #tmem1, #ttng.tensor_memory, mutable>, !ttg.memdesc<1x128x1xf32, #tmem1, #ttng.tensor_memory, mutable>, !ttg.memdesc<1x128x128xf32, #tmem, #ttng.tensor_memory, mutable>, !ttg.memdesc<1x128x128xf16, #tmem, #ttng.tensor_memory, mutable>]>
    %67 = nvws.semaphore.create %62, %60, %58, %result_3, %56 false {nvws.dag_pending_count = 1 : i32} : <[!ttg.memdesc<1x128x1xf32, #tmem1, #ttng.tensor_memory, mutable>, !ttg.memdesc<1x128x1xf32, #tmem1, #ttng.tensor_memory, mutable>, !ttg.memdesc<1x128x1xf32, #tmem1, #ttng.tensor_memory, mutable>, !ttg.memdesc<1x128x128xf32, #tmem, #ttng.tensor_memory, mutable>, !ttg.memdesc<1x128x128xf16, #tmem, #ttng.tensor_memory, mutable>]>
    %68 = nvws.semaphore.create %62, %60, %58, %result_3, %56 false {nvws.dag_pending_count = 1 : i32} : <[!ttg.memdesc<1x128x1xf32, #tmem1, #ttng.tensor_memory, mutable>, !ttg.memdesc<1x128x1xf32, #tmem1, #ttng.tensor_memory, mutable>, !ttg.memdesc<1x128x1xf32, #tmem1, #ttng.tensor_memory, mutable>, !ttg.memdesc<1x128x128xf32, #tmem, #ttng.tensor_memory, mutable>, !ttg.memdesc<1x128x128xf16, #tmem, #ttng.tensor_memory, mutable>]>
    %69 = nvws.semaphore.create %62, %60, %58, %result_3, %56 false {nvws.dag_pending_count = 1 : i32} : <[!ttg.memdesc<1x128x1xf32, #tmem1, #ttng.tensor_memory, mutable>, !ttg.memdesc<1x128x1xf32, #tmem1, #ttng.tensor_memory, mutable>, !ttg.memdesc<1x128x1xf32, #tmem1, #ttng.tensor_memory, mutable>, !ttg.memdesc<1x128x128xf32, #tmem, #ttng.tensor_memory, mutable>, !ttg.memdesc<1x128x128xf16, #tmem, #ttng.tensor_memory, mutable>]>
    %70 = nvws.semaphore.create %62, %60, %58, %result_3, %56 false {nvws.dag_pending_count = 1 : i32} : <[!ttg.memdesc<1x128x1xf32, #tmem1, #ttng.tensor_memory, mutable>, !ttg.memdesc<1x128x1xf32, #tmem1, #ttng.tensor_memory, mutable>, !ttg.memdesc<1x128x1xf32, #tmem1, #ttng.tensor_memory, mutable>, !ttg.memdesc<1x128x128xf32, #tmem, #ttng.tensor_memory, mutable>, !ttg.memdesc<1x128x128xf16, #tmem, #ttng.tensor_memory, mutable>]>
    %71 = nvws.semaphore.create %62, %60, %58, %result_3, %56 true {nvws.dag_pending_count = 2 : i32} : <[!ttg.memdesc<1x128x1xf32, #tmem1, #ttng.tensor_memory, mutable>, !ttg.memdesc<1x128x1xf32, #tmem1, #ttng.tensor_memory, mutable>, !ttg.memdesc<1x128x1xf32, #tmem1, #ttng.tensor_memory, mutable>, !ttg.memdesc<1x128x128xf32, #tmem, #ttng.tensor_memory, mutable>, !ttg.memdesc<1x128x128xf16, #tmem, #ttng.tensor_memory, mutable>]>
    %72 = ttg.local_alloc : () -> !ttg.memdesc<1x128x128xf16, #shared, #smem, mutable>
    %73 = nvws.semaphore.create %72 false {nvws.dag_pending_count = 1 : i32} : <[!ttg.memdesc<1x128x128xf16, #shared, #smem, mutable>]>
    %74 = nvws.semaphore.create %72 true {nvws.dag_pending_count = 1 : i32} : <[!ttg.memdesc<1x128x128xf16, #shared, #smem, mutable>]>
    %75 = ttg.local_alloc : () -> !ttg.memdesc<1x128x128xf16, #shared, #smem, mutable>
    %76 = nvws.semaphore.create %75 false {nvws.dag_pending_count = 1 : i32} : <[!ttg.memdesc<1x128x128xf16, #shared, #smem, mutable>]>
    %77 = nvws.semaphore.create %75 true {nvws.dag_pending_count = 1 : i32} : <[!ttg.memdesc<1x128x128xf16, #shared, #smem, mutable>]>
    %result_4 = ttng.tmem_alloc {buffer.copy = 1 : i32, buffer.id = 2 : i32, buffer.offset = 0 : i32} : () -> !ttg.memdesc<1x128x128xf32, #tmem, #ttng.tensor_memory, mutable>
    %78 = nvws.semaphore.create %result_4 false {nvws.dag_pending_count = 1 : i32} : <[!ttg.memdesc<1x128x128xf32, #tmem, #ttng.tensor_memory, mutable>]>
    %79 = nvws.semaphore.create %result_4 true {nvws.dag_pending_count = 1 : i32} : <[!ttg.memdesc<1x128x128xf32, #tmem, #ttng.tensor_memory, mutable>]>
    %result_5 = ttng.tmem_alloc {buffer.copy = 1 : i32, buffer.id = 3 : i32, buffer.offset = 0 : i32} : () -> !ttg.memdesc<1x128x128xf32, #tmem, #ttng.tensor_memory, mutable>
    %80 = nvws.semaphore.create %result_5 false {nvws.dag_pending_count = 1 : i32} : <[!ttg.memdesc<1x128x128xf32, #tmem, #ttng.tensor_memory, mutable>]>
    %81 = nvws.semaphore.create %result_5 true {nvws.dag_pending_count = 1 : i32} : <[!ttg.memdesc<1x128x128xf32, #tmem, #ttng.tensor_memory, mutable>]>
    %82 = nvws.semaphore.acquire %54 {ttg.partition = array<i32: 1>, ttg.warp_specialize.tag = 0 : i32} : <[!ttg.memdesc<1x128x1xf32, #tmem1, #ttng.tensor_memory, mutable>, !ttg.memdesc<1x128x1xf32, #tmem1, #ttng.tensor_memory, mutable>, !ttg.memdesc<1x128x1xf32, #tmem1, #ttng.tensor_memory, mutable>, !ttg.memdesc<1x128x128xf32, #tmem, #ttng.tensor_memory, mutable>, !ttg.memdesc<1x128x128xf16, #tmem, #ttng.tensor_memory, mutable>]> -> !ttg.async.token
    %83 = nvws.semaphore.acquire %71 {ttg.partition = array<i32: 1>, ttg.warp_specialize.tag = 0 : i32} : <[!ttg.memdesc<1x128x1xf32, #tmem1, #ttng.tensor_memory, mutable>, !ttg.memdesc<1x128x1xf32, #tmem1, #ttng.tensor_memory, mutable>, !ttg.memdesc<1x128x1xf32, #tmem1, #ttng.tensor_memory, mutable>, !ttg.memdesc<1x128x128xf32, #tmem, #ttng.tensor_memory, mutable>, !ttg.memdesc<1x128x128xf16, #tmem, #ttng.tensor_memory, mutable>]> -> !ttg.async.token
    %84 = nvws.semaphore.acquire %79 {ttg.partition = array<i32: 0>, ttg.warp_specialize.tag = 0 : i32} : <[!ttg.memdesc<1x128x128xf32, #tmem, #ttng.tensor_memory, mutable>]> -> !ttg.async.token
    %85 = nvws.semaphore.acquire %81 {ttg.partition = array<i32: 0>, ttg.warp_specialize.tag = 0 : i32} : <[!ttg.memdesc<1x128x128xf32, #tmem, #ttng.tensor_memory, mutable>]> -> !ttg.async.token
    %86 = nvws.semaphore.acquire %27 {ttg.partition = array<i32: 3>, ttg.warp_specialize.tag = 0 : i32} : <[!ttg.memdesc<1x128x128xf16, #shared, #smem, mutable>]> -> !ttg.async.token
    %87 = nvws.semaphore.acquire %30 {ttg.partition = array<i32: 3>, ttg.warp_specialize.tag = 0 : i32} : <[!ttg.memdesc<1x128x128xf16, #shared, #smem, mutable>]> -> !ttg.async.token
    %88 = nvws.semaphore.acquire %33 {ttg.partition = array<i32: 3>, ttg.warp_specialize.tag = 0 : i32} : <[!ttg.memdesc<1x128x128xf16, #shared, #smem, mutable>]> -> !ttg.async.token
    %89 = nvws.semaphore.acquire %37 {ttg.partition = array<i32: 3>, ttg.warp_specialize.tag = 0 : i32} : <[!ttg.memdesc<1x128x128xf16, #shared, #smem, mutable>]> -> !ttg.async.token
    %90 = nvws.semaphore.acquire %74 {ttg.partition = array<i32: 0>, ttg.warp_specialize.tag = 0 : i32} : <[!ttg.memdesc<1x128x128xf16, #shared, #smem, mutable>]> -> !ttg.async.token
    %91 = nvws.semaphore.acquire %77 {ttg.partition = array<i32: 0>, ttg.warp_specialize.tag = 0 : i32} : <[!ttg.memdesc<1x128x128xf16, #shared, #smem, mutable>]> -> !ttg.async.token
    %92:11 = scf.for %arg8 = %c0_i32 to %8 step %c1_i32 iter_args(%arg9 = %1, %arg10 = %82, %arg11 = %83, %arg12 = %84, %arg13 = %85, %arg14 = %86, %arg15 = %87, %arg16 = %88, %arg17 = %89, %arg18 = %90, %arg19 = %91) -> (i32, !ttg.async.token, !ttg.async.token, !ttg.async.token, !ttg.async.token, !ttg.async.token, !ttg.async.token, !ttg.async.token, !ttg.async.token, !ttg.async.token, !ttg.async.token)  : i32 {
      %93 = arith.remsi %arg9, %c64_i32 {ttg.partition = array<i32: 0, 1, 2, 3, 4, 5>} : i32
      %94 = arith.divsi %arg9, %c64_i32 {ttg.partition = array<i32: 0, 1, 2, 3, 4, 5>} : i32
      %95 = arith.divsi %94, %arg3 {ttg.partition = array<i32: 0, 1, 2, 3, 4, 5>} : i32
      %96 = arith.remsi %94, %arg3 {ttg.partition = array<i32: 0, 1, 2, 3, 4, 5>} : i32
      %97 = arith.muli %95, %17 {ttg.partition = array<i32: 0, 1, 2, 3, 4, 5>} : i32
      %98 = arith.muli %96, %c16384_i32 {ttg.partition = array<i32: 0, 1, 2, 3, 4, 5>} : i32
      %99 = arith.addi %97, %98 {ttg.partition = array<i32: 0, 1, 2, 3, 4, 5>} : i32
      %100 = arith.muli %93, %c256_i32 {ttg.partition = array<i32: 0, 2, 3>} : i32
      %101 = arith.addi %99, %100 {ttg.partition = array<i32: 2, 3>} : i32
      %102 = arith.addi %101, %c128_i32 {ttg.partition = array<i32: 2>} : i32
      %103 = arith.addi %101, %c128_i32 {ttg.partition = array<i32: 3>} : i32
      %104 = tt.splat %100 {ttg.partition = array<i32: 0, 2, 3>} : i32 -> tensor<128xi32, #blocked>
      %105 = tt.splat %100 {ttg.partition = array<i32: 0, 2, 3>} : i32 -> tensor<128xi32, #blocked>
      %106 = arith.addi %104, %18 {ttg.partition = array<i32: 0>} : tensor<128xi32, #blocked>
      %107 = arith.addi %105, %19 {ttg.partition = array<i32: 0>} : tensor<128xi32, #blocked>
      %108 = nvws.semaphore.buffer %26, %arg14 {ttg.partition = array<i32: 3>} : <[!ttg.memdesc<1x128x128xf16, #shared, #smem, mutable>]>, !ttg.async.token -> !ttg.memdesc<128x128xf16, #shared, #smem, mutable>
      nvws.descriptor_load %11[%101, %c0_i32] 32768 %108 {ttg.partition = array<i32: 3>} : !tt.tensordesc<tensor<128x128xf16, #shared>>, i32, i32, !ttg.memdesc<128x128xf16, #shared, #smem, mutable>
      nvws.semaphore.release %26, %arg14 [#nvws.async_op<tma_load>] {ttg.partition = array<i32: 3>} : <[!ttg.memdesc<1x128x128xf16, #shared, #smem, mutable>]>, !ttg.async.token
      %109 = nvws.semaphore.buffer %29, %arg15 {ttg.partition = array<i32: 3>} : <[!ttg.memdesc<1x128x128xf16, #shared, #smem, mutable>]>, !ttg.async.token -> !ttg.memdesc<128x128xf16, #shared, #smem, mutable>
      nvws.descriptor_load %12[%103, %c0_i32] 32768 %109 {ttg.partition = array<i32: 3>} : !tt.tensordesc<tensor<128x128xf16, #shared>>, i32, i32, !ttg.memdesc<128x128xf16, #shared, #smem, mutable>
      nvws.semaphore.release %29, %arg15 [#nvws.async_op<tma_load>] {ttg.partition = array<i32: 3>} : <[!ttg.memdesc<1x128x128xf16, #shared, #smem, mutable>]>, !ttg.async.token
      %110 = nvws.semaphore.buffer %78, %arg12 {ttg.partition = array<i32: 0>} : <[!ttg.memdesc<1x128x128xf32, #tmem, #ttng.tensor_memory, mutable>]>, !ttg.async.token -> !ttg.memdesc<128x128xf32, #tmem, #ttng.tensor_memory, mutable, 1x128x128>
      %true_6 = arith.constant {ttg.partition = array<i32: 0>} true
      ttng.tmem_store %cst_0, %110, %true_6 {ttg.partition = array<i32: 0>} : tensor<128x128xf32, #linear> -> !ttg.memdesc<128x128xf32, #tmem, #ttng.tensor_memory, mutable, 1x128x128>
      %111 = nvws.semaphore.buffer %80, %arg13 {ttg.partition = array<i32: 0>} : <[!ttg.memdesc<1x128x128xf32, #tmem, #ttng.tensor_memory, mutable>]>, !ttg.async.token -> !ttg.memdesc<128x128xf32, #tmem, #ttng.tensor_memory, mutable, 1x128x128>
      %true_7 = arith.constant {ttg.partition = array<i32: 0>} true
      ttng.tmem_store %cst_0, %111, %true_7 {ttg.partition = array<i32: 0>} : tensor<128x128xf32, #linear> -> !ttg.memdesc<128x128xf32, #tmem, #ttng.tensor_memory, mutable, 1x128x128>
      %112 = nvws.semaphore.acquire %26 {ttg.partition = array<i32: 1>} : <[!ttg.memdesc<1x128x128xf16, #shared, #smem, mutable>]> -> !ttg.async.token
      %113 = nvws.semaphore.acquire %29 {ttg.partition = array<i32: 1>} : <[!ttg.memdesc<1x128x128xf16, #shared, #smem, mutable>]> -> !ttg.async.token
      %114:15 = scf.for %arg20 = %c0_i32 to %c16384_i32 step %c128_i32 iter_args(%arg21 = %99, %arg22 = %cst_2, %arg23 = %cst_1, %arg24 = %0, %arg25 = %0, %arg26 = %cst_2, %arg27 = %cst_1, %arg28 = %0, %arg29 = %0, %arg30 = %arg10, %arg31 = %arg11, %arg32 = %arg12, %arg33 = %arg13, %arg34 = %arg16, %arg35 = %arg17) -> (i32, tensor<128xf32, #ttg.slice<{dim = 1, parent = #linear}>>, tensor<128xf32, #ttg.slice<{dim = 1, parent = #linear}>>, !ttg.async.token, !ttg.async.token, tensor<128xf32, #ttg.slice<{dim = 1, parent = #linear}>>, tensor<128xf32, #ttg.slice<{dim = 1, parent = #linear}>>, !ttg.async.token, !ttg.async.token, !ttg.async.token, !ttg.async.token, !ttg.async.token, !ttg.async.token, !ttg.async.token, !ttg.async.token)  : i32 {
        %184 = nvws.semaphore.buffer %32, %arg34 {loop.cluster = 1 : i32, loop.stage = 0 : i32, ttg.partition = array<i32: 3>} : <[!ttg.memdesc<1x128x128xf16, #shared, #smem, mutable>]>, !ttg.async.token -> !ttg.memdesc<128x128xf16, #shared, #smem, mutable>
        nvws.descriptor_load %13[%arg21, %c0_i32] 32768 %184 {loop.cluster = 1 : i32, loop.stage = 0 : i32, ttg.partition = array<i32: 3>} : !tt.tensordesc<tensor<128x128xf16, #shared>>, i32, i32, !ttg.memdesc<128x128xf16, #shared, #smem, mutable>
        nvws.semaphore.release %32, %arg34 [#nvws.async_op<tma_load>] {loop.cluster = 1 : i32, loop.stage = 0 : i32, ttg.partition = array<i32: 3>} : <[!ttg.memdesc<1x128x128xf16, #shared, #smem, mutable>]>, !ttg.async.token
        %185 = ttg.memdesc_reinterpret %34 {loop.cluster = 1 : i32, loop.stage = 0 : i32, ttg.partition = array<i32: 1>} : !ttg.memdesc<128x128xf16, #shared, #smem, mutable> -> !ttg.memdesc<128x128xf16, #shared, #smem>
        %186 = ttg.memdesc_trans %185 {loop.cluster = 1 : i32, loop.stage = 0 : i32, order = array<i32: 1, 0>, ttg.partition = array<i32: 1>} : !ttg.memdesc<128x128xf16, #shared, #smem> -> !ttg.memdesc<128x128xf16, #shared1, #smem>
        %187 = nvws.semaphore.buffer %36, %arg35 {loop.cluster = 4 : i32, loop.stage = 0 : i32, ttg.partition = array<i32: 3>} : <[!ttg.memdesc<1x128x128xf16, #shared, #smem, mutable>]>, !ttg.async.token -> !ttg.memdesc<128x128xf16, #shared, #smem, mutable>
        nvws.descriptor_load %14[%arg21, %c0_i32] 32768 %187 {loop.cluster = 4 : i32, loop.stage = 0 : i32, ttg.partition = array<i32: 3>} : !tt.tensordesc<tensor<128x128xf16, #shared>>, i32, i32, !ttg.memdesc<128x128xf16, #shared, #smem, mutable>
        nvws.semaphore.release %36, %arg35 [#nvws.async_op<tma_load>] {loop.cluster = 4 : i32, loop.stage = 0 : i32, ttg.partition = array<i32: 3>} : <[!ttg.memdesc<1x128x128xf16, #shared, #smem, mutable>]>, !ttg.async.token
        %188:5 = nvws.semaphore.buffer %46, %arg30 {loop.cluster = 1 : i32, loop.stage = 0 : i32, ttg.partition = array<i32: 1>} : <[!ttg.memdesc<1x128x1xf32, #tmem1, #ttng.tensor_memory, mutable>, !ttg.memdesc<1x128x1xf32, #tmem1, #ttng.tensor_memory, mutable>, !ttg.memdesc<1x128x1xf32, #tmem1, #ttng.tensor_memory, mutable>, !ttg.memdesc<1x128x128xf32, #tmem, #ttng.tensor_memory, mutable>, !ttg.memdesc<1x128x128xf16, #tmem, #ttng.tensor_memory, mutable>]>, !ttg.async.token -> !ttg.memdesc<128x1xf32, #tmem1, #ttng.tensor_memory, mutable, 1x128x1>, !ttg.memdesc<128x1xf32, #tmem1, #ttng.tensor_memory, mutable, 1x128x1>, !ttg.memdesc<128x1xf32, #tmem1, #ttng.tensor_memory, mutable, 1x128x1>, !ttg.memdesc<128x128xf32, #tmem, #ttng.tensor_memory, mutable, 1x128x128>, !ttg.memdesc<128x128xf16, #tmem, #ttng.tensor_memory, mutable, 1x128x128>
        %189 = nvws.semaphore.buffer %26, %112 {loop.cluster = 1 : i32, loop.stage = 0 : i32, ttg.partition = array<i32: 1>} : <[!ttg.memdesc<1x128x128xf16, #shared, #smem, mutable>]>, !ttg.async.token -> !ttg.memdesc<128x128xf16, #shared, #smem, mutable>
        %190 = nvws.semaphore.acquire %32 {loop.cluster = 1 : i32, loop.stage = 0 : i32, ttg.partition = array<i32: 1>} : <[!ttg.memdesc<1x128x128xf16, #shared, #smem, mutable>]> -> !ttg.async.token
        %191 = nvws.semaphore.buffer %32, %190 {loop.cluster = 1 : i32, loop.stage = 0 : i32, ttg.partition = array<i32: 1>} : <[!ttg.memdesc<1x128x128xf16, #shared, #smem, mutable>]>, !ttg.async.token -> !ttg.memdesc<128x128xf16, #shared, #smem, mutable>
        %192 = ttg.memdesc_reinterpret %191 {loop.cluster = 1 : i32, loop.stage = 0 : i32, ttg.partition = array<i32: 1>} : !ttg.memdesc<128x128xf16, #shared, #smem, mutable> -> !ttg.memdesc<128x128xf16, #shared, #smem, mutable>
        %193 = ttg.memdesc_trans %192 {loop.cluster = 1 : i32, loop.stage = 0 : i32, order = array<i32: 1, 0>, ttg.partition = array<i32: 1>} : !ttg.memdesc<128x128xf16, #shared, #smem, mutable> -> !ttg.memdesc<128x128xf16, #shared1, #smem, mutable>
        %194 = ttng.tc_gen5_mma %189, %193, %188#3[], %false, %true {loop.cluster = 1 : i32, loop.stage = 0 : i32, tt.self_latency = 1 : i32, ttg.partition = array<i32: 1>} : !ttg.memdesc<128x128xf16, #shared, #smem, mutable>, !ttg.memdesc<128x128xf16, #shared1, #smem, mutable>, !ttg.memdesc<128x128xf32, #tmem, #ttng.tensor_memory, mutable, 1x128x128>
        nvws.semaphore.release %46, %arg30 [#nvws.async_op<tc5mma>] {loop.cluster = 1 : i32, loop.stage = 0 : i32, ttg.partition = array<i32: 1>} : <[!ttg.memdesc<1x128x1xf32, #tmem1, #ttng.tensor_memory, mutable>, !ttg.memdesc<1x128x1xf32, #tmem1, #ttng.tensor_memory, mutable>, !ttg.memdesc<1x128x1xf32, #tmem1, #ttng.tensor_memory, mutable>, !ttg.memdesc<1x128x128xf32, #tmem, #ttng.tensor_memory, mutable>, !ttg.memdesc<1x128x128xf16, #tmem, #ttng.tensor_memory, mutable>]>, !ttg.async.token
        %195:5 = nvws.semaphore.buffer %63, %arg31 {loop.cluster = 3 : i32, loop.stage = 0 : i32, ttg.partition = array<i32: 1>} : <[!ttg.memdesc<1x128x1xf32, #tmem1, #ttng.tensor_memory, mutable>, !ttg.memdesc<1x128x1xf32, #tmem1, #ttng.tensor_memory, mutable>, !ttg.memdesc<1x128x1xf32, #tmem1, #ttng.tensor_memory, mutable>, !ttg.memdesc<1x128x128xf32, #tmem, #ttng.tensor_memory, mutable>, !ttg.memdesc<1x128x128xf16, #tmem, #ttng.tensor_memory, mutable>]>, !ttg.async.token -> !ttg.memdesc<128x1xf32, #tmem1, #ttng.tensor_memory, mutable, 1x128x1>, !ttg.memdesc<128x1xf32, #tmem1, #ttng.tensor_memory, mutable, 1x128x1>, !ttg.memdesc<128x1xf32, #tmem1, #ttng.tensor_memory, mutable, 1x128x1>, !ttg.memdesc<128x128xf32, #tmem, #ttng.tensor_memory, mutable, 1x128x128>, !ttg.memdesc<128x128xf16, #tmem, #ttng.tensor_memory, mutable, 1x128x128>
        %196 = nvws.semaphore.buffer %29, %113 {loop.cluster = 3 : i32, loop.stage = 0 : i32, ttg.partition = array<i32: 1>} : <[!ttg.memdesc<1x128x128xf16, #shared, #smem, mutable>]>, !ttg.async.token -> !ttg.memdesc<128x128xf16, #shared, #smem, mutable>
        %197 = ttg.memdesc_reinterpret %191 {loop.cluster = 1 : i32, loop.stage = 0 : i32, ttg.partition = array<i32: 1>} : !ttg.memdesc<128x128xf16, #shared, #smem, mutable> -> !ttg.memdesc<128x128xf16, #shared, #smem, mutable>
        %198 = ttg.memdesc_trans %197 {loop.cluster = 1 : i32, loop.stage = 0 : i32, order = array<i32: 1, 0>, ttg.partition = array<i32: 1>} : !ttg.memdesc<128x128xf16, #shared, #smem, mutable> -> !ttg.memdesc<128x128xf16, #shared1, #smem, mutable>
        %199 = ttng.tc_gen5_mma %196, %198, %195#3[], %false, %true {loop.cluster = 3 : i32, loop.stage = 0 : i32, tt.self_latency = 1 : i32, ttg.partition = array<i32: 1>} : !ttg.memdesc<128x128xf16, #shared, #smem, mutable>, !ttg.memdesc<128x128xf16, #shared1, #smem, mutable>, !ttg.memdesc<128x128xf32, #tmem, #ttng.tensor_memory, mutable, 1x128x128>
        nvws.semaphore.release %33, %190 [#nvws.async_op<tc5mma>] {loop.cluster = 3 : i32, loop.stage = 0 : i32, ttg.partition = array<i32: 1>} : <[!ttg.memdesc<1x128x128xf16, #shared, #smem, mutable>]>, !ttg.async.token
        %200 = nvws.semaphore.acquire %33 {loop.cluster = 1 : i32, loop.stage = 0 : i32, ttg.partition = array<i32: 3>} : <[!ttg.memdesc<1x128x128xf16, #shared, #smem, mutable>]> -> !ttg.async.token
        nvws.semaphore.release %63, %arg31 [#nvws.async_op<tc5mma>] {loop.cluster = 3 : i32, loop.stage = 0 : i32, ttg.partition = array<i32: 1>} : <[!ttg.memdesc<1x128x1xf32, #tmem1, #ttng.tensor_memory, mutable>, !ttg.memdesc<1x128x1xf32, #tmem1, #ttng.tensor_memory, mutable>, !ttg.memdesc<1x128x1xf32, #tmem1, #ttng.tensor_memory, mutable>, !ttg.memdesc<1x128x128xf32, #tmem, #ttng.tensor_memory, mutable>, !ttg.memdesc<1x128x128xf16, #tmem, #ttng.tensor_memory, mutable>]>, !ttg.async.token
        %201 = nvws.semaphore.acquire %46 {loop.cluster = 4 : i32, loop.stage = 0 : i32, ttg.partition = array<i32: 5>} : <[!ttg.memdesc<1x128x1xf32, #tmem1, #ttng.tensor_memory, mutable>, !ttg.memdesc<1x128x1xf32, #tmem1, #ttng.tensor_memory, mutable>, !ttg.memdesc<1x128x1xf32, #tmem1, #ttng.tensor_memory, mutable>, !ttg.memdesc<1x128x128xf32, #tmem, #ttng.tensor_memory, mutable>, !ttg.memdesc<1x128x128xf16, #tmem, #ttng.tensor_memory, mutable>]> -> !ttg.async.token
        %202:5 = nvws.semaphore.buffer %46, %201 {loop.cluster = 4 : i32, loop.stage = 0 : i32, ttg.partition = array<i32: 5>} : <[!ttg.memdesc<1x128x1xf32, #tmem1, #ttng.tensor_memory, mutable>, !ttg.memdesc<1x128x1xf32, #tmem1, #ttng.tensor_memory, mutable>, !ttg.memdesc<1x128x1xf32, #tmem1, #ttng.tensor_memory, mutable>, !ttg.memdesc<1x128x128xf32, #tmem, #ttng.tensor_memory, mutable>, !ttg.memdesc<1x128x128xf16, #tmem, #ttng.tensor_memory, mutable>]>, !ttg.async.token -> !ttg.memdesc<128x1xf32, #tmem1, #ttng.tensor_memory, mutable, 1x128x1>, !ttg.memdesc<128x1xf32, #tmem1, #ttng.tensor_memory, mutable, 1x128x1>, !ttg.memdesc<128x1xf32, #tmem1, #ttng.tensor_memory, mutable, 1x128x1>, !ttg.memdesc<128x128xf32, #tmem, #ttng.tensor_memory, mutable, 1x128x128>, !ttg.memdesc<128x128xf16, #tmem, #ttng.tensor_memory, mutable, 1x128x128>
        %result_23, %token_24 = ttng.tmem_load %202#3[] {loop.cluster = 4 : i32, loop.stage = 0 : i32, ttg.partition = array<i32: 5>} : !ttg.memdesc<128x128xf32, #tmem, #ttng.tensor_memory, mutable, 1x128x128> -> tensor<128x128xf32, #linear1>
        %203 = ttg.convert_layout %result_23 {loop.cluster = 4 : i32, loop.stage = 0 : i32, ttg.partition = array<i32: 5>} : tensor<128x128xf32, #linear1> -> tensor<128x128xf32, #linear>
        %204 = nvws.semaphore.acquire %63 {loop.cluster = 2 : i32, loop.stage = 1 : i32, ttg.partition = array<i32: 4>} : <[!ttg.memdesc<1x128x1xf32, #tmem1, #ttng.tensor_memory, mutable>, !ttg.memdesc<1x128x1xf32, #tmem1, #ttng.tensor_memory, mutable>, !ttg.memdesc<1x128x1xf32, #tmem1, #ttng.tensor_memory, mutable>, !ttg.memdesc<1x128x128xf32, #tmem, #ttng.tensor_memory, mutable>, !ttg.memdesc<1x128x128xf16, #tmem, #ttng.tensor_memory, mutable>]> -> !ttg.async.token
        %205:5 = nvws.semaphore.buffer %63, %204 {loop.cluster = 2 : i32, loop.stage = 1 : i32, ttg.partition = array<i32: 4>} : <[!ttg.memdesc<1x128x1xf32, #tmem1, #ttng.tensor_memory, mutable>, !ttg.memdesc<1x128x1xf32, #tmem1, #ttng.tensor_memory, mutable>, !ttg.memdesc<1x128x1xf32, #tmem1, #ttng.tensor_memory, mutable>, !ttg.memdesc<1x128x128xf32, #tmem, #ttng.tensor_memory, mutable>, !ttg.memdesc<1x128x128xf16, #tmem, #ttng.tensor_memory, mutable>]>, !ttg.async.token -> !ttg.memdesc<128x1xf32, #tmem1, #ttng.tensor_memory, mutable, 1x128x1>, !ttg.memdesc<128x1xf32, #tmem1, #ttng.tensor_memory, mutable, 1x128x1>, !ttg.memdesc<128x1xf32, #tmem1, #ttng.tensor_memory, mutable, 1x128x1>, !ttg.memdesc<128x128xf32, #tmem, #ttng.tensor_memory, mutable, 1x128x128>, !ttg.memdesc<128x128xf16, #tmem, #ttng.tensor_memory, mutable, 1x128x128>
        %result_25, %token_26 = ttng.tmem_load %205#3[] {loop.cluster = 2 : i32, loop.stage = 1 : i32, ttg.partition = array<i32: 4>} : !ttg.memdesc<128x128xf32, #tmem, #ttng.tensor_memory, mutable, 1x128x128> -> tensor<128x128xf32, #linear1>
        %206 = ttg.convert_layout %result_25 {loop.cluster = 2 : i32, loop.stage = 1 : i32, ttg.partition = array<i32: 4>} : tensor<128x128xf32, #linear1> -> tensor<128x128xf32, #linear>
        %207 = "tt.reduce"(%203) <{axis = 1 : i32, reduction_ordering = "unordered"}> ({
        ^bb0(%arg36: f32, %arg37: f32):
          %287 = arith.maxnumf %arg36, %arg37 {ttg.partition = array<i32: 5>} : f32
          tt.reduce.return %287 {ttg.partition = array<i32: 5>} : f32
        }) {loop.cluster = 4 : i32, loop.stage = 0 : i32, ttg.partition = array<i32: 5>, ttg.partition.outputs = [array<i32: 5>]} : (tensor<128x128xf32, #linear>) -> tensor<128xf32, #ttg.slice<{dim = 1, parent = #linear}>>
        %208 = "tt.reduce"(%206) <{axis = 1 : i32, reduction_ordering = "unordered"}> ({
        ^bb0(%arg36: f32, %arg37: f32):
          %287 = arith.maxnumf %arg36, %arg37 {ttg.partition = array<i32: 4>} : f32
          tt.reduce.return %287 {ttg.partition = array<i32: 4>} : f32
        }) {loop.cluster = 2 : i32, loop.stage = 1 : i32, ttg.partition = array<i32: 4>, ttg.partition.outputs = [array<i32: 4>]} : (tensor<128x128xf32, #linear>) -> tensor<128xf32, #ttg.slice<{dim = 1, parent = #linear}>>
        %209 = arith.mulf %207, %21 {loop.cluster = 4 : i32, loop.stage = 0 : i32, ttg.partition = array<i32: 5>} : tensor<128xf32, #ttg.slice<{dim = 1, parent = #linear}>>
        %210 = arith.mulf %208, %22 {loop.cluster = 2 : i32, loop.stage = 1 : i32, ttg.partition = array<i32: 4>} : tensor<128xf32, #ttg.slice<{dim = 1, parent = #linear}>>
        %211 = arith.maxnumf %arg23, %209 {loop.cluster = 4 : i32, loop.stage = 0 : i32, ttg.partition = array<i32: 5>} : tensor<128xf32, #ttg.slice<{dim = 1, parent = #linear}>>
        %212 = arith.maxnumf %arg27, %210 {loop.cluster = 2 : i32, loop.stage = 1 : i32, ttg.partition = array<i32: 4>} : tensor<128xf32, #ttg.slice<{dim = 1, parent = #linear}>>
        %213 = arith.mulf %203, %23 {loop.cluster = 4 : i32, loop.stage = 0 : i32, ttg.partition = array<i32: 5>} : tensor<128x128xf32, #linear>
        %214 = arith.mulf %206, %24 {loop.cluster = 2 : i32, loop.stage = 1 : i32, ttg.partition = array<i32: 4>} : tensor<128x128xf32, #linear>
        %215 = tt.expand_dims %211 {axis = 1 : i32, loop.cluster = 4 : i32, loop.stage = 0 : i32, ttg.partition = array<i32: 5>} : tensor<128xf32, #ttg.slice<{dim = 1, parent = #linear}>> -> tensor<128x1xf32, #linear>
        %216 = tt.expand_dims %212 {axis = 1 : i32, loop.cluster = 2 : i32, loop.stage = 1 : i32, ttg.partition = array<i32: 4>} : tensor<128xf32, #ttg.slice<{dim = 1, parent = #linear}>> -> tensor<128x1xf32, #linear>
        %217 = tt.broadcast %215 {loop.cluster = 4 : i32, loop.stage = 0 : i32, ttg.partition = array<i32: 5>} : tensor<128x1xf32, #linear> -> tensor<128x128xf32, #linear>
        %218 = tt.broadcast %216 {loop.cluster = 2 : i32, loop.stage = 1 : i32, ttg.partition = array<i32: 4>} : tensor<128x1xf32, #linear> -> tensor<128x128xf32, #linear>
        %219 = arith.subf %213, %217 {loop.cluster = 4 : i32, loop.stage = 0 : i32, ttg.partition = array<i32: 5>} : tensor<128x128xf32, #linear>
        %220 = arith.subf %214, %218 {loop.cluster = 2 : i32, loop.stage = 1 : i32, ttg.partition = array<i32: 4>} : tensor<128x128xf32, #linear>
        %221 = math.exp2 %219 {loop.cluster = 4 : i32, loop.stage = 0 : i32, ttg.partition = array<i32: 5>} : tensor<128x128xf32, #linear>
        %222 = math.exp2 %220 {loop.cluster = 2 : i32, loop.stage = 1 : i32, ttg.partition = array<i32: 4>} : tensor<128x128xf32, #linear>
        %223 = arith.subf %arg23, %211 {loop.cluster = 4 : i32, loop.stage = 0 : i32, ttg.partition = array<i32: 5>} : tensor<128xf32, #ttg.slice<{dim = 1, parent = #linear}>>
        %224 = arith.subf %arg27, %212 {loop.cluster = 2 : i32, loop.stage = 1 : i32, ttg.partition = array<i32: 4>} : tensor<128xf32, #ttg.slice<{dim = 1, parent = #linear}>>
        %225 = math.exp2 %223 {loop.cluster = 4 : i32, loop.stage = 0 : i32, ttg.partition = array<i32: 5>} : tensor<128xf32, #ttg.slice<{dim = 1, parent = #linear}>>
        %226 = tt.expand_dims %225 {axis = 1 : i32, loop.cluster = 4 : i32, loop.stage = 0 : i32, ttg.partition = array<i32: 5>} : tensor<128xf32, #ttg.slice<{dim = 1, parent = #linear}>> -> tensor<128x1xf32, #linear>
        %true_27 = arith.constant {loop.cluster = 4 : i32, loop.stage = 0 : i32, ttg.partition = array<i32: 5>} true
        ttng.tmem_store %226, %202#0, %true_27 {loop.cluster = 4 : i32, loop.stage = 0 : i32, ttg.partition = array<i32: 5>} : tensor<128x1xf32, #linear> -> !ttg.memdesc<128x1xf32, #tmem1, #ttng.tensor_memory, mutable, 1x128x1>
        nvws.semaphore.release %47, %201 [#nvws.async_op<none>] {loop.cluster = 4 : i32, loop.stage = 0 : i32, ttg.partition = array<i32: 5>} : <[!ttg.memdesc<1x128x1xf32, #tmem1, #ttng.tensor_memory, mutable>, !ttg.memdesc<1x128x1xf32, #tmem1, #ttng.tensor_memory, mutable>, !ttg.memdesc<1x128x1xf32, #tmem1, #ttng.tensor_memory, mutable>, !ttg.memdesc<1x128x128xf32, #tmem, #ttng.tensor_memory, mutable>, !ttg.memdesc<1x128x128xf16, #tmem, #ttng.tensor_memory, mutable>]>, !ttg.async.token
        nvws.semaphore.release %49, %201 [#nvws.async_op<none>] {loop.cluster = 4 : i32, loop.stage = 0 : i32, ttg.partition = array<i32: 5>} : <[!ttg.memdesc<1x128x1xf32, #tmem1, #ttng.tensor_memory, mutable>, !ttg.memdesc<1x128x1xf32, #tmem1, #ttng.tensor_memory, mutable>, !ttg.memdesc<1x128x1xf32, #tmem1, #ttng.tensor_memory, mutable>, !ttg.memdesc<1x128x128xf32, #tmem, #ttng.tensor_memory, mutable>, !ttg.memdesc<1x128x128xf16, #tmem, #ttng.tensor_memory, mutable>]>, !ttg.async.token
        %227 = math.exp2 %224 {loop.cluster = 2 : i32, loop.stage = 1 : i32, ttg.partition = array<i32: 4>} : tensor<128xf32, #ttg.slice<{dim = 1, parent = #linear}>>
        %228 = tt.expand_dims %227 {axis = 1 : i32, loop.cluster = 2 : i32, loop.stage = 1 : i32, ttg.partition = array<i32: 4>} : tensor<128xf32, #ttg.slice<{dim = 1, parent = #linear}>> -> tensor<128x1xf32, #linear>
        %true_28 = arith.constant {loop.cluster = 2 : i32, loop.stage = 1 : i32, ttg.partition = array<i32: 4>} true
        ttng.tmem_store %228, %205#0, %true_28 {loop.cluster = 2 : i32, loop.stage = 1 : i32, ttg.partition = array<i32: 4>} : tensor<128x1xf32, #linear> -> !ttg.memdesc<128x1xf32, #tmem1, #ttng.tensor_memory, mutable, 1x128x1>
        nvws.semaphore.release %64, %204 [#nvws.async_op<none>] {loop.cluster = 2 : i32, loop.stage = 1 : i32, ttg.partition = array<i32: 4>} : <[!ttg.memdesc<1x128x1xf32, #tmem1, #ttng.tensor_memory, mutable>, !ttg.memdesc<1x128x1xf32, #tmem1, #ttng.tensor_memory, mutable>, !ttg.memdesc<1x128x1xf32, #tmem1, #ttng.tensor_memory, mutable>, !ttg.memdesc<1x128x128xf32, #tmem, #ttng.tensor_memory, mutable>, !ttg.memdesc<1x128x128xf16, #tmem, #ttng.tensor_memory, mutable>]>, !ttg.async.token
        nvws.semaphore.release %66, %204 [#nvws.async_op<none>] {loop.cluster = 2 : i32, loop.stage = 1 : i32, ttg.partition = array<i32: 4>} : <[!ttg.memdesc<1x128x1xf32, #tmem1, #ttng.tensor_memory, mutable>, !ttg.memdesc<1x128x1xf32, #tmem1, #ttng.tensor_memory, mutable>, !ttg.memdesc<1x128x1xf32, #tmem1, #ttng.tensor_memory, mutable>, !ttg.memdesc<1x128x128xf32, #tmem, #ttng.tensor_memory, mutable>, !ttg.memdesc<1x128x128xf16, #tmem, #ttng.tensor_memory, mutable>]>, !ttg.async.token
        %229 = "tt.reduce"(%221) <{axis = 1 : i32, reduction_ordering = "unordered"}> ({
        ^bb0(%arg36: f32, %arg37: f32):
          %287 = arith.addf %arg36, %arg37 {ttg.partition = array<i32: 5>} : f32
          tt.reduce.return %287 {ttg.partition = array<i32: 5>} : f32
        }) {loop.cluster = 1 : i32, loop.stage = 1 : i32, ttg.partition = array<i32: 5>, ttg.partition.outputs = [array<i32: 5>]} : (tensor<128x128xf32, #linear>) -> tensor<128xf32, #ttg.slice<{dim = 1, parent = #linear}>>
        %230 = "tt.reduce"(%222) <{axis = 1 : i32, reduction_ordering = "unordered"}> ({
        ^bb0(%arg36: f32, %arg37: f32):
          %287 = arith.addf %arg36, %arg37 {ttg.partition = array<i32: 4>} : f32
          tt.reduce.return %287 {ttg.partition = array<i32: 4>} : f32
        }) {loop.cluster = 2 : i32, loop.stage = 1 : i32, ttg.partition = array<i32: 4>, ttg.partition.outputs = [array<i32: 4>]} : (tensor<128x128xf32, #linear>) -> tensor<128xf32, #ttg.slice<{dim = 1, parent = #linear}>>
        %231 = nvws.semaphore.buffer %78, %arg32 {loop.cluster = 4 : i32, loop.stage = 0 : i32, ttg.partition = array<i32: 0>} : <[!ttg.memdesc<1x128x128xf32, #tmem, #ttng.tensor_memory, mutable>]>, !ttg.async.token -> !ttg.memdesc<128x128xf32, #tmem, #ttng.tensor_memory, mutable, 1x128x128>
        %result_29, %token_30 = ttng.tmem_load %110[] {loop.cluster = 4 : i32, loop.stage = 0 : i32, tmem.end = array<i32: 8>, ttg.partition = array<i32: 0>} : !ttg.memdesc<128x128xf32, #tmem, #ttng.tensor_memory, mutable, 1x128x128> -> tensor<128x128xf32, #linear1>
        %232 = nvws.semaphore.buffer %80, %arg33 {loop.cluster = 2 : i32, loop.stage = 1 : i32, ttg.partition = array<i32: 0>} : <[!ttg.memdesc<1x128x128xf32, #tmem, #ttng.tensor_memory, mutable>]>, !ttg.async.token -> !ttg.memdesc<128x128xf32, #tmem, #ttng.tensor_memory, mutable, 1x128x128>
        %result_31, %token_32 = ttng.tmem_load %111[] {loop.cluster = 2 : i32, loop.stage = 1 : i32, tmem.end = array<i32: 11>, ttg.partition = array<i32: 0>} : !ttg.memdesc<128x128xf32, #tmem, #ttng.tensor_memory, mutable, 1x128x128> -> tensor<128x128xf32, #linear1>
        %233 = tt.reshape %result_29 {ttg.partition = array<i32: 0>} : tensor<128x128xf32, #linear1> -> tensor<128x2x64xf32, #linear2>
        %234 = tt.reshape %result_31 {ttg.partition = array<i32: 0>} : tensor<128x128xf32, #linear1> -> tensor<128x2x64xf32, #linear2>
        %235 = tt.trans %233 {loop.cluster = 4 : i32, loop.stage = 0 : i32, order = array<i32: 0, 2, 1>, ttg.partition = array<i32: 0>} : tensor<128x2x64xf32, #linear2> -> tensor<128x64x2xf32, #linear3>
        %236 = tt.trans %234 {loop.cluster = 2 : i32, loop.stage = 1 : i32, order = array<i32: 0, 2, 1>, ttg.partition = array<i32: 0>} : tensor<128x2x64xf32, #linear2> -> tensor<128x64x2xf32, #linear3>
        %outLHS, %outRHS = tt.split %235 {loop.cluster = 4 : i32, loop.stage = 0 : i32, ttg.partition = array<i32: 0>} : tensor<128x64x2xf32, #linear3> -> tensor<128x64xf32, #linear4>
        %outLHS_33, %outRHS_34 = tt.split %236 {loop.cluster = 2 : i32, loop.stage = 1 : i32, ttg.partition = array<i32: 0>} : tensor<128x64x2xf32, #linear3> -> tensor<128x64xf32, #linear4>
        %237 = nvws.semaphore.acquire %47 {loop.cluster = 4 : i32, loop.stage = 0 : i32, ttg.partition = array<i32: 0>} : <[!ttg.memdesc<1x128x1xf32, #tmem1, #ttng.tensor_memory, mutable>, !ttg.memdesc<1x128x1xf32, #tmem1, #ttng.tensor_memory, mutable>, !ttg.memdesc<1x128x1xf32, #tmem1, #ttng.tensor_memory, mutable>, !ttg.memdesc<1x128x128xf32, #tmem, #ttng.tensor_memory, mutable>, !ttg.memdesc<1x128x128xf16, #tmem, #ttng.tensor_memory, mutable>]> -> !ttg.async.token
        %238:5 = nvws.semaphore.buffer %46, %237 {loop.cluster = 4 : i32, loop.stage = 0 : i32, ttg.partition = array<i32: 0>} : <[!ttg.memdesc<1x128x1xf32, #tmem1, #ttng.tensor_memory, mutable>, !ttg.memdesc<1x128x1xf32, #tmem1, #ttng.tensor_memory, mutable>, !ttg.memdesc<1x128x1xf32, #tmem1, #ttng.tensor_memory, mutable>, !ttg.memdesc<1x128x128xf32, #tmem, #ttng.tensor_memory, mutable>, !ttg.memdesc<1x128x128xf16, #tmem, #ttng.tensor_memory, mutable>]>, !ttg.async.token -> !ttg.memdesc<128x1xf32, #tmem1, #ttng.tensor_memory, mutable, 1x128x1>, !ttg.memdesc<128x1xf32, #tmem1, #ttng.tensor_memory, mutable, 1x128x1>, !ttg.memdesc<128x1xf32, #tmem1, #ttng.tensor_memory, mutable, 1x128x1>, !ttg.memdesc<128x128xf32, #tmem, #ttng.tensor_memory, mutable, 1x128x128>, !ttg.memdesc<128x128xf16, #tmem, #ttng.tensor_memory, mutable, 1x128x128>
        %result_35, %token_36 = ttng.tmem_load %238#0[] {loop.cluster = 4 : i32, loop.stage = 0 : i32, ttg.partition = array<i32: 0>} : !ttg.memdesc<128x1xf32, #tmem1, #ttng.tensor_memory, mutable, 1x128x1> -> tensor<128x1xf32, #linear5>
        nvws.semaphore.release %49, %237 [#nvws.async_op<none>] {loop.cluster = 4 : i32, loop.stage = 0 : i32, ttg.partition = array<i32: 0>} : <[!ttg.memdesc<1x128x1xf32, #tmem1, #ttng.tensor_memory, mutable>, !ttg.memdesc<1x128x1xf32, #tmem1, #ttng.tensor_memory, mutable>, !ttg.memdesc<1x128x1xf32, #tmem1, #ttng.tensor_memory, mutable>, !ttg.memdesc<1x128x128xf32, #tmem, #ttng.tensor_memory, mutable>, !ttg.memdesc<1x128x128xf16, #tmem, #ttng.tensor_memory, mutable>]>, !ttg.async.token
        nvws.semaphore.release %48, %237 [#nvws.async_op<none>] {loop.cluster = 4 : i32, loop.stage = 0 : i32, ttg.partition = array<i32: 5>} : <[!ttg.memdesc<1x128x1xf32, #tmem1, #ttng.tensor_memory, mutable>, !ttg.memdesc<1x128x1xf32, #tmem1, #ttng.tensor_memory, mutable>, !ttg.memdesc<1x128x1xf32, #tmem1, #ttng.tensor_memory, mutable>, !ttg.memdesc<1x128x128xf32, #tmem, #ttng.tensor_memory, mutable>, !ttg.memdesc<1x128x128xf16, #tmem, #ttng.tensor_memory, mutable>]>, !ttg.async.token
        %239 = tt.reshape %result_35 {loop.cluster = 4 : i32, loop.stage = 0 : i32, ttg.partition = array<i32: 0>} : tensor<128x1xf32, #linear5> -> tensor<128xf32, #linear6>
        %240 = ttg.convert_layout %239 {loop.cluster = 4 : i32, loop.stage = 0 : i32, ttg.partition = array<i32: 0>} : tensor<128xf32, #linear6> -> tensor<128xf32, #ttg.slice<{dim = 1, parent = #linear}>>
        %241 = tt.expand_dims %240 {axis = 1 : i32, loop.cluster = 4 : i32, loop.stage = 0 : i32, ttg.partition = array<i32: 0>} : tensor<128xf32, #ttg.slice<{dim = 1, parent = #linear}>> -> tensor<128x1xf32, #linear>
        %242 = nvws.semaphore.acquire %64 {loop.cluster = 2 : i32, loop.stage = 1 : i32, ttg.partition = array<i32: 0>} : <[!ttg.memdesc<1x128x1xf32, #tmem1, #ttng.tensor_memory, mutable>, !ttg.memdesc<1x128x1xf32, #tmem1, #ttng.tensor_memory, mutable>, !ttg.memdesc<1x128x1xf32, #tmem1, #ttng.tensor_memory, mutable>, !ttg.memdesc<1x128x128xf32, #tmem, #ttng.tensor_memory, mutable>, !ttg.memdesc<1x128x128xf16, #tmem, #ttng.tensor_memory, mutable>]> -> !ttg.async.token
        %243:5 = nvws.semaphore.buffer %63, %242 {loop.cluster = 2 : i32, loop.stage = 1 : i32, ttg.partition = array<i32: 0>} : <[!ttg.memdesc<1x128x1xf32, #tmem1, #ttng.tensor_memory, mutable>, !ttg.memdesc<1x128x1xf32, #tmem1, #ttng.tensor_memory, mutable>, !ttg.memdesc<1x128x1xf32, #tmem1, #ttng.tensor_memory, mutable>, !ttg.memdesc<1x128x128xf32, #tmem, #ttng.tensor_memory, mutable>, !ttg.memdesc<1x128x128xf16, #tmem, #ttng.tensor_memory, mutable>]>, !ttg.async.token -> !ttg.memdesc<128x1xf32, #tmem1, #ttng.tensor_memory, mutable, 1x128x1>, !ttg.memdesc<128x1xf32, #tmem1, #ttng.tensor_memory, mutable, 1x128x1>, !ttg.memdesc<128x1xf32, #tmem1, #ttng.tensor_memory, mutable, 1x128x1>, !ttg.memdesc<128x128xf32, #tmem, #ttng.tensor_memory, mutable, 1x128x128>, !ttg.memdesc<128x128xf16, #tmem, #ttng.tensor_memory, mutable, 1x128x128>
        %result_37, %token_38 = ttng.tmem_load %243#0[] {loop.cluster = 2 : i32, loop.stage = 1 : i32, ttg.partition = array<i32: 0>} : !ttg.memdesc<128x1xf32, #tmem1, #ttng.tensor_memory, mutable, 1x128x1> -> tensor<128x1xf32, #linear5>
        nvws.semaphore.release %66, %242 [#nvws.async_op<none>] {loop.cluster = 2 : i32, loop.stage = 1 : i32, ttg.partition = array<i32: 0>} : <[!ttg.memdesc<1x128x1xf32, #tmem1, #ttng.tensor_memory, mutable>, !ttg.memdesc<1x128x1xf32, #tmem1, #ttng.tensor_memory, mutable>, !ttg.memdesc<1x128x1xf32, #tmem1, #ttng.tensor_memory, mutable>, !ttg.memdesc<1x128x128xf32, #tmem, #ttng.tensor_memory, mutable>, !ttg.memdesc<1x128x128xf16, #tmem, #ttng.tensor_memory, mutable>]>, !ttg.async.token
        nvws.semaphore.release %65, %242 [#nvws.async_op<none>] {loop.cluster = 2 : i32, loop.stage = 1 : i32, ttg.partition = array<i32: 4>} : <[!ttg.memdesc<1x128x1xf32, #tmem1, #ttng.tensor_memory, mutable>, !ttg.memdesc<1x128x1xf32, #tmem1, #ttng.tensor_memory, mutable>, !ttg.memdesc<1x128x1xf32, #tmem1, #ttng.tensor_memory, mutable>, !ttg.memdesc<1x128x128xf32, #tmem, #ttng.tensor_memory, mutable>, !ttg.memdesc<1x128x128xf16, #tmem, #ttng.tensor_memory, mutable>]>, !ttg.async.token
        %244 = tt.reshape %result_37 {loop.cluster = 2 : i32, loop.stage = 1 : i32, ttg.partition = array<i32: 0>} : tensor<128x1xf32, #linear5> -> tensor<128xf32, #linear6>
        %245 = ttg.convert_layout %244 {loop.cluster = 2 : i32, loop.stage = 1 : i32, ttg.partition = array<i32: 0>} : tensor<128xf32, #linear6> -> tensor<128xf32, #ttg.slice<{dim = 1, parent = #linear}>>
        %246 = tt.expand_dims %245 {axis = 1 : i32, loop.cluster = 2 : i32, loop.stage = 1 : i32, ttg.partition = array<i32: 0>} : tensor<128xf32, #ttg.slice<{dim = 1, parent = #linear}>> -> tensor<128x1xf32, #linear>
        %247 = ttg.convert_layout %241 {loop.cluster = 4 : i32, loop.stage = 0 : i32, ttg.partition = array<i32: 0>} : tensor<128x1xf32, #linear> -> tensor<128x1xf32, #linear4>
        %248 = ttg.convert_layout %246 {loop.cluster = 2 : i32, loop.stage = 1 : i32, ttg.partition = array<i32: 0>} : tensor<128x1xf32, #linear> -> tensor<128x1xf32, #linear4>
        %249 = tt.broadcast %247 {loop.cluster = 4 : i32, loop.stage = 0 : i32, ttg.partition = array<i32: 0>} : tensor<128x1xf32, #linear4> -> tensor<128x64xf32, #linear4>
        %250 = tt.broadcast %248 {loop.cluster = 2 : i32, loop.stage = 1 : i32, ttg.partition = array<i32: 0>} : tensor<128x1xf32, #linear4> -> tensor<128x64xf32, #linear4>
        %251 = tt.elementwise_inline_asm "\0A        {\0A            .reg .b64 ra, rb, rc;\0A            mov.b64 ra, { $2, $3 };\0A            mov.b64 rb, { $4, $5 };\0A            mul.f32x2 rc, ra, rb;\0A            mov.b64 { $0, $1 }, rc;\0A        }\0A        " {constraints = "=r,=r,r,r,r,r", loop.cluster = 4 : i32, loop.stage = 0 : i32, packed_element = 2 : i32, pure = true, ttg.partition = array<i32: 0>} %outLHS, %249 : tensor<128x64xf32, #linear4>, tensor<128x64xf32, #linear4> -> tensor<128x64xf32, #linear4>
        %252 = tt.elementwise_inline_asm "\0A        {\0A            .reg .b64 ra, rb, rc;\0A            mov.b64 ra, { $2, $3 };\0A            mov.b64 rb, { $4, $5 };\0A            mul.f32x2 rc, ra, rb;\0A            mov.b64 { $0, $1 }, rc;\0A        }\0A        " {constraints = "=r,=r,r,r,r,r", loop.cluster = 2 : i32, loop.stage = 1 : i32, packed_element = 2 : i32, pure = true, ttg.partition = array<i32: 0>} %outLHS_33, %250 : tensor<128x64xf32, #linear4>, tensor<128x64xf32, #linear4> -> tensor<128x64xf32, #linear4>
        %253 = tt.elementwise_inline_asm "\0A        {\0A            .reg .b64 ra, rb, rc;\0A            mov.b64 ra, { $2, $3 };\0A            mov.b64 rb, { $4, $5 };\0A            mul.f32x2 rc, ra, rb;\0A            mov.b64 { $0, $1 }, rc;\0A        }\0A        " {constraints = "=r,=r,r,r,r,r", loop.cluster = 4 : i32, loop.stage = 0 : i32, packed_element = 2 : i32, pure = true, ttg.partition = array<i32: 0>} %outRHS, %249 : tensor<128x64xf32, #linear4>, tensor<128x64xf32, #linear4> -> tensor<128x64xf32, #linear4>
        %254 = tt.elementwise_inline_asm "\0A        {\0A            .reg .b64 ra, rb, rc;\0A            mov.b64 ra, { $2, $3 };\0A            mov.b64 rb, { $4, $5 };\0A            mul.f32x2 rc, ra, rb;\0A            mov.b64 { $0, $1 }, rc;\0A        }\0A        " {constraints = "=r,=r,r,r,r,r", loop.cluster = 2 : i32, loop.stage = 1 : i32, packed_element = 2 : i32, pure = true, ttg.partition = array<i32: 0>} %outRHS_34, %250 : tensor<128x64xf32, #linear4>, tensor<128x64xf32, #linear4> -> tensor<128x64xf32, #linear4>
        %255 = tt.join %251, %253 {loop.cluster = 4 : i32, loop.stage = 0 : i32, ttg.partition = array<i32: 0>} : tensor<128x64xf32, #linear4> -> tensor<128x64x2xf32, #linear3>
        %256 = tt.join %252, %254 {loop.cluster = 2 : i32, loop.stage = 1 : i32, ttg.partition = array<i32: 0>} : tensor<128x64xf32, #linear4> -> tensor<128x64x2xf32, #linear3>
        %257 = tt.trans %255 {loop.cluster = 4 : i32, loop.stage = 0 : i32, order = array<i32: 0, 2, 1>, ttg.partition = array<i32: 0>} : tensor<128x64x2xf32, #linear3> -> tensor<128x2x64xf32, #linear2>
        %258 = tt.trans %256 {loop.cluster = 2 : i32, loop.stage = 1 : i32, order = array<i32: 0, 2, 1>, ttg.partition = array<i32: 0>} : tensor<128x64x2xf32, #linear3> -> tensor<128x2x64xf32, #linear2>
        %259 = tt.reshape %257 {loop.cluster = 4 : i32, loop.stage = 0 : i32, ttg.partition = array<i32: 0>} : tensor<128x2x64xf32, #linear2> -> tensor<128x128xf32, #linear>
        %260 = tt.reshape %258 {loop.cluster = 2 : i32, loop.stage = 1 : i32, ttg.partition = array<i32: 0>} : tensor<128x2x64xf32, #linear2> -> tensor<128x128xf32, #linear>
        %261 = arith.truncf %221 {loop.cluster = 4 : i32, loop.stage = 0 : i32, ttg.partition = array<i32: 5>} : tensor<128x128xf32, #linear> to tensor<128x128xf16, #linear>
        %262 = arith.truncf %222 {loop.cluster = 2 : i32, loop.stage = 1 : i32, ttg.partition = array<i32: 4>} : tensor<128x128xf32, #linear> to tensor<128x128xf16, #linear>
        %true_39 = arith.constant {loop.cluster = 4 : i32, loop.stage = 0 : i32, ttg.partition = array<i32: 5>} true
        ttng.tmem_store %261, %238#4, %true_39 {loop.cluster = 4 : i32, loop.stage = 0 : i32, ttg.partition = array<i32: 5>} : tensor<128x128xf16, #linear> -> !ttg.memdesc<128x128xf16, #tmem, #ttng.tensor_memory, mutable, 1x128x128>
        %true_40 = arith.constant {loop.cluster = 2 : i32, loop.stage = 1 : i32, ttg.partition = array<i32: 4>} true
        ttng.tmem_store %262, %243#4, %true_40 {loop.cluster = 2 : i32, loop.stage = 1 : i32, ttg.partition = array<i32: 4>} : tensor<128x128xf16, #linear> -> !ttg.memdesc<128x128xf16, #tmem, #ttng.tensor_memory, mutable, 1x128x128>
        %263 = ttng.tmem_store %259, %110[], %true {loop.cluster = 4 : i32, loop.stage = 0 : i32, tmem.start = array<i32: 9>, ttg.partition = array<i32: 0>} : tensor<128x128xf32, #linear> -> !ttg.memdesc<128x128xf32, #tmem, #ttng.tensor_memory, mutable, 1x128x128>
        nvws.semaphore.release %78, %arg32 [#nvws.async_op<none>] {loop.cluster = 4 : i32, loop.stage = 0 : i32, ttg.partition = array<i32: 0>} : <[!ttg.memdesc<1x128x128xf32, #tmem, #ttng.tensor_memory, mutable>]>, !ttg.async.token
        %264 = ttng.tmem_store %260, %111[], %true {loop.cluster = 2 : i32, loop.stage = 1 : i32, tmem.start = array<i32: 12>, ttg.partition = array<i32: 0>} : tensor<128x128xf32, #linear> -> !ttg.memdesc<128x128xf32, #tmem, #ttng.tensor_memory, mutable, 1x128x128>
        nvws.semaphore.release %80, %arg33 [#nvws.async_op<none>] {loop.cluster = 2 : i32, loop.stage = 1 : i32, ttg.partition = array<i32: 0>} : <[!ttg.memdesc<1x128x128xf32, #tmem, #ttng.tensor_memory, mutable>]>, !ttg.async.token
        %265 = nvws.semaphore.acquire %48 {loop.cluster = 4 : i32, loop.stage = 0 : i32, ttg.partition = array<i32: 1>} : <[!ttg.memdesc<1x128x1xf32, #tmem1, #ttng.tensor_memory, mutable>, !ttg.memdesc<1x128x1xf32, #tmem1, #ttng.tensor_memory, mutable>, !ttg.memdesc<1x128x1xf32, #tmem1, #ttng.tensor_memory, mutable>, !ttg.memdesc<1x128x128xf32, #tmem, #ttng.tensor_memory, mutable>, !ttg.memdesc<1x128x128xf16, #tmem, #ttng.tensor_memory, mutable>]> -> !ttg.async.token
        %266:5 = nvws.semaphore.buffer %46, %265 {loop.cluster = 4 : i32, loop.stage = 0 : i32, ttg.partition = array<i32: 1>} : <[!ttg.memdesc<1x128x1xf32, #tmem1, #ttng.tensor_memory, mutable>, !ttg.memdesc<1x128x1xf32, #tmem1, #ttng.tensor_memory, mutable>, !ttg.memdesc<1x128x1xf32, #tmem1, #ttng.tensor_memory, mutable>, !ttg.memdesc<1x128x128xf32, #tmem, #ttng.tensor_memory, mutable>, !ttg.memdesc<1x128x128xf16, #tmem, #ttng.tensor_memory, mutable>]>, !ttg.async.token -> !ttg.memdesc<128x1xf32, #tmem1, #ttng.tensor_memory, mutable, 1x128x1>, !ttg.memdesc<128x1xf32, #tmem1, #ttng.tensor_memory, mutable, 1x128x1>, !ttg.memdesc<128x1xf32, #tmem1, #ttng.tensor_memory, mutable, 1x128x1>, !ttg.memdesc<128x128xf32, #tmem, #ttng.tensor_memory, mutable, 1x128x128>, !ttg.memdesc<128x128xf16, #tmem, #ttng.tensor_memory, mutable, 1x128x128>
        %267 = nvws.semaphore.acquire %78 {loop.cluster = 4 : i32, loop.stage = 0 : i32, ttg.partition = array<i32: 1>} : <[!ttg.memdesc<1x128x128xf32, #tmem, #ttng.tensor_memory, mutable>]> -> !ttg.async.token
        %268 = nvws.semaphore.buffer %78, %267 {loop.cluster = 4 : i32, loop.stage = 0 : i32, ttg.partition = array<i32: 1>} : <[!ttg.memdesc<1x128x128xf32, #tmem, #ttng.tensor_memory, mutable>]>, !ttg.async.token -> !ttg.memdesc<128x128xf32, #tmem, #ttng.tensor_memory, mutable, 1x128x128>
        %269 = nvws.semaphore.acquire %36 {loop.cluster = 4 : i32, loop.stage = 0 : i32, ttg.partition = array<i32: 1>} : <[!ttg.memdesc<1x128x128xf16, #shared, #smem, mutable>]> -> !ttg.async.token
        %270 = nvws.semaphore.buffer %36, %269 {loop.cluster = 4 : i32, loop.stage = 0 : i32, ttg.partition = array<i32: 1>} : <[!ttg.memdesc<1x128x128xf16, #shared, #smem, mutable>]>, !ttg.async.token -> !ttg.memdesc<128x128xf16, #shared, #smem, mutable>
        %271 = ttng.tc_gen5_mma %238#4, %270, %110[], %true, %true {loop.cluster = 4 : i32, loop.stage = 0 : i32, tmem.end = array<i32: 9>, tmem.start = array<i32: 8, 10>, tt.self_latency = 1 : i32, ttg.partition = array<i32: 1>} : !ttg.memdesc<128x128xf16, #tmem, #ttng.tensor_memory, mutable, 1x128x128>, !ttg.memdesc<128x128xf16, #shared, #smem, mutable>, !ttg.memdesc<128x128xf32, #tmem, #ttng.tensor_memory, mutable, 1x128x128>
        nvws.semaphore.release %79, %267 [#nvws.async_op<tc5mma>] {loop.cluster = 4 : i32, loop.stage = 0 : i32, ttg.partition = array<i32: 1>} : <[!ttg.memdesc<1x128x128xf32, #tmem, #ttng.tensor_memory, mutable>]>, !ttg.async.token
        %272 = nvws.semaphore.acquire %79 {loop.cluster = 4 : i32, loop.stage = 0 : i32, ttg.partition = array<i32: 0>} : <[!ttg.memdesc<1x128x128xf32, #tmem, #ttng.tensor_memory, mutable>]> -> !ttg.async.token
        %273 = nvws.semaphore.acquire %49 {loop.cluster = 4 : i32, loop.stage = 0 : i32, ttg.partition = array<i32: 1>} : <[!ttg.memdesc<1x128x1xf32, #tmem1, #ttng.tensor_memory, mutable>, !ttg.memdesc<1x128x1xf32, #tmem1, #ttng.tensor_memory, mutable>, !ttg.memdesc<1x128x1xf32, #tmem1, #ttng.tensor_memory, mutable>, !ttg.memdesc<1x128x128xf32, #tmem, #ttng.tensor_memory, mutable>, !ttg.memdesc<1x128x128xf16, #tmem, #ttng.tensor_memory, mutable>]> -> !ttg.async.token
        %274 = nvws.semaphore.acquire %65 {loop.cluster = 2 : i32, loop.stage = 1 : i32, ttg.partition = array<i32: 1>} : <[!ttg.memdesc<1x128x1xf32, #tmem1, #ttng.tensor_memory, mutable>, !ttg.memdesc<1x128x1xf32, #tmem1, #ttng.tensor_memory, mutable>, !ttg.memdesc<1x128x1xf32, #tmem1, #ttng.tensor_memory, mutable>, !ttg.memdesc<1x128x128xf32, #tmem, #ttng.tensor_memory, mutable>, !ttg.memdesc<1x128x128xf16, #tmem, #ttng.tensor_memory, mutable>]> -> !ttg.async.token
        %275:5 = nvws.semaphore.buffer %63, %274 {loop.cluster = 2 : i32, loop.stage = 1 : i32, ttg.partition = array<i32: 1>} : <[!ttg.memdesc<1x128x1xf32, #tmem1, #ttng.tensor_memory, mutable>, !ttg.memdesc<1x128x1xf32, #tmem1, #ttng.tensor_memory, mutable>, !ttg.memdesc<1x128x1xf32, #tmem1, #ttng.tensor_memory, mutable>, !ttg.memdesc<1x128x128xf32, #tmem, #ttng.tensor_memory, mutable>, !ttg.memdesc<1x128x128xf16, #tmem, #ttng.tensor_memory, mutable>]>, !ttg.async.token -> !ttg.memdesc<128x1xf32, #tmem1, #ttng.tensor_memory, mutable, 1x128x1>, !ttg.memdesc<128x1xf32, #tmem1, #ttng.tensor_memory, mutable, 1x128x1>, !ttg.memdesc<128x1xf32, #tmem1, #ttng.tensor_memory, mutable, 1x128x1>, !ttg.memdesc<128x128xf32, #tmem, #ttng.tensor_memory, mutable, 1x128x128>, !ttg.memdesc<128x128xf16, #tmem, #ttng.tensor_memory, mutable, 1x128x128>
        %276 = nvws.semaphore.acquire %80 {loop.cluster = 2 : i32, loop.stage = 1 : i32, ttg.partition = array<i32: 1>} : <[!ttg.memdesc<1x128x128xf32, #tmem, #ttng.tensor_memory, mutable>]> -> !ttg.async.token
        %277 = nvws.semaphore.buffer %80, %276 {loop.cluster = 2 : i32, loop.stage = 1 : i32, ttg.partition = array<i32: 1>} : <[!ttg.memdesc<1x128x128xf32, #tmem, #ttng.tensor_memory, mutable>]>, !ttg.async.token -> !ttg.memdesc<128x128xf32, #tmem, #ttng.tensor_memory, mutable, 1x128x128>
        %278 = ttng.tc_gen5_mma %243#4, %270, %111[], %true, %true {loop.cluster = 2 : i32, loop.stage = 1 : i32, tmem.end = array<i32: 12>, tmem.start = array<i32: 11, 13>, tt.self_latency = 1 : i32, ttg.partition = array<i32: 1>} : !ttg.memdesc<128x128xf16, #tmem, #ttng.tensor_memory, mutable, 1x128x128>, !ttg.memdesc<128x128xf16, #shared, #smem, mutable>, !ttg.memdesc<128x128xf32, #tmem, #ttng.tensor_memory, mutable, 1x128x128>
        nvws.semaphore.release %37, %269 [#nvws.async_op<tc5mma>] {loop.cluster = 2 : i32, loop.stage = 1 : i32, ttg.partition = array<i32: 1>} : <[!ttg.memdesc<1x128x128xf16, #shared, #smem, mutable>]>, !ttg.async.token
        %279 = nvws.semaphore.acquire %37 {loop.cluster = 4 : i32, loop.stage = 0 : i32, ttg.partition = array<i32: 3>} : <[!ttg.memdesc<1x128x128xf16, #shared, #smem, mutable>]> -> !ttg.async.token
        nvws.semaphore.release %81, %276 [#nvws.async_op<tc5mma>] {loop.cluster = 2 : i32, loop.stage = 1 : i32, ttg.partition = array<i32: 1>} : <[!ttg.memdesc<1x128x128xf32, #tmem, #ttng.tensor_memory, mutable>]>, !ttg.async.token
        %280 = nvws.semaphore.acquire %81 {loop.cluster = 2 : i32, loop.stage = 1 : i32, ttg.partition = array<i32: 0>} : <[!ttg.memdesc<1x128x128xf32, #tmem, #ttng.tensor_memory, mutable>]> -> !ttg.async.token
        %281 = nvws.semaphore.acquire %66 {loop.cluster = 2 : i32, loop.stage = 1 : i32, ttg.partition = array<i32: 1>} : <[!ttg.memdesc<1x128x1xf32, #tmem1, #ttng.tensor_memory, mutable>, !ttg.memdesc<1x128x1xf32, #tmem1, #ttng.tensor_memory, mutable>, !ttg.memdesc<1x128x1xf32, #tmem1, #ttng.tensor_memory, mutable>, !ttg.memdesc<1x128x128xf32, #tmem, #ttng.tensor_memory, mutable>, !ttg.memdesc<1x128x128xf16, #tmem, #ttng.tensor_memory, mutable>]> -> !ttg.async.token
        %282 = arith.mulf %arg22, %225 {loop.cluster = 1 : i32, loop.stage = 1 : i32, ttg.partition = array<i32: 5>} : tensor<128xf32, #ttg.slice<{dim = 1, parent = #linear}>>
        %283 = arith.mulf %arg26, %227 {loop.cluster = 2 : i32, loop.stage = 1 : i32, ttg.partition = array<i32: 4>} : tensor<128xf32, #ttg.slice<{dim = 1, parent = #linear}>>
        %284 = arith.addf %282, %229 {loop.cluster = 1 : i32, loop.stage = 1 : i32, ttg.partition = array<i32: 5>} : tensor<128xf32, #ttg.slice<{dim = 1, parent = #linear}>>
        %285 = arith.addf %283, %230 {loop.cluster = 2 : i32, loop.stage = 1 : i32, ttg.partition = array<i32: 4>} : tensor<128xf32, #ttg.slice<{dim = 1, parent = #linear}>>
        %286 = arith.addi %arg21, %c128_i32 {loop.cluster = 0 : i32, loop.stage = 1 : i32, ttg.partition = array<i32: 3>} : i32
        scf.yield {ttg.partition = array<i32: 0, 1, 3, 4, 5>} %286, %284, %211, %0, %0, %285, %212, %0, %0, %273, %281, %272, %280, %200, %279 : i32, tensor<128xf32, #ttg.slice<{dim = 1, parent = #linear}>>, tensor<128xf32, #ttg.slice<{dim = 1, parent = #linear}>>, !ttg.async.token, !ttg.async.token, tensor<128xf32, #ttg.slice<{dim = 1, parent = #linear}>>, tensor<128xf32, #ttg.slice<{dim = 1, parent = #linear}>>, !ttg.async.token, !ttg.async.token, !ttg.async.token, !ttg.async.token, !ttg.async.token, !ttg.async.token, !ttg.async.token, !ttg.async.token
      } {tt.data_partition_factor = 2 : i32, tt.merge_epilogue = true, tt.scheduled_max_stage = 1 : i32, tt.separate_epilogue_store = true, ttg.partition = array<i32: 0, 1, 3, 4, 5>, ttg.partition.outputs = [array<i32: 3>, array<i32: 5>, array<i32: 5>, array<i32: 1>, array<i32: 0>, array<i32: 4>, array<i32: 4>, array<i32: 1>, array<i32: 0>, array<i32: 1>, array<i32: 1>, array<i32: 0>, array<i32: 0>, array<i32: 3>, array<i32: 3>]}
      nvws.semaphore.release %30, %113 [#nvws.async_op<tc5mma>] {loop.cluster = 3 : i32, loop.stage = 0 : i32, ttg.partition = array<i32: 1>} : <[!ttg.memdesc<1x128x128xf16, #shared, #smem, mutable>]>, !ttg.async.token
      %115 = nvws.semaphore.acquire %30 {ttg.partition = array<i32: 3>} : <[!ttg.memdesc<1x128x128xf16, #shared, #smem, mutable>]> -> !ttg.async.token
      nvws.semaphore.release %27, %112 [#nvws.async_op<tc5mma>] {loop.cluster = 1 : i32, loop.stage = 0 : i32, ttg.partition = array<i32: 1>} : <[!ttg.memdesc<1x128x128xf16, #shared, #smem, mutable>]>, !ttg.async.token
      %116 = nvws.semaphore.acquire %27 {ttg.partition = array<i32: 3>} : <[!ttg.memdesc<1x128x128xf16, #shared, #smem, mutable>]> -> !ttg.async.token
      nvws.semaphore.release %67, %114#10 [#nvws.async_op<tc5mma>] {loop.cluster = 2 : i32, loop.stage = 1 : i32, ttg.partition = array<i32: 1>} : <[!ttg.memdesc<1x128x1xf32, #tmem1, #ttng.tensor_memory, mutable>, !ttg.memdesc<1x128x1xf32, #tmem1, #ttng.tensor_memory, mutable>, !ttg.memdesc<1x128x1xf32, #tmem1, #ttng.tensor_memory, mutable>, !ttg.memdesc<1x128x128xf32, #tmem, #ttng.tensor_memory, mutable>, !ttg.memdesc<1x128x128xf16, #tmem, #ttng.tensor_memory, mutable>]>, !ttg.async.token
      nvws.semaphore.release %68, %114#10 [#nvws.async_op<tc5mma>] {loop.cluster = 2 : i32, loop.stage = 1 : i32, ttg.partition = array<i32: 1>} : <[!ttg.memdesc<1x128x1xf32, #tmem1, #ttng.tensor_memory, mutable>, !ttg.memdesc<1x128x1xf32, #tmem1, #ttng.tensor_memory, mutable>, !ttg.memdesc<1x128x1xf32, #tmem1, #ttng.tensor_memory, mutable>, !ttg.memdesc<1x128x128xf32, #tmem, #ttng.tensor_memory, mutable>, !ttg.memdesc<1x128x128xf16, #tmem, #ttng.tensor_memory, mutable>]>, !ttg.async.token
      nvws.semaphore.release %50, %114#9 [#nvws.async_op<tc5mma>] {loop.cluster = 4 : i32, loop.stage = 0 : i32, ttg.partition = array<i32: 1>} : <[!ttg.memdesc<1x128x1xf32, #tmem1, #ttng.tensor_memory, mutable>, !ttg.memdesc<1x128x1xf32, #tmem1, #ttng.tensor_memory, mutable>, !ttg.memdesc<1x128x1xf32, #tmem1, #ttng.tensor_memory, mutable>, !ttg.memdesc<1x128x128xf32, #tmem, #ttng.tensor_memory, mutable>, !ttg.memdesc<1x128x128xf16, #tmem, #ttng.tensor_memory, mutable>]>, !ttg.async.token
      nvws.semaphore.release %51, %114#9 [#nvws.async_op<tc5mma>] {loop.cluster = 4 : i32, loop.stage = 0 : i32, ttg.partition = array<i32: 1>} : <[!ttg.memdesc<1x128x1xf32, #tmem1, #ttng.tensor_memory, mutable>, !ttg.memdesc<1x128x1xf32, #tmem1, #ttng.tensor_memory, mutable>, !ttg.memdesc<1x128x1xf32, #tmem1, #ttng.tensor_memory, mutable>, !ttg.memdesc<1x128x128xf32, #tmem, #ttng.tensor_memory, mutable>, !ttg.memdesc<1x128x128xf16, #tmem, #ttng.tensor_memory, mutable>]>, !ttg.async.token
      %117 = tt.expand_dims %114#6 {axis = 1 : i32, ttg.partition = array<i32: 4>} : tensor<128xf32, #ttg.slice<{dim = 1, parent = #linear}>> -> tensor<128x1xf32, #linear>
      %true_8 = arith.constant {ttg.partition = array<i32: 4>} true
      %118 = nvws.semaphore.acquire %67 {ttg.partition = array<i32: 4>} : <[!ttg.memdesc<1x128x1xf32, #tmem1, #ttng.tensor_memory, mutable>, !ttg.memdesc<1x128x1xf32, #tmem1, #ttng.tensor_memory, mutable>, !ttg.memdesc<1x128x1xf32, #tmem1, #ttng.tensor_memory, mutable>, !ttg.memdesc<1x128x128xf32, #tmem, #ttng.tensor_memory, mutable>, !ttg.memdesc<1x128x128xf16, #tmem, #ttng.tensor_memory, mutable>]> -> !ttg.async.token
      %119:5 = nvws.semaphore.buffer %63, %118 {ttg.partition = array<i32: 4>} : <[!ttg.memdesc<1x128x1xf32, #tmem1, #ttng.tensor_memory, mutable>, !ttg.memdesc<1x128x1xf32, #tmem1, #ttng.tensor_memory, mutable>, !ttg.memdesc<1x128x1xf32, #tmem1, #ttng.tensor_memory, mutable>, !ttg.memdesc<1x128x128xf32, #tmem, #ttng.tensor_memory, mutable>, !ttg.memdesc<1x128x128xf16, #tmem, #ttng.tensor_memory, mutable>]>, !ttg.async.token -> !ttg.memdesc<128x1xf32, #tmem1, #ttng.tensor_memory, mutable, 1x128x1>, !ttg.memdesc<128x1xf32, #tmem1, #ttng.tensor_memory, mutable, 1x128x1>, !ttg.memdesc<128x1xf32, #tmem1, #ttng.tensor_memory, mutable, 1x128x1>, !ttg.memdesc<128x128xf32, #tmem, #ttng.tensor_memory, mutable, 1x128x128>, !ttg.memdesc<128x128xf16, #tmem, #ttng.tensor_memory, mutable, 1x128x128>
      ttng.tmem_store %117, %119#2, %true_8 {ttg.partition = array<i32: 4>} : tensor<128x1xf32, #linear> -> !ttg.memdesc<128x1xf32, #tmem1, #ttng.tensor_memory, mutable, 1x128x1>
      nvws.semaphore.release %70, %118 [#nvws.async_op<none>] {ttg.partition = array<i32: 4>} : <[!ttg.memdesc<1x128x1xf32, #tmem1, #ttng.tensor_memory, mutable>, !ttg.memdesc<1x128x1xf32, #tmem1, #ttng.tensor_memory, mutable>, !ttg.memdesc<1x128x1xf32, #tmem1, #ttng.tensor_memory, mutable>, !ttg.memdesc<1x128x128xf32, #tmem, #ttng.tensor_memory, mutable>, !ttg.memdesc<1x128x128xf16, #tmem, #ttng.tensor_memory, mutable>]>, !ttg.async.token
      %120 = tt.expand_dims %114#5 {axis = 1 : i32, ttg.partition = array<i32: 4>} : tensor<128xf32, #ttg.slice<{dim = 1, parent = #linear}>> -> tensor<128x1xf32, #linear>
      %true_9 = arith.constant {ttg.partition = array<i32: 4>} true
      %121 = nvws.semaphore.acquire %68 {ttg.partition = array<i32: 4>} : <[!ttg.memdesc<1x128x1xf32, #tmem1, #ttng.tensor_memory, mutable>, !ttg.memdesc<1x128x1xf32, #tmem1, #ttng.tensor_memory, mutable>, !ttg.memdesc<1x128x1xf32, #tmem1, #ttng.tensor_memory, mutable>, !ttg.memdesc<1x128x128xf32, #tmem, #ttng.tensor_memory, mutable>, !ttg.memdesc<1x128x128xf16, #tmem, #ttng.tensor_memory, mutable>]> -> !ttg.async.token
      %122:5 = nvws.semaphore.buffer %63, %121 {ttg.partition = array<i32: 4>} : <[!ttg.memdesc<1x128x1xf32, #tmem1, #ttng.tensor_memory, mutable>, !ttg.memdesc<1x128x1xf32, #tmem1, #ttng.tensor_memory, mutable>, !ttg.memdesc<1x128x1xf32, #tmem1, #ttng.tensor_memory, mutable>, !ttg.memdesc<1x128x128xf32, #tmem, #ttng.tensor_memory, mutable>, !ttg.memdesc<1x128x128xf16, #tmem, #ttng.tensor_memory, mutable>]>, !ttg.async.token -> !ttg.memdesc<128x1xf32, #tmem1, #ttng.tensor_memory, mutable, 1x128x1>, !ttg.memdesc<128x1xf32, #tmem1, #ttng.tensor_memory, mutable, 1x128x1>, !ttg.memdesc<128x1xf32, #tmem1, #ttng.tensor_memory, mutable, 1x128x1>, !ttg.memdesc<128x128xf32, #tmem, #ttng.tensor_memory, mutable, 1x128x128>, !ttg.memdesc<128x128xf16, #tmem, #ttng.tensor_memory, mutable, 1x128x128>
      ttng.tmem_store %120, %122#1, %true_9 {ttg.partition = array<i32: 4>} : tensor<128x1xf32, #linear> -> !ttg.memdesc<128x1xf32, #tmem1, #ttng.tensor_memory, mutable, 1x128x1>
      nvws.semaphore.release %69, %121 [#nvws.async_op<none>] {ttg.partition = array<i32: 4>} : <[!ttg.memdesc<1x128x1xf32, #tmem1, #ttng.tensor_memory, mutable>, !ttg.memdesc<1x128x1xf32, #tmem1, #ttng.tensor_memory, mutable>, !ttg.memdesc<1x128x1xf32, #tmem1, #ttng.tensor_memory, mutable>, !ttg.memdesc<1x128x128xf32, #tmem, #ttng.tensor_memory, mutable>, !ttg.memdesc<1x128x128xf16, #tmem, #ttng.tensor_memory, mutable>]>, !ttg.async.token
      nvws.semaphore.release %71, %121 [#nvws.async_op<none>] {ttg.partition = array<i32: 4>} : <[!ttg.memdesc<1x128x1xf32, #tmem1, #ttng.tensor_memory, mutable>, !ttg.memdesc<1x128x1xf32, #tmem1, #ttng.tensor_memory, mutable>, !ttg.memdesc<1x128x1xf32, #tmem1, #ttng.tensor_memory, mutable>, !ttg.memdesc<1x128x128xf32, #tmem, #ttng.tensor_memory, mutable>, !ttg.memdesc<1x128x128xf16, #tmem, #ttng.tensor_memory, mutable>]>, !ttg.async.token
      %123 = tt.expand_dims %114#2 {axis = 1 : i32, ttg.partition = array<i32: 5>} : tensor<128xf32, #ttg.slice<{dim = 1, parent = #linear}>> -> tensor<128x1xf32, #linear>
      %true_10 = arith.constant {ttg.partition = array<i32: 5>} true
      %124 = nvws.semaphore.acquire %50 {ttg.partition = array<i32: 5>} : <[!ttg.memdesc<1x128x1xf32, #tmem1, #ttng.tensor_memory, mutable>, !ttg.memdesc<1x128x1xf32, #tmem1, #ttng.tensor_memory, mutable>, !ttg.memdesc<1x128x1xf32, #tmem1, #ttng.tensor_memory, mutable>, !ttg.memdesc<1x128x128xf32, #tmem, #ttng.tensor_memory, mutable>, !ttg.memdesc<1x128x128xf16, #tmem, #ttng.tensor_memory, mutable>]> -> !ttg.async.token
      %125:5 = nvws.semaphore.buffer %46, %124 {ttg.partition = array<i32: 5>} : <[!ttg.memdesc<1x128x1xf32, #tmem1, #ttng.tensor_memory, mutable>, !ttg.memdesc<1x128x1xf32, #tmem1, #ttng.tensor_memory, mutable>, !ttg.memdesc<1x128x1xf32, #tmem1, #ttng.tensor_memory, mutable>, !ttg.memdesc<1x128x128xf32, #tmem, #ttng.tensor_memory, mutable>, !ttg.memdesc<1x128x128xf16, #tmem, #ttng.tensor_memory, mutable>]>, !ttg.async.token -> !ttg.memdesc<128x1xf32, #tmem1, #ttng.tensor_memory, mutable, 1x128x1>, !ttg.memdesc<128x1xf32, #tmem1, #ttng.tensor_memory, mutable, 1x128x1>, !ttg.memdesc<128x1xf32, #tmem1, #ttng.tensor_memory, mutable, 1x128x1>, !ttg.memdesc<128x128xf32, #tmem, #ttng.tensor_memory, mutable, 1x128x128>, !ttg.memdesc<128x128xf16, #tmem, #ttng.tensor_memory, mutable, 1x128x128>
      ttng.tmem_store %123, %125#2, %true_10 {ttg.partition = array<i32: 5>} : tensor<128x1xf32, #linear> -> !ttg.memdesc<128x1xf32, #tmem1, #ttng.tensor_memory, mutable, 1x128x1>
      nvws.semaphore.release %53, %124 [#nvws.async_op<none>] {ttg.partition = array<i32: 5>} : <[!ttg.memdesc<1x128x1xf32, #tmem1, #ttng.tensor_memory, mutable>, !ttg.memdesc<1x128x1xf32, #tmem1, #ttng.tensor_memory, mutable>, !ttg.memdesc<1x128x1xf32, #tmem1, #ttng.tensor_memory, mutable>, !ttg.memdesc<1x128x128xf32, #tmem, #ttng.tensor_memory, mutable>, !ttg.memdesc<1x128x128xf16, #tmem, #ttng.tensor_memory, mutable>]>, !ttg.async.token
      %126 = tt.expand_dims %114#1 {axis = 1 : i32, ttg.partition = array<i32: 5>} : tensor<128xf32, #ttg.slice<{dim = 1, parent = #linear}>> -> tensor<128x1xf32, #linear>
      %true_11 = arith.constant {ttg.partition = array<i32: 5>} true
      %127 = nvws.semaphore.acquire %51 {ttg.partition = array<i32: 5>} : <[!ttg.memdesc<1x128x1xf32, #tmem1, #ttng.tensor_memory, mutable>, !ttg.memdesc<1x128x1xf32, #tmem1, #ttng.tensor_memory, mutable>, !ttg.memdesc<1x128x1xf32, #tmem1, #ttng.tensor_memory, mutable>, !ttg.memdesc<1x128x128xf32, #tmem, #ttng.tensor_memory, mutable>, !ttg.memdesc<1x128x128xf16, #tmem, #ttng.tensor_memory, mutable>]> -> !ttg.async.token
      %128:5 = nvws.semaphore.buffer %46, %127 {ttg.partition = array<i32: 5>} : <[!ttg.memdesc<1x128x1xf32, #tmem1, #ttng.tensor_memory, mutable>, !ttg.memdesc<1x128x1xf32, #tmem1, #ttng.tensor_memory, mutable>, !ttg.memdesc<1x128x1xf32, #tmem1, #ttng.tensor_memory, mutable>, !ttg.memdesc<1x128x128xf32, #tmem, #ttng.tensor_memory, mutable>, !ttg.memdesc<1x128x128xf16, #tmem, #ttng.tensor_memory, mutable>]>, !ttg.async.token -> !ttg.memdesc<128x1xf32, #tmem1, #ttng.tensor_memory, mutable, 1x128x1>, !ttg.memdesc<128x1xf32, #tmem1, #ttng.tensor_memory, mutable, 1x128x1>, !ttg.memdesc<128x1xf32, #tmem1, #ttng.tensor_memory, mutable, 1x128x1>, !ttg.memdesc<128x128xf32, #tmem, #ttng.tensor_memory, mutable, 1x128x128>, !ttg.memdesc<128x128xf16, #tmem, #ttng.tensor_memory, mutable, 1x128x128>
      ttng.tmem_store %126, %128#1, %true_11 {ttg.partition = array<i32: 5>} : tensor<128x1xf32, #linear> -> !ttg.memdesc<128x1xf32, #tmem1, #ttng.tensor_memory, mutable, 1x128x1>
      nvws.semaphore.release %52, %127 [#nvws.async_op<none>] {ttg.partition = array<i32: 5>} : <[!ttg.memdesc<1x128x1xf32, #tmem1, #ttng.tensor_memory, mutable>, !ttg.memdesc<1x128x1xf32, #tmem1, #ttng.tensor_memory, mutable>, !ttg.memdesc<1x128x1xf32, #tmem1, #ttng.tensor_memory, mutable>, !ttg.memdesc<1x128x128xf32, #tmem, #ttng.tensor_memory, mutable>, !ttg.memdesc<1x128x128xf16, #tmem, #ttng.tensor_memory, mutable>]>, !ttg.async.token
      nvws.semaphore.release %54, %127 [#nvws.async_op<none>] {ttg.partition = array<i32: 5>} : <[!ttg.memdesc<1x128x1xf32, #tmem1, #ttng.tensor_memory, mutable>, !ttg.memdesc<1x128x1xf32, #tmem1, #ttng.tensor_memory, mutable>, !ttg.memdesc<1x128x1xf32, #tmem1, #ttng.tensor_memory, mutable>, !ttg.memdesc<1x128x128xf32, #tmem, #ttng.tensor_memory, mutable>, !ttg.memdesc<1x128x128xf16, #tmem, #ttng.tensor_memory, mutable>]>, !ttg.async.token
      %129 = nvws.semaphore.acquire %52 {ttg.partition = array<i32: 0>} : <[!ttg.memdesc<1x128x1xf32, #tmem1, #ttng.tensor_memory, mutable>, !ttg.memdesc<1x128x1xf32, #tmem1, #ttng.tensor_memory, mutable>, !ttg.memdesc<1x128x1xf32, #tmem1, #ttng.tensor_memory, mutable>, !ttg.memdesc<1x128x128xf32, #tmem, #ttng.tensor_memory, mutable>, !ttg.memdesc<1x128x128xf16, #tmem, #ttng.tensor_memory, mutable>]> -> !ttg.async.token
      %130:5 = nvws.semaphore.buffer %46, %129 {ttg.partition = array<i32: 0>} : <[!ttg.memdesc<1x128x1xf32, #tmem1, #ttng.tensor_memory, mutable>, !ttg.memdesc<1x128x1xf32, #tmem1, #ttng.tensor_memory, mutable>, !ttg.memdesc<1x128x1xf32, #tmem1, #ttng.tensor_memory, mutable>, !ttg.memdesc<1x128x128xf32, #tmem, #ttng.tensor_memory, mutable>, !ttg.memdesc<1x128x128xf16, #tmem, #ttng.tensor_memory, mutable>]>, !ttg.async.token -> !ttg.memdesc<128x1xf32, #tmem1, #ttng.tensor_memory, mutable, 1x128x1>, !ttg.memdesc<128x1xf32, #tmem1, #ttng.tensor_memory, mutable, 1x128x1>, !ttg.memdesc<128x1xf32, #tmem1, #ttng.tensor_memory, mutable, 1x128x1>, !ttg.memdesc<128x128xf32, #tmem, #ttng.tensor_memory, mutable, 1x128x128>, !ttg.memdesc<128x128xf16, #tmem, #ttng.tensor_memory, mutable, 1x128x128>
      %result_12, %token = ttng.tmem_load %130#1[] {ttg.partition = array<i32: 0>} : !ttg.memdesc<128x1xf32, #tmem1, #ttng.tensor_memory, mutable, 1x128x1> -> tensor<128x1xf32, #linear5>
      %131 = tt.reshape %result_12 {ttg.partition = array<i32: 0>} : tensor<128x1xf32, #linear5> -> tensor<128xf32, #linear6>
      %132 = ttg.convert_layout %131 {ttg.partition = array<i32: 0>} : tensor<128xf32, #linear6> -> tensor<128xf32, #ttg.slice<{dim = 1, parent = #linear}>>
      %133 = math.log2 %132 {ttg.partition = array<i32: 0>} : tensor<128xf32, #ttg.slice<{dim = 1, parent = #linear}>>
      %134 = nvws.semaphore.acquire %69 {ttg.partition = array<i32: 0>} : <[!ttg.memdesc<1x128x1xf32, #tmem1, #ttng.tensor_memory, mutable>, !ttg.memdesc<1x128x1xf32, #tmem1, #ttng.tensor_memory, mutable>, !ttg.memdesc<1x128x1xf32, #tmem1, #ttng.tensor_memory, mutable>, !ttg.memdesc<1x128x128xf32, #tmem, #ttng.tensor_memory, mutable>, !ttg.memdesc<1x128x128xf16, #tmem, #ttng.tensor_memory, mutable>]> -> !ttg.async.token
      %135:5 = nvws.semaphore.buffer %63, %134 {ttg.partition = array<i32: 0>} : <[!ttg.memdesc<1x128x1xf32, #tmem1, #ttng.tensor_memory, mutable>, !ttg.memdesc<1x128x1xf32, #tmem1, #ttng.tensor_memory, mutable>, !ttg.memdesc<1x128x1xf32, #tmem1, #ttng.tensor_memory, mutable>, !ttg.memdesc<1x128x128xf32, #tmem, #ttng.tensor_memory, mutable>, !ttg.memdesc<1x128x128xf16, #tmem, #ttng.tensor_memory, mutable>]>, !ttg.async.token -> !ttg.memdesc<128x1xf32, #tmem1, #ttng.tensor_memory, mutable, 1x128x1>, !ttg.memdesc<128x1xf32, #tmem1, #ttng.tensor_memory, mutable, 1x128x1>, !ttg.memdesc<128x1xf32, #tmem1, #ttng.tensor_memory, mutable, 1x128x1>, !ttg.memdesc<128x128xf32, #tmem, #ttng.tensor_memory, mutable, 1x128x128>, !ttg.memdesc<128x128xf16, #tmem, #ttng.tensor_memory, mutable, 1x128x128>
      %result_13, %token_14 = ttng.tmem_load %135#1[] {ttg.partition = array<i32: 0>} : !ttg.memdesc<128x1xf32, #tmem1, #ttng.tensor_memory, mutable, 1x128x1> -> tensor<128x1xf32, #linear5>
      %136 = tt.reshape %result_13 {ttg.partition = array<i32: 0>} : tensor<128x1xf32, #linear5> -> tensor<128xf32, #linear6>
      %137 = ttg.convert_layout %136 {ttg.partition = array<i32: 0>} : tensor<128xf32, #linear6> -> tensor<128xf32, #ttg.slice<{dim = 1, parent = #linear}>>
      %138 = math.log2 %137 {ttg.partition = array<i32: 0>} : tensor<128xf32, #ttg.slice<{dim = 1, parent = #linear}>>
      %139 = nvws.semaphore.acquire %53 {ttg.partition = array<i32: 0>} : <[!ttg.memdesc<1x128x1xf32, #tmem1, #ttng.tensor_memory, mutable>, !ttg.memdesc<1x128x1xf32, #tmem1, #ttng.tensor_memory, mutable>, !ttg.memdesc<1x128x1xf32, #tmem1, #ttng.tensor_memory, mutable>, !ttg.memdesc<1x128x128xf32, #tmem, #ttng.tensor_memory, mutable>, !ttg.memdesc<1x128x128xf16, #tmem, #ttng.tensor_memory, mutable>]> -> !ttg.async.token
      %140:5 = nvws.semaphore.buffer %46, %139 {ttg.partition = array<i32: 0>} : <[!ttg.memdesc<1x128x1xf32, #tmem1, #ttng.tensor_memory, mutable>, !ttg.memdesc<1x128x1xf32, #tmem1, #ttng.tensor_memory, mutable>, !ttg.memdesc<1x128x1xf32, #tmem1, #ttng.tensor_memory, mutable>, !ttg.memdesc<1x128x128xf32, #tmem, #ttng.tensor_memory, mutable>, !ttg.memdesc<1x128x128xf16, #tmem, #ttng.tensor_memory, mutable>]>, !ttg.async.token -> !ttg.memdesc<128x1xf32, #tmem1, #ttng.tensor_memory, mutable, 1x128x1>, !ttg.memdesc<128x1xf32, #tmem1, #ttng.tensor_memory, mutable, 1x128x1>, !ttg.memdesc<128x1xf32, #tmem1, #ttng.tensor_memory, mutable, 1x128x1>, !ttg.memdesc<128x128xf32, #tmem, #ttng.tensor_memory, mutable, 1x128x128>, !ttg.memdesc<128x128xf16, #tmem, #ttng.tensor_memory, mutable, 1x128x128>
      %result_15, %token_16 = ttng.tmem_load %140#2[] {ttg.partition = array<i32: 0>} : !ttg.memdesc<128x1xf32, #tmem1, #ttng.tensor_memory, mutable, 1x128x1> -> tensor<128x1xf32, #linear5>
      nvws.semaphore.release %54, %139 [#nvws.async_op<none>] {ttg.partition = array<i32: 0>} : <[!ttg.memdesc<1x128x1xf32, #tmem1, #ttng.tensor_memory, mutable>, !ttg.memdesc<1x128x1xf32, #tmem1, #ttng.tensor_memory, mutable>, !ttg.memdesc<1x128x1xf32, #tmem1, #ttng.tensor_memory, mutable>, !ttg.memdesc<1x128x128xf32, #tmem, #ttng.tensor_memory, mutable>, !ttg.memdesc<1x128x128xf16, #tmem, #ttng.tensor_memory, mutable>]>, !ttg.async.token
      %141 = nvws.semaphore.acquire %54 {loop.cluster = 4 : i32, loop.stage = 0 : i32, ttg.partition = array<i32: 1>} : <[!ttg.memdesc<1x128x1xf32, #tmem1, #ttng.tensor_memory, mutable>, !ttg.memdesc<1x128x1xf32, #tmem1, #ttng.tensor_memory, mutable>, !ttg.memdesc<1x128x1xf32, #tmem1, #ttng.tensor_memory, mutable>, !ttg.memdesc<1x128x128xf32, #tmem, #ttng.tensor_memory, mutable>, !ttg.memdesc<1x128x128xf16, #tmem, #ttng.tensor_memory, mutable>]> -> !ttg.async.token
      %142 = tt.reshape %result_15 {ttg.partition = array<i32: 0>} : tensor<128x1xf32, #linear5> -> tensor<128xf32, #linear6>
      %143 = ttg.convert_layout %142 {ttg.partition = array<i32: 0>} : tensor<128xf32, #linear6> -> tensor<128xf32, #ttg.slice<{dim = 1, parent = #linear}>>
      %144 = arith.addf %143, %133 {ttg.partition = array<i32: 0>} : tensor<128xf32, #ttg.slice<{dim = 1, parent = #linear}>>
      %145 = nvws.semaphore.acquire %70 {ttg.partition = array<i32: 0>} : <[!ttg.memdesc<1x128x1xf32, #tmem1, #ttng.tensor_memory, mutable>, !ttg.memdesc<1x128x1xf32, #tmem1, #ttng.tensor_memory, mutable>, !ttg.memdesc<1x128x1xf32, #tmem1, #ttng.tensor_memory, mutable>, !ttg.memdesc<1x128x128xf32, #tmem, #ttng.tensor_memory, mutable>, !ttg.memdesc<1x128x128xf16, #tmem, #ttng.tensor_memory, mutable>]> -> !ttg.async.token
      %146:5 = nvws.semaphore.buffer %63, %145 {ttg.partition = array<i32: 0>} : <[!ttg.memdesc<1x128x1xf32, #tmem1, #ttng.tensor_memory, mutable>, !ttg.memdesc<1x128x1xf32, #tmem1, #ttng.tensor_memory, mutable>, !ttg.memdesc<1x128x1xf32, #tmem1, #ttng.tensor_memory, mutable>, !ttg.memdesc<1x128x128xf32, #tmem, #ttng.tensor_memory, mutable>, !ttg.memdesc<1x128x128xf16, #tmem, #ttng.tensor_memory, mutable>]>, !ttg.async.token -> !ttg.memdesc<128x1xf32, #tmem1, #ttng.tensor_memory, mutable, 1x128x1>, !ttg.memdesc<128x1xf32, #tmem1, #ttng.tensor_memory, mutable, 1x128x1>, !ttg.memdesc<128x1xf32, #tmem1, #ttng.tensor_memory, mutable, 1x128x1>, !ttg.memdesc<128x128xf32, #tmem, #ttng.tensor_memory, mutable, 1x128x128>, !ttg.memdesc<128x128xf16, #tmem, #ttng.tensor_memory, mutable, 1x128x128>
      %result_17, %token_18 = ttng.tmem_load %146#2[] {ttg.partition = array<i32: 0>} : !ttg.memdesc<128x1xf32, #tmem1, #ttng.tensor_memory, mutable, 1x128x1> -> tensor<128x1xf32, #linear5>
      nvws.semaphore.release %71, %145 [#nvws.async_op<none>] {ttg.partition = array<i32: 0>} : <[!ttg.memdesc<1x128x1xf32, #tmem1, #ttng.tensor_memory, mutable>, !ttg.memdesc<1x128x1xf32, #tmem1, #ttng.tensor_memory, mutable>, !ttg.memdesc<1x128x1xf32, #tmem1, #ttng.tensor_memory, mutable>, !ttg.memdesc<1x128x128xf32, #tmem, #ttng.tensor_memory, mutable>, !ttg.memdesc<1x128x128xf16, #tmem, #ttng.tensor_memory, mutable>]>, !ttg.async.token
      %147 = nvws.semaphore.acquire %71 {loop.cluster = 2 : i32, loop.stage = 1 : i32, ttg.partition = array<i32: 1>} : <[!ttg.memdesc<1x128x1xf32, #tmem1, #ttng.tensor_memory, mutable>, !ttg.memdesc<1x128x1xf32, #tmem1, #ttng.tensor_memory, mutable>, !ttg.memdesc<1x128x1xf32, #tmem1, #ttng.tensor_memory, mutable>, !ttg.memdesc<1x128x128xf32, #tmem, #ttng.tensor_memory, mutable>, !ttg.memdesc<1x128x128xf16, #tmem, #ttng.tensor_memory, mutable>]> -> !ttg.async.token
      %148 = tt.reshape %result_17 {ttg.partition = array<i32: 0>} : tensor<128x1xf32, #linear5> -> tensor<128xf32, #linear6>
      %149 = ttg.convert_layout %148 {ttg.partition = array<i32: 0>} : tensor<128xf32, #linear6> -> tensor<128xf32, #ttg.slice<{dim = 1, parent = #linear}>>
      %150 = arith.addf %149, %138 {ttg.partition = array<i32: 0>} : tensor<128xf32, #ttg.slice<{dim = 1, parent = #linear}>>
      %151 = tt.expand_dims %132 {axis = 1 : i32, ttg.partition = array<i32: 0>} : tensor<128xf32, #ttg.slice<{dim = 1, parent = #linear}>> -> tensor<128x1xf32, #linear>
      %152 = tt.expand_dims %137 {axis = 1 : i32, ttg.partition = array<i32: 0>} : tensor<128xf32, #ttg.slice<{dim = 1, parent = #linear}>> -> tensor<128x1xf32, #linear>
      %153 = tt.broadcast %151 {ttg.partition = array<i32: 0>} : tensor<128x1xf32, #linear> -> tensor<128x128xf32, #linear>
      %154 = tt.broadcast %152 {ttg.partition = array<i32: 0>} : tensor<128x1xf32, #linear> -> tensor<128x128xf32, #linear>
      %155 = nvws.semaphore.buffer %78, %114#11 {ttg.partition = array<i32: 0>} : <[!ttg.memdesc<1x128x128xf32, #tmem, #ttng.tensor_memory, mutable>]>, !ttg.async.token -> !ttg.memdesc<128x128xf32, #tmem, #ttng.tensor_memory, mutable, 1x128x128>
      %result_19, %token_20 = ttng.tmem_load %110[] {tmem.end = array<i32: 10>, ttg.partition = array<i32: 0>} : !ttg.memdesc<128x128xf32, #tmem, #ttng.tensor_memory, mutable, 1x128x128> -> tensor<128x128xf32, #linear1>
      %156 = ttg.convert_layout %result_19 {ttg.partition = array<i32: 0>} : tensor<128x128xf32, #linear1> -> tensor<128x128xf32, #linear>
      %157 = nvws.semaphore.buffer %80, %114#12 {ttg.partition = array<i32: 0>} : <[!ttg.memdesc<1x128x128xf32, #tmem, #ttng.tensor_memory, mutable>]>, !ttg.async.token -> !ttg.memdesc<128x128xf32, #tmem, #ttng.tensor_memory, mutable, 1x128x128>
      %result_21, %token_22 = ttng.tmem_load %111[] {tmem.end = array<i32: 13>, ttg.partition = array<i32: 0>} : !ttg.memdesc<128x128xf32, #tmem, #ttng.tensor_memory, mutable, 1x128x128> -> tensor<128x128xf32, #linear1>
      %158 = ttg.convert_layout %result_21 {ttg.partition = array<i32: 0>} : tensor<128x128xf32, #linear1> -> tensor<128x128xf32, #linear>
      %159 = arith.divf %156, %153 {ttg.partition = array<i32: 0>} : tensor<128x128xf32, #linear>
      %160 = arith.divf %158, %154 {ttg.partition = array<i32: 0>} : tensor<128x128xf32, #linear>
      %161 = arith.muli %94, %c16384_i32 {ttg.partition = array<i32: 0, 1, 2, 3, 4, 5>} : i32
      %162 = tt.addptr %arg1, %161 {ttg.partition = array<i32: 0, 1, 2, 3, 4, 5>} : !tt.ptr<f32>, i32
      %163 = tt.splat %162 {ttg.partition = array<i32: 0>} : !tt.ptr<f32> -> tensor<128x!tt.ptr<f32>, #blocked>
      %164 = tt.splat %162 {ttg.partition = array<i32: 0>} : !tt.ptr<f32> -> tensor<128x!tt.ptr<f32>, #blocked>
      %165 = tt.addptr %163, %106 {ttg.partition = array<i32: 0>} : tensor<128x!tt.ptr<f32>, #blocked>, tensor<128xi32, #blocked>
      %166 = tt.addptr %164, %107 {ttg.partition = array<i32: 0>} : tensor<128x!tt.ptr<f32>, #blocked>, tensor<128xi32, #blocked>
      %167 = ttg.convert_layout %144 {ttg.partition = array<i32: 0>} : tensor<128xf32, #ttg.slice<{dim = 1, parent = #linear}>> -> tensor<128xf32, #blocked>
      %168 = ttg.convert_layout %150 {ttg.partition = array<i32: 0>} : tensor<128xf32, #ttg.slice<{dim = 1, parent = #linear}>> -> tensor<128xf32, #blocked>
      tt.store %165, %167 {ttg.partition = array<i32: 0>} : tensor<128x!tt.ptr<f32>, #blocked>
      tt.store %166, %168 {ttg.partition = array<i32: 0>} : tensor<128x!tt.ptr<f32>, #blocked>
      %169 = arith.truncf %159 {ttg.partition = array<i32: 0>} : tensor<128x128xf32, #linear> to tensor<128x128xf16, #linear>
      %170 = nvws.semaphore.buffer %73, %arg18 {ttg.partition = array<i32: 0>} : <[!ttg.memdesc<1x128x128xf16, #shared, #smem, mutable>]>, !ttg.async.token -> !ttg.memdesc<128x128xf16, #shared, #smem, mutable>
      ttg.local_store %169, %170 {ttg.partition = array<i32: 0>} : tensor<128x128xf16, #linear> -> !ttg.memdesc<128x128xf16, #shared, #smem, mutable>
      nvws.semaphore.release %73, %arg18 [#nvws.async_op<none>] {ttg.partition = array<i32: 0>} : <[!ttg.memdesc<1x128x128xf16, #shared, #smem, mutable>]>, !ttg.async.token
      %171 = arith.truncf %160 {ttg.partition = array<i32: 0>} : tensor<128x128xf32, #linear> to tensor<128x128xf16, #linear>
      %172 = nvws.semaphore.buffer %76, %arg19 {ttg.partition = array<i32: 0>} : <[!ttg.memdesc<1x128x128xf16, #shared, #smem, mutable>]>, !ttg.async.token -> !ttg.memdesc<128x128xf16, #shared, #smem, mutable>
      ttg.local_store %171, %172 {ttg.partition = array<i32: 0>} : tensor<128x128xf16, #linear> -> !ttg.memdesc<128x128xf16, #shared, #smem, mutable>
      nvws.semaphore.release %76, %arg19 [#nvws.async_op<none>] {ttg.partition = array<i32: 0>} : <[!ttg.memdesc<1x128x128xf16, #shared, #smem, mutable>]>, !ttg.async.token
      %173 = nvws.semaphore.acquire %73 {ttg.partition = array<i32: 2>} : <[!ttg.memdesc<1x128x128xf16, #shared, #smem, mutable>]> -> !ttg.async.token
      %174 = nvws.semaphore.buffer %73, %173 {ttg.partition = array<i32: 2>} : <[!ttg.memdesc<1x128x128xf16, #shared, #smem, mutable>]>, !ttg.async.token -> !ttg.memdesc<128x128xf16, #shared, #smem, mutable>
      %175 = ttg.local_load %174 {ttg.partition = array<i32: 2>} : !ttg.memdesc<128x128xf16, #shared, #smem, mutable> -> tensor<128x128xf16, #linear>
      nvws.semaphore.release %74, %173 [#nvws.async_op<none>] {ttg.partition = array<i32: 2>} : <[!ttg.memdesc<1x128x128xf16, #shared, #smem, mutable>]>, !ttg.async.token
      %176 = nvws.semaphore.acquire %74 {ttg.partition = array<i32: 0>} : <[!ttg.memdesc<1x128x128xf16, #shared, #smem, mutable>]> -> !ttg.async.token
      %177 = ttg.convert_layout %175 {ttg.partition = array<i32: 2>} : tensor<128x128xf16, #linear> -> tensor<128x128xf16, #blocked1>
      %178 = nvws.semaphore.acquire %76 {ttg.partition = array<i32: 2>} : <[!ttg.memdesc<1x128x128xf16, #shared, #smem, mutable>]> -> !ttg.async.token
      %179 = nvws.semaphore.buffer %76, %178 {ttg.partition = array<i32: 2>} : <[!ttg.memdesc<1x128x128xf16, #shared, #smem, mutable>]>, !ttg.async.token -> !ttg.memdesc<128x128xf16, #shared, #smem, mutable>
      %180 = ttg.local_load %179 {ttg.partition = array<i32: 2>} : !ttg.memdesc<128x128xf16, #shared, #smem, mutable> -> tensor<128x128xf16, #linear>
      nvws.semaphore.release %77, %178 [#nvws.async_op<none>] {ttg.partition = array<i32: 2>} : <[!ttg.memdesc<1x128x128xf16, #shared, #smem, mutable>]>, !ttg.async.token
      %181 = nvws.semaphore.acquire %77 {ttg.partition = array<i32: 0>} : <[!ttg.memdesc<1x128x128xf16, #shared, #smem, mutable>]> -> !ttg.async.token
      %182 = ttg.convert_layout %180 {ttg.partition = array<i32: 2>} : tensor<128x128xf16, #linear> -> tensor<128x128xf16, #blocked1>
      tt.descriptor_store %15[%101, %c0_i32], %177 {ttg.partition = array<i32: 2>} : !tt.tensordesc<tensor<128x128xf16, #shared>>, tensor<128x128xf16, #blocked1>
      tt.descriptor_store %16[%102, %c0_i32], %182 {ttg.partition = array<i32: 2>} : !tt.tensordesc<tensor<128x128xf16, #shared>>, tensor<128x128xf16, #blocked1>
      %183 = arith.addi %arg9, %2 {ttg.partition = array<i32: 0, 1, 2, 3, 4, 5>} : i32
      scf.yield {ttg.partition = array<i32: 0, 1, 2, 3, 4, 5>} %183, %141, %147, %114#11, %114#12, %116, %115, %114#13, %114#14, %176, %181 : i32, !ttg.async.token, !ttg.async.token, !ttg.async.token, !ttg.async.token, !ttg.async.token, !ttg.async.token, !ttg.async.token, !ttg.async.token, !ttg.async.token, !ttg.async.token
    } {tt.data_partition_factor = 2 : i32, tt.merge_epilogue = true, tt.separate_epilogue_store = true, tt.warp_specialize, ttg.partition = array<i32: 0, 1, 2, 3, 4, 5>, ttg.partition.outputs = [array<i32: 0, 1, 2, 3, 4, 5>, array<i32: 1>, array<i32: 1>, array<i32: 0>, array<i32: 0>, array<i32: 3>, array<i32: 3>, array<i32: 3>, array<i32: 3>, array<i32: 0>, array<i32: 0>], ttg.partition.stages = [0 : i32, 1 : i32, 0 : i32, 0 : i32, 0 : i32, 0 : i32], ttg.partition.types = ["correction", "gemm", "epilogue_store", "load", "computation", "computation"], ttg.warp_specialize.tag = 0 : i32}
    tt.return
  }
}

