#blocked = #ttg.blocked<{sizePerThread = [1, 128], threadsPerWarp = [32, 1], warpsPerCTA = [4, 1], order = [0, 1]}>
#shared = #ttg.nvmma_shared<{swizzlingByteWidth = 128, transposed = false, elementBitWidth = 16}>
#shared1 = #ttg.nvmma_shared<{swizzlingByteWidth = 128, transposed = true, elementBitWidth = 16}>
#smem = #ttg.shared_memory
#tmem = #ttng.tensor_memory_encoding<blockM = 128, blockN = 128, colStride = 1>
module attributes {"ttg.num-warps" = 4 : i32, ttg.target = "cuda:100"} {
  tt.func @branch_local_initial_acquire_stays_with_create(%arg0: i1, %arg1: !ttg.memdesc<128x64xf16, #shared, #smem>, %arg2: !ttg.memdesc<64x128xf16, #shared1, #smem>) {
    %0 = ub.poison : !ttg.async.token
    %c0_i32 = arith.constant 0 : i32
    %c1_i32 = arith.constant 1 : i32
    %c4_i32 = arith.constant 4 : i32
    %false = arith.constant false
    %true = arith.constant true
    %result = ttng.tmem_alloc : () -> !ttg.memdesc<2x128x128xf32, #tmem, #ttng.tensor_memory, mutable>
    %1 = nvws.semaphore.create %result false {nvws.dag_pending_count = 1 : i32} : <[!ttg.memdesc<2x128x128xf32, #tmem, #ttng.tensor_memory, mutable>]>
    %2 = nvws.semaphore.create %result true {nvws.dag_pending_count = 1 : i32} : <[!ttg.memdesc<2x128x128xf32, #tmem, #ttng.tensor_memory, mutable>]>
    %3 = scf.if %arg0 -> (!ttg.async.token) {
      scf.yield %0 : !ttg.async.token
    } else {
      %4 = nvws.semaphore.acquire %2 {ttg.partition = array<i32: 1>, ttg.warp_specialize.tag = 0 : i32} : <[!ttg.memdesc<2x128x128xf32, #tmem, #ttng.tensor_memory, mutable>]> -> !ttg.async.token
      %5:2 = scf.for %arg3 = %c0_i32 to %c4_i32 step %c1_i32 iter_args(%arg4 = %0, %arg5 = %4) -> (!ttg.async.token, !ttg.async.token)  : i32 {
        %6 = nvws.semaphore.buffer %1, %arg5 {ttg.partition = array<i32: 1>} : <[!ttg.memdesc<2x128x128xf32, #tmem, #ttng.tensor_memory, mutable>]>, !ttg.async.token -> !ttg.memdesc<128x128xf32, #tmem, #ttng.tensor_memory, mutable, 2x128x128>
        %7 = ttng.tc_gen5_mma %arg1, %arg2, %6[], %false, %true {ttg.partition = array<i32: 1>} : !ttg.memdesc<128x64xf16, #shared, #smem>, !ttg.memdesc<64x128xf16, #shared1, #smem>, !ttg.memdesc<128x128xf32, #tmem, #ttng.tensor_memory, mutable, 2x128x128>
        nvws.semaphore.release %1, %arg5 [#nvws.async_op<tc5mma>] {ttg.partition = array<i32: 1>} : <[!ttg.memdesc<2x128x128xf32, #tmem, #ttng.tensor_memory, mutable>]>, !ttg.async.token
        %8 = nvws.semaphore.acquire %1 {ttg.partition = array<i32: 0>} : <[!ttg.memdesc<2x128x128xf32, #tmem, #ttng.tensor_memory, mutable>]> -> !ttg.async.token
        %9 = nvws.semaphore.buffer %1, %8 {ttg.partition = array<i32: 0>} : <[!ttg.memdesc<2x128x128xf32, #tmem, #ttng.tensor_memory, mutable>]>, !ttg.async.token -> !ttg.memdesc<128x128xf32, #tmem, #ttng.tensor_memory, mutable, 2x128x128>
        %result_0, %token = ttng.tmem_load %9[] {ttg.partition = array<i32: 0>} : !ttg.memdesc<128x128xf32, #tmem, #ttng.tensor_memory, mutable, 2x128x128> -> tensor<128x128xf32, #blocked>
        nvws.semaphore.release %2, %8 [#nvws.async_op<none>] {ttg.partition = array<i32: 0>} : <[!ttg.memdesc<2x128x128xf32, #tmem, #ttng.tensor_memory, mutable>]>, !ttg.async.token
        %10 = nvws.semaphore.acquire %2 {ttg.partition = array<i32: 1>} : <[!ttg.memdesc<2x128x128xf32, #tmem, #ttng.tensor_memory, mutable>]> -> !ttg.async.token
        "acc_user"(%result_0) {ttg.partition = array<i32: 0>} : (tensor<128x128xf32, #blocked>) -> ()
        scf.yield {ttg.partition = array<i32: 0, 1>} %0, %10 : !ttg.async.token, !ttg.async.token
      } {tt.num_stages = 2 : i32, tt.warp_specialize, ttg.partition = array<i32: 0, 1>, ttg.partition.outputs = [array<i32: 1>, array<i32: 1>], ttg.partition.stages = [0 : i32, 1 : i32], ttg.warp_specialize.tag = 0 : i32}
      "token_user"(%5#0) : (!ttg.async.token) -> ()
      scf.yield %5#1 : !ttg.async.token
    }
    tt.return
  }
}

