#blocked = #ttg.blocked<{sizePerThread = [1, 128], threadsPerWarp = [32, 1], warpsPerCTA = [4, 1], order = [0, 1]}>
#shared = #ttg.nvmma_shared<{swizzlingByteWidth = 128, transposed = false, elementBitWidth = 16}>
#smem = #ttg.shared_memory
module attributes {"ttg.num-warps" = 4 : i32, ttg.target = "cuda:100"} {
  tt.func @local_sourceful_aliased_buffers(%arg0: i32, %arg1: i32, %arg2: i32) {
    %c0_i32 = arith.constant 0 : i32
    %cst = arith.constant dense<0.000000e+00> : tensor<128x128xf16, #blocked>
    %cst_0 = arith.constant dense<1.000000e+00> : tensor<128x128xf16, #blocked>
    %0 = ttg.local_alloc {buffer.id = 400 : i32, buffer.offset = 0 : i32} : () -> !ttg.memdesc<1x128x128xf16, #shared, #smem, mutable>
    %1 = ttg.local_alloc {buffer.id = 400 : i32, buffer.offset = 64 : i32} : () -> !ttg.memdesc<1x128x128xf16, #shared, #smem, mutable>
    %2 = nvws.semaphore.create %0, %1 false {nvws.dag_pending_count = 1 : i32} : <[!ttg.memdesc<1x128x128xf16, #shared, #smem, mutable>, !ttg.memdesc<1x128x128xf16, #shared, #smem, mutable>]>
    %3 = nvws.semaphore.create %0, %1 true {nvws.dag_pending_count = 1 : i32} : <[!ttg.memdesc<1x128x128xf16, #shared, #smem, mutable>, !ttg.memdesc<1x128x128xf16, #shared, #smem, mutable>]>
    %4 = nvws.semaphore.acquire %3 {ttg.partition = array<i32: 1>, ttg.warp_specialize.tag = 0 : i32} : <[!ttg.memdesc<1x128x128xf16, #shared, #smem, mutable>, !ttg.memdesc<1x128x128xf16, #shared, #smem, mutable>]> -> !ttg.async.token
    %5:2 = scf.for %arg3 = %arg0 to %arg1 step %arg2 iter_args(%arg4 = %c0_i32, %arg5 = %4) -> (i32, !ttg.async.token)  : i32 {
      %6:2 = nvws.semaphore.buffer %2, %arg5 {ttg.partition = array<i32: 1>} : <[!ttg.memdesc<1x128x128xf16, #shared, #smem, mutable>, !ttg.memdesc<1x128x128xf16, #shared, #smem, mutable>]>, !ttg.async.token -> !ttg.memdesc<128x128xf16, #shared, #smem, mutable>, !ttg.memdesc<128x128xf16, #shared, #smem, mutable, 1x128x128>
      ttg.local_store %cst, %6#0 {ttg.partition = array<i32: 1>} : tensor<128x128xf16, #blocked> -> !ttg.memdesc<128x128xf16, #shared, #smem, mutable>
      %7 = ttg.local_load %6#0 {ttg.partition = array<i32: 1>} : !ttg.memdesc<128x128xf16, #shared, #smem, mutable> -> tensor<128x128xf16, #blocked>
      nvws.semaphore.release %2, %arg5 [#nvws.async_op<none>] {ttg.partition = array<i32: 1>} : <[!ttg.memdesc<1x128x128xf16, #shared, #smem, mutable>, !ttg.memdesc<1x128x128xf16, #shared, #smem, mutable>]>, !ttg.async.token
      "use"(%7) {ttg.partition = array<i32: 1>} : (tensor<128x128xf16, #blocked>) -> ()
      %8 = nvws.semaphore.acquire %2 {ttg.partition = array<i32: 0>} : <[!ttg.memdesc<1x128x128xf16, #shared, #smem, mutable>, !ttg.memdesc<1x128x128xf16, #shared, #smem, mutable>]> -> !ttg.async.token
      %9:2 = nvws.semaphore.buffer %2, %8 {ttg.partition = array<i32: 0>} : <[!ttg.memdesc<1x128x128xf16, #shared, #smem, mutable>, !ttg.memdesc<1x128x128xf16, #shared, #smem, mutable>]>, !ttg.async.token -> !ttg.memdesc<128x128xf16, #shared, #smem, mutable, 1x128x128>, !ttg.memdesc<128x128xf16, #shared, #smem, mutable>
      ttg.local_store %cst_0, %9#1 {ttg.partition = array<i32: 0>} : tensor<128x128xf16, #blocked> -> !ttg.memdesc<128x128xf16, #shared, #smem, mutable>
      %10 = ttg.local_load %9#1 {ttg.partition = array<i32: 0>} : !ttg.memdesc<128x128xf16, #shared, #smem, mutable> -> tensor<128x128xf16, #blocked>
      nvws.semaphore.release %3, %8 [#nvws.async_op<none>] {ttg.partition = array<i32: 0>} : <[!ttg.memdesc<1x128x128xf16, #shared, #smem, mutable>, !ttg.memdesc<1x128x128xf16, #shared, #smem, mutable>]>, !ttg.async.token
      %11 = nvws.semaphore.acquire %3 {ttg.partition = array<i32: 1>} : <[!ttg.memdesc<1x128x128xf16, #shared, #smem, mutable>, !ttg.memdesc<1x128x128xf16, #shared, #smem, mutable>]> -> !ttg.async.token
      "use"(%10) {ttg.partition = array<i32: 0>} : (tensor<128x128xf16, #blocked>) -> ()
      %12 = arith.addi %arg4, %c0_i32 {ttg.partition = array<i32: 0, 1>} : i32
      scf.yield {ttg.partition = array<i32: 0, 1>} %12, %11 : i32, !ttg.async.token
    } {tt.warp_specialize, ttg.partition = array<i32: 0, 1>, ttg.partition.outputs = [array<i32: 0, 1>, array<i32: 1>], ttg.warp_specialize.tag = 0 : i32}
    "use_i32"(%5#0) : (i32) -> ()
    tt.return
  }
  tt.func @local_n_owner_aliased_buffers(%arg0: i32, %arg1: i32, %arg2: i32) {
    %c0_i32 = arith.constant 0 : i32
    %cst = arith.constant dense<0.000000e+00> : tensor<128x128xf16, #blocked>
    %cst_0 = arith.constant dense<1.000000e+00> : tensor<128x128xf16, #blocked>
    %0 = ttg.local_alloc {buffer.id = 401 : i32, buffer.offset = 0 : i32} : () -> !ttg.memdesc<1x128x128xf16, #shared, #smem, mutable>
    %1 = ttg.local_alloc {buffer.id = 401 : i32, buffer.offset = 64 : i32} : () -> !ttg.memdesc<1x128x128xf16, #shared, #smem, mutable>
    %2 = nvws.semaphore.create %0, %1 false {nvws.dag_pending_count = 1 : i32} : <[!ttg.memdesc<1x128x128xf16, #shared, #smem, mutable>, !ttg.memdesc<1x128x128xf16, #shared, #smem, mutable>]>
    %3 = nvws.semaphore.create %0, %1 false {nvws.dag_pending_count = 2 : i32} : <[!ttg.memdesc<1x128x128xf16, #shared, #smem, mutable>, !ttg.memdesc<1x128x128xf16, #shared, #smem, mutable>]>
    %4 = nvws.semaphore.create %0, %1 false {nvws.dag_pending_count = 1 : i32} : <[!ttg.memdesc<1x128x128xf16, #shared, #smem, mutable>, !ttg.memdesc<1x128x128xf16, #shared, #smem, mutable>]>
    %5 = nvws.semaphore.create %0, %1 false {nvws.dag_pending_count = 1 : i32} : <[!ttg.memdesc<1x128x128xf16, #shared, #smem, mutable>, !ttg.memdesc<1x128x128xf16, #shared, #smem, mutable>]>
    %6 = nvws.semaphore.create %0, %1 true {nvws.dag_pending_count = 1 : i32} : <[!ttg.memdesc<1x128x128xf16, #shared, #smem, mutable>, !ttg.memdesc<1x128x128xf16, #shared, #smem, mutable>]>
    %7 = nvws.semaphore.acquire %6 {ttg.partition = array<i32: 0>, ttg.warp_specialize.tag = 1 : i32} : <[!ttg.memdesc<1x128x128xf16, #shared, #smem, mutable>, !ttg.memdesc<1x128x128xf16, #shared, #smem, mutable>]> -> !ttg.async.token
    %8:2 = scf.for %arg3 = %arg0 to %arg1 step %arg2 iter_args(%arg4 = %c0_i32, %arg5 = %7) -> (i32, !ttg.async.token)  : i32 {
      nvws.semaphore.release %2, %arg5 [#nvws.async_op<none>] {ttg.partition = array<i32: 0>} : <[!ttg.memdesc<1x128x128xf16, #shared, #smem, mutable>, !ttg.memdesc<1x128x128xf16, #shared, #smem, mutable>]>, !ttg.async.token
      nvws.semaphore.release %3, %arg5 [#nvws.async_op<none>] {ttg.partition = array<i32: 0>} : <[!ttg.memdesc<1x128x128xf16, #shared, #smem, mutable>, !ttg.memdesc<1x128x128xf16, #shared, #smem, mutable>]>, !ttg.async.token
      %9:2 = nvws.semaphore.buffer %2, %arg5 {ttg.partition = array<i32: 0>} : <[!ttg.memdesc<1x128x128xf16, #shared, #smem, mutable>, !ttg.memdesc<1x128x128xf16, #shared, #smem, mutable>]>, !ttg.async.token -> !ttg.memdesc<128x128xf16, #shared, #smem, mutable>, !ttg.memdesc<128x128xf16, #shared, #smem, mutable, 1x128x128>
      ttg.local_store %cst, %9#0 {ttg.partition = array<i32: 0>} : tensor<128x128xf16, #blocked> -> !ttg.memdesc<128x128xf16, #shared, #smem, mutable>
      %10 = nvws.semaphore.acquire %2 {ttg.partition = array<i32: 1>} : <[!ttg.memdesc<1x128x128xf16, #shared, #smem, mutable>, !ttg.memdesc<1x128x128xf16, #shared, #smem, mutable>]> -> !ttg.async.token
      %11:2 = nvws.semaphore.buffer %2, %10 {ttg.partition = array<i32: 1>} : <[!ttg.memdesc<1x128x128xf16, #shared, #smem, mutable>, !ttg.memdesc<1x128x128xf16, #shared, #smem, mutable>]>, !ttg.async.token -> !ttg.memdesc<128x128xf16, #shared, #smem, mutable>, !ttg.memdesc<128x128xf16, #shared, #smem, mutable, 1x128x128>
      %12 = ttg.local_load %9#0 {ttg.partition = array<i32: 1>} : !ttg.memdesc<128x128xf16, #shared, #smem, mutable> -> tensor<128x128xf16, #blocked>
      nvws.semaphore.release %3, %10 [#nvws.async_op<none>] {ttg.partition = array<i32: 1>} : <[!ttg.memdesc<1x128x128xf16, #shared, #smem, mutable>, !ttg.memdesc<1x128x128xf16, #shared, #smem, mutable>]>, !ttg.async.token
      nvws.semaphore.release %5, %10 [#nvws.async_op<none>] {ttg.partition = array<i32: 1>} : <[!ttg.memdesc<1x128x128xf16, #shared, #smem, mutable>, !ttg.memdesc<1x128x128xf16, #shared, #smem, mutable>]>, !ttg.async.token
      "use"(%12) {ttg.partition = array<i32: 1>} : (tensor<128x128xf16, #blocked>) -> ()
      %13 = nvws.semaphore.acquire %3 {ttg.partition = array<i32: 2>} : <[!ttg.memdesc<1x128x128xf16, #shared, #smem, mutable>, !ttg.memdesc<1x128x128xf16, #shared, #smem, mutable>]> -> !ttg.async.token
      nvws.semaphore.release %4, %13 [#nvws.async_op<none>] {ttg.partition = array<i32: 2>} : <[!ttg.memdesc<1x128x128xf16, #shared, #smem, mutable>, !ttg.memdesc<1x128x128xf16, #shared, #smem, mutable>]>, !ttg.async.token
      %14:2 = nvws.semaphore.buffer %2, %13 {ttg.partition = array<i32: 2>} : <[!ttg.memdesc<1x128x128xf16, #shared, #smem, mutable>, !ttg.memdesc<1x128x128xf16, #shared, #smem, mutable>]>, !ttg.async.token -> !ttg.memdesc<128x128xf16, #shared, #smem, mutable, 1x128x128>, !ttg.memdesc<128x128xf16, #shared, #smem, mutable>
      ttg.local_store %cst_0, %14#1 {ttg.partition = array<i32: 2>} : tensor<128x128xf16, #blocked> -> !ttg.memdesc<128x128xf16, #shared, #smem, mutable>
      %15 = nvws.semaphore.acquire %4 {ttg.partition = array<i32: 0>} : <[!ttg.memdesc<1x128x128xf16, #shared, #smem, mutable>, !ttg.memdesc<1x128x128xf16, #shared, #smem, mutable>]> -> !ttg.async.token
      %16:2 = nvws.semaphore.buffer %2, %15 {ttg.partition = array<i32: 0>} : <[!ttg.memdesc<1x128x128xf16, #shared, #smem, mutable>, !ttg.memdesc<1x128x128xf16, #shared, #smem, mutable>]>, !ttg.async.token -> !ttg.memdesc<128x128xf16, #shared, #smem, mutable, 1x128x128>, !ttg.memdesc<128x128xf16, #shared, #smem, mutable>
      %17 = ttg.local_load %14#1 {ttg.partition = array<i32: 0>} : !ttg.memdesc<128x128xf16, #shared, #smem, mutable> -> tensor<128x128xf16, #blocked>
      nvws.semaphore.release %6, %15 [#nvws.async_op<none>] {ttg.partition = array<i32: 0>} : <[!ttg.memdesc<1x128x128xf16, #shared, #smem, mutable>, !ttg.memdesc<1x128x128xf16, #shared, #smem, mutable>]>, !ttg.async.token
      %18 = nvws.semaphore.acquire %5 {ttg.partition = array<i32: 0>} : <[!ttg.memdesc<1x128x128xf16, #shared, #smem, mutable>, !ttg.memdesc<1x128x128xf16, #shared, #smem, mutable>]> -> !ttg.async.token
      %19 = nvws.semaphore.acquire %6 {ttg.partition = array<i32: 2>} : <[!ttg.memdesc<1x128x128xf16, #shared, #smem, mutable>, !ttg.memdesc<1x128x128xf16, #shared, #smem, mutable>]> -> !ttg.async.token
      "use"(%17) {ttg.partition = array<i32: 0>} : (tensor<128x128xf16, #blocked>) -> ()
      %20 = arith.addi %arg4, %c0_i32 {ttg.partition = array<i32: 0, 1, 2>} : i32
      scf.yield {ttg.partition = array<i32: 0, 1, 2>} %20, %19 : i32, !ttg.async.token
    } {tt.warp_specialize, ttg.partition = array<i32: 0, 1, 2>, ttg.partition.outputs = [array<i32: 0, 1, 2>, array<i32: 2>], ttg.warp_specialize.tag = 1 : i32}
    "use_i32"(%8#0) : (i32) -> ()
    tt.return
  }
  tt.func @local_non_overlapping_aliased_buffers(%arg0: i32, %arg1: i32, %arg2: i32) {
    %c0_i32 = arith.constant 0 : i32
    %cst = arith.constant dense<0.000000e+00> : tensor<128x128xf16, #blocked>
    %cst_0 = arith.constant dense<1.000000e+00> : tensor<128x128xf16, #blocked>
    %0 = scf.for %arg3 = %arg0 to %arg1 step %arg2 iter_args(%arg4 = %c0_i32) -> (i32)  : i32 {
      %1 = ttg.local_alloc %cst {buffer.id = 402 : i32, buffer.offset = 0 : i32, ttg.partition = array<i32: 0>} : (tensor<128x128xf16, #blocked>) -> !ttg.memdesc<128x128xf16, #shared, #smem, mutable>
      %2 = ttg.local_load %1 {ttg.partition = array<i32: 0>} : !ttg.memdesc<128x128xf16, #shared, #smem, mutable> -> tensor<128x128xf16, #blocked>
      "use_a"(%2) {ttg.partition = array<i32: 0>} : (tensor<128x128xf16, #blocked>) -> ()
      %3 = ttg.local_alloc %cst_0 {buffer.id = 402 : i32, buffer.offset = 256 : i32, ttg.partition = array<i32: 1>} : (tensor<128x128xf16, #blocked>) -> !ttg.memdesc<128x128xf16, #shared, #smem, mutable>
      %4 = ttg.local_load %3 {ttg.partition = array<i32: 1>} : !ttg.memdesc<128x128xf16, #shared, #smem, mutable> -> tensor<128x128xf16, #blocked>
      "use_b"(%4) {ttg.partition = array<i32: 1>} : (tensor<128x128xf16, #blocked>) -> ()
      %5 = arith.addi %arg4, %c0_i32 {ttg.partition = array<i32: 0, 1>} : i32
      scf.yield {ttg.partition = array<i32: 0, 1>} %5 : i32
    } {tt.warp_specialize, ttg.partition = array<i32: 0, 1>, ttg.partition.outputs = [array<i32: 0, 1>], ttg.warp_specialize.tag = 2 : i32}
    "use_i32"(%0) : (i32) -> ()
    tt.return
  }
}

