#blocked = #ttg.blocked<{sizePerThread = [1], threadsPerWarp = [32], warpsPerCTA = [4], order = [0]}>
#shared = #ttg.swizzled_shared<{vec = 1, perPhase = 1, maxPhase = 1, order = [0]}>
#smem = #ttg.shared_memory
module attributes {"ttg.num-warps" = 4 : i32} {
  tt.func @for_outer_if_inner_access(%arg0: i32, %arg1: i32, %arg2: i32, %arg3: i1) {
    %0 = ttg.local_alloc {buffer.id = 800 : i32} : () -> !ttg.memdesc<1xi32, #shared, #smem, mutable>
    scf.for %arg4 = %arg0 to %arg1 step %arg2  : i32 {
      %1 = arith.addi %arg4, %arg4 {ttg.partition = array<i32: 0>} : i32
      scf.if %arg3 {
        %2 = "producer"() {ttg.partition = array<i32: 1>} : () -> tensor<1xi32, #blocked>
        ttg.local_store %2, %0 {ttg.partition = array<i32: 1>} : tensor<1xi32, #blocked> -> !ttg.memdesc<1xi32, #shared, #smem, mutable>
      } {ttg.partition = array<i32: 0, 1>}
    } {tt.warp_specialize, ttg.partition = array<i32: 0, 1>, ttg.warp_specialize.tag = 0 : i32}
    tt.return
  }
}

// -----
#blocked = #ttg.blocked<{sizePerThread = [1], threadsPerWarp = [32], warpsPerCTA = [4], order = [0]}>
#shared = #ttg.swizzled_shared<{vec = 1, perPhase = 1, maxPhase = 1, order = [0]}>
#smem = #ttg.shared_memory
module attributes {"ttg.num-warps" = 4 : i32} {
  tt.func @if_outer_for_inner_access(%arg0: i32, %arg1: i32, %arg2: i32, %arg3: i1) {
    %0 = ttg.local_alloc {buffer.id = 801 : i32} : () -> !ttg.memdesc<1xi32, #shared, #smem, mutable>
    scf.if %arg3 {
      %c42_i32 = arith.constant 42 : i32
      scf.for %arg4 = %arg0 to %arg1 step %arg2  : i32 {
        %1 = "producer"() {ttg.partition = array<i32: 1>} : () -> tensor<1xi32, #blocked>
        ttg.local_store %1, %0 {ttg.partition = array<i32: 1>} : tensor<1xi32, #blocked> -> !ttg.memdesc<1xi32, #shared, #smem, mutable>
      } {tt.warp_specialize, ttg.partition = array<i32: 1>, ttg.warp_specialize.tag = 0 : i32}
    }
    tt.return
  }
}

// -----
#blocked = #ttg.blocked<{sizePerThread = [1], threadsPerWarp = [32], warpsPerCTA = [4], order = [0]}>
#shared = #ttg.swizzled_shared<{vec = 1, perPhase = 1, maxPhase = 1, order = [0]}>
#smem = #ttg.shared_memory
module attributes {"ttg.num-warps" = 4 : i32} {
  tt.func @if_outer_if_inner_access(%arg0: i32, %arg1: i32, %arg2: i32, %arg3: i1) {
    %0 = ttg.local_alloc {buffer.id = 802 : i32} : () -> !ttg.memdesc<1xi32, #shared, #smem, mutable>
    scf.for %arg4 = %arg0 to %arg1 step %arg2  : i32 {
      scf.if %arg3 {
        %c0_i32 = arith.constant {ttg.partition = array<i32: 0>} 0 : i32
        scf.if %arg3 {
          %1 = "producer"() {ttg.partition = array<i32: 1>} : () -> tensor<1xi32, #blocked>
          ttg.local_store %1, %0 {ttg.partition = array<i32: 1>} : tensor<1xi32, #blocked> -> !ttg.memdesc<1xi32, #shared, #smem, mutable>
        } {ttg.partition = array<i32: 0, 1>}
      } {ttg.partition = array<i32: 0, 1>}
    } {tt.warp_specialize, ttg.partition = array<i32: 0, 1>, ttg.warp_specialize.tag = 0 : i32}
    tt.return
  }
}

// -----
#blocked = #ttg.blocked<{sizePerThread = [1], threadsPerWarp = [32], warpsPerCTA = [4], order = [0]}>
#shared = #ttg.swizzled_shared<{vec = 1, perPhase = 1, maxPhase = 1, order = [0]}>
#smem = #ttg.shared_memory
module attributes {"ttg.num-warps" = 4 : i32} {
  tt.func @for_outer_for_inner_access(%arg0: i32, %arg1: i32, %arg2: i32) {
    %0 = ttg.local_alloc {buffer.id = 803 : i32} : () -> !ttg.memdesc<1xi32, #shared, #smem, mutable>
    scf.for %arg3 = %arg0 to %arg1 step %arg2  : i32 {
      %1 = arith.addi %arg3, %arg3 {ttg.partition = array<i32: 0>} : i32
      scf.for %arg4 = %arg0 to %arg1 step %arg2  : i32 {
        %2 = "producer"() {ttg.partition = array<i32: 1>} : () -> tensor<1xi32, #blocked>
        ttg.local_store %2, %0 {ttg.partition = array<i32: 1>} : tensor<1xi32, #blocked> -> !ttg.memdesc<1xi32, #shared, #smem, mutable>
      } {ttg.partition = array<i32: 0, 1>}
    } {tt.warp_specialize, ttg.partition = array<i32: 0, 1>, ttg.warp_specialize.tag = 0 : i32}
    tt.return
  }
}

// -----
#blocked = #ttg.blocked<{sizePerThread = [1], threadsPerWarp = [32], warpsPerCTA = [4], order = [0]}>
#shared = #ttg.swizzled_shared<{vec = 1, perPhase = 1, maxPhase = 1, order = [0]}>
#smem = #ttg.shared_memory
module attributes {"ttg.num-warps" = 4 : i32} {
  tt.func @triple_for_if_for_access(%arg0: i32, %arg1: i32, %arg2: i32, %arg3: i1) {
    %0 = ttg.local_alloc {buffer.id = 804 : i32} : () -> !ttg.memdesc<1xi32, #shared, #smem, mutable>
    scf.for %arg4 = %arg0 to %arg1 step %arg2  : i32 {
      scf.if %arg3 {
        scf.for %arg5 = %arg0 to %arg1 step %arg2  : i32 {
          %1 = "producer"() {ttg.partition = array<i32: 1>} : () -> tensor<1xi32, #blocked>
          ttg.local_store %1, %0 {ttg.partition = array<i32: 1>} : tensor<1xi32, #blocked> -> !ttg.memdesc<1xi32, #shared, #smem, mutable>
        } {ttg.partition = array<i32: 0, 1>}
      } {ttg.partition = array<i32: 0, 1>}
    } {tt.warp_specialize, ttg.partition = array<i32: 0, 1>, ttg.warp_specialize.tag = 0 : i32}
    tt.return
  }
}

// -----
#blocked = #ttg.blocked<{sizePerThread = [1], threadsPerWarp = [32], warpsPerCTA = [4], order = [0]}>
#shared = #ttg.swizzled_shared<{vec = 1, perPhase = 1, maxPhase = 1, order = [0]}>
#smem = #ttg.shared_memory
module attributes {"ttg.num-warps" = 4 : i32} {
  tt.func @triple_if_for_if_access(%arg0: i32, %arg1: i32, %arg2: i32, %arg3: i1) {
    %0 = ttg.local_alloc {buffer.id = 805 : i32} : () -> !ttg.memdesc<1xi32, #shared, #smem, mutable>
    scf.if %arg3 {
      scf.for %arg4 = %arg0 to %arg1 step %arg2  : i32 {
        scf.if %arg3 {
          %1 = "producer"() {ttg.partition = array<i32: 1>} : () -> tensor<1xi32, #blocked>
          ttg.local_store %1, %0 {ttg.partition = array<i32: 1>} : tensor<1xi32, #blocked> -> !ttg.memdesc<1xi32, #shared, #smem, mutable>
        } {ttg.partition = array<i32: 1>}
      } {tt.warp_specialize, ttg.partition = array<i32: 1>, ttg.warp_specialize.tag = 0 : i32}
    }
    tt.return
  }
}

// -----
#blocked = #ttg.blocked<{sizePerThread = [1], threadsPerWarp = [32], warpsPerCTA = [4], order = [0]}>
#shared = #ttg.swizzled_shared<{vec = 1, perPhase = 1, maxPhase = 1, order = [0]}>
#smem = #ttg.shared_memory
module attributes {"ttg.num-warps" = 4 : i32} {
  tt.func @quad_for_if_for_if_access(%arg0: i32, %arg1: i32, %arg2: i32, %arg3: i1) {
    %0 = ttg.local_alloc {buffer.id = 806 : i32} : () -> !ttg.memdesc<1xi32, #shared, #smem, mutable>
    scf.for %arg4 = %arg0 to %arg1 step %arg2  : i32 {
      scf.if %arg3 {
        scf.for %arg5 = %arg0 to %arg1 step %arg2  : i32 {
          scf.if %arg3 {
            %1 = "producer"() {ttg.partition = array<i32: 1>} : () -> tensor<1xi32, #blocked>
            ttg.local_store %1, %0 {ttg.partition = array<i32: 1>} : tensor<1xi32, #blocked> -> !ttg.memdesc<1xi32, #shared, #smem, mutable>
          } {ttg.partition = array<i32: 0, 1>}
        } {ttg.partition = array<i32: 0, 1>}
      } {ttg.partition = array<i32: 0, 1>}
    } {tt.warp_specialize, ttg.partition = array<i32: 0, 1>, ttg.warp_specialize.tag = 0 : i32}
    tt.return
  }
}

// -----
#blocked = #ttg.blocked<{sizePerThread = [1], threadsPerWarp = [32], warpsPerCTA = [4], order = [0]}>
#shared = #ttg.swizzled_shared<{vec = 1, perPhase = 1, maxPhase = 1, order = [0]}>
#smem = #ttg.shared_memory
module attributes {"ttg.num-warps" = 4 : i32} {
  tt.func @sibling_if_only_one_with_access(%arg0: i32, %arg1: i32, %arg2: i32, %arg3: i1) {
    %0 = ttg.local_alloc {buffer.id = 807 : i32} : () -> !ttg.memdesc<1xi32, #shared, #smem, mutable>
    scf.for %arg4 = %arg0 to %arg1 step %arg2  : i32 {
      scf.if %arg3 {
        %1 = "producer"() {ttg.partition = array<i32: 1>} : () -> tensor<1xi32, #blocked>
        ttg.local_store %1, %0 {ttg.partition = array<i32: 1>} : tensor<1xi32, #blocked> -> !ttg.memdesc<1xi32, #shared, #smem, mutable>
      } {ttg.partition = array<i32: 0, 1>}
      scf.if %arg3 {
        %1 = "side_effect"() {ttg.partition = array<i32: 0>} : () -> i32
      } {ttg.partition = array<i32: 0>}
    } {tt.warp_specialize, ttg.partition = array<i32: 0, 1>, ttg.warp_specialize.tag = 0 : i32}
    tt.return
  }
}

// -----
#blocked = #ttg.blocked<{sizePerThread = [1], threadsPerWarp = [32], warpsPerCTA = [4], order = [0]}>
#shared = #ttg.swizzled_shared<{vec = 1, perPhase = 1, maxPhase = 1, order = [0]}>
#smem = #ttg.shared_memory
module attributes {"ttg.num-warps" = 4 : i32} {
  tt.func @sibling_for_only_one_with_access(%arg0: i32, %arg1: i32, %arg2: i32) {
    %0 = ttg.local_alloc {buffer.id = 808 : i32} : () -> !ttg.memdesc<1xi32, #shared, #smem, mutable>
    scf.for %arg3 = %arg0 to %arg1 step %arg2  : i32 {
      scf.for %arg4 = %arg0 to %arg1 step %arg2  : i32 {
        %1 = "producer"() {ttg.partition = array<i32: 1>} : () -> tensor<1xi32, #blocked>
        ttg.local_store %1, %0 {ttg.partition = array<i32: 1>} : tensor<1xi32, #blocked> -> !ttg.memdesc<1xi32, #shared, #smem, mutable>
      } {ttg.partition = array<i32: 0, 1>}
      scf.for %arg4 = %arg0 to %arg1 step %arg2  : i32 {
        %1 = "side_effect"() {ttg.partition = array<i32: 0>} : () -> i32
      } {ttg.partition = array<i32: 0>}
    } {tt.warp_specialize, ttg.partition = array<i32: 0, 1>, ttg.warp_specialize.tag = 0 : i32}
    tt.return
  }
}

