#blocked = #ttg.blocked<{sizePerThread = [1, 128], threadsPerWarp = [32, 1], warpsPerCTA = [4, 1], order = [0, 1]}>
#shared = #ttg.nvmma_shared<{swizzlingByteWidth = 128, transposed = false, elementBitWidth = 16}>
#smem = #ttg.shared_memory
module attributes {"ttg.num-ctas" = 1 : i32, "ttg.num-warps" = 4 : i32} {
  tt.func @serialized_ring_reduces(%arg0: i32, %arg1: i32, %arg2: i32) {
    %c0_i32 = arith.constant 0 : i32
    %cst = arith.constant {ttg.partition = array<i32: 0>} dense<0.000000e+00> : tensor<128x128xf16, #blocked>
    %cst_0 = arith.constant {ttg.partition = array<i32: 2>} dense<1.000000e+00> : tensor<128x128xf16, #blocked>
    %0 = ttg.local_alloc {buffer.id = 500 : i32, buffer.offset = 0 : i32} : () -> !ttg.memdesc<1x128x128xf16, #shared, #smem, mutable>
    %1 = ttg.local_alloc {buffer.id = 500 : i32, buffer.offset = 64 : i32} : () -> !ttg.memdesc<1x128x128xf16, #shared, #smem, mutable>
    %2 = nvws.semaphore.create %0, %1 true {nvws.dag_pending_count = 1 : i32} : <[!ttg.memdesc<1x128x128xf16, #shared, #smem, mutable>, !ttg.memdesc<1x128x128xf16, #shared, #smem, mutable>]>
    %3 = nvws.semaphore.create %0, %1 true {nvws.dag_pending_count = 1 : i32} : <[!ttg.memdesc<1x128x128xf16, #shared, #smem, mutable>, !ttg.memdesc<1x128x128xf16, #shared, #smem, mutable>]>
    %4 = nvws.semaphore.create %0, %1 false {nvws.dag_pending_count = 1 : i32} : <[!ttg.memdesc<1x128x128xf16, #shared, #smem, mutable>, !ttg.memdesc<1x128x128xf16, #shared, #smem, mutable>]>
    %5 = nvws.semaphore.create %0, %1 false {nvws.dag_pending_count = 1 : i32} : <[!ttg.memdesc<1x128x128xf16, #shared, #smem, mutable>, !ttg.memdesc<1x128x128xf16, #shared, #smem, mutable>]>
    %6 = nvws.semaphore.create %0, %1 false {nvws.dag_pending_count = 1 : i32} : <[!ttg.memdesc<1x128x128xf16, #shared, #smem, mutable>, !ttg.memdesc<1x128x128xf16, #shared, #smem, mutable>]>
    %7 = nvws.semaphore.acquire %2 {ttg.partition = array<i32: 0>, ttg.warp_specialize.tag = 0 : i32} : <[!ttg.memdesc<1x128x128xf16, #shared, #smem, mutable>, !ttg.memdesc<1x128x128xf16, #shared, #smem, mutable>]> -> !ttg.async.token
    %8:2 = scf.for %arg3 = %arg0 to %arg1 step %arg2 iter_args(%arg4 = %c0_i32, %arg5 = %7) -> (i32, !ttg.async.token)  : i32 {
      %9:2 = nvws.semaphore.buffer %2, %arg5 {ttg.partition = array<i32: 0>} : <[!ttg.memdesc<1x128x128xf16, #shared, #smem, mutable>, !ttg.memdesc<1x128x128xf16, #shared, #smem, mutable>]>, !ttg.async.token -> !ttg.memdesc<128x128xf16, #shared, #smem, mutable>, !ttg.memdesc<128x128xf16, #shared, #smem, mutable, 1x128x128>
      ttg.local_store %cst, %9#0 {ttg.partition = array<i32: 0>} : tensor<128x128xf16, #blocked> -> !ttg.memdesc<128x128xf16, #shared, #smem, mutable>
      nvws.semaphore.release %4, %arg5 [#nvws.async_op<none>] {ttg.partition = array<i32: 0>} : <[!ttg.memdesc<1x128x128xf16, #shared, #smem, mutable>, !ttg.memdesc<1x128x128xf16, #shared, #smem, mutable>]>, !ttg.async.token
      %10 = nvws.semaphore.acquire %4 {ttg.partition = array<i32: 1>} : <[!ttg.memdesc<1x128x128xf16, #shared, #smem, mutable>, !ttg.memdesc<1x128x128xf16, #shared, #smem, mutable>]> -> !ttg.async.token
      %11:2 = nvws.semaphore.buffer %4, %10 {ttg.partition = array<i32: 1>} : <[!ttg.memdesc<1x128x128xf16, #shared, #smem, mutable>, !ttg.memdesc<1x128x128xf16, #shared, #smem, mutable>]>, !ttg.async.token -> !ttg.memdesc<128x128xf16, #shared, #smem, mutable>, !ttg.memdesc<128x128xf16, #shared, #smem, mutable, 1x128x128>
      %12 = ttg.local_load %11#0 {ttg.partition = array<i32: 1>} : !ttg.memdesc<128x128xf16, #shared, #smem, mutable> -> tensor<128x128xf16, #blocked>
      nvws.semaphore.release %5, %10 [#nvws.async_op<none>] {ttg.partition = array<i32: 1>} : <[!ttg.memdesc<1x128x128xf16, #shared, #smem, mutable>, !ttg.memdesc<1x128x128xf16, #shared, #smem, mutable>]>, !ttg.async.token
      nvws.semaphore.release %2, %10 [#nvws.async_op<none>] {ttg.partition = array<i32: 1>} : <[!ttg.memdesc<1x128x128xf16, #shared, #smem, mutable>, !ttg.memdesc<1x128x128xf16, #shared, #smem, mutable>]>, !ttg.async.token
      "use"(%12) {ttg.partition = array<i32: 1>} : (tensor<128x128xf16, #blocked>) -> ()
      %13 = nvws.semaphore.acquire %5 {ttg.partition = array<i32: 2>} : <[!ttg.memdesc<1x128x128xf16, #shared, #smem, mutable>, !ttg.memdesc<1x128x128xf16, #shared, #smem, mutable>]> -> !ttg.async.token
      %14 = nvws.semaphore.acquire %3 {ttg.partition = array<i32: 2>} : <[!ttg.memdesc<1x128x128xf16, #shared, #smem, mutable>, !ttg.memdesc<1x128x128xf16, #shared, #smem, mutable>]> -> !ttg.async.token
      %15:2 = nvws.semaphore.buffer %3, %14 {ttg.partition = array<i32: 2>} : <[!ttg.memdesc<1x128x128xf16, #shared, #smem, mutable>, !ttg.memdesc<1x128x128xf16, #shared, #smem, mutable>]>, !ttg.async.token -> !ttg.memdesc<128x128xf16, #shared, #smem, mutable, 1x128x128>, !ttg.memdesc<128x128xf16, #shared, #smem, mutable>
      ttg.local_store %cst_0, %15#1 {ttg.partition = array<i32: 2>} : tensor<128x128xf16, #blocked> -> !ttg.memdesc<128x128xf16, #shared, #smem, mutable>
      nvws.semaphore.release %6, %14 [#nvws.async_op<none>] {ttg.partition = array<i32: 2>} : <[!ttg.memdesc<1x128x128xf16, #shared, #smem, mutable>, !ttg.memdesc<1x128x128xf16, #shared, #smem, mutable>]>, !ttg.async.token
      %16 = nvws.semaphore.acquire %6 {ttg.partition = array<i32: 0>} : <[!ttg.memdesc<1x128x128xf16, #shared, #smem, mutable>, !ttg.memdesc<1x128x128xf16, #shared, #smem, mutable>]> -> !ttg.async.token
      %17:2 = nvws.semaphore.buffer %6, %16 {ttg.partition = array<i32: 0>} : <[!ttg.memdesc<1x128x128xf16, #shared, #smem, mutable>, !ttg.memdesc<1x128x128xf16, #shared, #smem, mutable>]>, !ttg.async.token -> !ttg.memdesc<128x128xf16, #shared, #smem, mutable, 1x128x128>, !ttg.memdesc<128x128xf16, #shared, #smem, mutable>
      %18 = ttg.local_load %17#1 {ttg.partition = array<i32: 0>} : !ttg.memdesc<128x128xf16, #shared, #smem, mutable> -> tensor<128x128xf16, #blocked>
      nvws.semaphore.release %3, %16 [#nvws.async_op<none>] {ttg.partition = array<i32: 0>} : <[!ttg.memdesc<1x128x128xf16, #shared, #smem, mutable>, !ttg.memdesc<1x128x128xf16, #shared, #smem, mutable>]>, !ttg.async.token
      "use"(%18) {ttg.partition = array<i32: 0>} : (tensor<128x128xf16, #blocked>) -> ()
      %19 = arith.addi %arg4, %arg3 {ttg.partition = array<i32: 0, 1, 2>} : i32
      %20 = nvws.semaphore.acquire %2 {ttg.partition = array<i32: 0>} : <[!ttg.memdesc<1x128x128xf16, #shared, #smem, mutable>, !ttg.memdesc<1x128x128xf16, #shared, #smem, mutable>]> -> !ttg.async.token
      scf.yield {ttg.partition = array<i32: 0, 1, 2>} %19, %20 : i32, !ttg.async.token
    } {tt.warp_specialize, ttg.partition = array<i32: 0, 1, 2>, ttg.partition.outputs = [array<i32: 0, 1, 2>, array<i32: 0>], ttg.partition.stages = [0 : i32, 0 : i32, 0 : i32], ttg.warp_specialize.tag = 0 : i32}
    "use_i32"(%8#0) : (i32) -> ()
    tt.return
  }
}

// -----
#blocked = #ttg.blocked<{sizePerThread = [1, 128], threadsPerWarp = [32, 1], warpsPerCTA = [4, 1], order = [0, 1]}>
#shared = #ttg.nvmma_shared<{swizzlingByteWidth = 128, transposed = false, elementBitWidth = 16}>
#smem = #ttg.shared_memory
module attributes {"ttg.num-ctas" = 1 : i32, "ttg.num-warps" = 4 : i32} {
  tt.func @fanout_not_reduced(%arg0: i32, %arg1: i32, %arg2: i32) {
    %c0_i32 = arith.constant 0 : i32
    %cst = arith.constant {ttg.partition = array<i32: 0>} dense<0.000000e+00> : tensor<128x128xf16, #blocked>
    %0 = ttg.local_alloc {buffer.id = 501 : i32, buffer.offset = 0 : i32} : () -> !ttg.memdesc<1x128x128xf16, #shared, #smem, mutable>
    %1 = nvws.semaphore.create %0 true {nvws.dag_pending_count = 2 : i32} : <[!ttg.memdesc<1x128x128xf16, #shared, #smem, mutable>]>
    %2 = nvws.semaphore.create %0 false {nvws.dag_pending_count = 1 : i32} : <[!ttg.memdesc<1x128x128xf16, #shared, #smem, mutable>]>
    %3 = nvws.semaphore.create %0 false {nvws.dag_pending_count = 1 : i32} : <[!ttg.memdesc<1x128x128xf16, #shared, #smem, mutable>]>
    %4 = nvws.semaphore.create %0 false {nvws.dag_pending_count = 1 : i32} : <[!ttg.memdesc<1x128x128xf16, #shared, #smem, mutable>]>
    %5 = nvws.semaphore.acquire %1 {ttg.partition = array<i32: 0>, ttg.warp_specialize.tag = 0 : i32} : <[!ttg.memdesc<1x128x128xf16, #shared, #smem, mutable>]> -> !ttg.async.token
    %6:2 = scf.for %arg3 = %arg0 to %arg1 step %arg2 iter_args(%arg4 = %c0_i32, %arg5 = %5) -> (i32, !ttg.async.token)  : i32 {
      %7 = nvws.semaphore.buffer %1, %arg5 {ttg.partition = array<i32: 0>} : <[!ttg.memdesc<1x128x128xf16, #shared, #smem, mutable>]>, !ttg.async.token -> !ttg.memdesc<128x128xf16, #shared, #smem, mutable>
      ttg.local_store %cst, %7 {ttg.partition = array<i32: 0>} : tensor<128x128xf16, #blocked> -> !ttg.memdesc<128x128xf16, #shared, #smem, mutable>
      nvws.semaphore.release %2, %arg5 [#nvws.async_op<none>] {ttg.partition = array<i32: 0>} : <[!ttg.memdesc<1x128x128xf16, #shared, #smem, mutable>]>, !ttg.async.token
      nvws.semaphore.release %3, %arg5 [#nvws.async_op<none>] {ttg.partition = array<i32: 0>} : <[!ttg.memdesc<1x128x128xf16, #shared, #smem, mutable>]>, !ttg.async.token
      %8 = nvws.semaphore.acquire %2 {ttg.partition = array<i32: 1>} : <[!ttg.memdesc<1x128x128xf16, #shared, #smem, mutable>]> -> !ttg.async.token
      %9 = nvws.semaphore.buffer %2, %8 {ttg.partition = array<i32: 1>} : <[!ttg.memdesc<1x128x128xf16, #shared, #smem, mutable>]>, !ttg.async.token -> !ttg.memdesc<128x128xf16, #shared, #smem, mutable>
      %10 = ttg.local_load %9 {ttg.partition = array<i32: 1>} : !ttg.memdesc<128x128xf16, #shared, #smem, mutable> -> tensor<128x128xf16, #blocked>
      nvws.semaphore.release %1, %8 [#nvws.async_op<none>] {ttg.partition = array<i32: 1>} : <[!ttg.memdesc<1x128x128xf16, #shared, #smem, mutable>]>, !ttg.async.token
      "use"(%10) {ttg.partition = array<i32: 1>} : (tensor<128x128xf16, #blocked>) -> ()
      %11 = nvws.semaphore.acquire %3 {ttg.partition = array<i32: 2>} : <[!ttg.memdesc<1x128x128xf16, #shared, #smem, mutable>]> -> !ttg.async.token
      %12 = nvws.semaphore.buffer %3, %11 {ttg.partition = array<i32: 2>} : <[!ttg.memdesc<1x128x128xf16, #shared, #smem, mutable>]>, !ttg.async.token -> !ttg.memdesc<128x128xf16, #shared, #smem, mutable>
      %13 = ttg.local_load %12 {ttg.partition = array<i32: 2>} : !ttg.memdesc<128x128xf16, #shared, #smem, mutable> -> tensor<128x128xf16, #blocked>
      nvws.semaphore.release %4, %11 [#nvws.async_op<none>] {ttg.partition = array<i32: 2>} : <[!ttg.memdesc<1x128x128xf16, #shared, #smem, mutable>]>, !ttg.async.token
      nvws.semaphore.release %1, %11 [#nvws.async_op<none>] {ttg.partition = array<i32: 2>} : <[!ttg.memdesc<1x128x128xf16, #shared, #smem, mutable>]>, !ttg.async.token
      "use"(%13) {ttg.partition = array<i32: 2>} : (tensor<128x128xf16, #blocked>) -> ()
      %14 = nvws.semaphore.acquire %4 {ttg.partition = array<i32: 0>} : <[!ttg.memdesc<1x128x128xf16, #shared, #smem, mutable>]> -> !ttg.async.token
      %15 = nvws.semaphore.buffer %4, %14 {ttg.partition = array<i32: 0>} : <[!ttg.memdesc<1x128x128xf16, #shared, #smem, mutable>]>, !ttg.async.token -> !ttg.memdesc<128x128xf16, #shared, #smem, mutable>
      %16 = ttg.local_load %15 {ttg.partition = array<i32: 0>} : !ttg.memdesc<128x128xf16, #shared, #smem, mutable> -> tensor<128x128xf16, #blocked>
      "use"(%16) {ttg.partition = array<i32: 0>} : (tensor<128x128xf16, #blocked>) -> ()
      %17 = arith.addi %arg4, %arg3 {ttg.partition = array<i32: 0, 1, 2>} : i32
      %18 = nvws.semaphore.acquire %1 {ttg.partition = array<i32: 0>} : <[!ttg.memdesc<1x128x128xf16, #shared, #smem, mutable>]> -> !ttg.async.token
      scf.yield {ttg.partition = array<i32: 0, 1, 2>} %17, %18 : i32, !ttg.async.token
    } {tt.warp_specialize, ttg.partition = array<i32: 0, 1, 2>, ttg.partition.outputs = [array<i32: 0, 1, 2>, array<i32: 0>], ttg.partition.stages = [0 : i32, 0 : i32, 0 : i32], ttg.warp_specialize.tag = 0 : i32}
    "use_i32"(%6#0) : (i32) -> ()
    tt.return
  }
}

