#blocked = #ttg.blocked<{sizePerThread = [2], threadsPerWarp = [32], warpsPerCTA = [4], order = [0]}>
#blocked1 = #ttg.blocked<{sizePerThread = [1, 8], threadsPerWarp = [2, 16], warpsPerCTA = [4, 1], order = [1, 0]}>
#linear = #ttg.linear<{register = [[0, 1], [0, 2], [0, 4], [0, 8], [0, 16], [0, 32], [0, 64], [128, 0]], lane = [[1, 0], [2, 0], [4, 0], [8, 0], [16, 0]], warp = [[32, 0], [64, 0]], block = []}>
#linear1 = #ttg.linear<{register = [[0, 1], [0, 2], [0, 4], [0, 8], [0, 16], [0, 32], [0, 64]], lane = [[1, 0], [2, 0], [4, 0], [8, 0], [16, 0]], warp = [[32, 0], [64, 0]], block = []}>
#linear2 = #ttg.linear<{register = [[0, 0, 1], [0, 0, 2], [0, 0, 4], [0, 0, 8], [0, 0, 16], [0, 0, 32], [0, 1, 0], [128, 0, 0]], lane = [[1, 0, 0], [2, 0, 0], [4, 0, 0], [8, 0, 0], [16, 0, 0]], warp = [[32, 0, 0], [64, 0, 0]], block = []}>
#linear3 = #ttg.linear<{register = [[0, 1, 0], [0, 2, 0], [0, 4, 0], [0, 8, 0], [0, 16, 0], [0, 32, 0], [0, 0, 1], [128, 0, 0]], lane = [[1, 0, 0], [2, 0, 0], [4, 0, 0], [8, 0, 0], [16, 0, 0]], warp = [[32, 0, 0], [64, 0, 0]], block = []}>
#linear4 = #ttg.linear<{register = [[0, 1], [0, 2], [0, 4], [0, 8], [0, 16], [0, 32], [128, 0]], lane = [[1, 0], [2, 0], [4, 0], [8, 0], [16, 0]], warp = [[32, 0], [64, 0]], block = []}>
#linear5 = #ttg.linear<{register = [], lane = [[1, 0], [2, 0], [4, 0], [8, 0], [16, 0]], warp = [[32, 0], [64, 0]], block = []}>
#linear6 = #ttg.linear<{register = [], lane = [[1], [2], [4], [8], [16]], warp = [[32], [64]], block = []}>
#shared = #ttg.nvmma_shared<{swizzlingByteWidth = 128, transposed = false, elementBitWidth = 16}>
#shared1 = #ttg.nvmma_shared<{swizzlingByteWidth = 128, transposed = true, elementBitWidth = 16}>
#smem = #ttg.shared_memory
#tmem = #ttng.tensor_memory_encoding<blockM = 128, blockN = 128, colStride = 1>
#tmem1 = #ttng.tensor_memory_encoding<blockM = 128, blockN = 1, colStride = 1>
module attributes {"ttg.cluster-dim-x" = 1 : i32, "ttg.cluster-dim-y" = 1 : i32, "ttg.cluster-dim-z" = 1 : i32, ttg.max_reg_auto_ws = 152 : i32, ttg.maxnreg = 128 : i32, ttg.min_reg_auto_ws = 24 : i32, "ttg.num-ctas" = 1 : i32, "ttg.num-warps" = 4 : i32, ttg.target = "cuda:100", "ttg.threads-per-warp" = 32 : i32} {
  tt.func public @_attn_fwd_persist(%arg0: f32, %arg1: !tt.ptr<f32> {tt.divisibility = 16 : i32}, %arg2: i32, %arg3: i32 {tt.divisibility = 16 : i32}, %arg4: !tt.ptr<f16> {tt.divisibility = 16 : i32}, %arg5: !tt.ptr<f16> {tt.divisibility = 16 : i32}, %arg6: !tt.ptr<f16> {tt.divisibility = 16 : i32}, %arg7: !tt.ptr<f16> {tt.divisibility = 16 : i32}) attributes {noinline = false} {
    %false = arith.constant false
    %true = arith.constant true
    %c64_i32 = arith.constant 64 : i32
    %c1_i32 = arith.constant 1 : i32
    %c16384_i32 = arith.constant 16384 : i32
    %c128_i32 = arith.constant 128 : i32
    %c128_i64 = arith.constant 128 : i64
    %c1_i64 = arith.constant 1 : i64
    %c0_i32 = arith.constant 0 : i32
    %c256_i32 = arith.constant 256 : i32
    %cst = arith.constant 1.44269502 : f32
    %cst_0 = arith.constant dense<0.000000e+00> : tensor<128x128xf32, #linear>
    %cst_1 = arith.constant dense<0xFF800000> : tensor<128xf32, #ttg.slice<{dim = 1, parent = #linear}>>
    %cst_2 = arith.constant dense<1.000000e+00> : tensor<128xf32, #ttg.slice<{dim = 1, parent = #linear}>>
    %0 = tt.get_program_id x : i32
    %1 = tt.get_num_programs x : i32
    %2 = arith.muli %arg2, %c64_i32 : i32
    %3 = arith.muli %2, %arg3 : i32
    %4 = arith.divsi %3, %1 : i32
    %5 = arith.remsi %3, %1 : i32
    %6 = arith.cmpi slt, %0, %5 : i32
    %7 = scf.if %6 -> (i32) {
      %91 = arith.addi %4, %c1_i32 : i32
      scf.yield %91 : i32
    } else {
      scf.yield %4 : i32
    }
    %8 = arith.muli %arg2, %arg3 : i32
    %9 = arith.muli %8, %c16384_i32 : i32
    %10 = tt.make_tensor_descriptor %arg4, [%9, %c128_i32], [%c128_i64, %c1_i64] : !tt.ptr<f16>, !tt.tensordesc<tensor<128x128xf16, #shared>>
    %11 = tt.make_tensor_descriptor %arg4, [%9, %c128_i32], [%c128_i64, %c1_i64] : !tt.ptr<f16>, !tt.tensordesc<tensor<128x128xf16, #shared>>
    %12 = tt.make_tensor_descriptor %arg5, [%9, %c128_i32], [%c128_i64, %c1_i64] : !tt.ptr<f16>, !tt.tensordesc<tensor<128x128xf16, #shared>>
    %13 = tt.make_tensor_descriptor %arg6, [%9, %c128_i32], [%c128_i64, %c1_i64] : !tt.ptr<f16>, !tt.tensordesc<tensor<128x128xf16, #shared>>
    %14 = tt.make_tensor_descriptor %arg7, [%9, %c128_i32], [%c128_i64, %c1_i64] : !tt.ptr<f16>, !tt.tensordesc<tensor<128x128xf16, #shared>>
    %15 = tt.make_tensor_descriptor %arg7, [%9, %c128_i32], [%c128_i64, %c1_i64] : !tt.ptr<f16>, !tt.tensordesc<tensor<128x128xf16, #shared>>
    %16 = arith.muli %arg3, %c16384_i32 : i32
    %17 = tt.make_range {end = 128 : i32, start = 0 : i32} : tensor<128xi32, #blocked>
    %18 = tt.make_range {end = 256 : i32, start = 128 : i32} : tensor<128xi32, #blocked>
    %19 = arith.mulf %arg0, %cst : f32
    %20 = tt.splat %19 : f32 -> tensor<128xf32, #ttg.slice<{dim = 1, parent = #linear}>>
    %21 = tt.splat %19 : f32 -> tensor<128xf32, #ttg.slice<{dim = 1, parent = #linear}>>
    %22 = tt.splat %19 : f32 -> tensor<128x128xf32, #linear>
    %23 = tt.splat %19 : f32 -> tensor<128x128xf32, #linear>
    %24 = ttg.local_alloc : () -> !ttg.memdesc<1x128x128xf16, #shared, #smem, mutable>
    %25 = nvws.semaphore.create %24 true {nvws.dag_pending_count = 1 : i32} : <[!ttg.memdesc<1x128x128xf16, #shared, #smem, mutable>]>
    %26 = nvws.semaphore.create %24 false {nvws.dag_pending_count = 1 : i32} : <[!ttg.memdesc<1x128x128xf16, #shared, #smem, mutable>]>
    %27 = ttg.local_alloc : () -> !ttg.memdesc<1x128x128xf16, #shared, #smem, mutable>
    %28 = nvws.semaphore.create %27 true {nvws.dag_pending_count = 1 : i32} : <[!ttg.memdesc<1x128x128xf16, #shared, #smem, mutable>]>
    %29 = nvws.semaphore.create %27 false {nvws.dag_pending_count = 1 : i32} : <[!ttg.memdesc<1x128x128xf16, #shared, #smem, mutable>]>
    %30 = ttg.local_alloc : () -> !ttg.memdesc<1x128x128xf16, #shared, #smem, mutable>
    %31 = nvws.semaphore.create %30 true {nvws.dag_pending_count = 1 : i32} : <[!ttg.memdesc<1x128x128xf16, #shared, #smem, mutable>]>
    %32 = nvws.semaphore.create %30 false {nvws.dag_pending_count = 1 : i32} : <[!ttg.memdesc<1x128x128xf16, #shared, #smem, mutable>]>
    %33 = ttg.local_alloc : () -> !ttg.memdesc<1x128x128xf16, #shared, #smem, mutable>
    %34 = nvws.semaphore.create %33 true {nvws.dag_pending_count = 1 : i32} : <[!ttg.memdesc<1x128x128xf16, #shared, #smem, mutable>]>
    %35 = nvws.semaphore.create %33 false {nvws.dag_pending_count = 1 : i32} : <[!ttg.memdesc<1x128x128xf16, #shared, #smem, mutable>]>
    %result = ttng.tmem_alloc {buffer.copy = 1 : i32, buffer.id = 4 : i32, buffer.offset = 0 : i32} : () -> !ttg.memdesc<1x128x128xf32, #tmem, #ttng.tensor_memory, mutable>
    %36 = ttng.tmem_subslice %result {N = 0 : i32} : !ttg.memdesc<1x128x128xf32, #tmem, #ttng.tensor_memory, mutable> -> !ttg.memdesc<1x128x128xf32, #tmem, #ttng.tensor_memory, mutable>
    %37 = ttg.memdesc_reinterpret %36 : !ttg.memdesc<1x128x128xf32, #tmem, #ttng.tensor_memory, mutable> -> !ttg.memdesc<1x128x128xf16, #tmem, #ttng.tensor_memory, mutable>
    %38 = ttng.tmem_subslice %result {N = 65 : i32} : !ttg.memdesc<1x128x128xf32, #tmem, #ttng.tensor_memory, mutable> -> !ttg.memdesc<1x128x1xf32, #tmem1, #ttng.tensor_memory, mutable, 1x128x128>
    %39 = ttg.memdesc_reinterpret %38 : !ttg.memdesc<1x128x1xf32, #tmem1, #ttng.tensor_memory, mutable, 1x128x128> -> !ttg.memdesc<1x128x1xf32, #tmem1, #ttng.tensor_memory, mutable>
    %40 = ttng.tmem_subslice %result {N = 66 : i32} : !ttg.memdesc<1x128x128xf32, #tmem, #ttng.tensor_memory, mutable> -> !ttg.memdesc<1x128x1xf32, #tmem1, #ttng.tensor_memory, mutable, 1x128x128>
    %41 = ttg.memdesc_reinterpret %40 : !ttg.memdesc<1x128x1xf32, #tmem1, #ttng.tensor_memory, mutable, 1x128x128> -> !ttg.memdesc<1x128x1xf32, #tmem1, #ttng.tensor_memory, mutable>
    %42 = ttng.tmem_subslice %result {N = 64 : i32} : !ttg.memdesc<1x128x128xf32, #tmem, #ttng.tensor_memory, mutable> -> !ttg.memdesc<1x128x1xf32, #tmem1, #ttng.tensor_memory, mutable, 1x128x128>
    %43 = ttg.memdesc_reinterpret %42 : !ttg.memdesc<1x128x1xf32, #tmem1, #ttng.tensor_memory, mutable, 1x128x128> -> !ttg.memdesc<1x128x1xf32, #tmem1, #ttng.tensor_memory, mutable>
    %44 = nvws.semaphore.create %43, %41, %39, %result, %37 true {nvws.dag_pending_count = 2 : i32} : <[!ttg.memdesc<1x128x1xf32, #tmem1, #ttng.tensor_memory, mutable>, !ttg.memdesc<1x128x1xf32, #tmem1, #ttng.tensor_memory, mutable>, !ttg.memdesc<1x128x1xf32, #tmem1, #ttng.tensor_memory, mutable>, !ttg.memdesc<1x128x128xf32, #tmem, #ttng.tensor_memory, mutable>, !ttg.memdesc<1x128x128xf16, #tmem, #ttng.tensor_memory, mutable>]>
    %45 = nvws.semaphore.create %43, %41, %39, %result, %37 false {nvws.dag_pending_count = 1 : i32} : <[!ttg.memdesc<1x128x1xf32, #tmem1, #ttng.tensor_memory, mutable>, !ttg.memdesc<1x128x1xf32, #tmem1, #ttng.tensor_memory, mutable>, !ttg.memdesc<1x128x1xf32, #tmem1, #ttng.tensor_memory, mutable>, !ttg.memdesc<1x128x128xf32, #tmem, #ttng.tensor_memory, mutable>, !ttg.memdesc<1x128x128xf16, #tmem, #ttng.tensor_memory, mutable>]>
    %46 = nvws.semaphore.create %43, %41, %39, %result, %37 false {nvws.dag_pending_count = 1 : i32} : <[!ttg.memdesc<1x128x1xf32, #tmem1, #ttng.tensor_memory, mutable>, !ttg.memdesc<1x128x1xf32, #tmem1, #ttng.tensor_memory, mutable>, !ttg.memdesc<1x128x1xf32, #tmem1, #ttng.tensor_memory, mutable>, !ttg.memdesc<1x128x128xf32, #tmem, #ttng.tensor_memory, mutable>, !ttg.memdesc<1x128x128xf16, #tmem, #ttng.tensor_memory, mutable>]>
    %47 = nvws.semaphore.create %43, %41, %39, %result, %37 false {nvws.dag_pending_count = 1 : i32} : <[!ttg.memdesc<1x128x1xf32, #tmem1, #ttng.tensor_memory, mutable>, !ttg.memdesc<1x128x1xf32, #tmem1, #ttng.tensor_memory, mutable>, !ttg.memdesc<1x128x1xf32, #tmem1, #ttng.tensor_memory, mutable>, !ttg.memdesc<1x128x128xf32, #tmem, #ttng.tensor_memory, mutable>, !ttg.memdesc<1x128x128xf16, #tmem, #ttng.tensor_memory, mutable>]>
    %48 = nvws.semaphore.create %43, %41, %39, %result, %37 false {nvws.dag_pending_count = 1 : i32} : <[!ttg.memdesc<1x128x1xf32, #tmem1, #ttng.tensor_memory, mutable>, !ttg.memdesc<1x128x1xf32, #tmem1, #ttng.tensor_memory, mutable>, !ttg.memdesc<1x128x1xf32, #tmem1, #ttng.tensor_memory, mutable>, !ttg.memdesc<1x128x128xf32, #tmem, #ttng.tensor_memory, mutable>, !ttg.memdesc<1x128x128xf16, #tmem, #ttng.tensor_memory, mutable>]>
    %49 = nvws.semaphore.create %43, %41, %39, %result, %37 false {nvws.dag_pending_count = 2 : i32} : <[!ttg.memdesc<1x128x1xf32, #tmem1, #ttng.tensor_memory, mutable>, !ttg.memdesc<1x128x1xf32, #tmem1, #ttng.tensor_memory, mutable>, !ttg.memdesc<1x128x1xf32, #tmem1, #ttng.tensor_memory, mutable>, !ttg.memdesc<1x128x128xf32, #tmem, #ttng.tensor_memory, mutable>, !ttg.memdesc<1x128x128xf16, #tmem, #ttng.tensor_memory, mutable>]>
    %50 = nvws.semaphore.create %43, %41, %39, %result, %37 false {nvws.dag_pending_count = 1 : i32} : <[!ttg.memdesc<1x128x1xf32, #tmem1, #ttng.tensor_memory, mutable>, !ttg.memdesc<1x128x1xf32, #tmem1, #ttng.tensor_memory, mutable>, !ttg.memdesc<1x128x1xf32, #tmem1, #ttng.tensor_memory, mutable>, !ttg.memdesc<1x128x128xf32, #tmem, #ttng.tensor_memory, mutable>, !ttg.memdesc<1x128x128xf16, #tmem, #ttng.tensor_memory, mutable>]>
    %51 = nvws.semaphore.create %43, %41, %39, %result, %37 false {nvws.dag_pending_count = 1 : i32} : <[!ttg.memdesc<1x128x1xf32, #tmem1, #ttng.tensor_memory, mutable>, !ttg.memdesc<1x128x1xf32, #tmem1, #ttng.tensor_memory, mutable>, !ttg.memdesc<1x128x1xf32, #tmem1, #ttng.tensor_memory, mutable>, !ttg.memdesc<1x128x128xf32, #tmem, #ttng.tensor_memory, mutable>, !ttg.memdesc<1x128x128xf16, #tmem, #ttng.tensor_memory, mutable>]>
    %52 = nvws.semaphore.create %43, %41, %39, %result, %37 false {nvws.dag_pending_count = 1 : i32} : <[!ttg.memdesc<1x128x1xf32, #tmem1, #ttng.tensor_memory, mutable>, !ttg.memdesc<1x128x1xf32, #tmem1, #ttng.tensor_memory, mutable>, !ttg.memdesc<1x128x1xf32, #tmem1, #ttng.tensor_memory, mutable>, !ttg.memdesc<1x128x128xf32, #tmem, #ttng.tensor_memory, mutable>, !ttg.memdesc<1x128x128xf16, #tmem, #ttng.tensor_memory, mutable>]>
    %result_3 = ttng.tmem_alloc {buffer.copy = 1 : i32, buffer.id = 5 : i32, buffer.offset = 0 : i32} : () -> !ttg.memdesc<1x128x128xf32, #tmem, #ttng.tensor_memory, mutable>
    %53 = ttng.tmem_subslice %result_3 {N = 0 : i32} : !ttg.memdesc<1x128x128xf32, #tmem, #ttng.tensor_memory, mutable> -> !ttg.memdesc<1x128x128xf32, #tmem, #ttng.tensor_memory, mutable>
    %54 = ttg.memdesc_reinterpret %53 : !ttg.memdesc<1x128x128xf32, #tmem, #ttng.tensor_memory, mutable> -> !ttg.memdesc<1x128x128xf16, #tmem, #ttng.tensor_memory, mutable>
    %55 = ttng.tmem_subslice %result_3 {N = 65 : i32} : !ttg.memdesc<1x128x128xf32, #tmem, #ttng.tensor_memory, mutable> -> !ttg.memdesc<1x128x1xf32, #tmem1, #ttng.tensor_memory, mutable, 1x128x128>
    %56 = ttg.memdesc_reinterpret %55 : !ttg.memdesc<1x128x1xf32, #tmem1, #ttng.tensor_memory, mutable, 1x128x128> -> !ttg.memdesc<1x128x1xf32, #tmem1, #ttng.tensor_memory, mutable>
    %57 = ttng.tmem_subslice %result_3 {N = 66 : i32} : !ttg.memdesc<1x128x128xf32, #tmem, #ttng.tensor_memory, mutable> -> !ttg.memdesc<1x128x1xf32, #tmem1, #ttng.tensor_memory, mutable, 1x128x128>
    %58 = ttg.memdesc_reinterpret %57 : !ttg.memdesc<1x128x1xf32, #tmem1, #ttng.tensor_memory, mutable, 1x128x128> -> !ttg.memdesc<1x128x1xf32, #tmem1, #ttng.tensor_memory, mutable>
    %59 = ttng.tmem_subslice %result_3 {N = 64 : i32} : !ttg.memdesc<1x128x128xf32, #tmem, #ttng.tensor_memory, mutable> -> !ttg.memdesc<1x128x1xf32, #tmem1, #ttng.tensor_memory, mutable, 1x128x128>
    %60 = ttg.memdesc_reinterpret %59 : !ttg.memdesc<1x128x1xf32, #tmem1, #ttng.tensor_memory, mutable, 1x128x128> -> !ttg.memdesc<1x128x1xf32, #tmem1, #ttng.tensor_memory, mutable>
    %61 = nvws.semaphore.create %60, %58, %56, %result_3, %54 true {nvws.dag_pending_count = 2 : i32} : <[!ttg.memdesc<1x128x1xf32, #tmem1, #ttng.tensor_memory, mutable>, !ttg.memdesc<1x128x1xf32, #tmem1, #ttng.tensor_memory, mutable>, !ttg.memdesc<1x128x1xf32, #tmem1, #ttng.tensor_memory, mutable>, !ttg.memdesc<1x128x128xf32, #tmem, #ttng.tensor_memory, mutable>, !ttg.memdesc<1x128x128xf16, #tmem, #ttng.tensor_memory, mutable>]>
    %62 = nvws.semaphore.create %60, %58, %56, %result_3, %54 false {nvws.dag_pending_count = 1 : i32} : <[!ttg.memdesc<1x128x1xf32, #tmem1, #ttng.tensor_memory, mutable>, !ttg.memdesc<1x128x1xf32, #tmem1, #ttng.tensor_memory, mutable>, !ttg.memdesc<1x128x1xf32, #tmem1, #ttng.tensor_memory, mutable>, !ttg.memdesc<1x128x128xf32, #tmem, #ttng.tensor_memory, mutable>, !ttg.memdesc<1x128x128xf16, #tmem, #ttng.tensor_memory, mutable>]>
    %63 = nvws.semaphore.create %60, %58, %56, %result_3, %54 false {nvws.dag_pending_count = 1 : i32} : <[!ttg.memdesc<1x128x1xf32, #tmem1, #ttng.tensor_memory, mutable>, !ttg.memdesc<1x128x1xf32, #tmem1, #ttng.tensor_memory, mutable>, !ttg.memdesc<1x128x1xf32, #tmem1, #ttng.tensor_memory, mutable>, !ttg.memdesc<1x128x128xf32, #tmem, #ttng.tensor_memory, mutable>, !ttg.memdesc<1x128x128xf16, #tmem, #ttng.tensor_memory, mutable>]>
    %64 = nvws.semaphore.create %60, %58, %56, %result_3, %54 false {nvws.dag_pending_count = 1 : i32} : <[!ttg.memdesc<1x128x1xf32, #tmem1, #ttng.tensor_memory, mutable>, !ttg.memdesc<1x128x1xf32, #tmem1, #ttng.tensor_memory, mutable>, !ttg.memdesc<1x128x1xf32, #tmem1, #ttng.tensor_memory, mutable>, !ttg.memdesc<1x128x128xf32, #tmem, #ttng.tensor_memory, mutable>, !ttg.memdesc<1x128x128xf16, #tmem, #ttng.tensor_memory, mutable>]>
    %65 = nvws.semaphore.create %60, %58, %56, %result_3, %54 false {nvws.dag_pending_count = 1 : i32} : <[!ttg.memdesc<1x128x1xf32, #tmem1, #ttng.tensor_memory, mutable>, !ttg.memdesc<1x128x1xf32, #tmem1, #ttng.tensor_memory, mutable>, !ttg.memdesc<1x128x1xf32, #tmem1, #ttng.tensor_memory, mutable>, !ttg.memdesc<1x128x128xf32, #tmem, #ttng.tensor_memory, mutable>, !ttg.memdesc<1x128x128xf16, #tmem, #ttng.tensor_memory, mutable>]>
    %66 = nvws.semaphore.create %60, %58, %56, %result_3, %54 false {nvws.dag_pending_count = 2 : i32} : <[!ttg.memdesc<1x128x1xf32, #tmem1, #ttng.tensor_memory, mutable>, !ttg.memdesc<1x128x1xf32, #tmem1, #ttng.tensor_memory, mutable>, !ttg.memdesc<1x128x1xf32, #tmem1, #ttng.tensor_memory, mutable>, !ttg.memdesc<1x128x128xf32, #tmem, #ttng.tensor_memory, mutable>, !ttg.memdesc<1x128x128xf16, #tmem, #ttng.tensor_memory, mutable>]>
    %67 = nvws.semaphore.create %60, %58, %56, %result_3, %54 false {nvws.dag_pending_count = 1 : i32} : <[!ttg.memdesc<1x128x1xf32, #tmem1, #ttng.tensor_memory, mutable>, !ttg.memdesc<1x128x1xf32, #tmem1, #ttng.tensor_memory, mutable>, !ttg.memdesc<1x128x1xf32, #tmem1, #ttng.tensor_memory, mutable>, !ttg.memdesc<1x128x128xf32, #tmem, #ttng.tensor_memory, mutable>, !ttg.memdesc<1x128x128xf16, #tmem, #ttng.tensor_memory, mutable>]>
    %68 = nvws.semaphore.create %60, %58, %56, %result_3, %54 false {nvws.dag_pending_count = 1 : i32} : <[!ttg.memdesc<1x128x1xf32, #tmem1, #ttng.tensor_memory, mutable>, !ttg.memdesc<1x128x1xf32, #tmem1, #ttng.tensor_memory, mutable>, !ttg.memdesc<1x128x1xf32, #tmem1, #ttng.tensor_memory, mutable>, !ttg.memdesc<1x128x128xf32, #tmem, #ttng.tensor_memory, mutable>, !ttg.memdesc<1x128x128xf16, #tmem, #ttng.tensor_memory, mutable>]>
    %69 = nvws.semaphore.create %60, %58, %56, %result_3, %54 false {nvws.dag_pending_count = 1 : i32} : <[!ttg.memdesc<1x128x1xf32, #tmem1, #ttng.tensor_memory, mutable>, !ttg.memdesc<1x128x1xf32, #tmem1, #ttng.tensor_memory, mutable>, !ttg.memdesc<1x128x1xf32, #tmem1, #ttng.tensor_memory, mutable>, !ttg.memdesc<1x128x128xf32, #tmem, #ttng.tensor_memory, mutable>, !ttg.memdesc<1x128x128xf16, #tmem, #ttng.tensor_memory, mutable>]>
    %70 = ttg.local_alloc : () -> !ttg.memdesc<1x128x128xf16, #shared, #smem, mutable>
    %71 = nvws.semaphore.create %70 true {nvws.dag_pending_count = 1 : i32} : <[!ttg.memdesc<1x128x128xf16, #shared, #smem, mutable>]>
    %72 = nvws.semaphore.create %70 false {nvws.dag_pending_count = 1 : i32} : <[!ttg.memdesc<1x128x128xf16, #shared, #smem, mutable>]>
    %73 = ttg.local_alloc : () -> !ttg.memdesc<1x128x128xf16, #shared, #smem, mutable>
    %74 = nvws.semaphore.create %73 true {nvws.dag_pending_count = 1 : i32} : <[!ttg.memdesc<1x128x128xf16, #shared, #smem, mutable>]>
    %75 = nvws.semaphore.create %73 false {nvws.dag_pending_count = 1 : i32} : <[!ttg.memdesc<1x128x128xf16, #shared, #smem, mutable>]>
    %result_4 = ttng.tmem_alloc {buffer.copy = 1 : i32, buffer.id = 2 : i32, buffer.offset = 0 : i32} : () -> !ttg.memdesc<1x128x128xf32, #tmem, #ttng.tensor_memory, mutable>
    %76 = nvws.semaphore.create %result_4 true {nvws.dag_pending_count = 1 : i32} : <[!ttg.memdesc<1x128x128xf32, #tmem, #ttng.tensor_memory, mutable>]>
    %77 = nvws.semaphore.create %result_4 false {nvws.dag_pending_count = 1 : i32} : <[!ttg.memdesc<1x128x128xf32, #tmem, #ttng.tensor_memory, mutable>]>
    %result_5 = ttng.tmem_alloc {buffer.copy = 1 : i32, buffer.id = 3 : i32, buffer.offset = 0 : i32} : () -> !ttg.memdesc<1x128x128xf32, #tmem, #ttng.tensor_memory, mutable>
    %78 = nvws.semaphore.create %result_5 true {nvws.dag_pending_count = 1 : i32} : <[!ttg.memdesc<1x128x128xf32, #tmem, #ttng.tensor_memory, mutable>]>
    %79 = nvws.semaphore.create %result_5 false {nvws.dag_pending_count = 1 : i32} : <[!ttg.memdesc<1x128x128xf32, #tmem, #ttng.tensor_memory, mutable>]>
    %80 = nvws.semaphore.acquire %44 {ttg.partition = array<i32: 1>, ttg.warp_specialize.tag = 0 : i32} : <[!ttg.memdesc<1x128x1xf32, #tmem1, #ttng.tensor_memory, mutable>, !ttg.memdesc<1x128x1xf32, #tmem1, #ttng.tensor_memory, mutable>, !ttg.memdesc<1x128x1xf32, #tmem1, #ttng.tensor_memory, mutable>, !ttg.memdesc<1x128x128xf32, #tmem, #ttng.tensor_memory, mutable>, !ttg.memdesc<1x128x128xf16, #tmem, #ttng.tensor_memory, mutable>]> -> !ttg.async.token
    %81 = nvws.semaphore.acquire %61 {ttg.partition = array<i32: 1>, ttg.warp_specialize.tag = 0 : i32} : <[!ttg.memdesc<1x128x1xf32, #tmem1, #ttng.tensor_memory, mutable>, !ttg.memdesc<1x128x1xf32, #tmem1, #ttng.tensor_memory, mutable>, !ttg.memdesc<1x128x1xf32, #tmem1, #ttng.tensor_memory, mutable>, !ttg.memdesc<1x128x128xf32, #tmem, #ttng.tensor_memory, mutable>, !ttg.memdesc<1x128x128xf16, #tmem, #ttng.tensor_memory, mutable>]> -> !ttg.async.token
    %82 = nvws.semaphore.acquire %76 {ttg.partition = array<i32: 0>, ttg.warp_specialize.tag = 0 : i32} : <[!ttg.memdesc<1x128x128xf32, #tmem, #ttng.tensor_memory, mutable>]> -> !ttg.async.token
    %83 = nvws.semaphore.acquire %78 {ttg.partition = array<i32: 0>, ttg.warp_specialize.tag = 0 : i32} : <[!ttg.memdesc<1x128x128xf32, #tmem, #ttng.tensor_memory, mutable>]> -> !ttg.async.token
    %84 = nvws.semaphore.acquire %25 {ttg.partition = array<i32: 3>, ttg.warp_specialize.tag = 0 : i32} : <[!ttg.memdesc<1x128x128xf16, #shared, #smem, mutable>]> -> !ttg.async.token
    %85 = nvws.semaphore.acquire %28 {ttg.partition = array<i32: 3>, ttg.warp_specialize.tag = 0 : i32} : <[!ttg.memdesc<1x128x128xf16, #shared, #smem, mutable>]> -> !ttg.async.token
    %86 = nvws.semaphore.acquire %31 {ttg.partition = array<i32: 3>, ttg.warp_specialize.tag = 0 : i32} : <[!ttg.memdesc<1x128x128xf16, #shared, #smem, mutable>]> -> !ttg.async.token
    %87 = nvws.semaphore.acquire %34 {ttg.partition = array<i32: 3>, ttg.warp_specialize.tag = 0 : i32} : <[!ttg.memdesc<1x128x128xf16, #shared, #smem, mutable>]> -> !ttg.async.token
    %88 = nvws.semaphore.acquire %71 {ttg.partition = array<i32: 0>, ttg.warp_specialize.tag = 0 : i32} : <[!ttg.memdesc<1x128x128xf16, #shared, #smem, mutable>]> -> !ttg.async.token
    %89 = nvws.semaphore.acquire %74 {ttg.partition = array<i32: 0>, ttg.warp_specialize.tag = 0 : i32} : <[!ttg.memdesc<1x128x128xf16, #shared, #smem, mutable>]> -> !ttg.async.token
    %90:11 = scf.for %arg8 = %c0_i32 to %7 step %c1_i32 iter_args(%arg9 = %0, %arg10 = %80, %arg11 = %81, %arg12 = %82, %arg13 = %83, %arg14 = %84, %arg15 = %85, %arg16 = %86, %arg17 = %87, %arg18 = %88, %arg19 = %89) -> (i32, !ttg.async.token, !ttg.async.token, !ttg.async.token, !ttg.async.token, !ttg.async.token, !ttg.async.token, !ttg.async.token, !ttg.async.token, !ttg.async.token, !ttg.async.token)  : i32 {
      %91 = arith.remsi %arg9, %c64_i32 {ttg.partition = array<i32: 0, 1, 2, 3, 4, 5>} : i32
      %92 = arith.divsi %arg9, %c64_i32 {ttg.partition = array<i32: 0, 1, 2, 3, 4, 5>} : i32
      %93 = arith.divsi %92, %arg3 {ttg.partition = array<i32: 0, 1, 2, 3, 4, 5>} : i32
      %94 = arith.remsi %92, %arg3 {ttg.partition = array<i32: 0, 1, 2, 3, 4, 5>} : i32
      %95 = arith.muli %93, %16 {ttg.partition = array<i32: 0, 1, 2, 3, 4, 5>} : i32
      %96 = arith.muli %94, %c16384_i32 {ttg.partition = array<i32: 0, 1, 2, 3, 4, 5>} : i32
      %97 = arith.addi %95, %96 {ttg.partition = array<i32: 0, 1, 2, 3, 4, 5>} : i32
      %98 = arith.muli %91, %c256_i32 {ttg.partition = array<i32: 0, 2, 3>} : i32
      %99 = arith.addi %97, %98 {ttg.partition = array<i32: 2, 3>} : i32
      %100 = arith.addi %99, %c128_i32 {ttg.partition = array<i32: 2>} : i32
      %101 = arith.addi %99, %c128_i32 {ttg.partition = array<i32: 3>} : i32
      %102 = tt.splat %98 {ttg.partition = array<i32: 0, 2, 3>} : i32 -> tensor<128xi32, #blocked>
      %103 = tt.splat %98 {ttg.partition = array<i32: 0, 2, 3>} : i32 -> tensor<128xi32, #blocked>
      %104 = arith.addi %102, %17 {ttg.partition = array<i32: 0>} : tensor<128xi32, #blocked>
      %105 = arith.addi %103, %18 {ttg.partition = array<i32: 0>} : tensor<128xi32, #blocked>
      %106 = nvws.semaphore.buffer %25, %arg14 {ttg.partition = array<i32: 3>} : <[!ttg.memdesc<1x128x128xf16, #shared, #smem, mutable>]>, !ttg.async.token -> !ttg.memdesc<128x128xf16, #shared, #smem, mutable>
      nvws.descriptor_load %10[%99, %c0_i32] 32768 %106 {ttg.partition = array<i32: 3>} : !tt.tensordesc<tensor<128x128xf16, #shared>>, i32, i32, !ttg.memdesc<128x128xf16, #shared, #smem, mutable>
      nvws.semaphore.release %26, %arg14 [#nvws.async_op<tma_load>] {ttg.partition = array<i32: 3>} : <[!ttg.memdesc<1x128x128xf16, #shared, #smem, mutable>]>, !ttg.async.token
      %107 = nvws.semaphore.buffer %28, %arg15 {ttg.partition = array<i32: 3>} : <[!ttg.memdesc<1x128x128xf16, #shared, #smem, mutable>]>, !ttg.async.token -> !ttg.memdesc<128x128xf16, #shared, #smem, mutable>
      nvws.descriptor_load %11[%101, %c0_i32] 32768 %107 {ttg.partition = array<i32: 3>} : !tt.tensordesc<tensor<128x128xf16, #shared>>, i32, i32, !ttg.memdesc<128x128xf16, #shared, #smem, mutable>
      nvws.semaphore.release %29, %arg15 [#nvws.async_op<tma_load>] {ttg.partition = array<i32: 3>} : <[!ttg.memdesc<1x128x128xf16, #shared, #smem, mutable>]>, !ttg.async.token
      %108 = nvws.semaphore.buffer %76, %arg12 {ttg.partition = array<i32: 0>} : <[!ttg.memdesc<1x128x128xf32, #tmem, #ttng.tensor_memory, mutable>]>, !ttg.async.token -> !ttg.memdesc<128x128xf32, #tmem, #ttng.tensor_memory, mutable, 1x128x128>
      %true_6 = arith.constant {ttg.partition = array<i32: 0>} true
      ttng.tmem_store %cst_0, %108, %true_6 {ttg.partition = array<i32: 0>} : tensor<128x128xf32, #linear> -> !ttg.memdesc<128x128xf32, #tmem, #ttng.tensor_memory, mutable, 1x128x128>
      %109 = nvws.semaphore.buffer %78, %arg13 {ttg.partition = array<i32: 0>} : <[!ttg.memdesc<1x128x128xf32, #tmem, #ttng.tensor_memory, mutable>]>, !ttg.async.token -> !ttg.memdesc<128x128xf32, #tmem, #ttng.tensor_memory, mutable, 1x128x128>
      %true_7 = arith.constant {ttg.partition = array<i32: 0>} true
      ttng.tmem_store %cst_0, %109, %true_7 {ttg.partition = array<i32: 0>} : tensor<128x128xf32, #linear> -> !ttg.memdesc<128x128xf32, #tmem, #ttng.tensor_memory, mutable, 1x128x128>
      %110 = nvws.semaphore.acquire %26 {ttg.partition = array<i32: 1>} : <[!ttg.memdesc<1x128x128xf16, #shared, #smem, mutable>]> -> !ttg.async.token
      %111 = nvws.semaphore.acquire %29 {ttg.partition = array<i32: 1>} : <[!ttg.memdesc<1x128x128xf16, #shared, #smem, mutable>]> -> !ttg.async.token
      %112:11 = scf.for %arg20 = %c0_i32 to %c16384_i32 step %c128_i32 iter_args(%arg21 = %97, %arg22 = %cst_2, %arg23 = %cst_1, %arg24 = %cst_2, %arg25 = %cst_1, %arg26 = %arg10, %arg27 = %arg11, %arg28 = %arg12, %arg29 = %arg13, %arg30 = %arg16, %arg31 = %arg17) -> (i32, tensor<128xf32, #ttg.slice<{dim = 1, parent = #linear}>>, tensor<128xf32, #ttg.slice<{dim = 1, parent = #linear}>>, tensor<128xf32, #ttg.slice<{dim = 1, parent = #linear}>>, tensor<128xf32, #ttg.slice<{dim = 1, parent = #linear}>>, !ttg.async.token, !ttg.async.token, !ttg.async.token, !ttg.async.token, !ttg.async.token, !ttg.async.token)  : i32 {
        %178 = nvws.semaphore.buffer %31, %arg30 {loop.cluster = 1 : i32, loop.stage = 0 : i32, ttg.partition = array<i32: 3>} : <[!ttg.memdesc<1x128x128xf16, #shared, #smem, mutable>]>, !ttg.async.token -> !ttg.memdesc<128x128xf16, #shared, #smem, mutable>
        nvws.descriptor_load %12[%arg21, %c0_i32] 32768 %178 {loop.cluster = 1 : i32, loop.stage = 0 : i32, ttg.partition = array<i32: 3>} : !tt.tensordesc<tensor<128x128xf16, #shared>>, i32, i32, !ttg.memdesc<128x128xf16, #shared, #smem, mutable>
        nvws.semaphore.release %32, %arg30 [#nvws.async_op<tma_load>] {loop.cluster = 1 : i32, loop.stage = 0 : i32, ttg.partition = array<i32: 3>} : <[!ttg.memdesc<1x128x128xf16, #shared, #smem, mutable>]>, !ttg.async.token
        %179 = nvws.semaphore.buffer %34, %arg31 {loop.cluster = 4 : i32, loop.stage = 0 : i32, ttg.partition = array<i32: 3>} : <[!ttg.memdesc<1x128x128xf16, #shared, #smem, mutable>]>, !ttg.async.token -> !ttg.memdesc<128x128xf16, #shared, #smem, mutable>
        nvws.descriptor_load %13[%arg21, %c0_i32] 32768 %179 {loop.cluster = 4 : i32, loop.stage = 0 : i32, ttg.partition = array<i32: 3>} : !tt.tensordesc<tensor<128x128xf16, #shared>>, i32, i32, !ttg.memdesc<128x128xf16, #shared, #smem, mutable>
        nvws.semaphore.release %35, %arg31 [#nvws.async_op<tma_load>] {loop.cluster = 4 : i32, loop.stage = 0 : i32, ttg.partition = array<i32: 3>} : <[!ttg.memdesc<1x128x128xf16, #shared, #smem, mutable>]>, !ttg.async.token
        %180:5 = nvws.semaphore.buffer %44, %arg26 {loop.cluster = 1 : i32, loop.stage = 0 : i32, ttg.partition = array<i32: 1>} : <[!ttg.memdesc<1x128x1xf32, #tmem1, #ttng.tensor_memory, mutable>, !ttg.memdesc<1x128x1xf32, #tmem1, #ttng.tensor_memory, mutable>, !ttg.memdesc<1x128x1xf32, #tmem1, #ttng.tensor_memory, mutable>, !ttg.memdesc<1x128x128xf32, #tmem, #ttng.tensor_memory, mutable>, !ttg.memdesc<1x128x128xf16, #tmem, #ttng.tensor_memory, mutable>]>, !ttg.async.token -> !ttg.memdesc<128x1xf32, #tmem1, #ttng.tensor_memory, mutable, 1x128x1>, !ttg.memdesc<128x1xf32, #tmem1, #ttng.tensor_memory, mutable, 1x128x1>, !ttg.memdesc<128x1xf32, #tmem1, #ttng.tensor_memory, mutable, 1x128x1>, !ttg.memdesc<128x128xf32, #tmem, #ttng.tensor_memory, mutable, 1x128x128>, !ttg.memdesc<128x128xf16, #tmem, #ttng.tensor_memory, mutable, 1x128x128>
        %181 = nvws.semaphore.buffer %26, %110 {loop.cluster = 1 : i32, loop.stage = 0 : i32, ttg.partition = array<i32: 1>} : <[!ttg.memdesc<1x128x128xf16, #shared, #smem, mutable>]>, !ttg.async.token -> !ttg.memdesc<128x128xf16, #shared, #smem, mutable>
        %182 = nvws.semaphore.acquire %32 {loop.cluster = 1 : i32, loop.stage = 0 : i32, ttg.partition = array<i32: 1>} : <[!ttg.memdesc<1x128x128xf16, #shared, #smem, mutable>]> -> !ttg.async.token
        %183 = nvws.semaphore.buffer %32, %182 {loop.cluster = 1 : i32, loop.stage = 0 : i32, ttg.partition = array<i32: 1>} : <[!ttg.memdesc<1x128x128xf16, #shared, #smem, mutable>]>, !ttg.async.token -> !ttg.memdesc<128x128xf16, #shared, #smem, mutable>
        %184 = ttg.memdesc_reinterpret %183 {loop.cluster = 1 : i32, loop.stage = 0 : i32, ttg.partition = array<i32: 1>} : !ttg.memdesc<128x128xf16, #shared, #smem, mutable> -> !ttg.memdesc<128x128xf16, #shared, #smem, mutable>
        %185 = ttg.memdesc_trans %184 {loop.cluster = 1 : i32, loop.stage = 0 : i32, order = array<i32: 1, 0>, ttg.partition = array<i32: 1>} : !ttg.memdesc<128x128xf16, #shared, #smem, mutable> -> !ttg.memdesc<128x128xf16, #shared1, #smem, mutable>
        %186 = ttng.tc_gen5_mma %181, %185, %180#3[], %false, %true {loop.cluster = 1 : i32, loop.stage = 0 : i32, tt.self_latency = 1 : i32, ttg.partition = array<i32: 1>} : !ttg.memdesc<128x128xf16, #shared, #smem, mutable>, !ttg.memdesc<128x128xf16, #shared1, #smem, mutable>, !ttg.memdesc<128x128xf32, #tmem, #ttng.tensor_memory, mutable, 1x128x128>
        nvws.semaphore.release %45, %arg26 [#nvws.async_op<tc5mma>] {loop.cluster = 1 : i32, loop.stage = 0 : i32, ttg.partition = array<i32: 1>} : <[!ttg.memdesc<1x128x1xf32, #tmem1, #ttng.tensor_memory, mutable>, !ttg.memdesc<1x128x1xf32, #tmem1, #ttng.tensor_memory, mutable>, !ttg.memdesc<1x128x1xf32, #tmem1, #ttng.tensor_memory, mutable>, !ttg.memdesc<1x128x128xf32, #tmem, #ttng.tensor_memory, mutable>, !ttg.memdesc<1x128x128xf16, #tmem, #ttng.tensor_memory, mutable>]>, !ttg.async.token
        nvws.semaphore.release %47, %arg26 [#nvws.async_op<tc5mma>] {loop.cluster = 1 : i32, loop.stage = 0 : i32, ttg.partition = array<i32: 1>} : <[!ttg.memdesc<1x128x1xf32, #tmem1, #ttng.tensor_memory, mutable>, !ttg.memdesc<1x128x1xf32, #tmem1, #ttng.tensor_memory, mutable>, !ttg.memdesc<1x128x1xf32, #tmem1, #ttng.tensor_memory, mutable>, !ttg.memdesc<1x128x128xf32, #tmem, #ttng.tensor_memory, mutable>, !ttg.memdesc<1x128x128xf16, #tmem, #ttng.tensor_memory, mutable>]>, !ttg.async.token
        %187:5 = nvws.semaphore.buffer %61, %arg27 {loop.cluster = 3 : i32, loop.stage = 0 : i32, ttg.partition = array<i32: 1>} : <[!ttg.memdesc<1x128x1xf32, #tmem1, #ttng.tensor_memory, mutable>, !ttg.memdesc<1x128x1xf32, #tmem1, #ttng.tensor_memory, mutable>, !ttg.memdesc<1x128x1xf32, #tmem1, #ttng.tensor_memory, mutable>, !ttg.memdesc<1x128x128xf32, #tmem, #ttng.tensor_memory, mutable>, !ttg.memdesc<1x128x128xf16, #tmem, #ttng.tensor_memory, mutable>]>, !ttg.async.token -> !ttg.memdesc<128x1xf32, #tmem1, #ttng.tensor_memory, mutable, 1x128x1>, !ttg.memdesc<128x1xf32, #tmem1, #ttng.tensor_memory, mutable, 1x128x1>, !ttg.memdesc<128x1xf32, #tmem1, #ttng.tensor_memory, mutable, 1x128x1>, !ttg.memdesc<128x128xf32, #tmem, #ttng.tensor_memory, mutable, 1x128x128>, !ttg.memdesc<128x128xf16, #tmem, #ttng.tensor_memory, mutable, 1x128x128>
        %188 = nvws.semaphore.buffer %29, %111 {loop.cluster = 3 : i32, loop.stage = 0 : i32, ttg.partition = array<i32: 1>} : <[!ttg.memdesc<1x128x128xf16, #shared, #smem, mutable>]>, !ttg.async.token -> !ttg.memdesc<128x128xf16, #shared, #smem, mutable>
        %189 = ttg.memdesc_reinterpret %183 {loop.cluster = 1 : i32, loop.stage = 0 : i32, ttg.partition = array<i32: 1>} : !ttg.memdesc<128x128xf16, #shared, #smem, mutable> -> !ttg.memdesc<128x128xf16, #shared, #smem, mutable>
        %190 = ttg.memdesc_trans %189 {loop.cluster = 1 : i32, loop.stage = 0 : i32, order = array<i32: 1, 0>, ttg.partition = array<i32: 1>} : !ttg.memdesc<128x128xf16, #shared, #smem, mutable> -> !ttg.memdesc<128x128xf16, #shared1, #smem, mutable>
        %191 = ttng.tc_gen5_mma %188, %190, %187#3[], %false, %true {loop.cluster = 3 : i32, loop.stage = 0 : i32, tt.self_latency = 1 : i32, ttg.partition = array<i32: 1>} : !ttg.memdesc<128x128xf16, #shared, #smem, mutable>, !ttg.memdesc<128x128xf16, #shared1, #smem, mutable>, !ttg.memdesc<128x128xf32, #tmem, #ttng.tensor_memory, mutable, 1x128x128>
        nvws.semaphore.release %31, %182 [#nvws.async_op<tc5mma>] {loop.cluster = 3 : i32, loop.stage = 0 : i32, ttg.partition = array<i32: 1>} : <[!ttg.memdesc<1x128x128xf16, #shared, #smem, mutable>]>, !ttg.async.token
        nvws.semaphore.release %62, %arg27 [#nvws.async_op<tc5mma>] {loop.cluster = 3 : i32, loop.stage = 0 : i32, ttg.partition = array<i32: 1>} : <[!ttg.memdesc<1x128x1xf32, #tmem1, #ttng.tensor_memory, mutable>, !ttg.memdesc<1x128x1xf32, #tmem1, #ttng.tensor_memory, mutable>, !ttg.memdesc<1x128x1xf32, #tmem1, #ttng.tensor_memory, mutable>, !ttg.memdesc<1x128x128xf32, #tmem, #ttng.tensor_memory, mutable>, !ttg.memdesc<1x128x128xf16, #tmem, #ttng.tensor_memory, mutable>]>, !ttg.async.token
        nvws.semaphore.release %64, %arg27 [#nvws.async_op<tc5mma>] {loop.cluster = 3 : i32, loop.stage = 0 : i32, ttg.partition = array<i32: 1>} : <[!ttg.memdesc<1x128x1xf32, #tmem1, #ttng.tensor_memory, mutable>, !ttg.memdesc<1x128x1xf32, #tmem1, #ttng.tensor_memory, mutable>, !ttg.memdesc<1x128x1xf32, #tmem1, #ttng.tensor_memory, mutable>, !ttg.memdesc<1x128x128xf32, #tmem, #ttng.tensor_memory, mutable>, !ttg.memdesc<1x128x128xf16, #tmem, #ttng.tensor_memory, mutable>]>, !ttg.async.token
        %192 = nvws.semaphore.acquire %45 {loop.cluster = 4 : i32, loop.stage = 0 : i32, ttg.partition = array<i32: 5>} : <[!ttg.memdesc<1x128x1xf32, #tmem1, #ttng.tensor_memory, mutable>, !ttg.memdesc<1x128x1xf32, #tmem1, #ttng.tensor_memory, mutable>, !ttg.memdesc<1x128x1xf32, #tmem1, #ttng.tensor_memory, mutable>, !ttg.memdesc<1x128x128xf32, #tmem, #ttng.tensor_memory, mutable>, !ttg.memdesc<1x128x128xf16, #tmem, #ttng.tensor_memory, mutable>]> -> !ttg.async.token
        %193:5 = nvws.semaphore.buffer %45, %192 {loop.cluster = 4 : i32, loop.stage = 0 : i32, ttg.partition = array<i32: 5>} : <[!ttg.memdesc<1x128x1xf32, #tmem1, #ttng.tensor_memory, mutable>, !ttg.memdesc<1x128x1xf32, #tmem1, #ttng.tensor_memory, mutable>, !ttg.memdesc<1x128x1xf32, #tmem1, #ttng.tensor_memory, mutable>, !ttg.memdesc<1x128x128xf32, #tmem, #ttng.tensor_memory, mutable>, !ttg.memdesc<1x128x128xf16, #tmem, #ttng.tensor_memory, mutable>]>, !ttg.async.token -> !ttg.memdesc<128x1xf32, #tmem1, #ttng.tensor_memory, mutable, 1x128x1>, !ttg.memdesc<128x1xf32, #tmem1, #ttng.tensor_memory, mutable, 1x128x1>, !ttg.memdesc<128x1xf32, #tmem1, #ttng.tensor_memory, mutable, 1x128x1>, !ttg.memdesc<128x128xf32, #tmem, #ttng.tensor_memory, mutable, 1x128x128>, !ttg.memdesc<128x128xf16, #tmem, #ttng.tensor_memory, mutable, 1x128x128>
        %result_23, %token_24 = ttng.tmem_load %193#3[] {loop.cluster = 4 : i32, loop.stage = 0 : i32, ttg.partition = array<i32: 5>} : !ttg.memdesc<128x128xf32, #tmem, #ttng.tensor_memory, mutable, 1x128x128> -> tensor<128x128xf32, #linear1>
        %194 = ttg.convert_layout %result_23 {loop.cluster = 4 : i32, loop.stage = 0 : i32, ttg.partition = array<i32: 5>} : tensor<128x128xf32, #linear1> -> tensor<128x128xf32, #linear>
        %195 = nvws.semaphore.acquire %62 {loop.cluster = 2 : i32, loop.stage = 1 : i32, ttg.partition = array<i32: 4>} : <[!ttg.memdesc<1x128x1xf32, #tmem1, #ttng.tensor_memory, mutable>, !ttg.memdesc<1x128x1xf32, #tmem1, #ttng.tensor_memory, mutable>, !ttg.memdesc<1x128x1xf32, #tmem1, #ttng.tensor_memory, mutable>, !ttg.memdesc<1x128x128xf32, #tmem, #ttng.tensor_memory, mutable>, !ttg.memdesc<1x128x128xf16, #tmem, #ttng.tensor_memory, mutable>]> -> !ttg.async.token
        %196:5 = nvws.semaphore.buffer %62, %195 {loop.cluster = 2 : i32, loop.stage = 1 : i32, ttg.partition = array<i32: 4>} : <[!ttg.memdesc<1x128x1xf32, #tmem1, #ttng.tensor_memory, mutable>, !ttg.memdesc<1x128x1xf32, #tmem1, #ttng.tensor_memory, mutable>, !ttg.memdesc<1x128x1xf32, #tmem1, #ttng.tensor_memory, mutable>, !ttg.memdesc<1x128x128xf32, #tmem, #ttng.tensor_memory, mutable>, !ttg.memdesc<1x128x128xf16, #tmem, #ttng.tensor_memory, mutable>]>, !ttg.async.token -> !ttg.memdesc<128x1xf32, #tmem1, #ttng.tensor_memory, mutable, 1x128x1>, !ttg.memdesc<128x1xf32, #tmem1, #ttng.tensor_memory, mutable, 1x128x1>, !ttg.memdesc<128x1xf32, #tmem1, #ttng.tensor_memory, mutable, 1x128x1>, !ttg.memdesc<128x128xf32, #tmem, #ttng.tensor_memory, mutable, 1x128x128>, !ttg.memdesc<128x128xf16, #tmem, #ttng.tensor_memory, mutable, 1x128x128>
        %result_25, %token_26 = ttng.tmem_load %196#3[] {loop.cluster = 2 : i32, loop.stage = 1 : i32, ttg.partition = array<i32: 4>} : !ttg.memdesc<128x128xf32, #tmem, #ttng.tensor_memory, mutable, 1x128x128> -> tensor<128x128xf32, #linear1>
        %197 = ttg.convert_layout %result_25 {loop.cluster = 2 : i32, loop.stage = 1 : i32, ttg.partition = array<i32: 4>} : tensor<128x128xf32, #linear1> -> tensor<128x128xf32, #linear>
        %198 = "tt.reduce"(%194) <{axis = 1 : i32, reduction_ordering = "unordered"}> ({
        ^bb0(%arg32: f32, %arg33: f32):
          %283 = arith.maxnumf %arg32, %arg33 {ttg.partition = array<i32: 5>} : f32
          tt.reduce.return %283 {ttg.partition = array<i32: 5>} : f32
        }) {loop.cluster = 4 : i32, loop.stage = 0 : i32, ttg.partition = array<i32: 5>, ttg.partition.outputs = [array<i32: 5>]} : (tensor<128x128xf32, #linear>) -> tensor<128xf32, #ttg.slice<{dim = 1, parent = #linear}>>
        %199 = "tt.reduce"(%197) <{axis = 1 : i32, reduction_ordering = "unordered"}> ({
        ^bb0(%arg32: f32, %arg33: f32):
          %283 = arith.maxnumf %arg32, %arg33 {ttg.partition = array<i32: 4>} : f32
          tt.reduce.return %283 {ttg.partition = array<i32: 4>} : f32
        }) {loop.cluster = 2 : i32, loop.stage = 1 : i32, ttg.partition = array<i32: 4>, ttg.partition.outputs = [array<i32: 4>]} : (tensor<128x128xf32, #linear>) -> tensor<128xf32, #ttg.slice<{dim = 1, parent = #linear}>>
        %200 = arith.mulf %198, %20 {loop.cluster = 4 : i32, loop.stage = 0 : i32, ttg.partition = array<i32: 5>} : tensor<128xf32, #ttg.slice<{dim = 1, parent = #linear}>>
        %201 = arith.mulf %199, %21 {loop.cluster = 2 : i32, loop.stage = 1 : i32, ttg.partition = array<i32: 4>} : tensor<128xf32, #ttg.slice<{dim = 1, parent = #linear}>>
        %202 = arith.maxnumf %arg23, %200 {loop.cluster = 4 : i32, loop.stage = 0 : i32, ttg.partition = array<i32: 5>} : tensor<128xf32, #ttg.slice<{dim = 1, parent = #linear}>>
        %203 = arith.maxnumf %arg25, %201 {loop.cluster = 2 : i32, loop.stage = 1 : i32, ttg.partition = array<i32: 4>} : tensor<128xf32, #ttg.slice<{dim = 1, parent = #linear}>>
        %204 = arith.mulf %194, %22 {loop.cluster = 4 : i32, loop.stage = 0 : i32, ttg.partition = array<i32: 5>} : tensor<128x128xf32, #linear>
        %205 = arith.mulf %197, %23 {loop.cluster = 2 : i32, loop.stage = 1 : i32, ttg.partition = array<i32: 4>} : tensor<128x128xf32, #linear>
        %206 = tt.expand_dims %202 {axis = 1 : i32, loop.cluster = 4 : i32, loop.stage = 0 : i32, ttg.partition = array<i32: 5>} : tensor<128xf32, #ttg.slice<{dim = 1, parent = #linear}>> -> tensor<128x1xf32, #linear>
        %207 = tt.expand_dims %203 {axis = 1 : i32, loop.cluster = 2 : i32, loop.stage = 1 : i32, ttg.partition = array<i32: 4>} : tensor<128xf32, #ttg.slice<{dim = 1, parent = #linear}>> -> tensor<128x1xf32, #linear>
        %208 = tt.broadcast %206 {loop.cluster = 4 : i32, loop.stage = 0 : i32, ttg.partition = array<i32: 5>} : tensor<128x1xf32, #linear> -> tensor<128x128xf32, #linear>
        %209 = tt.broadcast %207 {loop.cluster = 2 : i32, loop.stage = 1 : i32, ttg.partition = array<i32: 4>} : tensor<128x1xf32, #linear> -> tensor<128x128xf32, #linear>
        %210 = arith.subf %204, %208 {loop.cluster = 4 : i32, loop.stage = 0 : i32, ttg.partition = array<i32: 5>} : tensor<128x128xf32, #linear>
        %211 = arith.subf %205, %209 {loop.cluster = 2 : i32, loop.stage = 1 : i32, ttg.partition = array<i32: 4>} : tensor<128x128xf32, #linear>
        %212 = math.exp2 %210 {loop.cluster = 4 : i32, loop.stage = 0 : i32, ttg.partition = array<i32: 5>} : tensor<128x128xf32, #linear>
        %213 = math.exp2 %211 {loop.cluster = 2 : i32, loop.stage = 1 : i32, ttg.partition = array<i32: 4>} : tensor<128x128xf32, #linear>
        %214 = arith.subf %arg23, %202 {loop.cluster = 4 : i32, loop.stage = 0 : i32, ttg.partition = array<i32: 5>} : tensor<128xf32, #ttg.slice<{dim = 1, parent = #linear}>>
        %215 = arith.subf %arg25, %203 {loop.cluster = 2 : i32, loop.stage = 1 : i32, ttg.partition = array<i32: 4>} : tensor<128xf32, #ttg.slice<{dim = 1, parent = #linear}>>
        %216 = math.exp2 %214 {loop.cluster = 4 : i32, loop.stage = 0 : i32, ttg.partition = array<i32: 5>} : tensor<128xf32, #ttg.slice<{dim = 1, parent = #linear}>>
        %217 = tt.expand_dims %216 {axis = 1 : i32, loop.cluster = 4 : i32, loop.stage = 0 : i32, ttg.partition = array<i32: 5>} : tensor<128xf32, #ttg.slice<{dim = 1, parent = #linear}>> -> tensor<128x1xf32, #linear>
        %true_27 = arith.constant {loop.cluster = 4 : i32, loop.stage = 0 : i32, ttg.partition = array<i32: 5>} true
        ttng.tmem_store %217, %193#0, %true_27 {loop.cluster = 4 : i32, loop.stage = 0 : i32, ttg.partition = array<i32: 5>} : tensor<128x1xf32, #linear> -> !ttg.memdesc<128x1xf32, #tmem1, #ttng.tensor_memory, mutable, 1x128x1>
        nvws.semaphore.release %46, %192 [#nvws.async_op<none>] {loop.cluster = 4 : i32, loop.stage = 0 : i32, ttg.partition = array<i32: 5>} : <[!ttg.memdesc<1x128x1xf32, #tmem1, #ttng.tensor_memory, mutable>, !ttg.memdesc<1x128x1xf32, #tmem1, #ttng.tensor_memory, mutable>, !ttg.memdesc<1x128x1xf32, #tmem1, #ttng.tensor_memory, mutable>, !ttg.memdesc<1x128x128xf32, #tmem, #ttng.tensor_memory, mutable>, !ttg.memdesc<1x128x128xf16, #tmem, #ttng.tensor_memory, mutable>]>, !ttg.async.token
        nvws.semaphore.release %49, %192 [#nvws.async_op<none>] {loop.cluster = 4 : i32, loop.stage = 0 : i32, ttg.partition = array<i32: 5>} : <[!ttg.memdesc<1x128x1xf32, #tmem1, #ttng.tensor_memory, mutable>, !ttg.memdesc<1x128x1xf32, #tmem1, #ttng.tensor_memory, mutable>, !ttg.memdesc<1x128x1xf32, #tmem1, #ttng.tensor_memory, mutable>, !ttg.memdesc<1x128x128xf32, #tmem, #ttng.tensor_memory, mutable>, !ttg.memdesc<1x128x128xf16, #tmem, #ttng.tensor_memory, mutable>]>, !ttg.async.token
        %218 = math.exp2 %215 {loop.cluster = 2 : i32, loop.stage = 1 : i32, ttg.partition = array<i32: 4>} : tensor<128xf32, #ttg.slice<{dim = 1, parent = #linear}>>
        %219 = tt.expand_dims %218 {axis = 1 : i32, loop.cluster = 2 : i32, loop.stage = 1 : i32, ttg.partition = array<i32: 4>} : tensor<128xf32, #ttg.slice<{dim = 1, parent = #linear}>> -> tensor<128x1xf32, #linear>
        %true_28 = arith.constant {loop.cluster = 2 : i32, loop.stage = 1 : i32, ttg.partition = array<i32: 4>} true
        ttng.tmem_store %219, %196#0, %true_28 {loop.cluster = 2 : i32, loop.stage = 1 : i32, ttg.partition = array<i32: 4>} : tensor<128x1xf32, #linear> -> !ttg.memdesc<128x1xf32, #tmem1, #ttng.tensor_memory, mutable, 1x128x1>
        nvws.semaphore.release %63, %195 [#nvws.async_op<none>] {loop.cluster = 2 : i32, loop.stage = 1 : i32, ttg.partition = array<i32: 4>} : <[!ttg.memdesc<1x128x1xf32, #tmem1, #ttng.tensor_memory, mutable>, !ttg.memdesc<1x128x1xf32, #tmem1, #ttng.tensor_memory, mutable>, !ttg.memdesc<1x128x1xf32, #tmem1, #ttng.tensor_memory, mutable>, !ttg.memdesc<1x128x128xf32, #tmem, #ttng.tensor_memory, mutable>, !ttg.memdesc<1x128x128xf16, #tmem, #ttng.tensor_memory, mutable>]>, !ttg.async.token
        nvws.semaphore.release %66, %195 [#nvws.async_op<none>] {loop.cluster = 2 : i32, loop.stage = 1 : i32, ttg.partition = array<i32: 4>} : <[!ttg.memdesc<1x128x1xf32, #tmem1, #ttng.tensor_memory, mutable>, !ttg.memdesc<1x128x1xf32, #tmem1, #ttng.tensor_memory, mutable>, !ttg.memdesc<1x128x1xf32, #tmem1, #ttng.tensor_memory, mutable>, !ttg.memdesc<1x128x128xf32, #tmem, #ttng.tensor_memory, mutable>, !ttg.memdesc<1x128x128xf16, #tmem, #ttng.tensor_memory, mutable>]>, !ttg.async.token
        %220 = "tt.reduce"(%212) <{axis = 1 : i32, reduction_ordering = "unordered"}> ({
        ^bb0(%arg32: f32, %arg33: f32):
          %283 = arith.addf %arg32, %arg33 {ttg.partition = array<i32: 5>} : f32
          tt.reduce.return %283 {ttg.partition = array<i32: 5>} : f32
        }) {loop.cluster = 1 : i32, loop.stage = 1 : i32, ttg.partition = array<i32: 5>, ttg.partition.outputs = [array<i32: 5>]} : (tensor<128x128xf32, #linear>) -> tensor<128xf32, #ttg.slice<{dim = 1, parent = #linear}>>
        %221 = "tt.reduce"(%213) <{axis = 1 : i32, reduction_ordering = "unordered"}> ({
        ^bb0(%arg32: f32, %arg33: f32):
          %283 = arith.addf %arg32, %arg33 {ttg.partition = array<i32: 4>} : f32
          tt.reduce.return %283 {ttg.partition = array<i32: 4>} : f32
        }) {loop.cluster = 2 : i32, loop.stage = 1 : i32, ttg.partition = array<i32: 4>, ttg.partition.outputs = [array<i32: 4>]} : (tensor<128x128xf32, #linear>) -> tensor<128xf32, #ttg.slice<{dim = 1, parent = #linear}>>
        %222 = nvws.semaphore.buffer %76, %arg28 {loop.cluster = 4 : i32, loop.stage = 0 : i32, ttg.partition = array<i32: 0>} : <[!ttg.memdesc<1x128x128xf32, #tmem, #ttng.tensor_memory, mutable>]>, !ttg.async.token -> !ttg.memdesc<128x128xf32, #tmem, #ttng.tensor_memory, mutable, 1x128x128>
        %result_29, %token_30 = ttng.tmem_load %222[] {loop.cluster = 4 : i32, loop.stage = 0 : i32, tmem.end = array<i32: 8>, ttg.partition = array<i32: 0>} : !ttg.memdesc<128x128xf32, #tmem, #ttng.tensor_memory, mutable, 1x128x128> -> tensor<128x128xf32, #linear1>
        %223 = nvws.semaphore.buffer %78, %arg29 {loop.cluster = 2 : i32, loop.stage = 1 : i32, ttg.partition = array<i32: 0>} : <[!ttg.memdesc<1x128x128xf32, #tmem, #ttng.tensor_memory, mutable>]>, !ttg.async.token -> !ttg.memdesc<128x128xf32, #tmem, #ttng.tensor_memory, mutable, 1x128x128>
        %result_31, %token_32 = ttng.tmem_load %223[] {loop.cluster = 2 : i32, loop.stage = 1 : i32, tmem.end = array<i32: 11>, ttg.partition = array<i32: 0>} : !ttg.memdesc<128x128xf32, #tmem, #ttng.tensor_memory, mutable, 1x128x128> -> tensor<128x128xf32, #linear1>
        %224 = tt.reshape %result_29 {ttg.partition = array<i32: 0>} : tensor<128x128xf32, #linear1> -> tensor<128x2x64xf32, #linear2>
        %225 = tt.reshape %result_31 {ttg.partition = array<i32: 0>} : tensor<128x128xf32, #linear1> -> tensor<128x2x64xf32, #linear2>
        %226 = tt.trans %224 {loop.cluster = 4 : i32, loop.stage = 0 : i32, order = array<i32: 0, 2, 1>, ttg.partition = array<i32: 0>} : tensor<128x2x64xf32, #linear2> -> tensor<128x64x2xf32, #linear3>
        %227 = tt.trans %225 {loop.cluster = 2 : i32, loop.stage = 1 : i32, order = array<i32: 0, 2, 1>, ttg.partition = array<i32: 0>} : tensor<128x2x64xf32, #linear2> -> tensor<128x64x2xf32, #linear3>
        %outLHS, %outRHS = tt.split %226 {loop.cluster = 4 : i32, loop.stage = 0 : i32, ttg.partition = array<i32: 0>} : tensor<128x64x2xf32, #linear3> -> tensor<128x64xf32, #linear4>
        %outLHS_33, %outRHS_34 = tt.split %227 {loop.cluster = 2 : i32, loop.stage = 1 : i32, ttg.partition = array<i32: 0>} : tensor<128x64x2xf32, #linear3> -> tensor<128x64xf32, #linear4>
        %228 = nvws.semaphore.acquire %46 {loop.cluster = 4 : i32, loop.stage = 0 : i32, ttg.partition = array<i32: 0>} : <[!ttg.memdesc<1x128x1xf32, #tmem1, #ttng.tensor_memory, mutable>, !ttg.memdesc<1x128x1xf32, #tmem1, #ttng.tensor_memory, mutable>, !ttg.memdesc<1x128x1xf32, #tmem1, #ttng.tensor_memory, mutable>, !ttg.memdesc<1x128x128xf32, #tmem, #ttng.tensor_memory, mutable>, !ttg.memdesc<1x128x128xf16, #tmem, #ttng.tensor_memory, mutable>]> -> !ttg.async.token
        %229:5 = nvws.semaphore.buffer %46, %228 {loop.cluster = 4 : i32, loop.stage = 0 : i32, ttg.partition = array<i32: 0>} : <[!ttg.memdesc<1x128x1xf32, #tmem1, #ttng.tensor_memory, mutable>, !ttg.memdesc<1x128x1xf32, #tmem1, #ttng.tensor_memory, mutable>, !ttg.memdesc<1x128x1xf32, #tmem1, #ttng.tensor_memory, mutable>, !ttg.memdesc<1x128x128xf32, #tmem, #ttng.tensor_memory, mutable>, !ttg.memdesc<1x128x128xf16, #tmem, #ttng.tensor_memory, mutable>]>, !ttg.async.token -> !ttg.memdesc<128x1xf32, #tmem1, #ttng.tensor_memory, mutable, 1x128x1>, !ttg.memdesc<128x1xf32, #tmem1, #ttng.tensor_memory, mutable, 1x128x1>, !ttg.memdesc<128x1xf32, #tmem1, #ttng.tensor_memory, mutable, 1x128x1>, !ttg.memdesc<128x128xf32, #tmem, #ttng.tensor_memory, mutable, 1x128x128>, !ttg.memdesc<128x128xf16, #tmem, #ttng.tensor_memory, mutable, 1x128x128>
        %result_35, %token_36 = ttng.tmem_load %229#0[] {loop.cluster = 4 : i32, loop.stage = 0 : i32, ttg.partition = array<i32: 0>} : !ttg.memdesc<128x1xf32, #tmem1, #ttng.tensor_memory, mutable, 1x128x1> -> tensor<128x1xf32, #linear5>
        nvws.semaphore.release %49, %228 [#nvws.async_op<none>] {loop.cluster = 4 : i32, loop.stage = 0 : i32, ttg.partition = array<i32: 0>} : <[!ttg.memdesc<1x128x1xf32, #tmem1, #ttng.tensor_memory, mutable>, !ttg.memdesc<1x128x1xf32, #tmem1, #ttng.tensor_memory, mutable>, !ttg.memdesc<1x128x1xf32, #tmem1, #ttng.tensor_memory, mutable>, !ttg.memdesc<1x128x128xf32, #tmem, #ttng.tensor_memory, mutable>, !ttg.memdesc<1x128x128xf16, #tmem, #ttng.tensor_memory, mutable>]>, !ttg.async.token
        %230 = tt.reshape %result_35 {loop.cluster = 4 : i32, loop.stage = 0 : i32, ttg.partition = array<i32: 0>} : tensor<128x1xf32, #linear5> -> tensor<128xf32, #linear6>
        %231 = ttg.convert_layout %230 {loop.cluster = 4 : i32, loop.stage = 0 : i32, ttg.partition = array<i32: 0>} : tensor<128xf32, #linear6> -> tensor<128xf32, #ttg.slice<{dim = 1, parent = #linear}>>
        %232 = tt.expand_dims %231 {axis = 1 : i32, loop.cluster = 4 : i32, loop.stage = 0 : i32, ttg.partition = array<i32: 0>} : tensor<128xf32, #ttg.slice<{dim = 1, parent = #linear}>> -> tensor<128x1xf32, #linear>
        %233 = nvws.semaphore.acquire %63 {loop.cluster = 2 : i32, loop.stage = 1 : i32, ttg.partition = array<i32: 0>} : <[!ttg.memdesc<1x128x1xf32, #tmem1, #ttng.tensor_memory, mutable>, !ttg.memdesc<1x128x1xf32, #tmem1, #ttng.tensor_memory, mutable>, !ttg.memdesc<1x128x1xf32, #tmem1, #ttng.tensor_memory, mutable>, !ttg.memdesc<1x128x128xf32, #tmem, #ttng.tensor_memory, mutable>, !ttg.memdesc<1x128x128xf16, #tmem, #ttng.tensor_memory, mutable>]> -> !ttg.async.token
        %234:5 = nvws.semaphore.buffer %63, %233 {loop.cluster = 2 : i32, loop.stage = 1 : i32, ttg.partition = array<i32: 0>} : <[!ttg.memdesc<1x128x1xf32, #tmem1, #ttng.tensor_memory, mutable>, !ttg.memdesc<1x128x1xf32, #tmem1, #ttng.tensor_memory, mutable>, !ttg.memdesc<1x128x1xf32, #tmem1, #ttng.tensor_memory, mutable>, !ttg.memdesc<1x128x128xf32, #tmem, #ttng.tensor_memory, mutable>, !ttg.memdesc<1x128x128xf16, #tmem, #ttng.tensor_memory, mutable>]>, !ttg.async.token -> !ttg.memdesc<128x1xf32, #tmem1, #ttng.tensor_memory, mutable, 1x128x1>, !ttg.memdesc<128x1xf32, #tmem1, #ttng.tensor_memory, mutable, 1x128x1>, !ttg.memdesc<128x1xf32, #tmem1, #ttng.tensor_memory, mutable, 1x128x1>, !ttg.memdesc<128x128xf32, #tmem, #ttng.tensor_memory, mutable, 1x128x128>, !ttg.memdesc<128x128xf16, #tmem, #ttng.tensor_memory, mutable, 1x128x128>
        %result_37, %token_38 = ttng.tmem_load %234#0[] {loop.cluster = 2 : i32, loop.stage = 1 : i32, ttg.partition = array<i32: 0>} : !ttg.memdesc<128x1xf32, #tmem1, #ttng.tensor_memory, mutable, 1x128x1> -> tensor<128x1xf32, #linear5>
        nvws.semaphore.release %66, %233 [#nvws.async_op<none>] {loop.cluster = 2 : i32, loop.stage = 1 : i32, ttg.partition = array<i32: 0>} : <[!ttg.memdesc<1x128x1xf32, #tmem1, #ttng.tensor_memory, mutable>, !ttg.memdesc<1x128x1xf32, #tmem1, #ttng.tensor_memory, mutable>, !ttg.memdesc<1x128x1xf32, #tmem1, #ttng.tensor_memory, mutable>, !ttg.memdesc<1x128x128xf32, #tmem, #ttng.tensor_memory, mutable>, !ttg.memdesc<1x128x128xf16, #tmem, #ttng.tensor_memory, mutable>]>, !ttg.async.token
        %235 = tt.reshape %result_37 {loop.cluster = 2 : i32, loop.stage = 1 : i32, ttg.partition = array<i32: 0>} : tensor<128x1xf32, #linear5> -> tensor<128xf32, #linear6>
        %236 = ttg.convert_layout %235 {loop.cluster = 2 : i32, loop.stage = 1 : i32, ttg.partition = array<i32: 0>} : tensor<128xf32, #linear6> -> tensor<128xf32, #ttg.slice<{dim = 1, parent = #linear}>>
        %237 = tt.expand_dims %236 {axis = 1 : i32, loop.cluster = 2 : i32, loop.stage = 1 : i32, ttg.partition = array<i32: 0>} : tensor<128xf32, #ttg.slice<{dim = 1, parent = #linear}>> -> tensor<128x1xf32, #linear>
        %238 = ttg.convert_layout %232 {loop.cluster = 4 : i32, loop.stage = 0 : i32, ttg.partition = array<i32: 0>} : tensor<128x1xf32, #linear> -> tensor<128x1xf32, #linear4>
        %239 = ttg.convert_layout %237 {loop.cluster = 2 : i32, loop.stage = 1 : i32, ttg.partition = array<i32: 0>} : tensor<128x1xf32, #linear> -> tensor<128x1xf32, #linear4>
        %240 = tt.broadcast %238 {loop.cluster = 4 : i32, loop.stage = 0 : i32, ttg.partition = array<i32: 0>} : tensor<128x1xf32, #linear4> -> tensor<128x64xf32, #linear4>
        %241 = tt.broadcast %239 {loop.cluster = 2 : i32, loop.stage = 1 : i32, ttg.partition = array<i32: 0>} : tensor<128x1xf32, #linear4> -> tensor<128x64xf32, #linear4>
        %242 = tt.elementwise_inline_asm "\0A        {\0A            .reg .b64 ra, rb, rc;\0A            mov.b64 ra, { $2, $3 };\0A            mov.b64 rb, { $4, $5 };\0A            mul.f32x2 rc, ra, rb;\0A            mov.b64 { $0, $1 }, rc;\0A        }\0A        " {constraints = "=r,=r,r,r,r,r", loop.cluster = 4 : i32, loop.stage = 0 : i32, packed_element = 2 : i32, pure = true, ttg.partition = array<i32: 0>} %outLHS, %240 : tensor<128x64xf32, #linear4>, tensor<128x64xf32, #linear4> -> tensor<128x64xf32, #linear4>
        %243 = tt.elementwise_inline_asm "\0A        {\0A            .reg .b64 ra, rb, rc;\0A            mov.b64 ra, { $2, $3 };\0A            mov.b64 rb, { $4, $5 };\0A            mul.f32x2 rc, ra, rb;\0A            mov.b64 { $0, $1 }, rc;\0A        }\0A        " {constraints = "=r,=r,r,r,r,r", loop.cluster = 2 : i32, loop.stage = 1 : i32, packed_element = 2 : i32, pure = true, ttg.partition = array<i32: 0>} %outLHS_33, %241 : tensor<128x64xf32, #linear4>, tensor<128x64xf32, #linear4> -> tensor<128x64xf32, #linear4>
        %244 = tt.elementwise_inline_asm "\0A        {\0A            .reg .b64 ra, rb, rc;\0A            mov.b64 ra, { $2, $3 };\0A            mov.b64 rb, { $4, $5 };\0A            mul.f32x2 rc, ra, rb;\0A            mov.b64 { $0, $1 }, rc;\0A        }\0A        " {constraints = "=r,=r,r,r,r,r", loop.cluster = 4 : i32, loop.stage = 0 : i32, packed_element = 2 : i32, pure = true, ttg.partition = array<i32: 0>} %outRHS, %240 : tensor<128x64xf32, #linear4>, tensor<128x64xf32, #linear4> -> tensor<128x64xf32, #linear4>
        %245 = tt.elementwise_inline_asm "\0A        {\0A            .reg .b64 ra, rb, rc;\0A            mov.b64 ra, { $2, $3 };\0A            mov.b64 rb, { $4, $5 };\0A            mul.f32x2 rc, ra, rb;\0A            mov.b64 { $0, $1 }, rc;\0A        }\0A        " {constraints = "=r,=r,r,r,r,r", loop.cluster = 2 : i32, loop.stage = 1 : i32, packed_element = 2 : i32, pure = true, ttg.partition = array<i32: 0>} %outRHS_34, %241 : tensor<128x64xf32, #linear4>, tensor<128x64xf32, #linear4> -> tensor<128x64xf32, #linear4>
        %246 = tt.join %242, %244 {loop.cluster = 4 : i32, loop.stage = 0 : i32, ttg.partition = array<i32: 0>} : tensor<128x64xf32, #linear4> -> tensor<128x64x2xf32, #linear3>
        %247 = tt.join %243, %245 {loop.cluster = 2 : i32, loop.stage = 1 : i32, ttg.partition = array<i32: 0>} : tensor<128x64xf32, #linear4> -> tensor<128x64x2xf32, #linear3>
        %248 = tt.trans %246 {loop.cluster = 4 : i32, loop.stage = 0 : i32, order = array<i32: 0, 2, 1>, ttg.partition = array<i32: 0>} : tensor<128x64x2xf32, #linear3> -> tensor<128x2x64xf32, #linear2>
        %249 = tt.trans %247 {loop.cluster = 2 : i32, loop.stage = 1 : i32, order = array<i32: 0, 2, 1>, ttg.partition = array<i32: 0>} : tensor<128x64x2xf32, #linear3> -> tensor<128x2x64xf32, #linear2>
        %250 = tt.reshape %248 {loop.cluster = 4 : i32, loop.stage = 0 : i32, ttg.partition = array<i32: 0>} : tensor<128x2x64xf32, #linear2> -> tensor<128x128xf32, #linear>
        %251 = tt.reshape %249 {loop.cluster = 2 : i32, loop.stage = 1 : i32, ttg.partition = array<i32: 0>} : tensor<128x2x64xf32, #linear2> -> tensor<128x128xf32, #linear>
        %252 = arith.truncf %212 {loop.cluster = 4 : i32, loop.stage = 0 : i32, ttg.partition = array<i32: 5>} : tensor<128x128xf32, #linear> to tensor<128x128xf16, #linear>
        %253 = arith.truncf %213 {loop.cluster = 2 : i32, loop.stage = 1 : i32, ttg.partition = array<i32: 4>} : tensor<128x128xf32, #linear> to tensor<128x128xf16, #linear>
        %254 = nvws.semaphore.acquire %47 {loop.cluster = 4 : i32, loop.stage = 0 : i32, ttg.partition = array<i32: 5>} : <[!ttg.memdesc<1x128x1xf32, #tmem1, #ttng.tensor_memory, mutable>, !ttg.memdesc<1x128x1xf32, #tmem1, #ttng.tensor_memory, mutable>, !ttg.memdesc<1x128x1xf32, #tmem1, #ttng.tensor_memory, mutable>, !ttg.memdesc<1x128x128xf32, #tmem, #ttng.tensor_memory, mutable>, !ttg.memdesc<1x128x128xf16, #tmem, #ttng.tensor_memory, mutable>]> -> !ttg.async.token
        %255:5 = nvws.semaphore.buffer %47, %254 {loop.cluster = 4 : i32, loop.stage = 0 : i32, ttg.partition = array<i32: 5>} : <[!ttg.memdesc<1x128x1xf32, #tmem1, #ttng.tensor_memory, mutable>, !ttg.memdesc<1x128x1xf32, #tmem1, #ttng.tensor_memory, mutable>, !ttg.memdesc<1x128x1xf32, #tmem1, #ttng.tensor_memory, mutable>, !ttg.memdesc<1x128x128xf32, #tmem, #ttng.tensor_memory, mutable>, !ttg.memdesc<1x128x128xf16, #tmem, #ttng.tensor_memory, mutable>]>, !ttg.async.token -> !ttg.memdesc<128x1xf32, #tmem1, #ttng.tensor_memory, mutable, 1x128x1>, !ttg.memdesc<128x1xf32, #tmem1, #ttng.tensor_memory, mutable, 1x128x1>, !ttg.memdesc<128x1xf32, #tmem1, #ttng.tensor_memory, mutable, 1x128x1>, !ttg.memdesc<128x128xf32, #tmem, #ttng.tensor_memory, mutable, 1x128x128>, !ttg.memdesc<128x128xf16, #tmem, #ttng.tensor_memory, mutable, 1x128x128>
        %true_39 = arith.constant {loop.cluster = 4 : i32, loop.stage = 0 : i32, ttg.partition = array<i32: 5>} true
        ttng.tmem_store %252, %255#4, %true_39 {loop.cluster = 4 : i32, loop.stage = 0 : i32, ttg.partition = array<i32: 5>} : tensor<128x128xf16, #linear> -> !ttg.memdesc<128x128xf16, #tmem, #ttng.tensor_memory, mutable, 1x128x128>
        nvws.semaphore.release %48, %254 [#nvws.async_op<none>] {loop.cluster = 4 : i32, loop.stage = 0 : i32, ttg.partition = array<i32: 5>} : <[!ttg.memdesc<1x128x1xf32, #tmem1, #ttng.tensor_memory, mutable>, !ttg.memdesc<1x128x1xf32, #tmem1, #ttng.tensor_memory, mutable>, !ttg.memdesc<1x128x1xf32, #tmem1, #ttng.tensor_memory, mutable>, !ttg.memdesc<1x128x128xf32, #tmem, #ttng.tensor_memory, mutable>, !ttg.memdesc<1x128x128xf16, #tmem, #ttng.tensor_memory, mutable>]>, !ttg.async.token
        %256 = nvws.semaphore.acquire %64 {loop.cluster = 2 : i32, loop.stage = 1 : i32, ttg.partition = array<i32: 4>} : <[!ttg.memdesc<1x128x1xf32, #tmem1, #ttng.tensor_memory, mutable>, !ttg.memdesc<1x128x1xf32, #tmem1, #ttng.tensor_memory, mutable>, !ttg.memdesc<1x128x1xf32, #tmem1, #ttng.tensor_memory, mutable>, !ttg.memdesc<1x128x128xf32, #tmem, #ttng.tensor_memory, mutable>, !ttg.memdesc<1x128x128xf16, #tmem, #ttng.tensor_memory, mutable>]> -> !ttg.async.token
        %257:5 = nvws.semaphore.buffer %64, %256 {loop.cluster = 2 : i32, loop.stage = 1 : i32, ttg.partition = array<i32: 4>} : <[!ttg.memdesc<1x128x1xf32, #tmem1, #ttng.tensor_memory, mutable>, !ttg.memdesc<1x128x1xf32, #tmem1, #ttng.tensor_memory, mutable>, !ttg.memdesc<1x128x1xf32, #tmem1, #ttng.tensor_memory, mutable>, !ttg.memdesc<1x128x128xf32, #tmem, #ttng.tensor_memory, mutable>, !ttg.memdesc<1x128x128xf16, #tmem, #ttng.tensor_memory, mutable>]>, !ttg.async.token -> !ttg.memdesc<128x1xf32, #tmem1, #ttng.tensor_memory, mutable, 1x128x1>, !ttg.memdesc<128x1xf32, #tmem1, #ttng.tensor_memory, mutable, 1x128x1>, !ttg.memdesc<128x1xf32, #tmem1, #ttng.tensor_memory, mutable, 1x128x1>, !ttg.memdesc<128x128xf32, #tmem, #ttng.tensor_memory, mutable, 1x128x128>, !ttg.memdesc<128x128xf16, #tmem, #ttng.tensor_memory, mutable, 1x128x128>
        %true_40 = arith.constant {loop.cluster = 2 : i32, loop.stage = 1 : i32, ttg.partition = array<i32: 4>} true
        ttng.tmem_store %253, %257#4, %true_40 {loop.cluster = 2 : i32, loop.stage = 1 : i32, ttg.partition = array<i32: 4>} : tensor<128x128xf16, #linear> -> !ttg.memdesc<128x128xf16, #tmem, #ttng.tensor_memory, mutable, 1x128x128>
        nvws.semaphore.release %65, %256 [#nvws.async_op<none>] {loop.cluster = 2 : i32, loop.stage = 1 : i32, ttg.partition = array<i32: 4>} : <[!ttg.memdesc<1x128x1xf32, #tmem1, #ttng.tensor_memory, mutable>, !ttg.memdesc<1x128x1xf32, #tmem1, #ttng.tensor_memory, mutable>, !ttg.memdesc<1x128x1xf32, #tmem1, #ttng.tensor_memory, mutable>, !ttg.memdesc<1x128x128xf32, #tmem, #ttng.tensor_memory, mutable>, !ttg.memdesc<1x128x128xf16, #tmem, #ttng.tensor_memory, mutable>]>, !ttg.async.token
        %258 = ttng.tmem_store %250, %222[], %true {loop.cluster = 4 : i32, loop.stage = 0 : i32, tmem.start = array<i32: 9>, ttg.partition = array<i32: 0>} : tensor<128x128xf32, #linear> -> !ttg.memdesc<128x128xf32, #tmem, #ttng.tensor_memory, mutable, 1x128x128>
        nvws.semaphore.release %77, %arg28 [#nvws.async_op<none>] {loop.cluster = 4 : i32, loop.stage = 0 : i32, ttg.partition = array<i32: 0>} : <[!ttg.memdesc<1x128x128xf32, #tmem, #ttng.tensor_memory, mutable>]>, !ttg.async.token
        %259 = ttng.tmem_store %251, %223[], %true {loop.cluster = 2 : i32, loop.stage = 1 : i32, tmem.start = array<i32: 12>, ttg.partition = array<i32: 0>} : tensor<128x128xf32, #linear> -> !ttg.memdesc<128x128xf32, #tmem, #ttng.tensor_memory, mutable, 1x128x128>
        nvws.semaphore.release %79, %arg29 [#nvws.async_op<none>] {loop.cluster = 2 : i32, loop.stage = 1 : i32, ttg.partition = array<i32: 0>} : <[!ttg.memdesc<1x128x128xf32, #tmem, #ttng.tensor_memory, mutable>]>, !ttg.async.token
        %260 = nvws.semaphore.acquire %48 {loop.cluster = 4 : i32, loop.stage = 0 : i32, ttg.partition = array<i32: 1>} : <[!ttg.memdesc<1x128x1xf32, #tmem1, #ttng.tensor_memory, mutable>, !ttg.memdesc<1x128x1xf32, #tmem1, #ttng.tensor_memory, mutable>, !ttg.memdesc<1x128x1xf32, #tmem1, #ttng.tensor_memory, mutable>, !ttg.memdesc<1x128x128xf32, #tmem, #ttng.tensor_memory, mutable>, !ttg.memdesc<1x128x128xf16, #tmem, #ttng.tensor_memory, mutable>]> -> !ttg.async.token
        %261:5 = nvws.semaphore.buffer %48, %260 {loop.cluster = 4 : i32, loop.stage = 0 : i32, ttg.partition = array<i32: 1>} : <[!ttg.memdesc<1x128x1xf32, #tmem1, #ttng.tensor_memory, mutable>, !ttg.memdesc<1x128x1xf32, #tmem1, #ttng.tensor_memory, mutable>, !ttg.memdesc<1x128x1xf32, #tmem1, #ttng.tensor_memory, mutable>, !ttg.memdesc<1x128x128xf32, #tmem, #ttng.tensor_memory, mutable>, !ttg.memdesc<1x128x128xf16, #tmem, #ttng.tensor_memory, mutable>]>, !ttg.async.token -> !ttg.memdesc<128x1xf32, #tmem1, #ttng.tensor_memory, mutable, 1x128x1>, !ttg.memdesc<128x1xf32, #tmem1, #ttng.tensor_memory, mutable, 1x128x1>, !ttg.memdesc<128x1xf32, #tmem1, #ttng.tensor_memory, mutable, 1x128x1>, !ttg.memdesc<128x128xf32, #tmem, #ttng.tensor_memory, mutable, 1x128x128>, !ttg.memdesc<128x128xf16, #tmem, #ttng.tensor_memory, mutable, 1x128x128>
        %262 = nvws.semaphore.acquire %77 {loop.cluster = 4 : i32, loop.stage = 0 : i32, ttg.partition = array<i32: 1>} : <[!ttg.memdesc<1x128x128xf32, #tmem, #ttng.tensor_memory, mutable>]> -> !ttg.async.token
        %263 = nvws.semaphore.buffer %77, %262 {loop.cluster = 4 : i32, loop.stage = 0 : i32, ttg.partition = array<i32: 1>} : <[!ttg.memdesc<1x128x128xf32, #tmem, #ttng.tensor_memory, mutable>]>, !ttg.async.token -> !ttg.memdesc<128x128xf32, #tmem, #ttng.tensor_memory, mutable, 1x128x128>
        %264 = nvws.semaphore.acquire %35 {loop.cluster = 4 : i32, loop.stage = 0 : i32, ttg.partition = array<i32: 1>} : <[!ttg.memdesc<1x128x128xf16, #shared, #smem, mutable>]> -> !ttg.async.token
        %265 = nvws.semaphore.buffer %35, %264 {loop.cluster = 4 : i32, loop.stage = 0 : i32, ttg.partition = array<i32: 1>} : <[!ttg.memdesc<1x128x128xf16, #shared, #smem, mutable>]>, !ttg.async.token -> !ttg.memdesc<128x128xf16, #shared, #smem, mutable>
        %266 = ttng.tc_gen5_mma %261#4, %265, %263[], %true, %true {loop.cluster = 4 : i32, loop.stage = 0 : i32, tmem.end = array<i32: 9>, tmem.start = array<i32: 8, 10>, tt.self_latency = 1 : i32, ttg.partition = array<i32: 1>} : !ttg.memdesc<128x128xf16, #tmem, #ttng.tensor_memory, mutable, 1x128x128>, !ttg.memdesc<128x128xf16, #shared, #smem, mutable>, !ttg.memdesc<128x128xf32, #tmem, #ttng.tensor_memory, mutable, 1x128x128>
        nvws.semaphore.release %76, %262 [#nvws.async_op<tc5mma>] {loop.cluster = 4 : i32, loop.stage = 0 : i32, ttg.partition = array<i32: 1>} : <[!ttg.memdesc<1x128x128xf32, #tmem, #ttng.tensor_memory, mutable>]>, !ttg.async.token
        %267 = nvws.semaphore.acquire %65 {loop.cluster = 2 : i32, loop.stage = 1 : i32, ttg.partition = array<i32: 1>} : <[!ttg.memdesc<1x128x1xf32, #tmem1, #ttng.tensor_memory, mutable>, !ttg.memdesc<1x128x1xf32, #tmem1, #ttng.tensor_memory, mutable>, !ttg.memdesc<1x128x1xf32, #tmem1, #ttng.tensor_memory, mutable>, !ttg.memdesc<1x128x128xf32, #tmem, #ttng.tensor_memory, mutable>, !ttg.memdesc<1x128x128xf16, #tmem, #ttng.tensor_memory, mutable>]> -> !ttg.async.token
        %268:5 = nvws.semaphore.buffer %65, %267 {loop.cluster = 2 : i32, loop.stage = 1 : i32, ttg.partition = array<i32: 1>} : <[!ttg.memdesc<1x128x1xf32, #tmem1, #ttng.tensor_memory, mutable>, !ttg.memdesc<1x128x1xf32, #tmem1, #ttng.tensor_memory, mutable>, !ttg.memdesc<1x128x1xf32, #tmem1, #ttng.tensor_memory, mutable>, !ttg.memdesc<1x128x128xf32, #tmem, #ttng.tensor_memory, mutable>, !ttg.memdesc<1x128x128xf16, #tmem, #ttng.tensor_memory, mutable>]>, !ttg.async.token -> !ttg.memdesc<128x1xf32, #tmem1, #ttng.tensor_memory, mutable, 1x128x1>, !ttg.memdesc<128x1xf32, #tmem1, #ttng.tensor_memory, mutable, 1x128x1>, !ttg.memdesc<128x1xf32, #tmem1, #ttng.tensor_memory, mutable, 1x128x1>, !ttg.memdesc<128x128xf32, #tmem, #ttng.tensor_memory, mutable, 1x128x128>, !ttg.memdesc<128x128xf16, #tmem, #ttng.tensor_memory, mutable, 1x128x128>
        %269 = nvws.semaphore.acquire %79 {loop.cluster = 2 : i32, loop.stage = 1 : i32, ttg.partition = array<i32: 1>} : <[!ttg.memdesc<1x128x128xf32, #tmem, #ttng.tensor_memory, mutable>]> -> !ttg.async.token
        %270 = nvws.semaphore.buffer %79, %269 {loop.cluster = 2 : i32, loop.stage = 1 : i32, ttg.partition = array<i32: 1>} : <[!ttg.memdesc<1x128x128xf32, #tmem, #ttng.tensor_memory, mutable>]>, !ttg.async.token -> !ttg.memdesc<128x128xf32, #tmem, #ttng.tensor_memory, mutable, 1x128x128>
        %271 = ttng.tc_gen5_mma %268#4, %265, %270[], %true, %true {loop.cluster = 2 : i32, loop.stage = 1 : i32, tmem.end = array<i32: 12>, tmem.start = array<i32: 11, 13>, tt.self_latency = 1 : i32, ttg.partition = array<i32: 1>} : !ttg.memdesc<128x128xf16, #tmem, #ttng.tensor_memory, mutable, 1x128x128>, !ttg.memdesc<128x128xf16, #shared, #smem, mutable>, !ttg.memdesc<128x128xf32, #tmem, #ttng.tensor_memory, mutable, 1x128x128>
        nvws.semaphore.release %34, %264 [#nvws.async_op<tc5mma>] {loop.cluster = 2 : i32, loop.stage = 1 : i32, ttg.partition = array<i32: 1>} : <[!ttg.memdesc<1x128x128xf16, #shared, #smem, mutable>]>, !ttg.async.token
        nvws.semaphore.release %78, %269 [#nvws.async_op<tc5mma>] {loop.cluster = 2 : i32, loop.stage = 1 : i32, ttg.partition = array<i32: 1>} : <[!ttg.memdesc<1x128x128xf32, #tmem, #ttng.tensor_memory, mutable>]>, !ttg.async.token
        %272 = arith.mulf %arg22, %216 {loop.cluster = 1 : i32, loop.stage = 1 : i32, ttg.partition = array<i32: 5>} : tensor<128xf32, #ttg.slice<{dim = 1, parent = #linear}>>
        %273 = arith.mulf %arg24, %218 {loop.cluster = 2 : i32, loop.stage = 1 : i32, ttg.partition = array<i32: 4>} : tensor<128xf32, #ttg.slice<{dim = 1, parent = #linear}>>
        %274 = arith.addf %272, %220 {loop.cluster = 1 : i32, loop.stage = 1 : i32, ttg.partition = array<i32: 5>} : tensor<128xf32, #ttg.slice<{dim = 1, parent = #linear}>>
        %275 = arith.addf %273, %221 {loop.cluster = 2 : i32, loop.stage = 1 : i32, ttg.partition = array<i32: 4>} : tensor<128xf32, #ttg.slice<{dim = 1, parent = #linear}>>
        %276 = arith.addi %arg21, %c128_i32 {loop.cluster = 0 : i32, loop.stage = 1 : i32, ttg.partition = array<i32: 3>} : i32
        %277 = nvws.semaphore.acquire %49 {loop.cluster = 4 : i32, loop.stage = 0 : i32, ttg.partition = array<i32: 1>} : <[!ttg.memdesc<1x128x1xf32, #tmem1, #ttng.tensor_memory, mutable>, !ttg.memdesc<1x128x1xf32, #tmem1, #ttng.tensor_memory, mutable>, !ttg.memdesc<1x128x1xf32, #tmem1, #ttng.tensor_memory, mutable>, !ttg.memdesc<1x128x128xf32, #tmem, #ttng.tensor_memory, mutable>, !ttg.memdesc<1x128x128xf16, #tmem, #ttng.tensor_memory, mutable>]> -> !ttg.async.token
        %278 = nvws.semaphore.acquire %66 {loop.cluster = 2 : i32, loop.stage = 1 : i32, ttg.partition = array<i32: 1>} : <[!ttg.memdesc<1x128x1xf32, #tmem1, #ttng.tensor_memory, mutable>, !ttg.memdesc<1x128x1xf32, #tmem1, #ttng.tensor_memory, mutable>, !ttg.memdesc<1x128x1xf32, #tmem1, #ttng.tensor_memory, mutable>, !ttg.memdesc<1x128x128xf32, #tmem, #ttng.tensor_memory, mutable>, !ttg.memdesc<1x128x128xf16, #tmem, #ttng.tensor_memory, mutable>]> -> !ttg.async.token
        %279 = nvws.semaphore.acquire %76 {loop.cluster = 4 : i32, loop.stage = 0 : i32, ttg.partition = array<i32: 0>} : <[!ttg.memdesc<1x128x128xf32, #tmem, #ttng.tensor_memory, mutable>]> -> !ttg.async.token
        %280 = nvws.semaphore.acquire %78 {loop.cluster = 2 : i32, loop.stage = 1 : i32, ttg.partition = array<i32: 0>} : <[!ttg.memdesc<1x128x128xf32, #tmem, #ttng.tensor_memory, mutable>]> -> !ttg.async.token
        %281 = nvws.semaphore.acquire %31 {loop.cluster = 1 : i32, loop.stage = 0 : i32, ttg.partition = array<i32: 3>} : <[!ttg.memdesc<1x128x128xf16, #shared, #smem, mutable>]> -> !ttg.async.token
        %282 = nvws.semaphore.acquire %34 {loop.cluster = 4 : i32, loop.stage = 0 : i32, ttg.partition = array<i32: 3>} : <[!ttg.memdesc<1x128x128xf16, #shared, #smem, mutable>]> -> !ttg.async.token
        scf.yield {ttg.partition = array<i32: 0, 1, 3, 4, 5>} %276, %274, %202, %275, %203, %277, %278, %279, %280, %281, %282 : i32, tensor<128xf32, #ttg.slice<{dim = 1, parent = #linear}>>, tensor<128xf32, #ttg.slice<{dim = 1, parent = #linear}>>, tensor<128xf32, #ttg.slice<{dim = 1, parent = #linear}>>, tensor<128xf32, #ttg.slice<{dim = 1, parent = #linear}>>, !ttg.async.token, !ttg.async.token, !ttg.async.token, !ttg.async.token, !ttg.async.token, !ttg.async.token
      } {tt.data_partition_factor = 2 : i32, tt.merge_epilogue = true, tt.scheduled_max_stage = 1 : i32, tt.separate_epilogue_store = true, ttg.partition = array<i32: 0, 1, 3, 4, 5>, ttg.partition.outputs = [array<i32: 3>, array<i32: 5>, array<i32: 5>, array<i32: 4>, array<i32: 4>, array<i32: 1>, array<i32: 1>, array<i32: 0>, array<i32: 0>, array<i32: 3>, array<i32: 3>]}
      nvws.semaphore.release %28, %111 [#nvws.async_op<tc5mma>] {loop.cluster = 3 : i32, loop.stage = 0 : i32, ttg.partition = array<i32: 1>} : <[!ttg.memdesc<1x128x128xf16, #shared, #smem, mutable>]>, !ttg.async.token
      nvws.semaphore.release %25, %110 [#nvws.async_op<tc5mma>] {loop.cluster = 1 : i32, loop.stage = 0 : i32, ttg.partition = array<i32: 1>} : <[!ttg.memdesc<1x128x128xf16, #shared, #smem, mutable>]>, !ttg.async.token
      nvws.semaphore.release %67, %112#6 [#nvws.async_op<tc5mma>] {loop.cluster = 2 : i32, loop.stage = 1 : i32, ttg.partition = array<i32: 1>} : <[!ttg.memdesc<1x128x1xf32, #tmem1, #ttng.tensor_memory, mutable>, !ttg.memdesc<1x128x1xf32, #tmem1, #ttng.tensor_memory, mutable>, !ttg.memdesc<1x128x1xf32, #tmem1, #ttng.tensor_memory, mutable>, !ttg.memdesc<1x128x128xf32, #tmem, #ttng.tensor_memory, mutable>, !ttg.memdesc<1x128x128xf16, #tmem, #ttng.tensor_memory, mutable>]>, !ttg.async.token
      nvws.semaphore.release %68, %112#6 [#nvws.async_op<tc5mma>] {loop.cluster = 2 : i32, loop.stage = 1 : i32, ttg.partition = array<i32: 1>} : <[!ttg.memdesc<1x128x1xf32, #tmem1, #ttng.tensor_memory, mutable>, !ttg.memdesc<1x128x1xf32, #tmem1, #ttng.tensor_memory, mutable>, !ttg.memdesc<1x128x1xf32, #tmem1, #ttng.tensor_memory, mutable>, !ttg.memdesc<1x128x128xf32, #tmem, #ttng.tensor_memory, mutable>, !ttg.memdesc<1x128x128xf16, #tmem, #ttng.tensor_memory, mutable>]>, !ttg.async.token
      nvws.semaphore.release %50, %112#5 [#nvws.async_op<tc5mma>] {loop.cluster = 4 : i32, loop.stage = 0 : i32, ttg.partition = array<i32: 1>} : <[!ttg.memdesc<1x128x1xf32, #tmem1, #ttng.tensor_memory, mutable>, !ttg.memdesc<1x128x1xf32, #tmem1, #ttng.tensor_memory, mutable>, !ttg.memdesc<1x128x1xf32, #tmem1, #ttng.tensor_memory, mutable>, !ttg.memdesc<1x128x128xf32, #tmem, #ttng.tensor_memory, mutable>, !ttg.memdesc<1x128x128xf16, #tmem, #ttng.tensor_memory, mutable>]>, !ttg.async.token
      nvws.semaphore.release %51, %112#5 [#nvws.async_op<tc5mma>] {loop.cluster = 4 : i32, loop.stage = 0 : i32, ttg.partition = array<i32: 1>} : <[!ttg.memdesc<1x128x1xf32, #tmem1, #ttng.tensor_memory, mutable>, !ttg.memdesc<1x128x1xf32, #tmem1, #ttng.tensor_memory, mutable>, !ttg.memdesc<1x128x1xf32, #tmem1, #ttng.tensor_memory, mutable>, !ttg.memdesc<1x128x128xf32, #tmem, #ttng.tensor_memory, mutable>, !ttg.memdesc<1x128x128xf16, #tmem, #ttng.tensor_memory, mutable>]>, !ttg.async.token
      %113 = tt.expand_dims %112#4 {axis = 1 : i32, ttg.partition = array<i32: 4>} : tensor<128xf32, #ttg.slice<{dim = 1, parent = #linear}>> -> tensor<128x1xf32, #linear>
      %true_8 = arith.constant {ttg.partition = array<i32: 4>} true
      %114 = nvws.semaphore.acquire %67 {ttg.partition = array<i32: 4>} : <[!ttg.memdesc<1x128x1xf32, #tmem1, #ttng.tensor_memory, mutable>, !ttg.memdesc<1x128x1xf32, #tmem1, #ttng.tensor_memory, mutable>, !ttg.memdesc<1x128x1xf32, #tmem1, #ttng.tensor_memory, mutable>, !ttg.memdesc<1x128x128xf32, #tmem, #ttng.tensor_memory, mutable>, !ttg.memdesc<1x128x128xf16, #tmem, #ttng.tensor_memory, mutable>]> -> !ttg.async.token
      %115:5 = nvws.semaphore.buffer %67, %114 {ttg.partition = array<i32: 4>} : <[!ttg.memdesc<1x128x1xf32, #tmem1, #ttng.tensor_memory, mutable>, !ttg.memdesc<1x128x1xf32, #tmem1, #ttng.tensor_memory, mutable>, !ttg.memdesc<1x128x1xf32, #tmem1, #ttng.tensor_memory, mutable>, !ttg.memdesc<1x128x128xf32, #tmem, #ttng.tensor_memory, mutable>, !ttg.memdesc<1x128x128xf16, #tmem, #ttng.tensor_memory, mutable>]>, !ttg.async.token -> !ttg.memdesc<128x1xf32, #tmem1, #ttng.tensor_memory, mutable, 1x128x1>, !ttg.memdesc<128x1xf32, #tmem1, #ttng.tensor_memory, mutable, 1x128x1>, !ttg.memdesc<128x1xf32, #tmem1, #ttng.tensor_memory, mutable, 1x128x1>, !ttg.memdesc<128x128xf32, #tmem, #ttng.tensor_memory, mutable, 1x128x128>, !ttg.memdesc<128x128xf16, #tmem, #ttng.tensor_memory, mutable, 1x128x128>
      ttng.tmem_store %113, %115#2, %true_8 {ttg.partition = array<i32: 4>} : tensor<128x1xf32, #linear> -> !ttg.memdesc<128x1xf32, #tmem1, #ttng.tensor_memory, mutable, 1x128x1>
      %116 = tt.expand_dims %112#3 {axis = 1 : i32, ttg.partition = array<i32: 4>} : tensor<128xf32, #ttg.slice<{dim = 1, parent = #linear}>> -> tensor<128x1xf32, #linear>
      %true_9 = arith.constant {ttg.partition = array<i32: 4>} true
      %117 = nvws.semaphore.acquire %68 {ttg.partition = array<i32: 4>} : <[!ttg.memdesc<1x128x1xf32, #tmem1, #ttng.tensor_memory, mutable>, !ttg.memdesc<1x128x1xf32, #tmem1, #ttng.tensor_memory, mutable>, !ttg.memdesc<1x128x1xf32, #tmem1, #ttng.tensor_memory, mutable>, !ttg.memdesc<1x128x128xf32, #tmem, #ttng.tensor_memory, mutable>, !ttg.memdesc<1x128x128xf16, #tmem, #ttng.tensor_memory, mutable>]> -> !ttg.async.token
      %118:5 = nvws.semaphore.buffer %68, %117 {ttg.partition = array<i32: 4>} : <[!ttg.memdesc<1x128x1xf32, #tmem1, #ttng.tensor_memory, mutable>, !ttg.memdesc<1x128x1xf32, #tmem1, #ttng.tensor_memory, mutable>, !ttg.memdesc<1x128x1xf32, #tmem1, #ttng.tensor_memory, mutable>, !ttg.memdesc<1x128x128xf32, #tmem, #ttng.tensor_memory, mutable>, !ttg.memdesc<1x128x128xf16, #tmem, #ttng.tensor_memory, mutable>]>, !ttg.async.token -> !ttg.memdesc<128x1xf32, #tmem1, #ttng.tensor_memory, mutable, 1x128x1>, !ttg.memdesc<128x1xf32, #tmem1, #ttng.tensor_memory, mutable, 1x128x1>, !ttg.memdesc<128x1xf32, #tmem1, #ttng.tensor_memory, mutable, 1x128x1>, !ttg.memdesc<128x128xf32, #tmem, #ttng.tensor_memory, mutable, 1x128x128>, !ttg.memdesc<128x128xf16, #tmem, #ttng.tensor_memory, mutable, 1x128x128>
      ttng.tmem_store %116, %118#1, %true_9 {ttg.partition = array<i32: 4>} : tensor<128x1xf32, #linear> -> !ttg.memdesc<128x1xf32, #tmem1, #ttng.tensor_memory, mutable, 1x128x1>
      nvws.semaphore.release %69, %117 [#nvws.async_op<none>] {ttg.partition = array<i32: 4>} : <[!ttg.memdesc<1x128x1xf32, #tmem1, #ttng.tensor_memory, mutable>, !ttg.memdesc<1x128x1xf32, #tmem1, #ttng.tensor_memory, mutable>, !ttg.memdesc<1x128x1xf32, #tmem1, #ttng.tensor_memory, mutable>, !ttg.memdesc<1x128x128xf32, #tmem, #ttng.tensor_memory, mutable>, !ttg.memdesc<1x128x128xf16, #tmem, #ttng.tensor_memory, mutable>]>, !ttg.async.token
      nvws.semaphore.release %61, %117 [#nvws.async_op<none>] {ttg.partition = array<i32: 4>} : <[!ttg.memdesc<1x128x1xf32, #tmem1, #ttng.tensor_memory, mutable>, !ttg.memdesc<1x128x1xf32, #tmem1, #ttng.tensor_memory, mutable>, !ttg.memdesc<1x128x1xf32, #tmem1, #ttng.tensor_memory, mutable>, !ttg.memdesc<1x128x128xf32, #tmem, #ttng.tensor_memory, mutable>, !ttg.memdesc<1x128x128xf16, #tmem, #ttng.tensor_memory, mutable>]>, !ttg.async.token
      %119 = tt.expand_dims %112#2 {axis = 1 : i32, ttg.partition = array<i32: 5>} : tensor<128xf32, #ttg.slice<{dim = 1, parent = #linear}>> -> tensor<128x1xf32, #linear>
      %true_10 = arith.constant {ttg.partition = array<i32: 5>} true
      %120 = nvws.semaphore.acquire %50 {ttg.partition = array<i32: 5>} : <[!ttg.memdesc<1x128x1xf32, #tmem1, #ttng.tensor_memory, mutable>, !ttg.memdesc<1x128x1xf32, #tmem1, #ttng.tensor_memory, mutable>, !ttg.memdesc<1x128x1xf32, #tmem1, #ttng.tensor_memory, mutable>, !ttg.memdesc<1x128x128xf32, #tmem, #ttng.tensor_memory, mutable>, !ttg.memdesc<1x128x128xf16, #tmem, #ttng.tensor_memory, mutable>]> -> !ttg.async.token
      %121:5 = nvws.semaphore.buffer %50, %120 {ttg.partition = array<i32: 5>} : <[!ttg.memdesc<1x128x1xf32, #tmem1, #ttng.tensor_memory, mutable>, !ttg.memdesc<1x128x1xf32, #tmem1, #ttng.tensor_memory, mutable>, !ttg.memdesc<1x128x1xf32, #tmem1, #ttng.tensor_memory, mutable>, !ttg.memdesc<1x128x128xf32, #tmem, #ttng.tensor_memory, mutable>, !ttg.memdesc<1x128x128xf16, #tmem, #ttng.tensor_memory, mutable>]>, !ttg.async.token -> !ttg.memdesc<128x1xf32, #tmem1, #ttng.tensor_memory, mutable, 1x128x1>, !ttg.memdesc<128x1xf32, #tmem1, #ttng.tensor_memory, mutable, 1x128x1>, !ttg.memdesc<128x1xf32, #tmem1, #ttng.tensor_memory, mutable, 1x128x1>, !ttg.memdesc<128x128xf32, #tmem, #ttng.tensor_memory, mutable, 1x128x128>, !ttg.memdesc<128x128xf16, #tmem, #ttng.tensor_memory, mutable, 1x128x128>
      ttng.tmem_store %119, %121#2, %true_10 {ttg.partition = array<i32: 5>} : tensor<128x1xf32, #linear> -> !ttg.memdesc<128x1xf32, #tmem1, #ttng.tensor_memory, mutable, 1x128x1>
      %122 = tt.expand_dims %112#1 {axis = 1 : i32, ttg.partition = array<i32: 5>} : tensor<128xf32, #ttg.slice<{dim = 1, parent = #linear}>> -> tensor<128x1xf32, #linear>
      %true_11 = arith.constant {ttg.partition = array<i32: 5>} true
      %123 = nvws.semaphore.acquire %51 {ttg.partition = array<i32: 5>} : <[!ttg.memdesc<1x128x1xf32, #tmem1, #ttng.tensor_memory, mutable>, !ttg.memdesc<1x128x1xf32, #tmem1, #ttng.tensor_memory, mutable>, !ttg.memdesc<1x128x1xf32, #tmem1, #ttng.tensor_memory, mutable>, !ttg.memdesc<1x128x128xf32, #tmem, #ttng.tensor_memory, mutable>, !ttg.memdesc<1x128x128xf16, #tmem, #ttng.tensor_memory, mutable>]> -> !ttg.async.token
      %124:5 = nvws.semaphore.buffer %51, %123 {ttg.partition = array<i32: 5>} : <[!ttg.memdesc<1x128x1xf32, #tmem1, #ttng.tensor_memory, mutable>, !ttg.memdesc<1x128x1xf32, #tmem1, #ttng.tensor_memory, mutable>, !ttg.memdesc<1x128x1xf32, #tmem1, #ttng.tensor_memory, mutable>, !ttg.memdesc<1x128x128xf32, #tmem, #ttng.tensor_memory, mutable>, !ttg.memdesc<1x128x128xf16, #tmem, #ttng.tensor_memory, mutable>]>, !ttg.async.token -> !ttg.memdesc<128x1xf32, #tmem1, #ttng.tensor_memory, mutable, 1x128x1>, !ttg.memdesc<128x1xf32, #tmem1, #ttng.tensor_memory, mutable, 1x128x1>, !ttg.memdesc<128x1xf32, #tmem1, #ttng.tensor_memory, mutable, 1x128x1>, !ttg.memdesc<128x128xf32, #tmem, #ttng.tensor_memory, mutable, 1x128x128>, !ttg.memdesc<128x128xf16, #tmem, #ttng.tensor_memory, mutable, 1x128x128>
      ttng.tmem_store %122, %124#1, %true_11 {ttg.partition = array<i32: 5>} : tensor<128x1xf32, #linear> -> !ttg.memdesc<128x1xf32, #tmem1, #ttng.tensor_memory, mutable, 1x128x1>
      nvws.semaphore.release %52, %123 [#nvws.async_op<none>] {ttg.partition = array<i32: 5>} : <[!ttg.memdesc<1x128x1xf32, #tmem1, #ttng.tensor_memory, mutable>, !ttg.memdesc<1x128x1xf32, #tmem1, #ttng.tensor_memory, mutable>, !ttg.memdesc<1x128x1xf32, #tmem1, #ttng.tensor_memory, mutable>, !ttg.memdesc<1x128x128xf32, #tmem, #ttng.tensor_memory, mutable>, !ttg.memdesc<1x128x128xf16, #tmem, #ttng.tensor_memory, mutable>]>, !ttg.async.token
      nvws.semaphore.release %44, %123 [#nvws.async_op<none>] {ttg.partition = array<i32: 5>} : <[!ttg.memdesc<1x128x1xf32, #tmem1, #ttng.tensor_memory, mutable>, !ttg.memdesc<1x128x1xf32, #tmem1, #ttng.tensor_memory, mutable>, !ttg.memdesc<1x128x1xf32, #tmem1, #ttng.tensor_memory, mutable>, !ttg.memdesc<1x128x128xf32, #tmem, #ttng.tensor_memory, mutable>, !ttg.memdesc<1x128x128xf16, #tmem, #ttng.tensor_memory, mutable>]>, !ttg.async.token
      %125 = nvws.semaphore.acquire %52 {ttg.partition = array<i32: 0>} : <[!ttg.memdesc<1x128x1xf32, #tmem1, #ttng.tensor_memory, mutable>, !ttg.memdesc<1x128x1xf32, #tmem1, #ttng.tensor_memory, mutable>, !ttg.memdesc<1x128x1xf32, #tmem1, #ttng.tensor_memory, mutable>, !ttg.memdesc<1x128x128xf32, #tmem, #ttng.tensor_memory, mutable>, !ttg.memdesc<1x128x128xf16, #tmem, #ttng.tensor_memory, mutable>]> -> !ttg.async.token
      %126:5 = nvws.semaphore.buffer %52, %125 {ttg.partition = array<i32: 0>} : <[!ttg.memdesc<1x128x1xf32, #tmem1, #ttng.tensor_memory, mutable>, !ttg.memdesc<1x128x1xf32, #tmem1, #ttng.tensor_memory, mutable>, !ttg.memdesc<1x128x1xf32, #tmem1, #ttng.tensor_memory, mutable>, !ttg.memdesc<1x128x128xf32, #tmem, #ttng.tensor_memory, mutable>, !ttg.memdesc<1x128x128xf16, #tmem, #ttng.tensor_memory, mutable>]>, !ttg.async.token -> !ttg.memdesc<128x1xf32, #tmem1, #ttng.tensor_memory, mutable, 1x128x1>, !ttg.memdesc<128x1xf32, #tmem1, #ttng.tensor_memory, mutable, 1x128x1>, !ttg.memdesc<128x1xf32, #tmem1, #ttng.tensor_memory, mutable, 1x128x1>, !ttg.memdesc<128x128xf32, #tmem, #ttng.tensor_memory, mutable, 1x128x128>, !ttg.memdesc<128x128xf16, #tmem, #ttng.tensor_memory, mutable, 1x128x128>
      %result_12, %token = ttng.tmem_load %126#1[] {ttg.partition = array<i32: 0>} : !ttg.memdesc<128x1xf32, #tmem1, #ttng.tensor_memory, mutable, 1x128x1> -> tensor<128x1xf32, #linear5>
      %127 = tt.reshape %result_12 {ttg.partition = array<i32: 0>} : tensor<128x1xf32, #linear5> -> tensor<128xf32, #linear6>
      %128 = ttg.convert_layout %127 {ttg.partition = array<i32: 0>} : tensor<128xf32, #linear6> -> tensor<128xf32, #ttg.slice<{dim = 1, parent = #linear}>>
      %129 = math.log2 %128 {ttg.partition = array<i32: 0>} : tensor<128xf32, #ttg.slice<{dim = 1, parent = #linear}>>
      %130 = nvws.semaphore.acquire %69 {ttg.partition = array<i32: 0>} : <[!ttg.memdesc<1x128x1xf32, #tmem1, #ttng.tensor_memory, mutable>, !ttg.memdesc<1x128x1xf32, #tmem1, #ttng.tensor_memory, mutable>, !ttg.memdesc<1x128x1xf32, #tmem1, #ttng.tensor_memory, mutable>, !ttg.memdesc<1x128x128xf32, #tmem, #ttng.tensor_memory, mutable>, !ttg.memdesc<1x128x128xf16, #tmem, #ttng.tensor_memory, mutable>]> -> !ttg.async.token
      %131:5 = nvws.semaphore.buffer %69, %130 {ttg.partition = array<i32: 0>} : <[!ttg.memdesc<1x128x1xf32, #tmem1, #ttng.tensor_memory, mutable>, !ttg.memdesc<1x128x1xf32, #tmem1, #ttng.tensor_memory, mutable>, !ttg.memdesc<1x128x1xf32, #tmem1, #ttng.tensor_memory, mutable>, !ttg.memdesc<1x128x128xf32, #tmem, #ttng.tensor_memory, mutable>, !ttg.memdesc<1x128x128xf16, #tmem, #ttng.tensor_memory, mutable>]>, !ttg.async.token -> !ttg.memdesc<128x1xf32, #tmem1, #ttng.tensor_memory, mutable, 1x128x1>, !ttg.memdesc<128x1xf32, #tmem1, #ttng.tensor_memory, mutable, 1x128x1>, !ttg.memdesc<128x1xf32, #tmem1, #ttng.tensor_memory, mutable, 1x128x1>, !ttg.memdesc<128x128xf32, #tmem, #ttng.tensor_memory, mutable, 1x128x128>, !ttg.memdesc<128x128xf16, #tmem, #ttng.tensor_memory, mutable, 1x128x128>
      %result_13, %token_14 = ttng.tmem_load %131#1[] {ttg.partition = array<i32: 0>} : !ttg.memdesc<128x1xf32, #tmem1, #ttng.tensor_memory, mutable, 1x128x1> -> tensor<128x1xf32, #linear5>
      %132 = tt.reshape %result_13 {ttg.partition = array<i32: 0>} : tensor<128x1xf32, #linear5> -> tensor<128xf32, #linear6>
      %133 = ttg.convert_layout %132 {ttg.partition = array<i32: 0>} : tensor<128xf32, #linear6> -> tensor<128xf32, #ttg.slice<{dim = 1, parent = #linear}>>
      %134 = math.log2 %133 {ttg.partition = array<i32: 0>} : tensor<128xf32, #ttg.slice<{dim = 1, parent = #linear}>>
      %result_15, %token_16 = ttng.tmem_load %126#2[] {ttg.partition = array<i32: 0>} : !ttg.memdesc<128x1xf32, #tmem1, #ttng.tensor_memory, mutable, 1x128x1> -> tensor<128x1xf32, #linear5>
      nvws.semaphore.release %44, %125 [#nvws.async_op<none>] {ttg.partition = array<i32: 0>} : <[!ttg.memdesc<1x128x1xf32, #tmem1, #ttng.tensor_memory, mutable>, !ttg.memdesc<1x128x1xf32, #tmem1, #ttng.tensor_memory, mutable>, !ttg.memdesc<1x128x1xf32, #tmem1, #ttng.tensor_memory, mutable>, !ttg.memdesc<1x128x128xf32, #tmem, #ttng.tensor_memory, mutable>, !ttg.memdesc<1x128x128xf16, #tmem, #ttng.tensor_memory, mutable>]>, !ttg.async.token
      %135 = tt.reshape %result_15 {ttg.partition = array<i32: 0>} : tensor<128x1xf32, #linear5> -> tensor<128xf32, #linear6>
      %136 = ttg.convert_layout %135 {ttg.partition = array<i32: 0>} : tensor<128xf32, #linear6> -> tensor<128xf32, #ttg.slice<{dim = 1, parent = #linear}>>
      %137 = arith.addf %136, %129 {ttg.partition = array<i32: 0>} : tensor<128xf32, #ttg.slice<{dim = 1, parent = #linear}>>
      %result_17, %token_18 = ttng.tmem_load %131#2[] {ttg.partition = array<i32: 0>} : !ttg.memdesc<128x1xf32, #tmem1, #ttng.tensor_memory, mutable, 1x128x1> -> tensor<128x1xf32, #linear5>
      nvws.semaphore.release %61, %130 [#nvws.async_op<none>] {ttg.partition = array<i32: 0>} : <[!ttg.memdesc<1x128x1xf32, #tmem1, #ttng.tensor_memory, mutable>, !ttg.memdesc<1x128x1xf32, #tmem1, #ttng.tensor_memory, mutable>, !ttg.memdesc<1x128x1xf32, #tmem1, #ttng.tensor_memory, mutable>, !ttg.memdesc<1x128x128xf32, #tmem, #ttng.tensor_memory, mutable>, !ttg.memdesc<1x128x128xf16, #tmem, #ttng.tensor_memory, mutable>]>, !ttg.async.token
      %138 = tt.reshape %result_17 {ttg.partition = array<i32: 0>} : tensor<128x1xf32, #linear5> -> tensor<128xf32, #linear6>
      %139 = ttg.convert_layout %138 {ttg.partition = array<i32: 0>} : tensor<128xf32, #linear6> -> tensor<128xf32, #ttg.slice<{dim = 1, parent = #linear}>>
      %140 = arith.addf %139, %134 {ttg.partition = array<i32: 0>} : tensor<128xf32, #ttg.slice<{dim = 1, parent = #linear}>>
      %141 = tt.expand_dims %128 {axis = 1 : i32, ttg.partition = array<i32: 0>} : tensor<128xf32, #ttg.slice<{dim = 1, parent = #linear}>> -> tensor<128x1xf32, #linear>
      %142 = tt.expand_dims %133 {axis = 1 : i32, ttg.partition = array<i32: 0>} : tensor<128xf32, #ttg.slice<{dim = 1, parent = #linear}>> -> tensor<128x1xf32, #linear>
      %143 = tt.broadcast %141 {ttg.partition = array<i32: 0>} : tensor<128x1xf32, #linear> -> tensor<128x128xf32, #linear>
      %144 = tt.broadcast %142 {ttg.partition = array<i32: 0>} : tensor<128x1xf32, #linear> -> tensor<128x128xf32, #linear>
      %145 = nvws.semaphore.buffer %76, %112#7 {ttg.partition = array<i32: 0>} : <[!ttg.memdesc<1x128x128xf32, #tmem, #ttng.tensor_memory, mutable>]>, !ttg.async.token -> !ttg.memdesc<128x128xf32, #tmem, #ttng.tensor_memory, mutable, 1x128x128>
      %result_19, %token_20 = ttng.tmem_load %145[] {tmem.end = array<i32: 10>, ttg.partition = array<i32: 0>} : !ttg.memdesc<128x128xf32, #tmem, #ttng.tensor_memory, mutable, 1x128x128> -> tensor<128x128xf32, #linear1>
      %146 = ttg.convert_layout %result_19 {ttg.partition = array<i32: 0>} : tensor<128x128xf32, #linear1> -> tensor<128x128xf32, #linear>
      %147 = nvws.semaphore.buffer %78, %112#8 {ttg.partition = array<i32: 0>} : <[!ttg.memdesc<1x128x128xf32, #tmem, #ttng.tensor_memory, mutable>]>, !ttg.async.token -> !ttg.memdesc<128x128xf32, #tmem, #ttng.tensor_memory, mutable, 1x128x128>
      %result_21, %token_22 = ttng.tmem_load %147[] {tmem.end = array<i32: 13>, ttg.partition = array<i32: 0>} : !ttg.memdesc<128x128xf32, #tmem, #ttng.tensor_memory, mutable, 1x128x128> -> tensor<128x128xf32, #linear1>
      %148 = ttg.convert_layout %result_21 {ttg.partition = array<i32: 0>} : tensor<128x128xf32, #linear1> -> tensor<128x128xf32, #linear>
      %149 = arith.divf %146, %143 {ttg.partition = array<i32: 0>} : tensor<128x128xf32, #linear>
      %150 = arith.divf %148, %144 {ttg.partition = array<i32: 0>} : tensor<128x128xf32, #linear>
      %151 = arith.muli %92, %c16384_i32 {ttg.partition = array<i32: 0, 1, 2, 3, 4, 5>} : i32
      %152 = tt.addptr %arg1, %151 {ttg.partition = array<i32: 0, 1, 2, 3, 4, 5>} : !tt.ptr<f32>, i32
      %153 = tt.splat %152 {ttg.partition = array<i32: 0>} : !tt.ptr<f32> -> tensor<128x!tt.ptr<f32>, #blocked>
      %154 = tt.splat %152 {ttg.partition = array<i32: 0>} : !tt.ptr<f32> -> tensor<128x!tt.ptr<f32>, #blocked>
      %155 = tt.addptr %153, %104 {ttg.partition = array<i32: 0>} : tensor<128x!tt.ptr<f32>, #blocked>, tensor<128xi32, #blocked>
      %156 = tt.addptr %154, %105 {ttg.partition = array<i32: 0>} : tensor<128x!tt.ptr<f32>, #blocked>, tensor<128xi32, #blocked>
      %157 = ttg.convert_layout %137 {ttg.partition = array<i32: 0>} : tensor<128xf32, #ttg.slice<{dim = 1, parent = #linear}>> -> tensor<128xf32, #blocked>
      %158 = ttg.convert_layout %140 {ttg.partition = array<i32: 0>} : tensor<128xf32, #ttg.slice<{dim = 1, parent = #linear}>> -> tensor<128xf32, #blocked>
      tt.store %155, %157 {ttg.partition = array<i32: 0>} : tensor<128x!tt.ptr<f32>, #blocked>
      tt.store %156, %158 {ttg.partition = array<i32: 0>} : tensor<128x!tt.ptr<f32>, #blocked>
      %159 = arith.truncf %149 {ttg.partition = array<i32: 0>} : tensor<128x128xf32, #linear> to tensor<128x128xf16, #linear>
      %160 = nvws.semaphore.buffer %71, %arg18 {ttg.partition = array<i32: 0>} : <[!ttg.memdesc<1x128x128xf16, #shared, #smem, mutable>]>, !ttg.async.token -> !ttg.memdesc<128x128xf16, #shared, #smem, mutable>
      ttg.local_store %159, %160 {ttg.partition = array<i32: 0>} : tensor<128x128xf16, #linear> -> !ttg.memdesc<128x128xf16, #shared, #smem, mutable>
      nvws.semaphore.release %72, %arg18 [#nvws.async_op<none>] {ttg.partition = array<i32: 0>} : <[!ttg.memdesc<1x128x128xf16, #shared, #smem, mutable>]>, !ttg.async.token
      %161 = arith.truncf %150 {ttg.partition = array<i32: 0>} : tensor<128x128xf32, #linear> to tensor<128x128xf16, #linear>
      %162 = nvws.semaphore.buffer %74, %arg19 {ttg.partition = array<i32: 0>} : <[!ttg.memdesc<1x128x128xf16, #shared, #smem, mutable>]>, !ttg.async.token -> !ttg.memdesc<128x128xf16, #shared, #smem, mutable>
      ttg.local_store %161, %162 {ttg.partition = array<i32: 0>} : tensor<128x128xf16, #linear> -> !ttg.memdesc<128x128xf16, #shared, #smem, mutable>
      nvws.semaphore.release %75, %arg19 [#nvws.async_op<none>] {ttg.partition = array<i32: 0>} : <[!ttg.memdesc<1x128x128xf16, #shared, #smem, mutable>]>, !ttg.async.token
      %163 = nvws.semaphore.acquire %72 {ttg.partition = array<i32: 2>} : <[!ttg.memdesc<1x128x128xf16, #shared, #smem, mutable>]> -> !ttg.async.token
      %164 = nvws.semaphore.buffer %72, %163 {ttg.partition = array<i32: 2>} : <[!ttg.memdesc<1x128x128xf16, #shared, #smem, mutable>]>, !ttg.async.token -> !ttg.memdesc<128x128xf16, #shared, #smem, mutable>
      %165 = ttg.local_load %164 {ttg.partition = array<i32: 2>} : !ttg.memdesc<128x128xf16, #shared, #smem, mutable> -> tensor<128x128xf16, #linear>
      nvws.semaphore.release %71, %163 [#nvws.async_op<none>] {ttg.partition = array<i32: 2>} : <[!ttg.memdesc<1x128x128xf16, #shared, #smem, mutable>]>, !ttg.async.token
      %166 = ttg.convert_layout %165 {ttg.partition = array<i32: 2>} : tensor<128x128xf16, #linear> -> tensor<128x128xf16, #blocked1>
      %167 = nvws.semaphore.acquire %75 {ttg.partition = array<i32: 2>} : <[!ttg.memdesc<1x128x128xf16, #shared, #smem, mutable>]> -> !ttg.async.token
      %168 = nvws.semaphore.buffer %75, %167 {ttg.partition = array<i32: 2>} : <[!ttg.memdesc<1x128x128xf16, #shared, #smem, mutable>]>, !ttg.async.token -> !ttg.memdesc<128x128xf16, #shared, #smem, mutable>
      %169 = ttg.local_load %168 {ttg.partition = array<i32: 2>} : !ttg.memdesc<128x128xf16, #shared, #smem, mutable> -> tensor<128x128xf16, #linear>
      nvws.semaphore.release %74, %167 [#nvws.async_op<none>] {ttg.partition = array<i32: 2>} : <[!ttg.memdesc<1x128x128xf16, #shared, #smem, mutable>]>, !ttg.async.token
      %170 = ttg.convert_layout %169 {ttg.partition = array<i32: 2>} : tensor<128x128xf16, #linear> -> tensor<128x128xf16, #blocked1>
      tt.descriptor_store %14[%99, %c0_i32], %166 {ttg.partition = array<i32: 2>} : !tt.tensordesc<tensor<128x128xf16, #shared>>, tensor<128x128xf16, #blocked1>
      tt.descriptor_store %15[%100, %c0_i32], %170 {ttg.partition = array<i32: 2>} : !tt.tensordesc<tensor<128x128xf16, #shared>>, tensor<128x128xf16, #blocked1>
      %171 = arith.addi %arg9, %1 {ttg.partition = array<i32: 0, 1, 2, 3, 4, 5>} : i32
      %172 = nvws.semaphore.acquire %44 {loop.cluster = 4 : i32, loop.stage = 0 : i32, ttg.partition = array<i32: 1>} : <[!ttg.memdesc<1x128x1xf32, #tmem1, #ttng.tensor_memory, mutable>, !ttg.memdesc<1x128x1xf32, #tmem1, #ttng.tensor_memory, mutable>, !ttg.memdesc<1x128x1xf32, #tmem1, #ttng.tensor_memory, mutable>, !ttg.memdesc<1x128x128xf32, #tmem, #ttng.tensor_memory, mutable>, !ttg.memdesc<1x128x128xf16, #tmem, #ttng.tensor_memory, mutable>]> -> !ttg.async.token
      %173 = nvws.semaphore.acquire %61 {loop.cluster = 2 : i32, loop.stage = 1 : i32, ttg.partition = array<i32: 1>} : <[!ttg.memdesc<1x128x1xf32, #tmem1, #ttng.tensor_memory, mutable>, !ttg.memdesc<1x128x1xf32, #tmem1, #ttng.tensor_memory, mutable>, !ttg.memdesc<1x128x1xf32, #tmem1, #ttng.tensor_memory, mutable>, !ttg.memdesc<1x128x128xf32, #tmem, #ttng.tensor_memory, mutable>, !ttg.memdesc<1x128x128xf16, #tmem, #ttng.tensor_memory, mutable>]> -> !ttg.async.token
      %174 = nvws.semaphore.acquire %25 {ttg.partition = array<i32: 3>} : <[!ttg.memdesc<1x128x128xf16, #shared, #smem, mutable>]> -> !ttg.async.token
      %175 = nvws.semaphore.acquire %28 {ttg.partition = array<i32: 3>} : <[!ttg.memdesc<1x128x128xf16, #shared, #smem, mutable>]> -> !ttg.async.token
      %176 = nvws.semaphore.acquire %71 {ttg.partition = array<i32: 0>} : <[!ttg.memdesc<1x128x128xf16, #shared, #smem, mutable>]> -> !ttg.async.token
      %177 = nvws.semaphore.acquire %74 {ttg.partition = array<i32: 0>} : <[!ttg.memdesc<1x128x128xf16, #shared, #smem, mutable>]> -> !ttg.async.token
      scf.yield {ttg.partition = array<i32: 0, 1, 2, 3, 4, 5>} %171, %172, %173, %112#7, %112#8, %174, %175, %112#9, %112#10, %176, %177 : i32, !ttg.async.token, !ttg.async.token, !ttg.async.token, !ttg.async.token, !ttg.async.token, !ttg.async.token, !ttg.async.token, !ttg.async.token, !ttg.async.token, !ttg.async.token
    } {tt.data_partition_factor = 2 : i32, tt.merge_epilogue = true, tt.separate_epilogue_store = true, tt.warp_specialize, ttg.partition = array<i32: 0, 1, 2, 3, 4, 5>, ttg.partition.outputs = [array<i32: 0, 1, 2, 3, 4, 5>, array<i32: 1>, array<i32: 1>, array<i32: 0>, array<i32: 0>, array<i32: 3>, array<i32: 3>, array<i32: 3>, array<i32: 3>, array<i32: 0>, array<i32: 0>], ttg.partition.stages = [0 : i32, 1 : i32, 0 : i32, 0 : i32, 0 : i32, 0 : i32], ttg.partition.types = ["correction", "gemm", "epilogue_store", "load", "computation", "computation"], ttg.warp_specialize.tag = 0 : i32}
    tt.return
  }
}

