#blocked = #ttg.blocked<{sizePerThread = [1, 128], threadsPerWarp = [32, 1], warpsPerCTA = [4, 1], order = [0, 1]}>
#shared = #ttg.nvmma_shared<{swizzlingByteWidth = 128, transposed = false, elementBitWidth = 16}>
#shared1 = #ttg.nvmma_shared<{swizzlingByteWidth = 128, transposed = true, elementBitWidth = 16}>
#smem = #ttg.shared_memory
#tmem = #ttng.tensor_memory_encoding<blockM = 128, blockN = 128, colStride = 1>
module attributes {"ttg.num-warps" = 4 : i32, ttg.target = "cuda:100"} {
  tt.func @root_entry_accumulator_adopts_without_semaphore_handoff(%arg0: i32, %arg1: !ttg.memdesc<128x64xf16, #shared, #smem>, %arg2: !ttg.memdesc<64x128xf16, #shared1, #smem>) {
    %cst = arith.constant dense<0.000000e+00> : tensor<128x128xf32, #blocked>
    %c0_i32 = arith.constant 0 : i32
    %c1_i32 = arith.constant 1 : i32
    %true = arith.constant true
    %result = ttng.tmem_alloc : () -> !ttg.memdesc<2x128x128xf32, #tmem, #ttng.tensor_memory, mutable>
    %0 = nvws.semaphore.create %result true {nvws.dag_pending_count = 1 : i32} : <[!ttg.memdesc<2x128x128xf32, #tmem, #ttng.tensor_memory, mutable>]>
    %1 = nvws.semaphore.create %result false {nvws.dag_pending_count = 1 : i32} : <[!ttg.memdesc<2x128x128xf32, #tmem, #ttng.tensor_memory, mutable>]>
    %2 = nvws.semaphore.create %result false {nvws.dag_pending_count = 1 : i32} : <[!ttg.memdesc<2x128x128xf32, #tmem, #ttng.tensor_memory, mutable>]>
    %3 = nvws.semaphore.acquire %0 : <[!ttg.memdesc<2x128x128xf32, #tmem, #ttng.tensor_memory, mutable>]> -> !ttg.async.token
    %4 = nvws.semaphore.buffer %0, %3 : <[!ttg.memdesc<2x128x128xf32, #tmem, #ttng.tensor_memory, mutable>]>, !ttg.async.token -> !ttg.memdesc<128x128xf32, #tmem, #ttng.tensor_memory, mutable, 2x128x128>
    %5 = ttng.tmem_store %cst, %4[], %true : tensor<128x128xf32, #blocked> -> !ttg.memdesc<128x128xf32, #tmem, #ttng.tensor_memory, mutable, 2x128x128>
    %6 = scf.for %arg3 = %c0_i32 to %arg0 step %c1_i32 iter_args(%arg4 = %3) -> (!ttg.async.token)  : i32 {
      %9 = nvws.semaphore.buffer %0, %arg4 {ttg.partition = array<i32: 1>} : <[!ttg.memdesc<2x128x128xf32, #tmem, #ttng.tensor_memory, mutable>]>, !ttg.async.token -> !ttg.memdesc<128x128xf32, #tmem, #ttng.tensor_memory, mutable, 2x128x128>
      %result_1, %token_2 = ttng.tmem_load %9[] {ttg.partition = array<i32: 1>} : !ttg.memdesc<128x128xf32, #tmem, #ttng.tensor_memory, mutable, 2x128x128> -> tensor<128x128xf32, #blocked>
      %10 = ttng.tmem_store %result_1, %9[], %true {ttg.partition = array<i32: 1>} : tensor<128x128xf32, #blocked> -> !ttg.memdesc<128x128xf32, #tmem, #ttng.tensor_memory, mutable, 2x128x128>
      nvws.semaphore.release %1, %arg4 [#nvws.async_op<none>] {ttg.partition = array<i32: 1>} : <[!ttg.memdesc<2x128x128xf32, #tmem, #ttng.tensor_memory, mutable>]>, !ttg.async.token
      %11 = nvws.semaphore.acquire %1 {ttg.partition = array<i32: 2>} : <[!ttg.memdesc<2x128x128xf32, #tmem, #ttng.tensor_memory, mutable>]> -> !ttg.async.token
      %12 = nvws.semaphore.buffer %1, %11 {ttg.partition = array<i32: 2>} : <[!ttg.memdesc<2x128x128xf32, #tmem, #ttng.tensor_memory, mutable>]>, !ttg.async.token -> !ttg.memdesc<128x128xf32, #tmem, #ttng.tensor_memory, mutable, 2x128x128>
      %13 = ttng.tc_gen5_mma %arg1, %arg2, %12[], %true, %true {ttg.partition = array<i32: 2>} : !ttg.memdesc<128x64xf16, #shared, #smem>, !ttg.memdesc<64x128xf16, #shared1, #smem>, !ttg.memdesc<128x128xf32, #tmem, #ttng.tensor_memory, mutable, 2x128x128>
      nvws.semaphore.release %0, %11 [#nvws.async_op<tc5mma>] {ttg.partition = array<i32: 2>} : <[!ttg.memdesc<2x128x128xf32, #tmem, #ttng.tensor_memory, mutable>]>, !ttg.async.token
      %14 = nvws.semaphore.acquire %0 {ttg.partition = array<i32: 1>} : <[!ttg.memdesc<2x128x128xf32, #tmem, #ttng.tensor_memory, mutable>]> -> !ttg.async.token
      scf.yield {ttg.partition = array<i32: 0, 1, 2>} %14 : !ttg.async.token
    } {tt.num_stages = 2 : i32, tt.warp_specialize, ttg.partition = array<i32: 0, 1, 2>, ttg.partition.outputs = [array<i32: 1>], ttg.partition.stages = [0 : i32, 0 : i32, 0 : i32], ttg.warp_specialize.tag = 0 : i32}
    nvws.semaphore.release %2, %6 [#nvws.async_op<none>] {ttg.partition = array<i32: 1>, ttg.warp_specialize.tag = 0 : i32} : <[!ttg.memdesc<2x128x128xf32, #tmem, #ttng.tensor_memory, mutable>]>, !ttg.async.token
    %7 = nvws.semaphore.acquire %2 : <[!ttg.memdesc<2x128x128xf32, #tmem, #ttng.tensor_memory, mutable>]> -> !ttg.async.token
    %8 = nvws.semaphore.buffer %2, %7 : <[!ttg.memdesc<2x128x128xf32, #tmem, #ttng.tensor_memory, mutable>]>, !ttg.async.token -> !ttg.memdesc<128x128xf32, #tmem, #ttng.tensor_memory, mutable, 2x128x128>
    %result_0, %token = ttng.tmem_load %8[] : !ttg.memdesc<128x128xf32, #tmem, #ttng.tensor_memory, mutable, 2x128x128> -> tensor<128x128xf32, #blocked>
    "use"(%result_0) : (tensor<128x128xf32, #blocked>) -> ()
    tt.return
  }
}

