#blocked = #ttg.blocked<{sizePerThread = [1, 128], threadsPerWarp = [32, 1], warpsPerCTA = [4, 1], order = [0, 1]}>
#shared = #ttg.nvmma_shared<{swizzlingByteWidth = 128, transposed = false, elementBitWidth = 16}>
#smem = #ttg.shared_memory
#tmem = #ttng.tensor_memory_encoding<blockM = 128, blockN = 128, colStride = 1>
module attributes {"ttg.num-warps" = 4 : i32, ttg.target = "cuda:100"} {
  tt.func @conditional_multi_result_if_token(%arg0: !ttg.memdesc<128x64xf16, #shared, #smem>, %arg1: !ttg.memdesc<64x128xf16, #shared, #smem>) {
    %c0_i32 = arith.constant 0 : i32
    %c1_i32 = arith.constant 1 : i32
    %c32_i32 = arith.constant 32 : i32
    %true = arith.constant true
    %false = arith.constant false
    %result = ttng.tmem_alloc : () -> !ttg.memdesc<2x128x128xf32, #tmem, #ttng.tensor_memory, mutable>
    %0 = nvws.semaphore.create %result true {nvws.dag_pending_count = 1 : i32} : <[!ttg.memdesc<2x128x128xf32, #tmem, #ttng.tensor_memory, mutable>]>
    %1 = nvws.semaphore.create %result false {nvws.dag_pending_count = 1 : i32} : <[!ttg.memdesc<2x128x128xf32, #tmem, #ttng.tensor_memory, mutable>]>
    %2 = nvws.semaphore.acquire %0 {ttg.partition = array<i32: 1>, ttg.warp_specialize.tag = 0 : i32} : <[!ttg.memdesc<2x128x128xf32, #tmem, #ttng.tensor_memory, mutable>]> -> !ttg.async.token
    %3:3 = scf.for %arg2 = %c0_i32 to %c32_i32 step %c1_i32 iter_args(%arg3 = %false, %arg4 = %c0_i32, %arg5 = %2) -> (i1, i32, !ttg.async.token)  : i32 {
      %4 = nvws.semaphore.buffer %0, %arg5 {ttg.partition = array<i32: 1>} : <[!ttg.memdesc<2x128x128xf32, #tmem, #ttng.tensor_memory, mutable>]>, !ttg.async.token -> !ttg.memdesc<128x128xf32, #tmem, #ttng.tensor_memory, mutable, 2x128x128>
      %5 = ttng.tc_gen5_mma %arg0, %arg1, %4[], %arg3, %true {ttg.partition = array<i32: 1>} : !ttg.memdesc<128x64xf16, #shared, #smem>, !ttg.memdesc<64x128xf16, #shared, #smem>, !ttg.memdesc<128x128xf32, #tmem, #ttng.tensor_memory, mutable, 2x128x128>
      %6 = arith.cmpi eq, %arg2, %c0_i32 {ttg.partition = array<i32: 0, 1>} : i32
      scf.if %6 {
        nvws.semaphore.release %1, %arg5 [#nvws.async_op<tc5mma>] {ttg.partition = array<i32: 1>} : <[!ttg.memdesc<2x128x128xf32, #tmem, #ttng.tensor_memory, mutable>]>, !ttg.async.token
      } {ttg.partition = array<i32: 1>}
      %7 = ub.poison : !ttg.async.token
      %8:3 = scf.if %6 -> (i32, i1, !ttg.async.token) {
        %11 = nvws.semaphore.acquire %1 {ttg.partition = array<i32: 0>} : <[!ttg.memdesc<2x128x128xf32, #tmem, #ttng.tensor_memory, mutable>]> -> !ttg.async.token
        %12 = nvws.semaphore.buffer %1, %11 {ttg.partition = array<i32: 0>} : <[!ttg.memdesc<2x128x128xf32, #tmem, #ttng.tensor_memory, mutable>]>, !ttg.async.token -> !ttg.memdesc<128x128xf32, #tmem, #ttng.tensor_memory, mutable, 2x128x128>
        %result_0, %token = ttng.tmem_load %12[] {ttg.partition = array<i32: 0>} : !ttg.memdesc<128x128xf32, #tmem, #ttng.tensor_memory, mutable, 2x128x128> -> tensor<128x128xf32, #blocked>
        nvws.semaphore.release %0, %11 [#nvws.async_op<none>] {ttg.partition = array<i32: 0>} : <[!ttg.memdesc<2x128x128xf32, #tmem, #ttng.tensor_memory, mutable>]>, !ttg.async.token
        "acc_user"(%result_0) {ttg.partition = array<i32: 0>} : (tensor<128x128xf32, #blocked>) -> ()
        scf.yield {ttg.partition = array<i32: 0, 1>} %arg2, %true, %7 : i32, i1, !ttg.async.token
      } else {
        scf.yield {ttg.partition = array<i32: 0, 1>} %arg4, %arg3, %7 : i32, i1, !ttg.async.token
      } {ttg.partition = array<i32: 0, 1>, ttg.partition.outputs = [array<i32: 0>, array<i32: 0>, array<i32: 1>]}
      %9 = scf.if %6 -> (!ttg.async.token) {
        %11 = nvws.semaphore.acquire %0 {ttg.partition = array<i32: 1>} : <[!ttg.memdesc<2x128x128xf32, #tmem, #ttng.tensor_memory, mutable>]> -> !ttg.async.token
        scf.yield {ttg.partition = array<i32: 1>} %11 : !ttg.async.token
      } else {
        scf.yield {ttg.partition = array<i32: 1>} %arg5 : !ttg.async.token
      } {ttg.partition = array<i32: 1>, ttg.partition.outputs = [array<i32: 1>]}
      %10 = arith.addi %8#0, %c1_i32 {ttg.partition = array<i32: 0, 1>} : i32
      scf.yield {ttg.partition = array<i32: 0, 1>} %8#1, %10, %9 : i1, i32, !ttg.async.token
    } {tt.num_stages = 2 : i32, tt.warp_specialize, ttg.partition = array<i32: 0, 1>, ttg.partition.outputs = [array<i32: 1>, array<i32: 0>, array<i32: 1>], ttg.partition.stages = [0 : i32, 1 : i32], ttg.warp_specialize.tag = 0 : i32}
    tt.return
  }
  tt.func @guarded_tokenless_if_deferred_initial_acquire(%arg0: !ttg.memdesc<128x64xf16, #shared, #smem>, %arg1: !ttg.memdesc<64x128xf16, #shared, #smem>, %arg2: i1) {
    %c0_i32 = arith.constant 0 : i32
    %c1_i32 = arith.constant 1 : i32
    %c4_i32 = arith.constant 4 : i32
    %true = arith.constant true
    %false = arith.constant false
    %result = ttng.tmem_alloc : () -> !ttg.memdesc<2x128x128xf32, #tmem, #ttng.tensor_memory, mutable>
    %0 = nvws.semaphore.create %result true {nvws.dag_pending_count = 1 : i32} : <[!ttg.memdesc<2x128x128xf32, #tmem, #ttng.tensor_memory, mutable>]>
    %1 = nvws.semaphore.create %result false {nvws.dag_pending_count = 1 : i32} : <[!ttg.memdesc<2x128x128xf32, #tmem, #ttng.tensor_memory, mutable>]>
    scf.if %arg2 {
      %2 = nvws.semaphore.acquire %0 {ttg.partition = array<i32: 1>, ttg.warp_specialize.tag = 1 : i32} : <[!ttg.memdesc<2x128x128xf32, #tmem, #ttng.tensor_memory, mutable>]> -> !ttg.async.token
      %3 = scf.for %arg3 = %c0_i32 to %c4_i32 step %c1_i32 iter_args(%arg4 = %2) -> (!ttg.async.token)  : i32 {
        %4 = nvws.semaphore.buffer %0, %arg4 {ttg.partition = array<i32: 1>} : <[!ttg.memdesc<2x128x128xf32, #tmem, #ttng.tensor_memory, mutable>]>, !ttg.async.token -> !ttg.memdesc<128x128xf32, #tmem, #ttng.tensor_memory, mutable, 2x128x128>
        %5 = ttng.tc_gen5_mma %arg0, %arg1, %4[], %false, %true {ttg.partition = array<i32: 1>} : !ttg.memdesc<128x64xf16, #shared, #smem>, !ttg.memdesc<64x128xf16, #shared, #smem>, !ttg.memdesc<128x128xf32, #tmem, #ttng.tensor_memory, mutable, 2x128x128>
        nvws.semaphore.release %1, %arg4 [#nvws.async_op<tc5mma>] {ttg.partition = array<i32: 1>} : <[!ttg.memdesc<2x128x128xf32, #tmem, #ttng.tensor_memory, mutable>]>, !ttg.async.token
        %6 = nvws.semaphore.acquire %1 {ttg.partition = array<i32: 0>} : <[!ttg.memdesc<2x128x128xf32, #tmem, #ttng.tensor_memory, mutable>]> -> !ttg.async.token
        %7 = nvws.semaphore.buffer %1, %6 {ttg.partition = array<i32: 0>} : <[!ttg.memdesc<2x128x128xf32, #tmem, #ttng.tensor_memory, mutable>]>, !ttg.async.token -> !ttg.memdesc<128x128xf32, #tmem, #ttng.tensor_memory, mutable, 2x128x128>
        %result_0, %token = ttng.tmem_load %7[] {ttg.partition = array<i32: 0>} : !ttg.memdesc<128x128xf32, #tmem, #ttng.tensor_memory, mutable, 2x128x128> -> tensor<128x128xf32, #blocked>
        nvws.semaphore.release %0, %6 [#nvws.async_op<none>] {ttg.partition = array<i32: 0>} : <[!ttg.memdesc<2x128x128xf32, #tmem, #ttng.tensor_memory, mutable>]>, !ttg.async.token
        "acc_user"(%result_0) {ttg.partition = array<i32: 0>} : (tensor<128x128xf32, #blocked>) -> ()
        %8 = nvws.semaphore.acquire %0 {ttg.partition = array<i32: 1>} : <[!ttg.memdesc<2x128x128xf32, #tmem, #ttng.tensor_memory, mutable>]> -> !ttg.async.token
        scf.yield {ttg.partition = array<i32: 0, 1>} %8 : !ttg.async.token
      } {tt.num_stages = 2 : i32, tt.warp_specialize, ttg.partition = array<i32: 0, 1>, ttg.partition.outputs = [array<i32: 1>], ttg.partition.stages = [0 : i32, 1 : i32], ttg.warp_specialize.tag = 1 : i32}
    }
    tt.return
  }
}

