#blocked = #ttg.blocked<{sizePerThread = [2], threadsPerWarp = [32], warpsPerCTA = [4], order = [0]}>
#blocked1 = #ttg.blocked<{sizePerThread = [1, 8], threadsPerWarp = [2, 16], warpsPerCTA = [4, 1], order = [1, 0]}>
#linear = #ttg.linear<{register = [[0, 1], [0, 2], [0, 4], [0, 8], [0, 16], [0, 32], [0, 64], [128, 0]], lane = [[1, 0], [2, 0], [4, 0], [8, 0], [16, 0]], warp = [[32, 0], [64, 0]], block = []}>
#linear1 = #ttg.linear<{register = [[0, 1], [0, 2], [0, 4], [0, 8], [0, 16], [0, 32], [0, 64]], lane = [[1, 0], [2, 0], [4, 0], [8, 0], [16, 0]], warp = [[32, 0], [64, 0]], block = []}>
#linear2 = #ttg.linear<{register = [[0, 0, 1], [0, 0, 2], [0, 0, 4], [0, 0, 8], [0, 0, 16], [0, 0, 32], [0, 1, 0], [128, 0, 0]], lane = [[1, 0, 0], [2, 0, 0], [4, 0, 0], [8, 0, 0], [16, 0, 0]], warp = [[32, 0, 0], [64, 0, 0]], block = []}>
#linear3 = #ttg.linear<{register = [[0, 1, 0], [0, 2, 0], [0, 4, 0], [0, 8, 0], [0, 16, 0], [0, 32, 0], [0, 0, 1], [128, 0, 0]], lane = [[1, 0, 0], [2, 0, 0], [4, 0, 0], [8, 0, 0], [16, 0, 0]], warp = [[32, 0, 0], [64, 0, 0]], block = []}>
#linear4 = #ttg.linear<{register = [[0, 1], [0, 2], [0, 4], [0, 8], [0, 16], [0, 32], [128, 0]], lane = [[1, 0], [2, 0], [4, 0], [8, 0], [16, 0]], warp = [[32, 0], [64, 0]], block = []}>
#linear5 = #ttg.linear<{register = [], lane = [[1, 0], [2, 0], [4, 0], [8, 0], [16, 0]], warp = [[32, 0], [64, 0]], block = []}>
#linear6 = #ttg.linear<{register = [], lane = [[1], [2], [4], [8], [16]], warp = [[32], [64]], block = []}>
#shared = #ttg.nvmma_shared<{swizzlingByteWidth = 128, transposed = false, elementBitWidth = 16}>
#shared1 = #ttg.nvmma_shared<{swizzlingByteWidth = 128, transposed = true, elementBitWidth = 16}>
#smem = #ttg.shared_memory
#tmem = #ttng.tensor_memory_encoding<blockM = 128, blockN = 128, colStride = 1>
#tmem1 = #ttng.tensor_memory_encoding<blockM = 128, blockN = 1, colStride = 1>
module attributes {"ttg.cluster-dim-x" = 1 : i32, "ttg.cluster-dim-y" = 1 : i32, "ttg.cluster-dim-z" = 1 : i32, ttg.max_reg_auto_ws = 152 : i32, ttg.maxnreg = 128 : i32, ttg.min_reg_auto_ws = 24 : i32, "ttg.num-ctas" = 1 : i32, "ttg.num-warps" = 4 : i32, ttg.target = "cuda:100", "ttg.threads-per-warp" = 32 : i32} {
  tt.func public @_attn_fwd_persist(%arg0: f32, %arg1: !tt.ptr<f32> {tt.divisibility = 16 : i32}, %arg2: i32, %arg3: i32 {tt.divisibility = 16 : i32}, %arg4: !tt.ptr<f16> {tt.divisibility = 16 : i32}, %arg5: !tt.ptr<f16> {tt.divisibility = 16 : i32}, %arg6: !tt.ptr<f16> {tt.divisibility = 16 : i32}, %arg7: !tt.ptr<f16> {tt.divisibility = 16 : i32}) attributes {noinline = false} {
    %false = arith.constant false
    %true = arith.constant true
    %c64_i32 = arith.constant 64 : i32
    %c1_i32 = arith.constant 1 : i32
    %c16384_i32 = arith.constant 16384 : i32
    %c128_i32 = arith.constant 128 : i32
    %c128_i64 = arith.constant 128 : i64
    %c1_i64 = arith.constant 1 : i64
    %c0_i32 = arith.constant 0 : i32
    %c256_i32 = arith.constant 256 : i32
    %cst = arith.constant 1.44269502 : f32
    %cst_0 = arith.constant dense<0.000000e+00> : tensor<128x128xf32, #linear>
    %cst_1 = arith.constant dense<0xFF800000> : tensor<128xf32, #ttg.slice<{dim = 1, parent = #linear}>>
    %cst_2 = arith.constant dense<1.000000e+00> : tensor<128xf32, #ttg.slice<{dim = 1, parent = #linear}>>
    %0 = tt.get_program_id x : i32
    %1 = tt.get_num_programs x : i32
    %2 = arith.muli %arg2, %c64_i32 : i32
    %3 = arith.muli %2, %arg3 : i32
    %4 = arith.divsi %3, %1 : i32
    %5 = arith.remsi %3, %1 : i32
    %6 = arith.cmpi slt, %0, %5 : i32
    %7 = scf.if %6 -> (i32) {
      %87 = arith.addi %4, %c1_i32 : i32
      scf.yield %87 : i32
    } else {
      scf.yield %4 : i32
    }
    %8 = arith.muli %arg2, %arg3 : i32
    %9 = arith.muli %8, %c16384_i32 : i32
    %10 = tt.make_tensor_descriptor %arg4, [%9, %c128_i32], [%c128_i64, %c1_i64] : !tt.ptr<f16>, !tt.tensordesc<tensor<128x128xf16, #shared>>
    %11 = tt.make_tensor_descriptor %arg5, [%9, %c128_i32], [%c128_i64, %c1_i64] : !tt.ptr<f16>, !tt.tensordesc<tensor<128x128xf16, #shared>>
    %12 = tt.make_tensor_descriptor %arg6, [%9, %c128_i32], [%c128_i64, %c1_i64] : !tt.ptr<f16>, !tt.tensordesc<tensor<128x128xf16, #shared>>
    %13 = tt.make_tensor_descriptor %arg7, [%9, %c128_i32], [%c128_i64, %c1_i64] : !tt.ptr<f16>, !tt.tensordesc<tensor<128x128xf16, #shared>>
    %14 = arith.muli %arg3, %c16384_i32 : i32
    %15 = tt.make_range {end = 128 : i32, start = 0 : i32} : tensor<128xi32, #blocked>
    %16 = tt.make_range {end = 256 : i32, start = 128 : i32} : tensor<128xi32, #blocked>
    %17 = arith.mulf %arg0, %cst : f32
    %18 = tt.splat %17 : f32 -> tensor<128xf32, #ttg.slice<{dim = 1, parent = #linear}>>
    %19 = tt.splat %17 : f32 -> tensor<128x128xf32, #linear>
    %20 = ttg.local_alloc : () -> !ttg.memdesc<1x128x128xf16, #shared, #smem, mutable>
    %21 = nvws.semaphore.create %20 true {nvws.dag_pending_count = 1 : i32} : <[!ttg.memdesc<1x128x128xf16, #shared, #smem, mutable>]>
    %22 = nvws.semaphore.create %20 false {nvws.dag_pending_count = 1 : i32} : <[!ttg.memdesc<1x128x128xf16, #shared, #smem, mutable>]>
    %23 = ttg.local_alloc : () -> !ttg.memdesc<1x128x128xf16, #shared, #smem, mutable>
    %24 = nvws.semaphore.create %23 true {nvws.dag_pending_count = 1 : i32} : <[!ttg.memdesc<1x128x128xf16, #shared, #smem, mutable>]>
    %25 = nvws.semaphore.create %23 false {nvws.dag_pending_count = 1 : i32} : <[!ttg.memdesc<1x128x128xf16, #shared, #smem, mutable>]>
    %26 = ttg.local_alloc : () -> !ttg.memdesc<1x128x128xf16, #shared, #smem, mutable>
    %27 = nvws.semaphore.create %26 true {nvws.dag_pending_count = 1 : i32} : <[!ttg.memdesc<1x128x128xf16, #shared, #smem, mutable>]>
    %28 = nvws.semaphore.create %26 false {nvws.dag_pending_count = 1 : i32} : <[!ttg.memdesc<1x128x128xf16, #shared, #smem, mutable>]>
    %29 = ttg.local_alloc : () -> !ttg.memdesc<1x128x128xf16, #shared, #smem, mutable>
    %30 = nvws.semaphore.create %29 true {nvws.dag_pending_count = 1 : i32} : <[!ttg.memdesc<1x128x128xf16, #shared, #smem, mutable>]>
    %31 = nvws.semaphore.create %29 false {nvws.dag_pending_count = 1 : i32} : <[!ttg.memdesc<1x128x128xf16, #shared, #smem, mutable>]>
    %result = ttng.tmem_alloc {buffer.copy = 1 : i32, buffer.id = 4 : i32, buffer.offset = 0 : i32} : () -> !ttg.memdesc<1x128x128xf32, #tmem, #ttng.tensor_memory, mutable>
    %32 = ttng.tmem_subslice %result {N = 0 : i32} : !ttg.memdesc<1x128x128xf32, #tmem, #ttng.tensor_memory, mutable> -> !ttg.memdesc<1x128x128xf32, #tmem, #ttng.tensor_memory, mutable>
    %33 = ttg.memdesc_reinterpret %32 : !ttg.memdesc<1x128x128xf32, #tmem, #ttng.tensor_memory, mutable> -> !ttg.memdesc<1x128x128xf16, #tmem, #ttng.tensor_memory, mutable>
    %34 = ttng.tmem_subslice %result {N = 65 : i32} : !ttg.memdesc<1x128x128xf32, #tmem, #ttng.tensor_memory, mutable> -> !ttg.memdesc<1x128x1xf32, #tmem1, #ttng.tensor_memory, mutable, 1x128x128>
    %35 = ttg.memdesc_reinterpret %34 : !ttg.memdesc<1x128x1xf32, #tmem1, #ttng.tensor_memory, mutable, 1x128x128> -> !ttg.memdesc<1x128x1xf32, #tmem1, #ttng.tensor_memory, mutable>
    %36 = ttng.tmem_subslice %result {N = 66 : i32} : !ttg.memdesc<1x128x128xf32, #tmem, #ttng.tensor_memory, mutable> -> !ttg.memdesc<1x128x1xf32, #tmem1, #ttng.tensor_memory, mutable, 1x128x128>
    %37 = ttg.memdesc_reinterpret %36 : !ttg.memdesc<1x128x1xf32, #tmem1, #ttng.tensor_memory, mutable, 1x128x128> -> !ttg.memdesc<1x128x1xf32, #tmem1, #ttng.tensor_memory, mutable>
    %38 = ttng.tmem_subslice %result {N = 64 : i32} : !ttg.memdesc<1x128x128xf32, #tmem, #ttng.tensor_memory, mutable> -> !ttg.memdesc<1x128x1xf32, #tmem1, #ttng.tensor_memory, mutable, 1x128x128>
    %39 = ttg.memdesc_reinterpret %38 : !ttg.memdesc<1x128x1xf32, #tmem1, #ttng.tensor_memory, mutable, 1x128x128> -> !ttg.memdesc<1x128x1xf32, #tmem1, #ttng.tensor_memory, mutable>
    %40 = nvws.semaphore.create %39, %37, %35, %result, %33 true {nvws.dag_pending_count = 2 : i32} : <[!ttg.memdesc<1x128x1xf32, #tmem1, #ttng.tensor_memory, mutable>, !ttg.memdesc<1x128x1xf32, #tmem1, #ttng.tensor_memory, mutable>, !ttg.memdesc<1x128x1xf32, #tmem1, #ttng.tensor_memory, mutable>, !ttg.memdesc<1x128x128xf32, #tmem, #ttng.tensor_memory, mutable>, !ttg.memdesc<1x128x128xf16, #tmem, #ttng.tensor_memory, mutable>]>
    %41 = nvws.semaphore.create %39, %37, %35, %result, %33 false {nvws.dag_pending_count = 1 : i32} : <[!ttg.memdesc<1x128x1xf32, #tmem1, #ttng.tensor_memory, mutable>, !ttg.memdesc<1x128x1xf32, #tmem1, #ttng.tensor_memory, mutable>, !ttg.memdesc<1x128x1xf32, #tmem1, #ttng.tensor_memory, mutable>, !ttg.memdesc<1x128x128xf32, #tmem, #ttng.tensor_memory, mutable>, !ttg.memdesc<1x128x128xf16, #tmem, #ttng.tensor_memory, mutable>]>
    %42 = nvws.semaphore.create %39, %37, %35, %result, %33 false {nvws.dag_pending_count = 1 : i32} : <[!ttg.memdesc<1x128x1xf32, #tmem1, #ttng.tensor_memory, mutable>, !ttg.memdesc<1x128x1xf32, #tmem1, #ttng.tensor_memory, mutable>, !ttg.memdesc<1x128x1xf32, #tmem1, #ttng.tensor_memory, mutable>, !ttg.memdesc<1x128x128xf32, #tmem, #ttng.tensor_memory, mutable>, !ttg.memdesc<1x128x128xf16, #tmem, #ttng.tensor_memory, mutable>]>
    %43 = nvws.semaphore.create %39, %37, %35, %result, %33 false {nvws.dag_pending_count = 1 : i32} : <[!ttg.memdesc<1x128x1xf32, #tmem1, #ttng.tensor_memory, mutable>, !ttg.memdesc<1x128x1xf32, #tmem1, #ttng.tensor_memory, mutable>, !ttg.memdesc<1x128x1xf32, #tmem1, #ttng.tensor_memory, mutable>, !ttg.memdesc<1x128x128xf32, #tmem, #ttng.tensor_memory, mutable>, !ttg.memdesc<1x128x128xf16, #tmem, #ttng.tensor_memory, mutable>]>
    %44 = nvws.semaphore.create %39, %37, %35, %result, %33 false {nvws.dag_pending_count = 1 : i32} : <[!ttg.memdesc<1x128x1xf32, #tmem1, #ttng.tensor_memory, mutable>, !ttg.memdesc<1x128x1xf32, #tmem1, #ttng.tensor_memory, mutable>, !ttg.memdesc<1x128x1xf32, #tmem1, #ttng.tensor_memory, mutable>, !ttg.memdesc<1x128x128xf32, #tmem, #ttng.tensor_memory, mutable>, !ttg.memdesc<1x128x128xf16, #tmem, #ttng.tensor_memory, mutable>]>
    %45 = nvws.semaphore.create %39, %37, %35, %result, %33 false {nvws.dag_pending_count = 2 : i32} : <[!ttg.memdesc<1x128x1xf32, #tmem1, #ttng.tensor_memory, mutable>, !ttg.memdesc<1x128x1xf32, #tmem1, #ttng.tensor_memory, mutable>, !ttg.memdesc<1x128x1xf32, #tmem1, #ttng.tensor_memory, mutable>, !ttg.memdesc<1x128x128xf32, #tmem, #ttng.tensor_memory, mutable>, !ttg.memdesc<1x128x128xf16, #tmem, #ttng.tensor_memory, mutable>]>
    %46 = nvws.semaphore.create %39, %37, %35, %result, %33 false {nvws.dag_pending_count = 1 : i32} : <[!ttg.memdesc<1x128x1xf32, #tmem1, #ttng.tensor_memory, mutable>, !ttg.memdesc<1x128x1xf32, #tmem1, #ttng.tensor_memory, mutable>, !ttg.memdesc<1x128x1xf32, #tmem1, #ttng.tensor_memory, mutable>, !ttg.memdesc<1x128x128xf32, #tmem, #ttng.tensor_memory, mutable>, !ttg.memdesc<1x128x128xf16, #tmem, #ttng.tensor_memory, mutable>]>
    %47 = nvws.semaphore.create %39, %37, %35, %result, %33 false {nvws.dag_pending_count = 1 : i32} : <[!ttg.memdesc<1x128x1xf32, #tmem1, #ttng.tensor_memory, mutable>, !ttg.memdesc<1x128x1xf32, #tmem1, #ttng.tensor_memory, mutable>, !ttg.memdesc<1x128x1xf32, #tmem1, #ttng.tensor_memory, mutable>, !ttg.memdesc<1x128x128xf32, #tmem, #ttng.tensor_memory, mutable>, !ttg.memdesc<1x128x128xf16, #tmem, #ttng.tensor_memory, mutable>]>
    %48 = nvws.semaphore.create %39, %37, %35, %result, %33 false {nvws.dag_pending_count = 1 : i32} : <[!ttg.memdesc<1x128x1xf32, #tmem1, #ttng.tensor_memory, mutable>, !ttg.memdesc<1x128x1xf32, #tmem1, #ttng.tensor_memory, mutable>, !ttg.memdesc<1x128x1xf32, #tmem1, #ttng.tensor_memory, mutable>, !ttg.memdesc<1x128x128xf32, #tmem, #ttng.tensor_memory, mutable>, !ttg.memdesc<1x128x128xf16, #tmem, #ttng.tensor_memory, mutable>]>
    %result_3 = ttng.tmem_alloc {buffer.copy = 1 : i32, buffer.id = 5 : i32, buffer.offset = 0 : i32} : () -> !ttg.memdesc<1x128x128xf32, #tmem, #ttng.tensor_memory, mutable>
    %49 = ttng.tmem_subslice %result_3 {N = 0 : i32} : !ttg.memdesc<1x128x128xf32, #tmem, #ttng.tensor_memory, mutable> -> !ttg.memdesc<1x128x128xf32, #tmem, #ttng.tensor_memory, mutable>
    %50 = ttg.memdesc_reinterpret %49 : !ttg.memdesc<1x128x128xf32, #tmem, #ttng.tensor_memory, mutable> -> !ttg.memdesc<1x128x128xf16, #tmem, #ttng.tensor_memory, mutable>
    %51 = ttng.tmem_subslice %result_3 {N = 65 : i32} : !ttg.memdesc<1x128x128xf32, #tmem, #ttng.tensor_memory, mutable> -> !ttg.memdesc<1x128x1xf32, #tmem1, #ttng.tensor_memory, mutable, 1x128x128>
    %52 = ttg.memdesc_reinterpret %51 : !ttg.memdesc<1x128x1xf32, #tmem1, #ttng.tensor_memory, mutable, 1x128x128> -> !ttg.memdesc<1x128x1xf32, #tmem1, #ttng.tensor_memory, mutable>
    %53 = ttng.tmem_subslice %result_3 {N = 66 : i32} : !ttg.memdesc<1x128x128xf32, #tmem, #ttng.tensor_memory, mutable> -> !ttg.memdesc<1x128x1xf32, #tmem1, #ttng.tensor_memory, mutable, 1x128x128>
    %54 = ttg.memdesc_reinterpret %53 : !ttg.memdesc<1x128x1xf32, #tmem1, #ttng.tensor_memory, mutable, 1x128x128> -> !ttg.memdesc<1x128x1xf32, #tmem1, #ttng.tensor_memory, mutable>
    %55 = ttng.tmem_subslice %result_3 {N = 64 : i32} : !ttg.memdesc<1x128x128xf32, #tmem, #ttng.tensor_memory, mutable> -> !ttg.memdesc<1x128x1xf32, #tmem1, #ttng.tensor_memory, mutable, 1x128x128>
    %56 = ttg.memdesc_reinterpret %55 : !ttg.memdesc<1x128x1xf32, #tmem1, #ttng.tensor_memory, mutable, 1x128x128> -> !ttg.memdesc<1x128x1xf32, #tmem1, #ttng.tensor_memory, mutable>
    %57 = nvws.semaphore.create %56, %54, %52, %result_3, %50 true {nvws.dag_pending_count = 2 : i32} : <[!ttg.memdesc<1x128x1xf32, #tmem1, #ttng.tensor_memory, mutable>, !ttg.memdesc<1x128x1xf32, #tmem1, #ttng.tensor_memory, mutable>, !ttg.memdesc<1x128x1xf32, #tmem1, #ttng.tensor_memory, mutable>, !ttg.memdesc<1x128x128xf32, #tmem, #ttng.tensor_memory, mutable>, !ttg.memdesc<1x128x128xf16, #tmem, #ttng.tensor_memory, mutable>]>
    %58 = nvws.semaphore.create %56, %54, %52, %result_3, %50 false {nvws.dag_pending_count = 1 : i32} : <[!ttg.memdesc<1x128x1xf32, #tmem1, #ttng.tensor_memory, mutable>, !ttg.memdesc<1x128x1xf32, #tmem1, #ttng.tensor_memory, mutable>, !ttg.memdesc<1x128x1xf32, #tmem1, #ttng.tensor_memory, mutable>, !ttg.memdesc<1x128x128xf32, #tmem, #ttng.tensor_memory, mutable>, !ttg.memdesc<1x128x128xf16, #tmem, #ttng.tensor_memory, mutable>]>
    %59 = nvws.semaphore.create %56, %54, %52, %result_3, %50 false {nvws.dag_pending_count = 1 : i32} : <[!ttg.memdesc<1x128x1xf32, #tmem1, #ttng.tensor_memory, mutable>, !ttg.memdesc<1x128x1xf32, #tmem1, #ttng.tensor_memory, mutable>, !ttg.memdesc<1x128x1xf32, #tmem1, #ttng.tensor_memory, mutable>, !ttg.memdesc<1x128x128xf32, #tmem, #ttng.tensor_memory, mutable>, !ttg.memdesc<1x128x128xf16, #tmem, #ttng.tensor_memory, mutable>]>
    %60 = nvws.semaphore.create %56, %54, %52, %result_3, %50 false {nvws.dag_pending_count = 1 : i32} : <[!ttg.memdesc<1x128x1xf32, #tmem1, #ttng.tensor_memory, mutable>, !ttg.memdesc<1x128x1xf32, #tmem1, #ttng.tensor_memory, mutable>, !ttg.memdesc<1x128x1xf32, #tmem1, #ttng.tensor_memory, mutable>, !ttg.memdesc<1x128x128xf32, #tmem, #ttng.tensor_memory, mutable>, !ttg.memdesc<1x128x128xf16, #tmem, #ttng.tensor_memory, mutable>]>
    %61 = nvws.semaphore.create %56, %54, %52, %result_3, %50 false {nvws.dag_pending_count = 1 : i32} : <[!ttg.memdesc<1x128x1xf32, #tmem1, #ttng.tensor_memory, mutable>, !ttg.memdesc<1x128x1xf32, #tmem1, #ttng.tensor_memory, mutable>, !ttg.memdesc<1x128x1xf32, #tmem1, #ttng.tensor_memory, mutable>, !ttg.memdesc<1x128x128xf32, #tmem, #ttng.tensor_memory, mutable>, !ttg.memdesc<1x128x128xf16, #tmem, #ttng.tensor_memory, mutable>]>
    %62 = nvws.semaphore.create %56, %54, %52, %result_3, %50 false {nvws.dag_pending_count = 2 : i32} : <[!ttg.memdesc<1x128x1xf32, #tmem1, #ttng.tensor_memory, mutable>, !ttg.memdesc<1x128x1xf32, #tmem1, #ttng.tensor_memory, mutable>, !ttg.memdesc<1x128x1xf32, #tmem1, #ttng.tensor_memory, mutable>, !ttg.memdesc<1x128x128xf32, #tmem, #ttng.tensor_memory, mutable>, !ttg.memdesc<1x128x128xf16, #tmem, #ttng.tensor_memory, mutable>]>
    %63 = nvws.semaphore.create %56, %54, %52, %result_3, %50 false {nvws.dag_pending_count = 1 : i32} : <[!ttg.memdesc<1x128x1xf32, #tmem1, #ttng.tensor_memory, mutable>, !ttg.memdesc<1x128x1xf32, #tmem1, #ttng.tensor_memory, mutable>, !ttg.memdesc<1x128x1xf32, #tmem1, #ttng.tensor_memory, mutable>, !ttg.memdesc<1x128x128xf32, #tmem, #ttng.tensor_memory, mutable>, !ttg.memdesc<1x128x128xf16, #tmem, #ttng.tensor_memory, mutable>]>
    %64 = nvws.semaphore.create %56, %54, %52, %result_3, %50 false {nvws.dag_pending_count = 1 : i32} : <[!ttg.memdesc<1x128x1xf32, #tmem1, #ttng.tensor_memory, mutable>, !ttg.memdesc<1x128x1xf32, #tmem1, #ttng.tensor_memory, mutable>, !ttg.memdesc<1x128x1xf32, #tmem1, #ttng.tensor_memory, mutable>, !ttg.memdesc<1x128x128xf32, #tmem, #ttng.tensor_memory, mutable>, !ttg.memdesc<1x128x128xf16, #tmem, #ttng.tensor_memory, mutable>]>
    %65 = nvws.semaphore.create %56, %54, %52, %result_3, %50 false {nvws.dag_pending_count = 1 : i32} : <[!ttg.memdesc<1x128x1xf32, #tmem1, #ttng.tensor_memory, mutable>, !ttg.memdesc<1x128x1xf32, #tmem1, #ttng.tensor_memory, mutable>, !ttg.memdesc<1x128x1xf32, #tmem1, #ttng.tensor_memory, mutable>, !ttg.memdesc<1x128x128xf32, #tmem, #ttng.tensor_memory, mutable>, !ttg.memdesc<1x128x128xf16, #tmem, #ttng.tensor_memory, mutable>]>
    %66 = ttg.local_alloc : () -> !ttg.memdesc<1x128x128xf16, #shared, #smem, mutable>
    %67 = nvws.semaphore.create %66 true {nvws.dag_pending_count = 1 : i32} : <[!ttg.memdesc<1x128x128xf16, #shared, #smem, mutable>]>
    %68 = nvws.semaphore.create %66 false {nvws.dag_pending_count = 1 : i32} : <[!ttg.memdesc<1x128x128xf16, #shared, #smem, mutable>]>
    %69 = ttg.local_alloc : () -> !ttg.memdesc<1x128x128xf16, #shared, #smem, mutable>
    %70 = nvws.semaphore.create %69 true {nvws.dag_pending_count = 1 : i32} : <[!ttg.memdesc<1x128x128xf16, #shared, #smem, mutable>]>
    %71 = nvws.semaphore.create %69 false {nvws.dag_pending_count = 1 : i32} : <[!ttg.memdesc<1x128x128xf16, #shared, #smem, mutable>]>
    %result_4 = ttng.tmem_alloc {buffer.copy = 1 : i32, buffer.id = 2 : i32, buffer.offset = 0 : i32} : () -> !ttg.memdesc<1x128x128xf32, #tmem, #ttng.tensor_memory, mutable>
    %72 = nvws.semaphore.create %result_4 true {nvws.dag_pending_count = 1 : i32} : <[!ttg.memdesc<1x128x128xf32, #tmem, #ttng.tensor_memory, mutable>]>
    %73 = nvws.semaphore.create %result_4 false {nvws.dag_pending_count = 1 : i32} : <[!ttg.memdesc<1x128x128xf32, #tmem, #ttng.tensor_memory, mutable>]>
    %result_5 = ttng.tmem_alloc {buffer.copy = 1 : i32, buffer.id = 3 : i32, buffer.offset = 0 : i32} : () -> !ttg.memdesc<1x128x128xf32, #tmem, #ttng.tensor_memory, mutable>
    %74 = nvws.semaphore.create %result_5 true {nvws.dag_pending_count = 1 : i32} : <[!ttg.memdesc<1x128x128xf32, #tmem, #ttng.tensor_memory, mutable>]>
    %75 = nvws.semaphore.create %result_5 false {nvws.dag_pending_count = 1 : i32} : <[!ttg.memdesc<1x128x128xf32, #tmem, #ttng.tensor_memory, mutable>]>
    %76 = nvws.semaphore.acquire %40 {ttg.partition = array<i32: 1>, ttg.warp_specialize.tag = 0 : i32} : <[!ttg.memdesc<1x128x1xf32, #tmem1, #ttng.tensor_memory, mutable>, !ttg.memdesc<1x128x1xf32, #tmem1, #ttng.tensor_memory, mutable>, !ttg.memdesc<1x128x1xf32, #tmem1, #ttng.tensor_memory, mutable>, !ttg.memdesc<1x128x128xf32, #tmem, #ttng.tensor_memory, mutable>, !ttg.memdesc<1x128x128xf16, #tmem, #ttng.tensor_memory, mutable>]> -> !ttg.async.token
    %77 = nvws.semaphore.acquire %57 {ttg.partition = array<i32: 1>, ttg.warp_specialize.tag = 0 : i32} : <[!ttg.memdesc<1x128x1xf32, #tmem1, #ttng.tensor_memory, mutable>, !ttg.memdesc<1x128x1xf32, #tmem1, #ttng.tensor_memory, mutable>, !ttg.memdesc<1x128x1xf32, #tmem1, #ttng.tensor_memory, mutable>, !ttg.memdesc<1x128x128xf32, #tmem, #ttng.tensor_memory, mutable>, !ttg.memdesc<1x128x128xf16, #tmem, #ttng.tensor_memory, mutable>]> -> !ttg.async.token
    %78 = nvws.semaphore.acquire %72 {ttg.partition = array<i32: 0>, ttg.warp_specialize.tag = 0 : i32} : <[!ttg.memdesc<1x128x128xf32, #tmem, #ttng.tensor_memory, mutable>]> -> !ttg.async.token
    %79 = nvws.semaphore.acquire %74 {ttg.partition = array<i32: 0>, ttg.warp_specialize.tag = 0 : i32} : <[!ttg.memdesc<1x128x128xf32, #tmem, #ttng.tensor_memory, mutable>]> -> !ttg.async.token
    %80 = nvws.semaphore.acquire %21 {ttg.partition = array<i32: 3>, ttg.warp_specialize.tag = 0 : i32} : <[!ttg.memdesc<1x128x128xf16, #shared, #smem, mutable>]> -> !ttg.async.token
    %81 = nvws.semaphore.acquire %24 {ttg.partition = array<i32: 3>, ttg.warp_specialize.tag = 0 : i32} : <[!ttg.memdesc<1x128x128xf16, #shared, #smem, mutable>]> -> !ttg.async.token
    %82 = nvws.semaphore.acquire %27 {ttg.partition = array<i32: 3>, ttg.warp_specialize.tag = 0 : i32} : <[!ttg.memdesc<1x128x128xf16, #shared, #smem, mutable>]> -> !ttg.async.token
    %83 = nvws.semaphore.acquire %30 {ttg.partition = array<i32: 3>, ttg.warp_specialize.tag = 0 : i32} : <[!ttg.memdesc<1x128x128xf16, #shared, #smem, mutable>]> -> !ttg.async.token
    %84 = nvws.semaphore.acquire %67 {ttg.partition = array<i32: 0>, ttg.warp_specialize.tag = 0 : i32} : <[!ttg.memdesc<1x128x128xf16, #shared, #smem, mutable>]> -> !ttg.async.token
    %85 = nvws.semaphore.acquire %70 {ttg.partition = array<i32: 0>, ttg.warp_specialize.tag = 0 : i32} : <[!ttg.memdesc<1x128x128xf16, #shared, #smem, mutable>]> -> !ttg.async.token
    %86:11 = scf.for %arg8 = %c0_i32 to %7 step %c1_i32 iter_args(%arg9 = %0, %arg10 = %76, %arg11 = %77, %arg12 = %78, %arg13 = %79, %arg14 = %80, %arg15 = %81, %arg16 = %82, %arg17 = %83, %arg18 = %84, %arg19 = %85) -> (i32, !ttg.async.token, !ttg.async.token, !ttg.async.token, !ttg.async.token, !ttg.async.token, !ttg.async.token, !ttg.async.token, !ttg.async.token, !ttg.async.token, !ttg.async.token)  : i32 {
      %87 = arith.remsi %arg9, %c64_i32 {ttg.partition = array<i32: 0, 1, 2, 3, 4, 5>} : i32
      %88 = arith.divsi %arg9, %c64_i32 {ttg.partition = array<i32: 0, 1, 2, 3, 4, 5>} : i32
      %89 = arith.divsi %88, %arg3 {ttg.partition = array<i32: 0, 1, 2, 3, 4, 5>} : i32
      %90 = arith.remsi %88, %arg3 {ttg.partition = array<i32: 0, 1, 2, 3, 4, 5>} : i32
      %91 = arith.muli %89, %14 {ttg.partition = array<i32: 0, 1, 2, 3, 4, 5>} : i32
      %92 = arith.muli %90, %c16384_i32 {ttg.partition = array<i32: 0, 1, 2, 3, 4, 5>} : i32
      %93 = arith.addi %91, %92 {ttg.partition = array<i32: 0, 1, 2, 3, 4, 5>} : i32
      %94 = arith.muli %87, %c256_i32 {ttg.partition = array<i32: 0, 2, 3>} : i32
      %95 = arith.addi %93, %94 {ttg.partition = array<i32: 2, 3>} : i32
      %96 = arith.addi %95, %c128_i32 {ttg.partition = array<i32: 2>} : i32
      %97 = arith.addi %95, %c128_i32 {ttg.partition = array<i32: 3>} : i32
      %98 = tt.splat %94 {ttg.partition = array<i32: 0, 2, 3>} : i32 -> tensor<128xi32, #blocked>
      %99 = arith.addi %98, %15 {ttg.partition = array<i32: 0>} : tensor<128xi32, #blocked>
      %100 = arith.addi %98, %16 {ttg.partition = array<i32: 0>} : tensor<128xi32, #blocked>
      %101 = nvws.semaphore.buffer %21, %arg14 {ttg.partition = array<i32: 3>} : <[!ttg.memdesc<1x128x128xf16, #shared, #smem, mutable>]>, !ttg.async.token -> !ttg.memdesc<128x128xf16, #shared, #smem, mutable>
      nvws.descriptor_load %10[%95, %c0_i32] 32768 %101 {ttg.partition = array<i32: 3>} : !tt.tensordesc<tensor<128x128xf16, #shared>>, i32, i32, !ttg.memdesc<128x128xf16, #shared, #smem, mutable>
      nvws.semaphore.release %22, %arg14 [#nvws.async_op<tma_load>] {ttg.partition = array<i32: 3>} : <[!ttg.memdesc<1x128x128xf16, #shared, #smem, mutable>]>, !ttg.async.token
      %102 = nvws.semaphore.buffer %24, %arg15 {ttg.partition = array<i32: 3>} : <[!ttg.memdesc<1x128x128xf16, #shared, #smem, mutable>]>, !ttg.async.token -> !ttg.memdesc<128x128xf16, #shared, #smem, mutable>
      nvws.descriptor_load %10[%97, %c0_i32] 32768 %102 {ttg.partition = array<i32: 3>} : !tt.tensordesc<tensor<128x128xf16, #shared>>, i32, i32, !ttg.memdesc<128x128xf16, #shared, #smem, mutable>
      nvws.semaphore.release %25, %arg15 [#nvws.async_op<tma_load>] {ttg.partition = array<i32: 3>} : <[!ttg.memdesc<1x128x128xf16, #shared, #smem, mutable>]>, !ttg.async.token
      %103 = nvws.semaphore.buffer %72, %arg12 {ttg.partition = array<i32: 0>} : <[!ttg.memdesc<1x128x128xf32, #tmem, #ttng.tensor_memory, mutable>]>, !ttg.async.token -> !ttg.memdesc<128x128xf32, #tmem, #ttng.tensor_memory, mutable, 1x128x128>
      %true_6 = arith.constant {ttg.partition = array<i32: 0>} true
      ttng.tmem_store %cst_0, %103, %true_6 {ttg.partition = array<i32: 0>} : tensor<128x128xf32, #linear> -> !ttg.memdesc<128x128xf32, #tmem, #ttng.tensor_memory, mutable, 1x128x128>
      %104 = nvws.semaphore.buffer %74, %arg13 {ttg.partition = array<i32: 0>} : <[!ttg.memdesc<1x128x128xf32, #tmem, #ttng.tensor_memory, mutable>]>, !ttg.async.token -> !ttg.memdesc<128x128xf32, #tmem, #ttng.tensor_memory, mutable, 1x128x128>
      ttng.tmem_store %cst_0, %104, %true_6 {ttg.partition = array<i32: 0>} : tensor<128x128xf32, #linear> -> !ttg.memdesc<128x128xf32, #tmem, #ttng.tensor_memory, mutable, 1x128x128>
      %105 = nvws.semaphore.acquire %22 {ttg.partition = array<i32: 1>} : <[!ttg.memdesc<1x128x128xf16, #shared, #smem, mutable>]> -> !ttg.async.token
      %106 = nvws.semaphore.acquire %25 {ttg.partition = array<i32: 1>} : <[!ttg.memdesc<1x128x128xf16, #shared, #smem, mutable>]> -> !ttg.async.token
      %107:11 = scf.for %arg20 = %c0_i32 to %c16384_i32 step %c128_i32 iter_args(%arg21 = %93, %arg22 = %cst_2, %arg23 = %cst_1, %arg24 = %cst_2, %arg25 = %cst_1, %arg26 = %arg10, %arg27 = %arg11, %arg28 = %arg12, %arg29 = %arg13, %arg30 = %arg16, %arg31 = %arg17) -> (i32, tensor<128xf32, #ttg.slice<{dim = 1, parent = #linear}>>, tensor<128xf32, #ttg.slice<{dim = 1, parent = #linear}>>, tensor<128xf32, #ttg.slice<{dim = 1, parent = #linear}>>, tensor<128xf32, #ttg.slice<{dim = 1, parent = #linear}>>, !ttg.async.token, !ttg.async.token, !ttg.async.token, !ttg.async.token, !ttg.async.token, !ttg.async.token)  : i32 {
        %172 = nvws.semaphore.buffer %27, %arg30 {loop.cluster = 1 : i32, loop.stage = 0 : i32, ttg.partition = array<i32: 3>} : <[!ttg.memdesc<1x128x128xf16, #shared, #smem, mutable>]>, !ttg.async.token -> !ttg.memdesc<128x128xf16, #shared, #smem, mutable>
        nvws.descriptor_load %11[%arg21, %c0_i32] 32768 %172 {loop.cluster = 1 : i32, loop.stage = 0 : i32, ttg.partition = array<i32: 3>} : !tt.tensordesc<tensor<128x128xf16, #shared>>, i32, i32, !ttg.memdesc<128x128xf16, #shared, #smem, mutable>
        nvws.semaphore.release %28, %arg30 [#nvws.async_op<tma_load>] {loop.cluster = 1 : i32, loop.stage = 0 : i32, ttg.partition = array<i32: 3>} : <[!ttg.memdesc<1x128x128xf16, #shared, #smem, mutable>]>, !ttg.async.token
        %173 = nvws.semaphore.buffer %30, %arg31 {loop.cluster = 4 : i32, loop.stage = 0 : i32, ttg.partition = array<i32: 3>} : <[!ttg.memdesc<1x128x128xf16, #shared, #smem, mutable>]>, !ttg.async.token -> !ttg.memdesc<128x128xf16, #shared, #smem, mutable>
        nvws.descriptor_load %12[%arg21, %c0_i32] 32768 %173 {loop.cluster = 4 : i32, loop.stage = 0 : i32, ttg.partition = array<i32: 3>} : !tt.tensordesc<tensor<128x128xf16, #shared>>, i32, i32, !ttg.memdesc<128x128xf16, #shared, #smem, mutable>
        nvws.semaphore.release %31, %arg31 [#nvws.async_op<tma_load>] {loop.cluster = 4 : i32, loop.stage = 0 : i32, ttg.partition = array<i32: 3>} : <[!ttg.memdesc<1x128x128xf16, #shared, #smem, mutable>]>, !ttg.async.token
        %174:5 = nvws.semaphore.buffer %40, %arg26 {loop.cluster = 1 : i32, loop.stage = 0 : i32, ttg.partition = array<i32: 1>} : <[!ttg.memdesc<1x128x1xf32, #tmem1, #ttng.tensor_memory, mutable>, !ttg.memdesc<1x128x1xf32, #tmem1, #ttng.tensor_memory, mutable>, !ttg.memdesc<1x128x1xf32, #tmem1, #ttng.tensor_memory, mutable>, !ttg.memdesc<1x128x128xf32, #tmem, #ttng.tensor_memory, mutable>, !ttg.memdesc<1x128x128xf16, #tmem, #ttng.tensor_memory, mutable>]>, !ttg.async.token -> !ttg.memdesc<128x1xf32, #tmem1, #ttng.tensor_memory, mutable, 1x128x1>, !ttg.memdesc<128x1xf32, #tmem1, #ttng.tensor_memory, mutable, 1x128x1>, !ttg.memdesc<128x1xf32, #tmem1, #ttng.tensor_memory, mutable, 1x128x1>, !ttg.memdesc<128x128xf32, #tmem, #ttng.tensor_memory, mutable, 1x128x128>, !ttg.memdesc<128x128xf16, #tmem, #ttng.tensor_memory, mutable, 1x128x128>
        %175 = nvws.semaphore.buffer %22, %105 {loop.cluster = 1 : i32, loop.stage = 0 : i32, ttg.partition = array<i32: 1>} : <[!ttg.memdesc<1x128x128xf16, #shared, #smem, mutable>]>, !ttg.async.token -> !ttg.memdesc<128x128xf16, #shared, #smem, mutable>
        %176 = nvws.semaphore.acquire %28 {loop.cluster = 1 : i32, loop.stage = 0 : i32, ttg.partition = array<i32: 1>} : <[!ttg.memdesc<1x128x128xf16, #shared, #smem, mutable>]> -> !ttg.async.token
        %177 = nvws.semaphore.buffer %28, %176 {loop.cluster = 1 : i32, loop.stage = 0 : i32, ttg.partition = array<i32: 1>} : <[!ttg.memdesc<1x128x128xf16, #shared, #smem, mutable>]>, !ttg.async.token -> !ttg.memdesc<128x128xf16, #shared, #smem, mutable>
        %178 = ttg.memdesc_reinterpret %177 {loop.cluster = 1 : i32, loop.stage = 0 : i32, ttg.partition = array<i32: 1>} : !ttg.memdesc<128x128xf16, #shared, #smem, mutable> -> !ttg.memdesc<128x128xf16, #shared, #smem, mutable>
        %179 = ttg.memdesc_trans %178 {loop.cluster = 1 : i32, loop.stage = 0 : i32, order = array<i32: 1, 0>, ttg.partition = array<i32: 1>} : !ttg.memdesc<128x128xf16, #shared, #smem, mutable> -> !ttg.memdesc<128x128xf16, #shared1, #smem, mutable>
        %180 = ttng.tc_gen5_mma %175, %179, %174#3[], %false, %true {loop.cluster = 1 : i32, loop.stage = 0 : i32, tt.self_latency = 1 : i32, ttg.partition = array<i32: 1>} : !ttg.memdesc<128x128xf16, #shared, #smem, mutable>, !ttg.memdesc<128x128xf16, #shared1, #smem, mutable>, !ttg.memdesc<128x128xf32, #tmem, #ttng.tensor_memory, mutable, 1x128x128>
        nvws.semaphore.release %41, %arg26 [#nvws.async_op<tc5mma>] {loop.cluster = 1 : i32, loop.stage = 0 : i32, ttg.partition = array<i32: 1>} : <[!ttg.memdesc<1x128x1xf32, #tmem1, #ttng.tensor_memory, mutable>, !ttg.memdesc<1x128x1xf32, #tmem1, #ttng.tensor_memory, mutable>, !ttg.memdesc<1x128x1xf32, #tmem1, #ttng.tensor_memory, mutable>, !ttg.memdesc<1x128x128xf32, #tmem, #ttng.tensor_memory, mutable>, !ttg.memdesc<1x128x128xf16, #tmem, #ttng.tensor_memory, mutable>]>, !ttg.async.token
        nvws.semaphore.release %43, %arg26 [#nvws.async_op<tc5mma>] {loop.cluster = 1 : i32, loop.stage = 0 : i32, ttg.partition = array<i32: 1>} : <[!ttg.memdesc<1x128x1xf32, #tmem1, #ttng.tensor_memory, mutable>, !ttg.memdesc<1x128x1xf32, #tmem1, #ttng.tensor_memory, mutable>, !ttg.memdesc<1x128x1xf32, #tmem1, #ttng.tensor_memory, mutable>, !ttg.memdesc<1x128x128xf32, #tmem, #ttng.tensor_memory, mutable>, !ttg.memdesc<1x128x128xf16, #tmem, #ttng.tensor_memory, mutable>]>, !ttg.async.token
        %181:5 = nvws.semaphore.buffer %57, %arg27 {loop.cluster = 3 : i32, loop.stage = 0 : i32, ttg.partition = array<i32: 1>} : <[!ttg.memdesc<1x128x1xf32, #tmem1, #ttng.tensor_memory, mutable>, !ttg.memdesc<1x128x1xf32, #tmem1, #ttng.tensor_memory, mutable>, !ttg.memdesc<1x128x1xf32, #tmem1, #ttng.tensor_memory, mutable>, !ttg.memdesc<1x128x128xf32, #tmem, #ttng.tensor_memory, mutable>, !ttg.memdesc<1x128x128xf16, #tmem, #ttng.tensor_memory, mutable>]>, !ttg.async.token -> !ttg.memdesc<128x1xf32, #tmem1, #ttng.tensor_memory, mutable, 1x128x1>, !ttg.memdesc<128x1xf32, #tmem1, #ttng.tensor_memory, mutable, 1x128x1>, !ttg.memdesc<128x1xf32, #tmem1, #ttng.tensor_memory, mutable, 1x128x1>, !ttg.memdesc<128x128xf32, #tmem, #ttng.tensor_memory, mutable, 1x128x128>, !ttg.memdesc<128x128xf16, #tmem, #ttng.tensor_memory, mutable, 1x128x128>
        %182 = nvws.semaphore.buffer %25, %106 {loop.cluster = 3 : i32, loop.stage = 0 : i32, ttg.partition = array<i32: 1>} : <[!ttg.memdesc<1x128x128xf16, #shared, #smem, mutable>]>, !ttg.async.token -> !ttg.memdesc<128x128xf16, #shared, #smem, mutable>
        %183 = ttng.tc_gen5_mma %182, %179, %181#3[], %false, %true {loop.cluster = 3 : i32, loop.stage = 0 : i32, tt.self_latency = 1 : i32, ttg.partition = array<i32: 1>} : !ttg.memdesc<128x128xf16, #shared, #smem, mutable>, !ttg.memdesc<128x128xf16, #shared1, #smem, mutable>, !ttg.memdesc<128x128xf32, #tmem, #ttng.tensor_memory, mutable, 1x128x128>
        nvws.semaphore.release %27, %176 [#nvws.async_op<tc5mma>] {loop.cluster = 3 : i32, loop.stage = 0 : i32, ttg.partition = array<i32: 1>} : <[!ttg.memdesc<1x128x128xf16, #shared, #smem, mutable>]>, !ttg.async.token
        nvws.semaphore.release %58, %arg27 [#nvws.async_op<tc5mma>] {loop.cluster = 3 : i32, loop.stage = 0 : i32, ttg.partition = array<i32: 1>} : <[!ttg.memdesc<1x128x1xf32, #tmem1, #ttng.tensor_memory, mutable>, !ttg.memdesc<1x128x1xf32, #tmem1, #ttng.tensor_memory, mutable>, !ttg.memdesc<1x128x1xf32, #tmem1, #ttng.tensor_memory, mutable>, !ttg.memdesc<1x128x128xf32, #tmem, #ttng.tensor_memory, mutable>, !ttg.memdesc<1x128x128xf16, #tmem, #ttng.tensor_memory, mutable>]>, !ttg.async.token
        nvws.semaphore.release %60, %arg27 [#nvws.async_op<tc5mma>] {loop.cluster = 3 : i32, loop.stage = 0 : i32, ttg.partition = array<i32: 1>} : <[!ttg.memdesc<1x128x1xf32, #tmem1, #ttng.tensor_memory, mutable>, !ttg.memdesc<1x128x1xf32, #tmem1, #ttng.tensor_memory, mutable>, !ttg.memdesc<1x128x1xf32, #tmem1, #ttng.tensor_memory, mutable>, !ttg.memdesc<1x128x128xf32, #tmem, #ttng.tensor_memory, mutable>, !ttg.memdesc<1x128x128xf16, #tmem, #ttng.tensor_memory, mutable>]>, !ttg.async.token
        %184 = nvws.semaphore.acquire %41 {loop.cluster = 4 : i32, loop.stage = 0 : i32, ttg.partition = array<i32: 5>} : <[!ttg.memdesc<1x128x1xf32, #tmem1, #ttng.tensor_memory, mutable>, !ttg.memdesc<1x128x1xf32, #tmem1, #ttng.tensor_memory, mutable>, !ttg.memdesc<1x128x1xf32, #tmem1, #ttng.tensor_memory, mutable>, !ttg.memdesc<1x128x128xf32, #tmem, #ttng.tensor_memory, mutable>, !ttg.memdesc<1x128x128xf16, #tmem, #ttng.tensor_memory, mutable>]> -> !ttg.async.token
        %185:5 = nvws.semaphore.buffer %41, %184 {loop.cluster = 4 : i32, loop.stage = 0 : i32, ttg.partition = array<i32: 5>} : <[!ttg.memdesc<1x128x1xf32, #tmem1, #ttng.tensor_memory, mutable>, !ttg.memdesc<1x128x1xf32, #tmem1, #ttng.tensor_memory, mutable>, !ttg.memdesc<1x128x1xf32, #tmem1, #ttng.tensor_memory, mutable>, !ttg.memdesc<1x128x128xf32, #tmem, #ttng.tensor_memory, mutable>, !ttg.memdesc<1x128x128xf16, #tmem, #ttng.tensor_memory, mutable>]>, !ttg.async.token -> !ttg.memdesc<128x1xf32, #tmem1, #ttng.tensor_memory, mutable, 1x128x1>, !ttg.memdesc<128x1xf32, #tmem1, #ttng.tensor_memory, mutable, 1x128x1>, !ttg.memdesc<128x1xf32, #tmem1, #ttng.tensor_memory, mutable, 1x128x1>, !ttg.memdesc<128x128xf32, #tmem, #ttng.tensor_memory, mutable, 1x128x128>, !ttg.memdesc<128x128xf16, #tmem, #ttng.tensor_memory, mutable, 1x128x128>
        %result_20, %token_21 = ttng.tmem_load %185#3[] {loop.cluster = 4 : i32, loop.stage = 0 : i32, ttg.partition = array<i32: 5>} : !ttg.memdesc<128x128xf32, #tmem, #ttng.tensor_memory, mutable, 1x128x128> -> tensor<128x128xf32, #linear1>
        %186 = ttg.convert_layout %result_20 {loop.cluster = 4 : i32, loop.stage = 0 : i32, ttg.partition = array<i32: 5>} : tensor<128x128xf32, #linear1> -> tensor<128x128xf32, #linear>
        %187 = nvws.semaphore.acquire %58 {loop.cluster = 2 : i32, loop.stage = 1 : i32, ttg.partition = array<i32: 4>} : <[!ttg.memdesc<1x128x1xf32, #tmem1, #ttng.tensor_memory, mutable>, !ttg.memdesc<1x128x1xf32, #tmem1, #ttng.tensor_memory, mutable>, !ttg.memdesc<1x128x1xf32, #tmem1, #ttng.tensor_memory, mutable>, !ttg.memdesc<1x128x128xf32, #tmem, #ttng.tensor_memory, mutable>, !ttg.memdesc<1x128x128xf16, #tmem, #ttng.tensor_memory, mutable>]> -> !ttg.async.token
        %188:5 = nvws.semaphore.buffer %58, %187 {loop.cluster = 2 : i32, loop.stage = 1 : i32, ttg.partition = array<i32: 4>} : <[!ttg.memdesc<1x128x1xf32, #tmem1, #ttng.tensor_memory, mutable>, !ttg.memdesc<1x128x1xf32, #tmem1, #ttng.tensor_memory, mutable>, !ttg.memdesc<1x128x1xf32, #tmem1, #ttng.tensor_memory, mutable>, !ttg.memdesc<1x128x128xf32, #tmem, #ttng.tensor_memory, mutable>, !ttg.memdesc<1x128x128xf16, #tmem, #ttng.tensor_memory, mutable>]>, !ttg.async.token -> !ttg.memdesc<128x1xf32, #tmem1, #ttng.tensor_memory, mutable, 1x128x1>, !ttg.memdesc<128x1xf32, #tmem1, #ttng.tensor_memory, mutable, 1x128x1>, !ttg.memdesc<128x1xf32, #tmem1, #ttng.tensor_memory, mutable, 1x128x1>, !ttg.memdesc<128x128xf32, #tmem, #ttng.tensor_memory, mutable, 1x128x128>, !ttg.memdesc<128x128xf16, #tmem, #ttng.tensor_memory, mutable, 1x128x128>
        %result_22, %token_23 = ttng.tmem_load %188#3[] {loop.cluster = 2 : i32, loop.stage = 1 : i32, ttg.partition = array<i32: 4>} : !ttg.memdesc<128x128xf32, #tmem, #ttng.tensor_memory, mutable, 1x128x128> -> tensor<128x128xf32, #linear1>
        %189 = ttg.convert_layout %result_22 {loop.cluster = 2 : i32, loop.stage = 1 : i32, ttg.partition = array<i32: 4>} : tensor<128x128xf32, #linear1> -> tensor<128x128xf32, #linear>
        %190 = "tt.reduce"(%186) <{axis = 1 : i32, reduction_ordering = "unordered"}> ({
        ^bb0(%arg32: f32, %arg33: f32):
          %275 = arith.maxnumf %arg32, %arg33 {ttg.partition = array<i32: 5>} : f32
          tt.reduce.return %275 {ttg.partition = array<i32: 5>} : f32
        }) {loop.cluster = 4 : i32, loop.stage = 0 : i32, ttg.partition = array<i32: 5>, ttg.partition.outputs = [array<i32: 5>]} : (tensor<128x128xf32, #linear>) -> tensor<128xf32, #ttg.slice<{dim = 1, parent = #linear}>>
        %191 = "tt.reduce"(%189) <{axis = 1 : i32, reduction_ordering = "unordered"}> ({
        ^bb0(%arg32: f32, %arg33: f32):
          %275 = arith.maxnumf %arg32, %arg33 {ttg.partition = array<i32: 4>} : f32
          tt.reduce.return %275 {ttg.partition = array<i32: 4>} : f32
        }) {loop.cluster = 2 : i32, loop.stage = 1 : i32, ttg.partition = array<i32: 4>, ttg.partition.outputs = [array<i32: 4>]} : (tensor<128x128xf32, #linear>) -> tensor<128xf32, #ttg.slice<{dim = 1, parent = #linear}>>
        %192 = arith.mulf %190, %18 {loop.cluster = 4 : i32, loop.stage = 0 : i32, ttg.partition = array<i32: 5>} : tensor<128xf32, #ttg.slice<{dim = 1, parent = #linear}>>
        %193 = arith.mulf %191, %18 {loop.cluster = 2 : i32, loop.stage = 1 : i32, ttg.partition = array<i32: 4>} : tensor<128xf32, #ttg.slice<{dim = 1, parent = #linear}>>
        %194 = arith.maxnumf %arg23, %192 {loop.cluster = 4 : i32, loop.stage = 0 : i32, ttg.partition = array<i32: 5>} : tensor<128xf32, #ttg.slice<{dim = 1, parent = #linear}>>
        %195 = arith.maxnumf %arg25, %193 {loop.cluster = 2 : i32, loop.stage = 1 : i32, ttg.partition = array<i32: 4>} : tensor<128xf32, #ttg.slice<{dim = 1, parent = #linear}>>
        %196 = arith.mulf %186, %19 {loop.cluster = 4 : i32, loop.stage = 0 : i32, ttg.partition = array<i32: 5>} : tensor<128x128xf32, #linear>
        %197 = arith.mulf %189, %19 {loop.cluster = 2 : i32, loop.stage = 1 : i32, ttg.partition = array<i32: 4>} : tensor<128x128xf32, #linear>
        %198 = tt.expand_dims %194 {axis = 1 : i32, loop.cluster = 4 : i32, loop.stage = 0 : i32, ttg.partition = array<i32: 5>} : tensor<128xf32, #ttg.slice<{dim = 1, parent = #linear}>> -> tensor<128x1xf32, #linear>
        %199 = tt.expand_dims %195 {axis = 1 : i32, loop.cluster = 2 : i32, loop.stage = 1 : i32, ttg.partition = array<i32: 4>} : tensor<128xf32, #ttg.slice<{dim = 1, parent = #linear}>> -> tensor<128x1xf32, #linear>
        %200 = tt.broadcast %198 {loop.cluster = 4 : i32, loop.stage = 0 : i32, ttg.partition = array<i32: 5>} : tensor<128x1xf32, #linear> -> tensor<128x128xf32, #linear>
        %201 = tt.broadcast %199 {loop.cluster = 2 : i32, loop.stage = 1 : i32, ttg.partition = array<i32: 4>} : tensor<128x1xf32, #linear> -> tensor<128x128xf32, #linear>
        %202 = arith.subf %196, %200 {loop.cluster = 4 : i32, loop.stage = 0 : i32, ttg.partition = array<i32: 5>} : tensor<128x128xf32, #linear>
        %203 = arith.subf %197, %201 {loop.cluster = 2 : i32, loop.stage = 1 : i32, ttg.partition = array<i32: 4>} : tensor<128x128xf32, #linear>
        %204 = math.exp2 %202 {loop.cluster = 4 : i32, loop.stage = 0 : i32, ttg.partition = array<i32: 5>} : tensor<128x128xf32, #linear>
        %205 = math.exp2 %203 {loop.cluster = 2 : i32, loop.stage = 1 : i32, ttg.partition = array<i32: 4>} : tensor<128x128xf32, #linear>
        %206 = arith.subf %arg23, %194 {loop.cluster = 4 : i32, loop.stage = 0 : i32, ttg.partition = array<i32: 5>} : tensor<128xf32, #ttg.slice<{dim = 1, parent = #linear}>>
        %207 = arith.subf %arg25, %195 {loop.cluster = 2 : i32, loop.stage = 1 : i32, ttg.partition = array<i32: 4>} : tensor<128xf32, #ttg.slice<{dim = 1, parent = #linear}>>
        %208 = math.exp2 %206 {loop.cluster = 4 : i32, loop.stage = 0 : i32, ttg.partition = array<i32: 5>} : tensor<128xf32, #ttg.slice<{dim = 1, parent = #linear}>>
        %209 = tt.expand_dims %208 {axis = 1 : i32, loop.cluster = 4 : i32, loop.stage = 0 : i32, ttg.partition = array<i32: 5>} : tensor<128xf32, #ttg.slice<{dim = 1, parent = #linear}>> -> tensor<128x1xf32, #linear>
        %true_24 = arith.constant {loop.cluster = 4 : i32, loop.stage = 0 : i32, ttg.partition = array<i32: 5>} true
        ttng.tmem_store %209, %185#0, %true_24 {loop.cluster = 4 : i32, loop.stage = 0 : i32, ttg.partition = array<i32: 5>} : tensor<128x1xf32, #linear> -> !ttg.memdesc<128x1xf32, #tmem1, #ttng.tensor_memory, mutable, 1x128x1>
        nvws.semaphore.release %42, %184 [#nvws.async_op<none>] {loop.cluster = 4 : i32, loop.stage = 0 : i32, ttg.partition = array<i32: 5>} : <[!ttg.memdesc<1x128x1xf32, #tmem1, #ttng.tensor_memory, mutable>, !ttg.memdesc<1x128x1xf32, #tmem1, #ttng.tensor_memory, mutable>, !ttg.memdesc<1x128x1xf32, #tmem1, #ttng.tensor_memory, mutable>, !ttg.memdesc<1x128x128xf32, #tmem, #ttng.tensor_memory, mutable>, !ttg.memdesc<1x128x128xf16, #tmem, #ttng.tensor_memory, mutable>]>, !ttg.async.token
        nvws.semaphore.release %45, %184 [#nvws.async_op<none>] {loop.cluster = 4 : i32, loop.stage = 0 : i32, ttg.partition = array<i32: 5>} : <[!ttg.memdesc<1x128x1xf32, #tmem1, #ttng.tensor_memory, mutable>, !ttg.memdesc<1x128x1xf32, #tmem1, #ttng.tensor_memory, mutable>, !ttg.memdesc<1x128x1xf32, #tmem1, #ttng.tensor_memory, mutable>, !ttg.memdesc<1x128x128xf32, #tmem, #ttng.tensor_memory, mutable>, !ttg.memdesc<1x128x128xf16, #tmem, #ttng.tensor_memory, mutable>]>, !ttg.async.token
        %210 = math.exp2 %207 {loop.cluster = 2 : i32, loop.stage = 1 : i32, ttg.partition = array<i32: 4>} : tensor<128xf32, #ttg.slice<{dim = 1, parent = #linear}>>
        %211 = tt.expand_dims %210 {axis = 1 : i32, loop.cluster = 2 : i32, loop.stage = 1 : i32, ttg.partition = array<i32: 4>} : tensor<128xf32, #ttg.slice<{dim = 1, parent = #linear}>> -> tensor<128x1xf32, #linear>
        %true_25 = arith.constant {loop.cluster = 2 : i32, loop.stage = 1 : i32, ttg.partition = array<i32: 4>} true
        ttng.tmem_store %211, %188#0, %true_25 {loop.cluster = 2 : i32, loop.stage = 1 : i32, ttg.partition = array<i32: 4>} : tensor<128x1xf32, #linear> -> !ttg.memdesc<128x1xf32, #tmem1, #ttng.tensor_memory, mutable, 1x128x1>
        nvws.semaphore.release %59, %187 [#nvws.async_op<none>] {loop.cluster = 2 : i32, loop.stage = 1 : i32, ttg.partition = array<i32: 4>} : <[!ttg.memdesc<1x128x1xf32, #tmem1, #ttng.tensor_memory, mutable>, !ttg.memdesc<1x128x1xf32, #tmem1, #ttng.tensor_memory, mutable>, !ttg.memdesc<1x128x1xf32, #tmem1, #ttng.tensor_memory, mutable>, !ttg.memdesc<1x128x128xf32, #tmem, #ttng.tensor_memory, mutable>, !ttg.memdesc<1x128x128xf16, #tmem, #ttng.tensor_memory, mutable>]>, !ttg.async.token
        nvws.semaphore.release %62, %187 [#nvws.async_op<none>] {loop.cluster = 2 : i32, loop.stage = 1 : i32, ttg.partition = array<i32: 4>} : <[!ttg.memdesc<1x128x1xf32, #tmem1, #ttng.tensor_memory, mutable>, !ttg.memdesc<1x128x1xf32, #tmem1, #ttng.tensor_memory, mutable>, !ttg.memdesc<1x128x1xf32, #tmem1, #ttng.tensor_memory, mutable>, !ttg.memdesc<1x128x128xf32, #tmem, #ttng.tensor_memory, mutable>, !ttg.memdesc<1x128x128xf16, #tmem, #ttng.tensor_memory, mutable>]>, !ttg.async.token
        %212 = "tt.reduce"(%204) <{axis = 1 : i32, reduction_ordering = "unordered"}> ({
        ^bb0(%arg32: f32, %arg33: f32):
          %275 = arith.addf %arg32, %arg33 {ttg.partition = array<i32: 5>} : f32
          tt.reduce.return %275 {ttg.partition = array<i32: 5>} : f32
        }) {loop.cluster = 1 : i32, loop.stage = 1 : i32, ttg.partition = array<i32: 5>, ttg.partition.outputs = [array<i32: 5>]} : (tensor<128x128xf32, #linear>) -> tensor<128xf32, #ttg.slice<{dim = 1, parent = #linear}>>
        %213 = "tt.reduce"(%205) <{axis = 1 : i32, reduction_ordering = "unordered"}> ({
        ^bb0(%arg32: f32, %arg33: f32):
          %275 = arith.addf %arg32, %arg33 {ttg.partition = array<i32: 4>} : f32
          tt.reduce.return %275 {ttg.partition = array<i32: 4>} : f32
        }) {loop.cluster = 2 : i32, loop.stage = 1 : i32, ttg.partition = array<i32: 4>, ttg.partition.outputs = [array<i32: 4>]} : (tensor<128x128xf32, #linear>) -> tensor<128xf32, #ttg.slice<{dim = 1, parent = #linear}>>
        %214 = nvws.semaphore.buffer %72, %arg28 {loop.cluster = 4 : i32, loop.stage = 0 : i32, ttg.partition = array<i32: 0>} : <[!ttg.memdesc<1x128x128xf32, #tmem, #ttng.tensor_memory, mutable>]>, !ttg.async.token -> !ttg.memdesc<128x128xf32, #tmem, #ttng.tensor_memory, mutable, 1x128x128>
        %result_26, %token_27 = ttng.tmem_load %214[] {loop.cluster = 4 : i32, loop.stage = 0 : i32, tmem.end = array<i32: 8>, ttg.partition = array<i32: 0>} : !ttg.memdesc<128x128xf32, #tmem, #ttng.tensor_memory, mutable, 1x128x128> -> tensor<128x128xf32, #linear1>
        %215 = nvws.semaphore.buffer %74, %arg29 {loop.cluster = 2 : i32, loop.stage = 1 : i32, ttg.partition = array<i32: 0>} : <[!ttg.memdesc<1x128x128xf32, #tmem, #ttng.tensor_memory, mutable>]>, !ttg.async.token -> !ttg.memdesc<128x128xf32, #tmem, #ttng.tensor_memory, mutable, 1x128x128>
        %result_28, %token_29 = ttng.tmem_load %215[] {loop.cluster = 2 : i32, loop.stage = 1 : i32, tmem.end = array<i32: 11>, ttg.partition = array<i32: 0>} : !ttg.memdesc<128x128xf32, #tmem, #ttng.tensor_memory, mutable, 1x128x128> -> tensor<128x128xf32, #linear1>
        %216 = tt.reshape %result_26 {ttg.partition = array<i32: 0>} : tensor<128x128xf32, #linear1> -> tensor<128x2x64xf32, #linear2>
        %217 = tt.reshape %result_28 {ttg.partition = array<i32: 0>} : tensor<128x128xf32, #linear1> -> tensor<128x2x64xf32, #linear2>
        %218 = tt.trans %216 {loop.cluster = 4 : i32, loop.stage = 0 : i32, order = array<i32: 0, 2, 1>, ttg.partition = array<i32: 0>} : tensor<128x2x64xf32, #linear2> -> tensor<128x64x2xf32, #linear3>
        %219 = tt.trans %217 {loop.cluster = 2 : i32, loop.stage = 1 : i32, order = array<i32: 0, 2, 1>, ttg.partition = array<i32: 0>} : tensor<128x2x64xf32, #linear2> -> tensor<128x64x2xf32, #linear3>
        %outLHS, %outRHS = tt.split %218 {loop.cluster = 4 : i32, loop.stage = 0 : i32, ttg.partition = array<i32: 0>} : tensor<128x64x2xf32, #linear3> -> tensor<128x64xf32, #linear4>
        %outLHS_30, %outRHS_31 = tt.split %219 {loop.cluster = 2 : i32, loop.stage = 1 : i32, ttg.partition = array<i32: 0>} : tensor<128x64x2xf32, #linear3> -> tensor<128x64xf32, #linear4>
        %220 = nvws.semaphore.acquire %42 {loop.cluster = 4 : i32, loop.stage = 0 : i32, ttg.partition = array<i32: 0>} : <[!ttg.memdesc<1x128x1xf32, #tmem1, #ttng.tensor_memory, mutable>, !ttg.memdesc<1x128x1xf32, #tmem1, #ttng.tensor_memory, mutable>, !ttg.memdesc<1x128x1xf32, #tmem1, #ttng.tensor_memory, mutable>, !ttg.memdesc<1x128x128xf32, #tmem, #ttng.tensor_memory, mutable>, !ttg.memdesc<1x128x128xf16, #tmem, #ttng.tensor_memory, mutable>]> -> !ttg.async.token
        %221:5 = nvws.semaphore.buffer %42, %220 {loop.cluster = 4 : i32, loop.stage = 0 : i32, ttg.partition = array<i32: 0>} : <[!ttg.memdesc<1x128x1xf32, #tmem1, #ttng.tensor_memory, mutable>, !ttg.memdesc<1x128x1xf32, #tmem1, #ttng.tensor_memory, mutable>, !ttg.memdesc<1x128x1xf32, #tmem1, #ttng.tensor_memory, mutable>, !ttg.memdesc<1x128x128xf32, #tmem, #ttng.tensor_memory, mutable>, !ttg.memdesc<1x128x128xf16, #tmem, #ttng.tensor_memory, mutable>]>, !ttg.async.token -> !ttg.memdesc<128x1xf32, #tmem1, #ttng.tensor_memory, mutable, 1x128x1>, !ttg.memdesc<128x1xf32, #tmem1, #ttng.tensor_memory, mutable, 1x128x1>, !ttg.memdesc<128x1xf32, #tmem1, #ttng.tensor_memory, mutable, 1x128x1>, !ttg.memdesc<128x128xf32, #tmem, #ttng.tensor_memory, mutable, 1x128x128>, !ttg.memdesc<128x128xf16, #tmem, #ttng.tensor_memory, mutable, 1x128x128>
        %result_32, %token_33 = ttng.tmem_load %221#0[] {loop.cluster = 4 : i32, loop.stage = 0 : i32, ttg.partition = array<i32: 0>} : !ttg.memdesc<128x1xf32, #tmem1, #ttng.tensor_memory, mutable, 1x128x1> -> tensor<128x1xf32, #linear5>
        nvws.semaphore.release %45, %220 [#nvws.async_op<none>] {loop.cluster = 4 : i32, loop.stage = 0 : i32, ttg.partition = array<i32: 0>} : <[!ttg.memdesc<1x128x1xf32, #tmem1, #ttng.tensor_memory, mutable>, !ttg.memdesc<1x128x1xf32, #tmem1, #ttng.tensor_memory, mutable>, !ttg.memdesc<1x128x1xf32, #tmem1, #ttng.tensor_memory, mutable>, !ttg.memdesc<1x128x128xf32, #tmem, #ttng.tensor_memory, mutable>, !ttg.memdesc<1x128x128xf16, #tmem, #ttng.tensor_memory, mutable>]>, !ttg.async.token
        %222 = tt.reshape %result_32 {loop.cluster = 4 : i32, loop.stage = 0 : i32, ttg.partition = array<i32: 0>} : tensor<128x1xf32, #linear5> -> tensor<128xf32, #linear6>
        %223 = ttg.convert_layout %222 {loop.cluster = 4 : i32, loop.stage = 0 : i32, ttg.partition = array<i32: 0>} : tensor<128xf32, #linear6> -> tensor<128xf32, #ttg.slice<{dim = 1, parent = #linear}>>
        %224 = tt.expand_dims %223 {axis = 1 : i32, loop.cluster = 4 : i32, loop.stage = 0 : i32, ttg.partition = array<i32: 0>} : tensor<128xf32, #ttg.slice<{dim = 1, parent = #linear}>> -> tensor<128x1xf32, #linear>
        %225 = nvws.semaphore.acquire %59 {loop.cluster = 2 : i32, loop.stage = 1 : i32, ttg.partition = array<i32: 0>} : <[!ttg.memdesc<1x128x1xf32, #tmem1, #ttng.tensor_memory, mutable>, !ttg.memdesc<1x128x1xf32, #tmem1, #ttng.tensor_memory, mutable>, !ttg.memdesc<1x128x1xf32, #tmem1, #ttng.tensor_memory, mutable>, !ttg.memdesc<1x128x128xf32, #tmem, #ttng.tensor_memory, mutable>, !ttg.memdesc<1x128x128xf16, #tmem, #ttng.tensor_memory, mutable>]> -> !ttg.async.token
        %226:5 = nvws.semaphore.buffer %59, %225 {loop.cluster = 2 : i32, loop.stage = 1 : i32, ttg.partition = array<i32: 0>} : <[!ttg.memdesc<1x128x1xf32, #tmem1, #ttng.tensor_memory, mutable>, !ttg.memdesc<1x128x1xf32, #tmem1, #ttng.tensor_memory, mutable>, !ttg.memdesc<1x128x1xf32, #tmem1, #ttng.tensor_memory, mutable>, !ttg.memdesc<1x128x128xf32, #tmem, #ttng.tensor_memory, mutable>, !ttg.memdesc<1x128x128xf16, #tmem, #ttng.tensor_memory, mutable>]>, !ttg.async.token -> !ttg.memdesc<128x1xf32, #tmem1, #ttng.tensor_memory, mutable, 1x128x1>, !ttg.memdesc<128x1xf32, #tmem1, #ttng.tensor_memory, mutable, 1x128x1>, !ttg.memdesc<128x1xf32, #tmem1, #ttng.tensor_memory, mutable, 1x128x1>, !ttg.memdesc<128x128xf32, #tmem, #ttng.tensor_memory, mutable, 1x128x128>, !ttg.memdesc<128x128xf16, #tmem, #ttng.tensor_memory, mutable, 1x128x128>
        %result_34, %token_35 = ttng.tmem_load %226#0[] {loop.cluster = 2 : i32, loop.stage = 1 : i32, ttg.partition = array<i32: 0>} : !ttg.memdesc<128x1xf32, #tmem1, #ttng.tensor_memory, mutable, 1x128x1> -> tensor<128x1xf32, #linear5>
        nvws.semaphore.release %62, %225 [#nvws.async_op<none>] {loop.cluster = 2 : i32, loop.stage = 1 : i32, ttg.partition = array<i32: 0>} : <[!ttg.memdesc<1x128x1xf32, #tmem1, #ttng.tensor_memory, mutable>, !ttg.memdesc<1x128x1xf32, #tmem1, #ttng.tensor_memory, mutable>, !ttg.memdesc<1x128x1xf32, #tmem1, #ttng.tensor_memory, mutable>, !ttg.memdesc<1x128x128xf32, #tmem, #ttng.tensor_memory, mutable>, !ttg.memdesc<1x128x128xf16, #tmem, #ttng.tensor_memory, mutable>]>, !ttg.async.token
        %227 = tt.reshape %result_34 {loop.cluster = 2 : i32, loop.stage = 1 : i32, ttg.partition = array<i32: 0>} : tensor<128x1xf32, #linear5> -> tensor<128xf32, #linear6>
        %228 = ttg.convert_layout %227 {loop.cluster = 2 : i32, loop.stage = 1 : i32, ttg.partition = array<i32: 0>} : tensor<128xf32, #linear6> -> tensor<128xf32, #ttg.slice<{dim = 1, parent = #linear}>>
        %229 = tt.expand_dims %228 {axis = 1 : i32, loop.cluster = 2 : i32, loop.stage = 1 : i32, ttg.partition = array<i32: 0>} : tensor<128xf32, #ttg.slice<{dim = 1, parent = #linear}>> -> tensor<128x1xf32, #linear>
        %230 = ttg.convert_layout %224 {loop.cluster = 4 : i32, loop.stage = 0 : i32, ttg.partition = array<i32: 0>} : tensor<128x1xf32, #linear> -> tensor<128x1xf32, #linear4>
        %231 = ttg.convert_layout %229 {loop.cluster = 2 : i32, loop.stage = 1 : i32, ttg.partition = array<i32: 0>} : tensor<128x1xf32, #linear> -> tensor<128x1xf32, #linear4>
        %232 = tt.broadcast %230 {loop.cluster = 4 : i32, loop.stage = 0 : i32, ttg.partition = array<i32: 0>} : tensor<128x1xf32, #linear4> -> tensor<128x64xf32, #linear4>
        %233 = tt.broadcast %231 {loop.cluster = 2 : i32, loop.stage = 1 : i32, ttg.partition = array<i32: 0>} : tensor<128x1xf32, #linear4> -> tensor<128x64xf32, #linear4>
        %234 = tt.elementwise_inline_asm "\0A        {\0A            .reg .b64 ra, rb, rc;\0A            mov.b64 ra, { $2, $3 };\0A            mov.b64 rb, { $4, $5 };\0A            mul.f32x2 rc, ra, rb;\0A            mov.b64 { $0, $1 }, rc;\0A        }\0A        " {constraints = "=r,=r,r,r,r,r", loop.cluster = 4 : i32, loop.stage = 0 : i32, packed_element = 2 : i32, pure = true, ttg.partition = array<i32: 0>} %outLHS, %232 : tensor<128x64xf32, #linear4>, tensor<128x64xf32, #linear4> -> tensor<128x64xf32, #linear4>
        %235 = tt.elementwise_inline_asm "\0A        {\0A            .reg .b64 ra, rb, rc;\0A            mov.b64 ra, { $2, $3 };\0A            mov.b64 rb, { $4, $5 };\0A            mul.f32x2 rc, ra, rb;\0A            mov.b64 { $0, $1 }, rc;\0A        }\0A        " {constraints = "=r,=r,r,r,r,r", loop.cluster = 2 : i32, loop.stage = 1 : i32, packed_element = 2 : i32, pure = true, ttg.partition = array<i32: 0>} %outLHS_30, %233 : tensor<128x64xf32, #linear4>, tensor<128x64xf32, #linear4> -> tensor<128x64xf32, #linear4>
        %236 = tt.elementwise_inline_asm "\0A        {\0A            .reg .b64 ra, rb, rc;\0A            mov.b64 ra, { $2, $3 };\0A            mov.b64 rb, { $4, $5 };\0A            mul.f32x2 rc, ra, rb;\0A            mov.b64 { $0, $1 }, rc;\0A        }\0A        " {constraints = "=r,=r,r,r,r,r", loop.cluster = 4 : i32, loop.stage = 0 : i32, packed_element = 2 : i32, pure = true, ttg.partition = array<i32: 0>} %outRHS, %232 : tensor<128x64xf32, #linear4>, tensor<128x64xf32, #linear4> -> tensor<128x64xf32, #linear4>
        %237 = tt.elementwise_inline_asm "\0A        {\0A            .reg .b64 ra, rb, rc;\0A            mov.b64 ra, { $2, $3 };\0A            mov.b64 rb, { $4, $5 };\0A            mul.f32x2 rc, ra, rb;\0A            mov.b64 { $0, $1 }, rc;\0A        }\0A        " {constraints = "=r,=r,r,r,r,r", loop.cluster = 2 : i32, loop.stage = 1 : i32, packed_element = 2 : i32, pure = true, ttg.partition = array<i32: 0>} %outRHS_31, %233 : tensor<128x64xf32, #linear4>, tensor<128x64xf32, #linear4> -> tensor<128x64xf32, #linear4>
        %238 = tt.join %234, %236 {loop.cluster = 4 : i32, loop.stage = 0 : i32, ttg.partition = array<i32: 0>} : tensor<128x64xf32, #linear4> -> tensor<128x64x2xf32, #linear3>
        %239 = tt.join %235, %237 {loop.cluster = 2 : i32, loop.stage = 1 : i32, ttg.partition = array<i32: 0>} : tensor<128x64xf32, #linear4> -> tensor<128x64x2xf32, #linear3>
        %240 = tt.trans %238 {loop.cluster = 4 : i32, loop.stage = 0 : i32, order = array<i32: 0, 2, 1>, ttg.partition = array<i32: 0>} : tensor<128x64x2xf32, #linear3> -> tensor<128x2x64xf32, #linear2>
        %241 = tt.trans %239 {loop.cluster = 2 : i32, loop.stage = 1 : i32, order = array<i32: 0, 2, 1>, ttg.partition = array<i32: 0>} : tensor<128x64x2xf32, #linear3> -> tensor<128x2x64xf32, #linear2>
        %242 = tt.reshape %240 {loop.cluster = 4 : i32, loop.stage = 0 : i32, ttg.partition = array<i32: 0>} : tensor<128x2x64xf32, #linear2> -> tensor<128x128xf32, #linear>
        %243 = tt.reshape %241 {loop.cluster = 2 : i32, loop.stage = 1 : i32, ttg.partition = array<i32: 0>} : tensor<128x2x64xf32, #linear2> -> tensor<128x128xf32, #linear>
        %244 = arith.truncf %204 {loop.cluster = 4 : i32, loop.stage = 0 : i32, ttg.partition = array<i32: 5>} : tensor<128x128xf32, #linear> to tensor<128x128xf16, #linear>
        %245 = arith.truncf %205 {loop.cluster = 2 : i32, loop.stage = 1 : i32, ttg.partition = array<i32: 4>} : tensor<128x128xf32, #linear> to tensor<128x128xf16, #linear>
        %246 = nvws.semaphore.acquire %43 {loop.cluster = 4 : i32, loop.stage = 0 : i32, ttg.partition = array<i32: 5>} : <[!ttg.memdesc<1x128x1xf32, #tmem1, #ttng.tensor_memory, mutable>, !ttg.memdesc<1x128x1xf32, #tmem1, #ttng.tensor_memory, mutable>, !ttg.memdesc<1x128x1xf32, #tmem1, #ttng.tensor_memory, mutable>, !ttg.memdesc<1x128x128xf32, #tmem, #ttng.tensor_memory, mutable>, !ttg.memdesc<1x128x128xf16, #tmem, #ttng.tensor_memory, mutable>]> -> !ttg.async.token
        %247:5 = nvws.semaphore.buffer %43, %246 {loop.cluster = 4 : i32, loop.stage = 0 : i32, ttg.partition = array<i32: 5>} : <[!ttg.memdesc<1x128x1xf32, #tmem1, #ttng.tensor_memory, mutable>, !ttg.memdesc<1x128x1xf32, #tmem1, #ttng.tensor_memory, mutable>, !ttg.memdesc<1x128x1xf32, #tmem1, #ttng.tensor_memory, mutable>, !ttg.memdesc<1x128x128xf32, #tmem, #ttng.tensor_memory, mutable>, !ttg.memdesc<1x128x128xf16, #tmem, #ttng.tensor_memory, mutable>]>, !ttg.async.token -> !ttg.memdesc<128x1xf32, #tmem1, #ttng.tensor_memory, mutable, 1x128x1>, !ttg.memdesc<128x1xf32, #tmem1, #ttng.tensor_memory, mutable, 1x128x1>, !ttg.memdesc<128x1xf32, #tmem1, #ttng.tensor_memory, mutable, 1x128x1>, !ttg.memdesc<128x128xf32, #tmem, #ttng.tensor_memory, mutable, 1x128x128>, !ttg.memdesc<128x128xf16, #tmem, #ttng.tensor_memory, mutable, 1x128x128>
        ttng.tmem_store %244, %247#4, %true_24 {loop.cluster = 4 : i32, loop.stage = 0 : i32, ttg.partition = array<i32: 5>} : tensor<128x128xf16, #linear> -> !ttg.memdesc<128x128xf16, #tmem, #ttng.tensor_memory, mutable, 1x128x128>
        nvws.semaphore.release %44, %246 [#nvws.async_op<none>] {loop.cluster = 4 : i32, loop.stage = 0 : i32, ttg.partition = array<i32: 5>} : <[!ttg.memdesc<1x128x1xf32, #tmem1, #ttng.tensor_memory, mutable>, !ttg.memdesc<1x128x1xf32, #tmem1, #ttng.tensor_memory, mutable>, !ttg.memdesc<1x128x1xf32, #tmem1, #ttng.tensor_memory, mutable>, !ttg.memdesc<1x128x128xf32, #tmem, #ttng.tensor_memory, mutable>, !ttg.memdesc<1x128x128xf16, #tmem, #ttng.tensor_memory, mutable>]>, !ttg.async.token
        %248 = nvws.semaphore.acquire %60 {loop.cluster = 2 : i32, loop.stage = 1 : i32, ttg.partition = array<i32: 4>} : <[!ttg.memdesc<1x128x1xf32, #tmem1, #ttng.tensor_memory, mutable>, !ttg.memdesc<1x128x1xf32, #tmem1, #ttng.tensor_memory, mutable>, !ttg.memdesc<1x128x1xf32, #tmem1, #ttng.tensor_memory, mutable>, !ttg.memdesc<1x128x128xf32, #tmem, #ttng.tensor_memory, mutable>, !ttg.memdesc<1x128x128xf16, #tmem, #ttng.tensor_memory, mutable>]> -> !ttg.async.token
        %249:5 = nvws.semaphore.buffer %60, %248 {loop.cluster = 2 : i32, loop.stage = 1 : i32, ttg.partition = array<i32: 4>} : <[!ttg.memdesc<1x128x1xf32, #tmem1, #ttng.tensor_memory, mutable>, !ttg.memdesc<1x128x1xf32, #tmem1, #ttng.tensor_memory, mutable>, !ttg.memdesc<1x128x1xf32, #tmem1, #ttng.tensor_memory, mutable>, !ttg.memdesc<1x128x128xf32, #tmem, #ttng.tensor_memory, mutable>, !ttg.memdesc<1x128x128xf16, #tmem, #ttng.tensor_memory, mutable>]>, !ttg.async.token -> !ttg.memdesc<128x1xf32, #tmem1, #ttng.tensor_memory, mutable, 1x128x1>, !ttg.memdesc<128x1xf32, #tmem1, #ttng.tensor_memory, mutable, 1x128x1>, !ttg.memdesc<128x1xf32, #tmem1, #ttng.tensor_memory, mutable, 1x128x1>, !ttg.memdesc<128x128xf32, #tmem, #ttng.tensor_memory, mutable, 1x128x128>, !ttg.memdesc<128x128xf16, #tmem, #ttng.tensor_memory, mutable, 1x128x128>
        ttng.tmem_store %245, %249#4, %true_25 {loop.cluster = 2 : i32, loop.stage = 1 : i32, ttg.partition = array<i32: 4>} : tensor<128x128xf16, #linear> -> !ttg.memdesc<128x128xf16, #tmem, #ttng.tensor_memory, mutable, 1x128x128>
        nvws.semaphore.release %61, %248 [#nvws.async_op<none>] {loop.cluster = 2 : i32, loop.stage = 1 : i32, ttg.partition = array<i32: 4>} : <[!ttg.memdesc<1x128x1xf32, #tmem1, #ttng.tensor_memory, mutable>, !ttg.memdesc<1x128x1xf32, #tmem1, #ttng.tensor_memory, mutable>, !ttg.memdesc<1x128x1xf32, #tmem1, #ttng.tensor_memory, mutable>, !ttg.memdesc<1x128x128xf32, #tmem, #ttng.tensor_memory, mutable>, !ttg.memdesc<1x128x128xf16, #tmem, #ttng.tensor_memory, mutable>]>, !ttg.async.token
        %250 = ttng.tmem_store %242, %214[], %true {loop.cluster = 4 : i32, loop.stage = 0 : i32, tmem.start = array<i32: 9>, ttg.partition = array<i32: 0>} : tensor<128x128xf32, #linear> -> !ttg.memdesc<128x128xf32, #tmem, #ttng.tensor_memory, mutable, 1x128x128>
        nvws.semaphore.release %73, %arg28 [#nvws.async_op<none>] {loop.cluster = 4 : i32, loop.stage = 0 : i32, ttg.partition = array<i32: 0>} : <[!ttg.memdesc<1x128x128xf32, #tmem, #ttng.tensor_memory, mutable>]>, !ttg.async.token
        %251 = ttng.tmem_store %243, %215[], %true {loop.cluster = 2 : i32, loop.stage = 1 : i32, tmem.start = array<i32: 12>, ttg.partition = array<i32: 0>} : tensor<128x128xf32, #linear> -> !ttg.memdesc<128x128xf32, #tmem, #ttng.tensor_memory, mutable, 1x128x128>
        nvws.semaphore.release %75, %arg29 [#nvws.async_op<none>] {loop.cluster = 2 : i32, loop.stage = 1 : i32, ttg.partition = array<i32: 0>} : <[!ttg.memdesc<1x128x128xf32, #tmem, #ttng.tensor_memory, mutable>]>, !ttg.async.token
        %252 = nvws.semaphore.acquire %44 {loop.cluster = 4 : i32, loop.stage = 0 : i32, ttg.partition = array<i32: 1>} : <[!ttg.memdesc<1x128x1xf32, #tmem1, #ttng.tensor_memory, mutable>, !ttg.memdesc<1x128x1xf32, #tmem1, #ttng.tensor_memory, mutable>, !ttg.memdesc<1x128x1xf32, #tmem1, #ttng.tensor_memory, mutable>, !ttg.memdesc<1x128x128xf32, #tmem, #ttng.tensor_memory, mutable>, !ttg.memdesc<1x128x128xf16, #tmem, #ttng.tensor_memory, mutable>]> -> !ttg.async.token
        %253:5 = nvws.semaphore.buffer %44, %252 {loop.cluster = 4 : i32, loop.stage = 0 : i32, ttg.partition = array<i32: 1>} : <[!ttg.memdesc<1x128x1xf32, #tmem1, #ttng.tensor_memory, mutable>, !ttg.memdesc<1x128x1xf32, #tmem1, #ttng.tensor_memory, mutable>, !ttg.memdesc<1x128x1xf32, #tmem1, #ttng.tensor_memory, mutable>, !ttg.memdesc<1x128x128xf32, #tmem, #ttng.tensor_memory, mutable>, !ttg.memdesc<1x128x128xf16, #tmem, #ttng.tensor_memory, mutable>]>, !ttg.async.token -> !ttg.memdesc<128x1xf32, #tmem1, #ttng.tensor_memory, mutable, 1x128x1>, !ttg.memdesc<128x1xf32, #tmem1, #ttng.tensor_memory, mutable, 1x128x1>, !ttg.memdesc<128x1xf32, #tmem1, #ttng.tensor_memory, mutable, 1x128x1>, !ttg.memdesc<128x128xf32, #tmem, #ttng.tensor_memory, mutable, 1x128x128>, !ttg.memdesc<128x128xf16, #tmem, #ttng.tensor_memory, mutable, 1x128x128>
        %254 = nvws.semaphore.acquire %73 {loop.cluster = 4 : i32, loop.stage = 0 : i32, ttg.partition = array<i32: 1>} : <[!ttg.memdesc<1x128x128xf32, #tmem, #ttng.tensor_memory, mutable>]> -> !ttg.async.token
        %255 = nvws.semaphore.buffer %73, %254 {loop.cluster = 4 : i32, loop.stage = 0 : i32, ttg.partition = array<i32: 1>} : <[!ttg.memdesc<1x128x128xf32, #tmem, #ttng.tensor_memory, mutable>]>, !ttg.async.token -> !ttg.memdesc<128x128xf32, #tmem, #ttng.tensor_memory, mutable, 1x128x128>
        %256 = nvws.semaphore.acquire %31 {loop.cluster = 4 : i32, loop.stage = 0 : i32, ttg.partition = array<i32: 1>} : <[!ttg.memdesc<1x128x128xf16, #shared, #smem, mutable>]> -> !ttg.async.token
        %257 = nvws.semaphore.buffer %31, %256 {loop.cluster = 4 : i32, loop.stage = 0 : i32, ttg.partition = array<i32: 1>} : <[!ttg.memdesc<1x128x128xf16, #shared, #smem, mutable>]>, !ttg.async.token -> !ttg.memdesc<128x128xf16, #shared, #smem, mutable>
        %258 = ttng.tc_gen5_mma %253#4, %257, %255[], %true, %true {loop.cluster = 4 : i32, loop.stage = 0 : i32, tmem.end = array<i32: 9>, tmem.start = array<i32: 8, 10>, tt.self_latency = 1 : i32, ttg.partition = array<i32: 1>} : !ttg.memdesc<128x128xf16, #tmem, #ttng.tensor_memory, mutable, 1x128x128>, !ttg.memdesc<128x128xf16, #shared, #smem, mutable>, !ttg.memdesc<128x128xf32, #tmem, #ttng.tensor_memory, mutable, 1x128x128>
        nvws.semaphore.release %72, %254 [#nvws.async_op<tc5mma>] {loop.cluster = 4 : i32, loop.stage = 0 : i32, ttg.partition = array<i32: 1>} : <[!ttg.memdesc<1x128x128xf32, #tmem, #ttng.tensor_memory, mutable>]>, !ttg.async.token
        %259 = nvws.semaphore.acquire %61 {loop.cluster = 2 : i32, loop.stage = 1 : i32, ttg.partition = array<i32: 1>} : <[!ttg.memdesc<1x128x1xf32, #tmem1, #ttng.tensor_memory, mutable>, !ttg.memdesc<1x128x1xf32, #tmem1, #ttng.tensor_memory, mutable>, !ttg.memdesc<1x128x1xf32, #tmem1, #ttng.tensor_memory, mutable>, !ttg.memdesc<1x128x128xf32, #tmem, #ttng.tensor_memory, mutable>, !ttg.memdesc<1x128x128xf16, #tmem, #ttng.tensor_memory, mutable>]> -> !ttg.async.token
        %260:5 = nvws.semaphore.buffer %61, %259 {loop.cluster = 2 : i32, loop.stage = 1 : i32, ttg.partition = array<i32: 1>} : <[!ttg.memdesc<1x128x1xf32, #tmem1, #ttng.tensor_memory, mutable>, !ttg.memdesc<1x128x1xf32, #tmem1, #ttng.tensor_memory, mutable>, !ttg.memdesc<1x128x1xf32, #tmem1, #ttng.tensor_memory, mutable>, !ttg.memdesc<1x128x128xf32, #tmem, #ttng.tensor_memory, mutable>, !ttg.memdesc<1x128x128xf16, #tmem, #ttng.tensor_memory, mutable>]>, !ttg.async.token -> !ttg.memdesc<128x1xf32, #tmem1, #ttng.tensor_memory, mutable, 1x128x1>, !ttg.memdesc<128x1xf32, #tmem1, #ttng.tensor_memory, mutable, 1x128x1>, !ttg.memdesc<128x1xf32, #tmem1, #ttng.tensor_memory, mutable, 1x128x1>, !ttg.memdesc<128x128xf32, #tmem, #ttng.tensor_memory, mutable, 1x128x128>, !ttg.memdesc<128x128xf16, #tmem, #ttng.tensor_memory, mutable, 1x128x128>
        %261 = nvws.semaphore.acquire %75 {loop.cluster = 2 : i32, loop.stage = 1 : i32, ttg.partition = array<i32: 1>} : <[!ttg.memdesc<1x128x128xf32, #tmem, #ttng.tensor_memory, mutable>]> -> !ttg.async.token
        %262 = nvws.semaphore.buffer %75, %261 {loop.cluster = 2 : i32, loop.stage = 1 : i32, ttg.partition = array<i32: 1>} : <[!ttg.memdesc<1x128x128xf32, #tmem, #ttng.tensor_memory, mutable>]>, !ttg.async.token -> !ttg.memdesc<128x128xf32, #tmem, #ttng.tensor_memory, mutable, 1x128x128>
        %263 = ttng.tc_gen5_mma %260#4, %257, %262[], %true, %true {loop.cluster = 2 : i32, loop.stage = 1 : i32, tmem.end = array<i32: 12>, tmem.start = array<i32: 11, 13>, tt.self_latency = 1 : i32, ttg.partition = array<i32: 1>} : !ttg.memdesc<128x128xf16, #tmem, #ttng.tensor_memory, mutable, 1x128x128>, !ttg.memdesc<128x128xf16, #shared, #smem, mutable>, !ttg.memdesc<128x128xf32, #tmem, #ttng.tensor_memory, mutable, 1x128x128>
        nvws.semaphore.release %30, %256 [#nvws.async_op<tc5mma>] {loop.cluster = 2 : i32, loop.stage = 1 : i32, ttg.partition = array<i32: 1>} : <[!ttg.memdesc<1x128x128xf16, #shared, #smem, mutable>]>, !ttg.async.token
        nvws.semaphore.release %74, %261 [#nvws.async_op<tc5mma>] {loop.cluster = 2 : i32, loop.stage = 1 : i32, ttg.partition = array<i32: 1>} : <[!ttg.memdesc<1x128x128xf32, #tmem, #ttng.tensor_memory, mutable>]>, !ttg.async.token
        %264 = arith.mulf %arg22, %208 {loop.cluster = 1 : i32, loop.stage = 1 : i32, ttg.partition = array<i32: 5>} : tensor<128xf32, #ttg.slice<{dim = 1, parent = #linear}>>
        %265 = arith.mulf %arg24, %210 {loop.cluster = 2 : i32, loop.stage = 1 : i32, ttg.partition = array<i32: 4>} : tensor<128xf32, #ttg.slice<{dim = 1, parent = #linear}>>
        %266 = arith.addf %264, %212 {loop.cluster = 1 : i32, loop.stage = 1 : i32, ttg.partition = array<i32: 5>} : tensor<128xf32, #ttg.slice<{dim = 1, parent = #linear}>>
        %267 = arith.addf %265, %213 {loop.cluster = 2 : i32, loop.stage = 1 : i32, ttg.partition = array<i32: 4>} : tensor<128xf32, #ttg.slice<{dim = 1, parent = #linear}>>
        %268 = arith.addi %arg21, %c128_i32 {loop.cluster = 0 : i32, loop.stage = 1 : i32, ttg.partition = array<i32: 3>} : i32
        %269 = nvws.semaphore.acquire %45 {loop.cluster = 4 : i32, loop.stage = 0 : i32, ttg.partition = array<i32: 1>} : <[!ttg.memdesc<1x128x1xf32, #tmem1, #ttng.tensor_memory, mutable>, !ttg.memdesc<1x128x1xf32, #tmem1, #ttng.tensor_memory, mutable>, !ttg.memdesc<1x128x1xf32, #tmem1, #ttng.tensor_memory, mutable>, !ttg.memdesc<1x128x128xf32, #tmem, #ttng.tensor_memory, mutable>, !ttg.memdesc<1x128x128xf16, #tmem, #ttng.tensor_memory, mutable>]> -> !ttg.async.token
        %270 = nvws.semaphore.acquire %62 {loop.cluster = 2 : i32, loop.stage = 1 : i32, ttg.partition = array<i32: 1>} : <[!ttg.memdesc<1x128x1xf32, #tmem1, #ttng.tensor_memory, mutable>, !ttg.memdesc<1x128x1xf32, #tmem1, #ttng.tensor_memory, mutable>, !ttg.memdesc<1x128x1xf32, #tmem1, #ttng.tensor_memory, mutable>, !ttg.memdesc<1x128x128xf32, #tmem, #ttng.tensor_memory, mutable>, !ttg.memdesc<1x128x128xf16, #tmem, #ttng.tensor_memory, mutable>]> -> !ttg.async.token
        %271 = nvws.semaphore.acquire %72 {loop.cluster = 4 : i32, loop.stage = 0 : i32, ttg.partition = array<i32: 0>} : <[!ttg.memdesc<1x128x128xf32, #tmem, #ttng.tensor_memory, mutable>]> -> !ttg.async.token
        %272 = nvws.semaphore.acquire %74 {loop.cluster = 2 : i32, loop.stage = 1 : i32, ttg.partition = array<i32: 0>} : <[!ttg.memdesc<1x128x128xf32, #tmem, #ttng.tensor_memory, mutable>]> -> !ttg.async.token
        %273 = nvws.semaphore.acquire %27 {loop.cluster = 1 : i32, loop.stage = 0 : i32, ttg.partition = array<i32: 3>} : <[!ttg.memdesc<1x128x128xf16, #shared, #smem, mutable>]> -> !ttg.async.token
        %274 = nvws.semaphore.acquire %30 {loop.cluster = 4 : i32, loop.stage = 0 : i32, ttg.partition = array<i32: 3>} : <[!ttg.memdesc<1x128x128xf16, #shared, #smem, mutable>]> -> !ttg.async.token
        scf.yield {ttg.partition = array<i32: 0, 1, 3, 4, 5>} %268, %266, %194, %267, %195, %269, %270, %271, %272, %273, %274 : i32, tensor<128xf32, #ttg.slice<{dim = 1, parent = #linear}>>, tensor<128xf32, #ttg.slice<{dim = 1, parent = #linear}>>, tensor<128xf32, #ttg.slice<{dim = 1, parent = #linear}>>, tensor<128xf32, #ttg.slice<{dim = 1, parent = #linear}>>, !ttg.async.token, !ttg.async.token, !ttg.async.token, !ttg.async.token, !ttg.async.token, !ttg.async.token
      } {tt.data_partition_factor = 2 : i32, tt.merge_epilogue = true, tt.scheduled_max_stage = 1 : i32, tt.separate_epilogue_store = true, ttg.partition = array<i32: 0, 1, 3, 4, 5>, ttg.partition.outputs = [array<i32: 3>, array<i32: 5>, array<i32: 5>, array<i32: 4>, array<i32: 4>, array<i32: 1>, array<i32: 1>, array<i32: 0>, array<i32: 0>, array<i32: 3>, array<i32: 3>]}
      nvws.semaphore.release %24, %106 [#nvws.async_op<tc5mma>] {loop.cluster = 3 : i32, loop.stage = 0 : i32, ttg.partition = array<i32: 1>} : <[!ttg.memdesc<1x128x128xf16, #shared, #smem, mutable>]>, !ttg.async.token
      nvws.semaphore.release %21, %105 [#nvws.async_op<tc5mma>] {loop.cluster = 1 : i32, loop.stage = 0 : i32, ttg.partition = array<i32: 1>} : <[!ttg.memdesc<1x128x128xf16, #shared, #smem, mutable>]>, !ttg.async.token
      nvws.semaphore.release %63, %107#6 [#nvws.async_op<tc5mma>] {loop.cluster = 2 : i32, loop.stage = 1 : i32, ttg.partition = array<i32: 1>} : <[!ttg.memdesc<1x128x1xf32, #tmem1, #ttng.tensor_memory, mutable>, !ttg.memdesc<1x128x1xf32, #tmem1, #ttng.tensor_memory, mutable>, !ttg.memdesc<1x128x1xf32, #tmem1, #ttng.tensor_memory, mutable>, !ttg.memdesc<1x128x128xf32, #tmem, #ttng.tensor_memory, mutable>, !ttg.memdesc<1x128x128xf16, #tmem, #ttng.tensor_memory, mutable>]>, !ttg.async.token
      nvws.semaphore.release %64, %107#6 [#nvws.async_op<tc5mma>] {loop.cluster = 2 : i32, loop.stage = 1 : i32, ttg.partition = array<i32: 1>} : <[!ttg.memdesc<1x128x1xf32, #tmem1, #ttng.tensor_memory, mutable>, !ttg.memdesc<1x128x1xf32, #tmem1, #ttng.tensor_memory, mutable>, !ttg.memdesc<1x128x1xf32, #tmem1, #ttng.tensor_memory, mutable>, !ttg.memdesc<1x128x128xf32, #tmem, #ttng.tensor_memory, mutable>, !ttg.memdesc<1x128x128xf16, #tmem, #ttng.tensor_memory, mutable>]>, !ttg.async.token
      nvws.semaphore.release %46, %107#5 [#nvws.async_op<tc5mma>] {loop.cluster = 4 : i32, loop.stage = 0 : i32, ttg.partition = array<i32: 1>} : <[!ttg.memdesc<1x128x1xf32, #tmem1, #ttng.tensor_memory, mutable>, !ttg.memdesc<1x128x1xf32, #tmem1, #ttng.tensor_memory, mutable>, !ttg.memdesc<1x128x1xf32, #tmem1, #ttng.tensor_memory, mutable>, !ttg.memdesc<1x128x128xf32, #tmem, #ttng.tensor_memory, mutable>, !ttg.memdesc<1x128x128xf16, #tmem, #ttng.tensor_memory, mutable>]>, !ttg.async.token
      nvws.semaphore.release %47, %107#5 [#nvws.async_op<tc5mma>] {loop.cluster = 4 : i32, loop.stage = 0 : i32, ttg.partition = array<i32: 1>} : <[!ttg.memdesc<1x128x1xf32, #tmem1, #ttng.tensor_memory, mutable>, !ttg.memdesc<1x128x1xf32, #tmem1, #ttng.tensor_memory, mutable>, !ttg.memdesc<1x128x1xf32, #tmem1, #ttng.tensor_memory, mutable>, !ttg.memdesc<1x128x128xf32, #tmem, #ttng.tensor_memory, mutable>, !ttg.memdesc<1x128x128xf16, #tmem, #ttng.tensor_memory, mutable>]>, !ttg.async.token
      %108 = tt.expand_dims %107#4 {axis = 1 : i32, ttg.partition = array<i32: 4>} : tensor<128xf32, #ttg.slice<{dim = 1, parent = #linear}>> -> tensor<128x1xf32, #linear>
      %true_7 = arith.constant {ttg.partition = array<i32: 4>} true
      %109 = nvws.semaphore.acquire %63 {ttg.partition = array<i32: 4>} : <[!ttg.memdesc<1x128x1xf32, #tmem1, #ttng.tensor_memory, mutable>, !ttg.memdesc<1x128x1xf32, #tmem1, #ttng.tensor_memory, mutable>, !ttg.memdesc<1x128x1xf32, #tmem1, #ttng.tensor_memory, mutable>, !ttg.memdesc<1x128x128xf32, #tmem, #ttng.tensor_memory, mutable>, !ttg.memdesc<1x128x128xf16, #tmem, #ttng.tensor_memory, mutable>]> -> !ttg.async.token
      %110:5 = nvws.semaphore.buffer %63, %109 {ttg.partition = array<i32: 4>} : <[!ttg.memdesc<1x128x1xf32, #tmem1, #ttng.tensor_memory, mutable>, !ttg.memdesc<1x128x1xf32, #tmem1, #ttng.tensor_memory, mutable>, !ttg.memdesc<1x128x1xf32, #tmem1, #ttng.tensor_memory, mutable>, !ttg.memdesc<1x128x128xf32, #tmem, #ttng.tensor_memory, mutable>, !ttg.memdesc<1x128x128xf16, #tmem, #ttng.tensor_memory, mutable>]>, !ttg.async.token -> !ttg.memdesc<128x1xf32, #tmem1, #ttng.tensor_memory, mutable, 1x128x1>, !ttg.memdesc<128x1xf32, #tmem1, #ttng.tensor_memory, mutable, 1x128x1>, !ttg.memdesc<128x1xf32, #tmem1, #ttng.tensor_memory, mutable, 1x128x1>, !ttg.memdesc<128x128xf32, #tmem, #ttng.tensor_memory, mutable, 1x128x128>, !ttg.memdesc<128x128xf16, #tmem, #ttng.tensor_memory, mutable, 1x128x128>
      ttng.tmem_store %108, %110#2, %true_7 {ttg.partition = array<i32: 4>} : tensor<128x1xf32, #linear> -> !ttg.memdesc<128x1xf32, #tmem1, #ttng.tensor_memory, mutable, 1x128x1>
      %111 = tt.expand_dims %107#3 {axis = 1 : i32, ttg.partition = array<i32: 4>} : tensor<128xf32, #ttg.slice<{dim = 1, parent = #linear}>> -> tensor<128x1xf32, #linear>
      %112 = nvws.semaphore.acquire %64 {ttg.partition = array<i32: 4>} : <[!ttg.memdesc<1x128x1xf32, #tmem1, #ttng.tensor_memory, mutable>, !ttg.memdesc<1x128x1xf32, #tmem1, #ttng.tensor_memory, mutable>, !ttg.memdesc<1x128x1xf32, #tmem1, #ttng.tensor_memory, mutable>, !ttg.memdesc<1x128x128xf32, #tmem, #ttng.tensor_memory, mutable>, !ttg.memdesc<1x128x128xf16, #tmem, #ttng.tensor_memory, mutable>]> -> !ttg.async.token
      %113:5 = nvws.semaphore.buffer %64, %112 {ttg.partition = array<i32: 4>} : <[!ttg.memdesc<1x128x1xf32, #tmem1, #ttng.tensor_memory, mutable>, !ttg.memdesc<1x128x1xf32, #tmem1, #ttng.tensor_memory, mutable>, !ttg.memdesc<1x128x1xf32, #tmem1, #ttng.tensor_memory, mutable>, !ttg.memdesc<1x128x128xf32, #tmem, #ttng.tensor_memory, mutable>, !ttg.memdesc<1x128x128xf16, #tmem, #ttng.tensor_memory, mutable>]>, !ttg.async.token -> !ttg.memdesc<128x1xf32, #tmem1, #ttng.tensor_memory, mutable, 1x128x1>, !ttg.memdesc<128x1xf32, #tmem1, #ttng.tensor_memory, mutable, 1x128x1>, !ttg.memdesc<128x1xf32, #tmem1, #ttng.tensor_memory, mutable, 1x128x1>, !ttg.memdesc<128x128xf32, #tmem, #ttng.tensor_memory, mutable, 1x128x128>, !ttg.memdesc<128x128xf16, #tmem, #ttng.tensor_memory, mutable, 1x128x128>
      ttng.tmem_store %111, %113#1, %true_7 {ttg.partition = array<i32: 4>} : tensor<128x1xf32, #linear> -> !ttg.memdesc<128x1xf32, #tmem1, #ttng.tensor_memory, mutable, 1x128x1>
      nvws.semaphore.release %65, %112 [#nvws.async_op<none>] {ttg.partition = array<i32: 4>} : <[!ttg.memdesc<1x128x1xf32, #tmem1, #ttng.tensor_memory, mutable>, !ttg.memdesc<1x128x1xf32, #tmem1, #ttng.tensor_memory, mutable>, !ttg.memdesc<1x128x1xf32, #tmem1, #ttng.tensor_memory, mutable>, !ttg.memdesc<1x128x128xf32, #tmem, #ttng.tensor_memory, mutable>, !ttg.memdesc<1x128x128xf16, #tmem, #ttng.tensor_memory, mutable>]>, !ttg.async.token
      nvws.semaphore.release %57, %112 [#nvws.async_op<none>] {ttg.partition = array<i32: 4>} : <[!ttg.memdesc<1x128x1xf32, #tmem1, #ttng.tensor_memory, mutable>, !ttg.memdesc<1x128x1xf32, #tmem1, #ttng.tensor_memory, mutable>, !ttg.memdesc<1x128x1xf32, #tmem1, #ttng.tensor_memory, mutable>, !ttg.memdesc<1x128x128xf32, #tmem, #ttng.tensor_memory, mutable>, !ttg.memdesc<1x128x128xf16, #tmem, #ttng.tensor_memory, mutable>]>, !ttg.async.token
      %114 = tt.expand_dims %107#2 {axis = 1 : i32, ttg.partition = array<i32: 5>} : tensor<128xf32, #ttg.slice<{dim = 1, parent = #linear}>> -> tensor<128x1xf32, #linear>
      %true_8 = arith.constant {ttg.partition = array<i32: 5>} true
      %115 = nvws.semaphore.acquire %46 {ttg.partition = array<i32: 5>} : <[!ttg.memdesc<1x128x1xf32, #tmem1, #ttng.tensor_memory, mutable>, !ttg.memdesc<1x128x1xf32, #tmem1, #ttng.tensor_memory, mutable>, !ttg.memdesc<1x128x1xf32, #tmem1, #ttng.tensor_memory, mutable>, !ttg.memdesc<1x128x128xf32, #tmem, #ttng.tensor_memory, mutable>, !ttg.memdesc<1x128x128xf16, #tmem, #ttng.tensor_memory, mutable>]> -> !ttg.async.token
      %116:5 = nvws.semaphore.buffer %46, %115 {ttg.partition = array<i32: 5>} : <[!ttg.memdesc<1x128x1xf32, #tmem1, #ttng.tensor_memory, mutable>, !ttg.memdesc<1x128x1xf32, #tmem1, #ttng.tensor_memory, mutable>, !ttg.memdesc<1x128x1xf32, #tmem1, #ttng.tensor_memory, mutable>, !ttg.memdesc<1x128x128xf32, #tmem, #ttng.tensor_memory, mutable>, !ttg.memdesc<1x128x128xf16, #tmem, #ttng.tensor_memory, mutable>]>, !ttg.async.token -> !ttg.memdesc<128x1xf32, #tmem1, #ttng.tensor_memory, mutable, 1x128x1>, !ttg.memdesc<128x1xf32, #tmem1, #ttng.tensor_memory, mutable, 1x128x1>, !ttg.memdesc<128x1xf32, #tmem1, #ttng.tensor_memory, mutable, 1x128x1>, !ttg.memdesc<128x128xf32, #tmem, #ttng.tensor_memory, mutable, 1x128x128>, !ttg.memdesc<128x128xf16, #tmem, #ttng.tensor_memory, mutable, 1x128x128>
      ttng.tmem_store %114, %116#2, %true_8 {ttg.partition = array<i32: 5>} : tensor<128x1xf32, #linear> -> !ttg.memdesc<128x1xf32, #tmem1, #ttng.tensor_memory, mutable, 1x128x1>
      %117 = tt.expand_dims %107#1 {axis = 1 : i32, ttg.partition = array<i32: 5>} : tensor<128xf32, #ttg.slice<{dim = 1, parent = #linear}>> -> tensor<128x1xf32, #linear>
      %118 = nvws.semaphore.acquire %47 {ttg.partition = array<i32: 5>} : <[!ttg.memdesc<1x128x1xf32, #tmem1, #ttng.tensor_memory, mutable>, !ttg.memdesc<1x128x1xf32, #tmem1, #ttng.tensor_memory, mutable>, !ttg.memdesc<1x128x1xf32, #tmem1, #ttng.tensor_memory, mutable>, !ttg.memdesc<1x128x128xf32, #tmem, #ttng.tensor_memory, mutable>, !ttg.memdesc<1x128x128xf16, #tmem, #ttng.tensor_memory, mutable>]> -> !ttg.async.token
      %119:5 = nvws.semaphore.buffer %47, %118 {ttg.partition = array<i32: 5>} : <[!ttg.memdesc<1x128x1xf32, #tmem1, #ttng.tensor_memory, mutable>, !ttg.memdesc<1x128x1xf32, #tmem1, #ttng.tensor_memory, mutable>, !ttg.memdesc<1x128x1xf32, #tmem1, #ttng.tensor_memory, mutable>, !ttg.memdesc<1x128x128xf32, #tmem, #ttng.tensor_memory, mutable>, !ttg.memdesc<1x128x128xf16, #tmem, #ttng.tensor_memory, mutable>]>, !ttg.async.token -> !ttg.memdesc<128x1xf32, #tmem1, #ttng.tensor_memory, mutable, 1x128x1>, !ttg.memdesc<128x1xf32, #tmem1, #ttng.tensor_memory, mutable, 1x128x1>, !ttg.memdesc<128x1xf32, #tmem1, #ttng.tensor_memory, mutable, 1x128x1>, !ttg.memdesc<128x128xf32, #tmem, #ttng.tensor_memory, mutable, 1x128x128>, !ttg.memdesc<128x128xf16, #tmem, #ttng.tensor_memory, mutable, 1x128x128>
      ttng.tmem_store %117, %119#1, %true_8 {ttg.partition = array<i32: 5>} : tensor<128x1xf32, #linear> -> !ttg.memdesc<128x1xf32, #tmem1, #ttng.tensor_memory, mutable, 1x128x1>
      nvws.semaphore.release %48, %118 [#nvws.async_op<none>] {ttg.partition = array<i32: 5>} : <[!ttg.memdesc<1x128x1xf32, #tmem1, #ttng.tensor_memory, mutable>, !ttg.memdesc<1x128x1xf32, #tmem1, #ttng.tensor_memory, mutable>, !ttg.memdesc<1x128x1xf32, #tmem1, #ttng.tensor_memory, mutable>, !ttg.memdesc<1x128x128xf32, #tmem, #ttng.tensor_memory, mutable>, !ttg.memdesc<1x128x128xf16, #tmem, #ttng.tensor_memory, mutable>]>, !ttg.async.token
      nvws.semaphore.release %40, %118 [#nvws.async_op<none>] {ttg.partition = array<i32: 5>} : <[!ttg.memdesc<1x128x1xf32, #tmem1, #ttng.tensor_memory, mutable>, !ttg.memdesc<1x128x1xf32, #tmem1, #ttng.tensor_memory, mutable>, !ttg.memdesc<1x128x1xf32, #tmem1, #ttng.tensor_memory, mutable>, !ttg.memdesc<1x128x128xf32, #tmem, #ttng.tensor_memory, mutable>, !ttg.memdesc<1x128x128xf16, #tmem, #ttng.tensor_memory, mutable>]>, !ttg.async.token
      %120 = nvws.semaphore.acquire %48 {ttg.partition = array<i32: 0>} : <[!ttg.memdesc<1x128x1xf32, #tmem1, #ttng.tensor_memory, mutable>, !ttg.memdesc<1x128x1xf32, #tmem1, #ttng.tensor_memory, mutable>, !ttg.memdesc<1x128x1xf32, #tmem1, #ttng.tensor_memory, mutable>, !ttg.memdesc<1x128x128xf32, #tmem, #ttng.tensor_memory, mutable>, !ttg.memdesc<1x128x128xf16, #tmem, #ttng.tensor_memory, mutable>]> -> !ttg.async.token
      %121:5 = nvws.semaphore.buffer %48, %120 {ttg.partition = array<i32: 0>} : <[!ttg.memdesc<1x128x1xf32, #tmem1, #ttng.tensor_memory, mutable>, !ttg.memdesc<1x128x1xf32, #tmem1, #ttng.tensor_memory, mutable>, !ttg.memdesc<1x128x1xf32, #tmem1, #ttng.tensor_memory, mutable>, !ttg.memdesc<1x128x128xf32, #tmem, #ttng.tensor_memory, mutable>, !ttg.memdesc<1x128x128xf16, #tmem, #ttng.tensor_memory, mutable>]>, !ttg.async.token -> !ttg.memdesc<128x1xf32, #tmem1, #ttng.tensor_memory, mutable, 1x128x1>, !ttg.memdesc<128x1xf32, #tmem1, #ttng.tensor_memory, mutable, 1x128x1>, !ttg.memdesc<128x1xf32, #tmem1, #ttng.tensor_memory, mutable, 1x128x1>, !ttg.memdesc<128x128xf32, #tmem, #ttng.tensor_memory, mutable, 1x128x128>, !ttg.memdesc<128x128xf16, #tmem, #ttng.tensor_memory, mutable, 1x128x128>
      %result_9, %token = ttng.tmem_load %121#1[] {ttg.partition = array<i32: 0>} : !ttg.memdesc<128x1xf32, #tmem1, #ttng.tensor_memory, mutable, 1x128x1> -> tensor<128x1xf32, #linear5>
      %122 = tt.reshape %result_9 {ttg.partition = array<i32: 0>} : tensor<128x1xf32, #linear5> -> tensor<128xf32, #linear6>
      %123 = ttg.convert_layout %122 {ttg.partition = array<i32: 0>} : tensor<128xf32, #linear6> -> tensor<128xf32, #ttg.slice<{dim = 1, parent = #linear}>>
      %124 = math.log2 %123 {ttg.partition = array<i32: 0>} : tensor<128xf32, #ttg.slice<{dim = 1, parent = #linear}>>
      %125 = nvws.semaphore.acquire %65 {ttg.partition = array<i32: 0>} : <[!ttg.memdesc<1x128x1xf32, #tmem1, #ttng.tensor_memory, mutable>, !ttg.memdesc<1x128x1xf32, #tmem1, #ttng.tensor_memory, mutable>, !ttg.memdesc<1x128x1xf32, #tmem1, #ttng.tensor_memory, mutable>, !ttg.memdesc<1x128x128xf32, #tmem, #ttng.tensor_memory, mutable>, !ttg.memdesc<1x128x128xf16, #tmem, #ttng.tensor_memory, mutable>]> -> !ttg.async.token
      %126:5 = nvws.semaphore.buffer %65, %125 {ttg.partition = array<i32: 0>} : <[!ttg.memdesc<1x128x1xf32, #tmem1, #ttng.tensor_memory, mutable>, !ttg.memdesc<1x128x1xf32, #tmem1, #ttng.tensor_memory, mutable>, !ttg.memdesc<1x128x1xf32, #tmem1, #ttng.tensor_memory, mutable>, !ttg.memdesc<1x128x128xf32, #tmem, #ttng.tensor_memory, mutable>, !ttg.memdesc<1x128x128xf16, #tmem, #ttng.tensor_memory, mutable>]>, !ttg.async.token -> !ttg.memdesc<128x1xf32, #tmem1, #ttng.tensor_memory, mutable, 1x128x1>, !ttg.memdesc<128x1xf32, #tmem1, #ttng.tensor_memory, mutable, 1x128x1>, !ttg.memdesc<128x1xf32, #tmem1, #ttng.tensor_memory, mutable, 1x128x1>, !ttg.memdesc<128x128xf32, #tmem, #ttng.tensor_memory, mutable, 1x128x128>, !ttg.memdesc<128x128xf16, #tmem, #ttng.tensor_memory, mutable, 1x128x128>
      %result_10, %token_11 = ttng.tmem_load %126#1[] {ttg.partition = array<i32: 0>} : !ttg.memdesc<128x1xf32, #tmem1, #ttng.tensor_memory, mutable, 1x128x1> -> tensor<128x1xf32, #linear5>
      %127 = tt.reshape %result_10 {ttg.partition = array<i32: 0>} : tensor<128x1xf32, #linear5> -> tensor<128xf32, #linear6>
      %128 = ttg.convert_layout %127 {ttg.partition = array<i32: 0>} : tensor<128xf32, #linear6> -> tensor<128xf32, #ttg.slice<{dim = 1, parent = #linear}>>
      %129 = math.log2 %128 {ttg.partition = array<i32: 0>} : tensor<128xf32, #ttg.slice<{dim = 1, parent = #linear}>>
      %result_12, %token_13 = ttng.tmem_load %121#2[] {ttg.partition = array<i32: 0>} : !ttg.memdesc<128x1xf32, #tmem1, #ttng.tensor_memory, mutable, 1x128x1> -> tensor<128x1xf32, #linear5>
      nvws.semaphore.release %40, %120 [#nvws.async_op<none>] {ttg.partition = array<i32: 0>} : <[!ttg.memdesc<1x128x1xf32, #tmem1, #ttng.tensor_memory, mutable>, !ttg.memdesc<1x128x1xf32, #tmem1, #ttng.tensor_memory, mutable>, !ttg.memdesc<1x128x1xf32, #tmem1, #ttng.tensor_memory, mutable>, !ttg.memdesc<1x128x128xf32, #tmem, #ttng.tensor_memory, mutable>, !ttg.memdesc<1x128x128xf16, #tmem, #ttng.tensor_memory, mutable>]>, !ttg.async.token
      %130 = tt.reshape %result_12 {ttg.partition = array<i32: 0>} : tensor<128x1xf32, #linear5> -> tensor<128xf32, #linear6>
      %131 = ttg.convert_layout %130 {ttg.partition = array<i32: 0>} : tensor<128xf32, #linear6> -> tensor<128xf32, #ttg.slice<{dim = 1, parent = #linear}>>
      %132 = arith.addf %131, %124 {ttg.partition = array<i32: 0>} : tensor<128xf32, #ttg.slice<{dim = 1, parent = #linear}>>
      %result_14, %token_15 = ttng.tmem_load %126#2[] {ttg.partition = array<i32: 0>} : !ttg.memdesc<128x1xf32, #tmem1, #ttng.tensor_memory, mutable, 1x128x1> -> tensor<128x1xf32, #linear5>
      nvws.semaphore.release %57, %125 [#nvws.async_op<none>] {ttg.partition = array<i32: 0>} : <[!ttg.memdesc<1x128x1xf32, #tmem1, #ttng.tensor_memory, mutable>, !ttg.memdesc<1x128x1xf32, #tmem1, #ttng.tensor_memory, mutable>, !ttg.memdesc<1x128x1xf32, #tmem1, #ttng.tensor_memory, mutable>, !ttg.memdesc<1x128x128xf32, #tmem, #ttng.tensor_memory, mutable>, !ttg.memdesc<1x128x128xf16, #tmem, #ttng.tensor_memory, mutable>]>, !ttg.async.token
      %133 = tt.reshape %result_14 {ttg.partition = array<i32: 0>} : tensor<128x1xf32, #linear5> -> tensor<128xf32, #linear6>
      %134 = ttg.convert_layout %133 {ttg.partition = array<i32: 0>} : tensor<128xf32, #linear6> -> tensor<128xf32, #ttg.slice<{dim = 1, parent = #linear}>>
      %135 = arith.addf %134, %129 {ttg.partition = array<i32: 0>} : tensor<128xf32, #ttg.slice<{dim = 1, parent = #linear}>>
      %136 = tt.expand_dims %123 {axis = 1 : i32, ttg.partition = array<i32: 0>} : tensor<128xf32, #ttg.slice<{dim = 1, parent = #linear}>> -> tensor<128x1xf32, #linear>
      %137 = tt.expand_dims %128 {axis = 1 : i32, ttg.partition = array<i32: 0>} : tensor<128xf32, #ttg.slice<{dim = 1, parent = #linear}>> -> tensor<128x1xf32, #linear>
      %138 = tt.broadcast %136 {ttg.partition = array<i32: 0>} : tensor<128x1xf32, #linear> -> tensor<128x128xf32, #linear>
      %139 = tt.broadcast %137 {ttg.partition = array<i32: 0>} : tensor<128x1xf32, #linear> -> tensor<128x128xf32, #linear>
      %140 = nvws.semaphore.buffer %72, %107#7 {ttg.partition = array<i32: 0>} : <[!ttg.memdesc<1x128x128xf32, #tmem, #ttng.tensor_memory, mutable>]>, !ttg.async.token -> !ttg.memdesc<128x128xf32, #tmem, #ttng.tensor_memory, mutable, 1x128x128>
      %result_16, %token_17 = ttng.tmem_load %140[] {tmem.end = array<i32: 10>, ttg.partition = array<i32: 0>} : !ttg.memdesc<128x128xf32, #tmem, #ttng.tensor_memory, mutable, 1x128x128> -> tensor<128x128xf32, #linear1>
      %141 = ttg.convert_layout %result_16 {ttg.partition = array<i32: 0>} : tensor<128x128xf32, #linear1> -> tensor<128x128xf32, #linear>
      %142 = nvws.semaphore.buffer %74, %107#8 {ttg.partition = array<i32: 0>} : <[!ttg.memdesc<1x128x128xf32, #tmem, #ttng.tensor_memory, mutable>]>, !ttg.async.token -> !ttg.memdesc<128x128xf32, #tmem, #ttng.tensor_memory, mutable, 1x128x128>
      %result_18, %token_19 = ttng.tmem_load %142[] {tmem.end = array<i32: 13>, ttg.partition = array<i32: 0>} : !ttg.memdesc<128x128xf32, #tmem, #ttng.tensor_memory, mutable, 1x128x128> -> tensor<128x128xf32, #linear1>
      %143 = ttg.convert_layout %result_18 {ttg.partition = array<i32: 0>} : tensor<128x128xf32, #linear1> -> tensor<128x128xf32, #linear>
      %144 = arith.divf %141, %138 {ttg.partition = array<i32: 0>} : tensor<128x128xf32, #linear>
      %145 = arith.divf %143, %139 {ttg.partition = array<i32: 0>} : tensor<128x128xf32, #linear>
      %146 = arith.muli %88, %c16384_i32 {ttg.partition = array<i32: 0, 1, 2, 3, 4, 5>} : i32
      %147 = tt.addptr %arg1, %146 {ttg.partition = array<i32: 0, 1, 2, 3, 4, 5>} : !tt.ptr<f32>, i32
      %148 = tt.splat %147 {ttg.partition = array<i32: 0>} : !tt.ptr<f32> -> tensor<128x!tt.ptr<f32>, #blocked>
      %149 = tt.addptr %148, %99 {ttg.partition = array<i32: 0>} : tensor<128x!tt.ptr<f32>, #blocked>, tensor<128xi32, #blocked>
      %150 = tt.addptr %148, %100 {ttg.partition = array<i32: 0>} : tensor<128x!tt.ptr<f32>, #blocked>, tensor<128xi32, #blocked>
      %151 = ttg.convert_layout %132 {ttg.partition = array<i32: 0>} : tensor<128xf32, #ttg.slice<{dim = 1, parent = #linear}>> -> tensor<128xf32, #blocked>
      %152 = ttg.convert_layout %135 {ttg.partition = array<i32: 0>} : tensor<128xf32, #ttg.slice<{dim = 1, parent = #linear}>> -> tensor<128xf32, #blocked>
      tt.store %149, %151 {ttg.partition = array<i32: 0>} : tensor<128x!tt.ptr<f32>, #blocked>
      tt.store %150, %152 {ttg.partition = array<i32: 0>} : tensor<128x!tt.ptr<f32>, #blocked>
      %153 = arith.truncf %144 {ttg.partition = array<i32: 0>} : tensor<128x128xf32, #linear> to tensor<128x128xf16, #linear>
      %154 = nvws.semaphore.buffer %67, %arg18 {ttg.partition = array<i32: 0>} : <[!ttg.memdesc<1x128x128xf16, #shared, #smem, mutable>]>, !ttg.async.token -> !ttg.memdesc<128x128xf16, #shared, #smem, mutable>
      ttg.local_store %153, %154 {ttg.partition = array<i32: 0>} : tensor<128x128xf16, #linear> -> !ttg.memdesc<128x128xf16, #shared, #smem, mutable>
      nvws.semaphore.release %68, %arg18 [#nvws.async_op<none>] {ttg.partition = array<i32: 0>} : <[!ttg.memdesc<1x128x128xf16, #shared, #smem, mutable>]>, !ttg.async.token
      %155 = arith.truncf %145 {ttg.partition = array<i32: 0>} : tensor<128x128xf32, #linear> to tensor<128x128xf16, #linear>
      %156 = nvws.semaphore.buffer %70, %arg19 {ttg.partition = array<i32: 0>} : <[!ttg.memdesc<1x128x128xf16, #shared, #smem, mutable>]>, !ttg.async.token -> !ttg.memdesc<128x128xf16, #shared, #smem, mutable>
      ttg.local_store %155, %156 {ttg.partition = array<i32: 0>} : tensor<128x128xf16, #linear> -> !ttg.memdesc<128x128xf16, #shared, #smem, mutable>
      nvws.semaphore.release %71, %arg19 [#nvws.async_op<none>] {ttg.partition = array<i32: 0>} : <[!ttg.memdesc<1x128x128xf16, #shared, #smem, mutable>]>, !ttg.async.token
      %157 = nvws.semaphore.acquire %68 {ttg.partition = array<i32: 2>} : <[!ttg.memdesc<1x128x128xf16, #shared, #smem, mutable>]> -> !ttg.async.token
      %158 = nvws.semaphore.buffer %68, %157 {ttg.partition = array<i32: 2>} : <[!ttg.memdesc<1x128x128xf16, #shared, #smem, mutable>]>, !ttg.async.token -> !ttg.memdesc<128x128xf16, #shared, #smem, mutable>
      %159 = ttg.local_load %158 {ttg.partition = array<i32: 2>} : !ttg.memdesc<128x128xf16, #shared, #smem, mutable> -> tensor<128x128xf16, #linear>
      nvws.semaphore.release %67, %157 [#nvws.async_op<none>] {ttg.partition = array<i32: 2>} : <[!ttg.memdesc<1x128x128xf16, #shared, #smem, mutable>]>, !ttg.async.token
      %160 = ttg.convert_layout %159 {ttg.partition = array<i32: 2>} : tensor<128x128xf16, #linear> -> tensor<128x128xf16, #blocked1>
      %161 = nvws.semaphore.acquire %71 {ttg.partition = array<i32: 2>} : <[!ttg.memdesc<1x128x128xf16, #shared, #smem, mutable>]> -> !ttg.async.token
      %162 = nvws.semaphore.buffer %71, %161 {ttg.partition = array<i32: 2>} : <[!ttg.memdesc<1x128x128xf16, #shared, #smem, mutable>]>, !ttg.async.token -> !ttg.memdesc<128x128xf16, #shared, #smem, mutable>
      %163 = ttg.local_load %162 {ttg.partition = array<i32: 2>} : !ttg.memdesc<128x128xf16, #shared, #smem, mutable> -> tensor<128x128xf16, #linear>
      nvws.semaphore.release %70, %161 [#nvws.async_op<none>] {ttg.partition = array<i32: 2>} : <[!ttg.memdesc<1x128x128xf16, #shared, #smem, mutable>]>, !ttg.async.token
      %164 = ttg.convert_layout %163 {ttg.partition = array<i32: 2>} : tensor<128x128xf16, #linear> -> tensor<128x128xf16, #blocked1>
      tt.descriptor_store %13[%95, %c0_i32], %160 {ttg.partition = array<i32: 2>} : !tt.tensordesc<tensor<128x128xf16, #shared>>, tensor<128x128xf16, #blocked1>
      tt.descriptor_store %13[%96, %c0_i32], %164 {ttg.partition = array<i32: 2>} : !tt.tensordesc<tensor<128x128xf16, #shared>>, tensor<128x128xf16, #blocked1>
      %165 = arith.addi %arg9, %1 {ttg.partition = array<i32: 0, 1, 2, 3, 4, 5>} : i32
      %166 = nvws.semaphore.acquire %40 {loop.cluster = 4 : i32, loop.stage = 0 : i32, ttg.partition = array<i32: 1>} : <[!ttg.memdesc<1x128x1xf32, #tmem1, #ttng.tensor_memory, mutable>, !ttg.memdesc<1x128x1xf32, #tmem1, #ttng.tensor_memory, mutable>, !ttg.memdesc<1x128x1xf32, #tmem1, #ttng.tensor_memory, mutable>, !ttg.memdesc<1x128x128xf32, #tmem, #ttng.tensor_memory, mutable>, !ttg.memdesc<1x128x128xf16, #tmem, #ttng.tensor_memory, mutable>]> -> !ttg.async.token
      %167 = nvws.semaphore.acquire %57 {loop.cluster = 2 : i32, loop.stage = 1 : i32, ttg.partition = array<i32: 1>} : <[!ttg.memdesc<1x128x1xf32, #tmem1, #ttng.tensor_memory, mutable>, !ttg.memdesc<1x128x1xf32, #tmem1, #ttng.tensor_memory, mutable>, !ttg.memdesc<1x128x1xf32, #tmem1, #ttng.tensor_memory, mutable>, !ttg.memdesc<1x128x128xf32, #tmem, #ttng.tensor_memory, mutable>, !ttg.memdesc<1x128x128xf16, #tmem, #ttng.tensor_memory, mutable>]> -> !ttg.async.token
      %168 = nvws.semaphore.acquire %21 {ttg.partition = array<i32: 3>} : <[!ttg.memdesc<1x128x128xf16, #shared, #smem, mutable>]> -> !ttg.async.token
      %169 = nvws.semaphore.acquire %24 {ttg.partition = array<i32: 3>} : <[!ttg.memdesc<1x128x128xf16, #shared, #smem, mutable>]> -> !ttg.async.token
      %170 = nvws.semaphore.acquire %67 {ttg.partition = array<i32: 0>} : <[!ttg.memdesc<1x128x128xf16, #shared, #smem, mutable>]> -> !ttg.async.token
      %171 = nvws.semaphore.acquire %70 {ttg.partition = array<i32: 0>} : <[!ttg.memdesc<1x128x128xf16, #shared, #smem, mutable>]> -> !ttg.async.token
      scf.yield {ttg.partition = array<i32: 0, 1, 2, 3, 4, 5>} %165, %166, %167, %107#7, %107#8, %168, %169, %107#9, %107#10, %170, %171 : i32, !ttg.async.token, !ttg.async.token, !ttg.async.token, !ttg.async.token, !ttg.async.token, !ttg.async.token, !ttg.async.token, !ttg.async.token, !ttg.async.token, !ttg.async.token
    } {tt.data_partition_factor = 2 : i32, tt.merge_epilogue = true, tt.separate_epilogue_store = true, tt.warp_specialize, ttg.partition = array<i32: 0, 1, 2, 3, 4, 5>, ttg.partition.outputs = [array<i32: 0, 1, 2, 3, 4, 5>, array<i32: 1>, array<i32: 1>, array<i32: 0>, array<i32: 0>, array<i32: 3>, array<i32: 3>, array<i32: 3>, array<i32: 3>, array<i32: 0>, array<i32: 0>], ttg.partition.stages = [0 : i32, 1 : i32, 0 : i32, 0 : i32, 0 : i32, 0 : i32], ttg.partition.types = ["correction", "gemm", "epilogue_store", "load", "computation", "computation"], ttg.warp_specialize.tag = 0 : i32}
    tt.return
  }
}

