#blocked = #ttg.blocked<{sizePerThread = [1, 128], threadsPerWarp = [32, 1], warpsPerCTA = [4, 1], order = [0, 1]}>
#linear = #ttg.linear<{register = [[0, 1], [0, 2], [0, 4], [0, 8], [0, 16], [0, 32], [0, 64]], lane = [[1, 0], [2, 0], [4, 0], [8, 0], [16, 0]], warp = [[32, 0], [64, 0]], block = []}>
#shared = #ttg.nvmma_shared<{swizzlingByteWidth = 128, transposed = false, elementBitWidth = 16}>
#smem = #ttg.shared_memory
#tmem = #ttng.tensor_memory_encoding<blockM = 128, blockN = 128, colStride = 1>
module attributes {"ttg.num-warps" = 4 : i32, ttg.target = "cuda:100"} {
  tt.func @sourceful_tokenless_alias(%arg0: i32, %arg1: i32, %arg2: i32) {
    %c0_i32 = arith.constant 0 : i32
    %cst = arith.constant dense<0.000000e+00> : tensor<128x128xf32, #blocked>
    %cst_0 = arith.constant dense<1.000000e+00> : tensor<128x128xf32, #blocked>
    %result = ttng.tmem_alloc {buffer.id = 7 : i32, buffer.offset = 0 : i32} : () -> !ttg.memdesc<2x128x128xf32, #tmem, #ttng.tensor_memory, mutable>
    %0 = nvws.semaphore.create %result, %result true {nvws.dag_pending_count = 1 : i32} : <[!ttg.memdesc<2x128x128xf32, #tmem, #ttng.tensor_memory, mutable>, !ttg.memdesc<2x128x128xf32, #tmem, #ttng.tensor_memory, mutable>]>
    %1 = nvws.semaphore.create %result, %result false {nvws.dag_pending_count = 1 : i32} : <[!ttg.memdesc<2x128x128xf32, #tmem, #ttng.tensor_memory, mutable>, !ttg.memdesc<2x128x128xf32, #tmem, #ttng.tensor_memory, mutable>]>
    %2 = nvws.semaphore.acquire %0 {ttg.partition = array<i32: 1>, ttg.warp_specialize.tag = 0 : i32} : <[!ttg.memdesc<2x128x128xf32, #tmem, #ttng.tensor_memory, mutable>, !ttg.memdesc<2x128x128xf32, #tmem, #ttng.tensor_memory, mutable>]> -> !ttg.async.token
    %3:2 = scf.for %arg3 = %arg0 to %arg1 step %arg2 iter_args(%arg4 = %c0_i32, %arg5 = %2) -> (i32, !ttg.async.token)  : i32 {
      %4:2 = nvws.semaphore.buffer %0, %arg5 {ttg.partition = array<i32: 1>} : <[!ttg.memdesc<2x128x128xf32, #tmem, #ttng.tensor_memory, mutable>, !ttg.memdesc<2x128x128xf32, #tmem, #ttng.tensor_memory, mutable>]>, !ttg.async.token -> !ttg.memdesc<128x128xf32, #tmem, #ttng.tensor_memory, mutable, 2x128x128>, !ttg.memdesc<128x128xf32, #tmem, #ttng.tensor_memory, mutable, 2x128x128>
      %true = arith.constant {ttg.partition = array<i32: 1>} true
      ttng.tmem_store %cst, %4#0, %true {ttg.partition = array<i32: 1>} : tensor<128x128xf32, #blocked> -> !ttg.memdesc<128x128xf32, #tmem, #ttng.tensor_memory, mutable, 2x128x128>
      %result_1, %token = ttng.tmem_load %4#0[] {ttg.partition = array<i32: 1>} : !ttg.memdesc<128x128xf32, #tmem, #ttng.tensor_memory, mutable, 2x128x128> -> tensor<128x128xf32, #blocked>
      nvws.semaphore.release %1, %arg5 [#nvws.async_op<none>] {ttg.partition = array<i32: 1>} : <[!ttg.memdesc<2x128x128xf32, #tmem, #ttng.tensor_memory, mutable>, !ttg.memdesc<2x128x128xf32, #tmem, #ttng.tensor_memory, mutable>]>, !ttg.async.token
      "use"(%result_1) {ttg.partition = array<i32: 1>} : (tensor<128x128xf32, #blocked>) -> ()
      %5 = nvws.semaphore.acquire %1 {ttg.partition = array<i32: 0>} : <[!ttg.memdesc<2x128x128xf32, #tmem, #ttng.tensor_memory, mutable>, !ttg.memdesc<2x128x128xf32, #tmem, #ttng.tensor_memory, mutable>]> -> !ttg.async.token
      %6:2 = nvws.semaphore.buffer %1, %5 {ttg.partition = array<i32: 0>} : <[!ttg.memdesc<2x128x128xf32, #tmem, #ttng.tensor_memory, mutable>, !ttg.memdesc<2x128x128xf32, #tmem, #ttng.tensor_memory, mutable>]>, !ttg.async.token -> !ttg.memdesc<128x128xf32, #tmem, #ttng.tensor_memory, mutable, 2x128x128>, !ttg.memdesc<128x128xf32, #tmem, #ttng.tensor_memory, mutable, 2x128x128>
      %true_2 = arith.constant {ttg.partition = array<i32: 0>} true
      ttng.tmem_store %cst_0, %6#1, %true_2 {ttg.partition = array<i32: 0>} : tensor<128x128xf32, #blocked> -> !ttg.memdesc<128x128xf32, #tmem, #ttng.tensor_memory, mutable, 2x128x128>
      %result_3, %token_4 = ttng.tmem_load %6#1[] {ttg.partition = array<i32: 0>} : !ttg.memdesc<128x128xf32, #tmem, #ttng.tensor_memory, mutable, 2x128x128> -> tensor<128x128xf32, #blocked>
      nvws.semaphore.release %0, %5 [#nvws.async_op<none>] {ttg.partition = array<i32: 0>} : <[!ttg.memdesc<2x128x128xf32, #tmem, #ttng.tensor_memory, mutable>, !ttg.memdesc<2x128x128xf32, #tmem, #ttng.tensor_memory, mutable>]>, !ttg.async.token
      "use"(%result_3) {ttg.partition = array<i32: 0>} : (tensor<128x128xf32, #blocked>) -> ()
      %7 = arith.addi %arg4, %c0_i32 {ttg.partition = array<i32: 0, 1>} : i32
      %8 = nvws.semaphore.acquire %0 {ttg.partition = array<i32: 1>} : <[!ttg.memdesc<2x128x128xf32, #tmem, #ttng.tensor_memory, mutable>, !ttg.memdesc<2x128x128xf32, #tmem, #ttng.tensor_memory, mutable>]> -> !ttg.async.token
      scf.yield {ttg.partition = array<i32: 0, 1>} %7, %8 : i32, !ttg.async.token
    } {tt.warp_specialize, ttg.partition = array<i32: 0, 1>, ttg.partition.outputs = [array<i32: 0, 1>, array<i32: 1>], ttg.warp_specialize.tag = 0 : i32}
    "use_i32"(%3#0) : (i32) -> ()
    tt.return
  }
  tt.func @same_owner_alias_no_semaphore(%arg0: i32, %arg1: i32, %arg2: i32) {
    %c0_i32 = arith.constant 0 : i32
    %cst = arith.constant dense<0.000000e+00> : tensor<128x128xf32, #blocked>
    %cst_0 = arith.constant dense<1.000000e+00> : tensor<128x128xf32, #blocked>
    %0 = scf.for %arg3 = %arg0 to %arg1 step %arg2 iter_args(%arg4 = %c0_i32) -> (i32)  : i32 {
      %result = ttng.tmem_alloc %cst {buffer.id = 8 : i32, ttg.partition = array<i32: 1>} : (tensor<128x128xf32, #blocked>) -> !ttg.memdesc<128x128xf32, #tmem, #ttng.tensor_memory, mutable>
      %result_1, %token = ttng.tmem_load %result[] {ttg.partition = array<i32: 1>} : !ttg.memdesc<128x128xf32, #tmem, #ttng.tensor_memory, mutable> -> tensor<128x128xf32, #blocked>
      "use"(%result_1) {ttg.partition = array<i32: 1>} : (tensor<128x128xf32, #blocked>) -> ()
      %result_2 = ttng.tmem_alloc %cst_0 {buffer.id = 8 : i32, ttg.partition = array<i32: 1>} : (tensor<128x128xf32, #blocked>) -> !ttg.memdesc<128x128xf32, #tmem, #ttng.tensor_memory, mutable>
      %result_3, %token_4 = ttng.tmem_load %result_2[] {ttg.partition = array<i32: 1>} : !ttg.memdesc<128x128xf32, #tmem, #ttng.tensor_memory, mutable> -> tensor<128x128xf32, #blocked>
      "use"(%result_3) {ttg.partition = array<i32: 1>} : (tensor<128x128xf32, #blocked>) -> ()
      %1 = arith.addi %arg4, %c0_i32 {ttg.partition = array<i32: 1>} : i32
      scf.yield {ttg.partition = array<i32: 1>} %1 : i32
    } {tt.warp_specialize, ttg.partition = array<i32: 1>, ttg.partition.outputs = [array<i32: 1>], ttg.warp_specialize.tag = 1 : i32}
    "use_i32"(%0) : (i32) -> ()
    tt.return
  }
  tt.func @loop_token_slot_alias(%arg0: i32, %arg1: i32, %arg2: i32) {
    %cst = arith.constant dense<0.000000e+00> : tensor<128x128xf32, #blocked>
    %true = arith.constant true
    %result = ttng.tmem_alloc {buffer.id = 9 : i32} : () -> !ttg.memdesc<2x128x128xf32, #tmem, #ttng.tensor_memory, mutable>
    %0 = nvws.semaphore.create %result, %result true {nvws.dag_pending_count = 1 : i32} : <[!ttg.memdesc<2x128x128xf32, #tmem, #ttng.tensor_memory, mutable>, !ttg.memdesc<2x128x128xf32, #tmem, #ttng.tensor_memory, mutable>]>
    %1 = nvws.semaphore.create %result, %result false {nvws.dag_pending_count = 1 : i32} : <[!ttg.memdesc<2x128x128xf32, #tmem, #ttng.tensor_memory, mutable>, !ttg.memdesc<2x128x128xf32, #tmem, #ttng.tensor_memory, mutable>]>
    %2 = nvws.semaphore.acquire %0 {ttg.partition = array<i32: 1>, ttg.warp_specialize.tag = 2 : i32} : <[!ttg.memdesc<2x128x128xf32, #tmem, #ttng.tensor_memory, mutable>, !ttg.memdesc<2x128x128xf32, #tmem, #ttng.tensor_memory, mutable>]> -> !ttg.async.token
    %3 = scf.for %arg3 = %arg0 to %arg1 step %arg2 iter_args(%arg4 = %2) -> (!ttg.async.token)  : i32 {
      %4:2 = nvws.semaphore.buffer %0, %arg4 {ttg.partition = array<i32: 1>} : <[!ttg.memdesc<2x128x128xf32, #tmem, #ttng.tensor_memory, mutable>, !ttg.memdesc<2x128x128xf32, #tmem, #ttng.tensor_memory, mutable>]>, !ttg.async.token -> !ttg.memdesc<128x128xf32, #tmem, #ttng.tensor_memory, mutable, 2x128x128>, !ttg.memdesc<128x128xf32, #tmem, #ttng.tensor_memory, mutable, 2x128x128>
      %5 = ttng.tmem_store %cst, %4#0[], %true {ttg.partition = array<i32: 1>} : tensor<128x128xf32, #blocked> -> !ttg.memdesc<128x128xf32, #tmem, #ttng.tensor_memory, mutable, 2x128x128>
      nvws.semaphore.release %1, %arg4 [#nvws.async_op<none>] {ttg.partition = array<i32: 1>} : <[!ttg.memdesc<2x128x128xf32, #tmem, #ttng.tensor_memory, mutable>, !ttg.memdesc<2x128x128xf32, #tmem, #ttng.tensor_memory, mutable>]>, !ttg.async.token
      %6 = nvws.semaphore.acquire %1 {ttg.partition = array<i32: 0>} : <[!ttg.memdesc<2x128x128xf32, #tmem, #ttng.tensor_memory, mutable>, !ttg.memdesc<2x128x128xf32, #tmem, #ttng.tensor_memory, mutable>]> -> !ttg.async.token
      %7:2 = nvws.semaphore.buffer %1, %6 {ttg.partition = array<i32: 0>} : <[!ttg.memdesc<2x128x128xf32, #tmem, #ttng.tensor_memory, mutable>, !ttg.memdesc<2x128x128xf32, #tmem, #ttng.tensor_memory, mutable>]>, !ttg.async.token -> !ttg.memdesc<128x128xf32, #tmem, #ttng.tensor_memory, mutable, 2x128x128>, !ttg.memdesc<128x128xf32, #tmem, #ttng.tensor_memory, mutable, 2x128x128>
      %result_0, %token = ttng.tmem_load %7#1[] {ttg.partition = array<i32: 0>} : !ttg.memdesc<128x128xf32, #tmem, #ttng.tensor_memory, mutable, 2x128x128> -> tensor<128x128xf32, #blocked>
      nvws.semaphore.release %0, %6 [#nvws.async_op<none>] {ttg.partition = array<i32: 0>} : <[!ttg.memdesc<2x128x128xf32, #tmem, #ttng.tensor_memory, mutable>, !ttg.memdesc<2x128x128xf32, #tmem, #ttng.tensor_memory, mutable>]>, !ttg.async.token
      "use"(%result_0) {ttg.partition = array<i32: 0>} : (tensor<128x128xf32, #blocked>) -> ()
      %8 = nvws.semaphore.acquire %0 {ttg.partition = array<i32: 1>} : <[!ttg.memdesc<2x128x128xf32, #tmem, #ttng.tensor_memory, mutable>, !ttg.memdesc<2x128x128xf32, #tmem, #ttng.tensor_memory, mutable>]> -> !ttg.async.token
      scf.yield {ttg.partition = array<i32: 0, 1>} %8 : !ttg.async.token
    } {tt.warp_specialize, ttg.partition = array<i32: 0, 1>, ttg.partition.outputs = [array<i32: 1>], ttg.warp_specialize.tag = 2 : i32}
    tt.return
  }
  tt.func @if_branch_alias(%arg0: i32, %arg1: i32, %arg2: i32, %arg3: i1) {
    %c0_i32 = arith.constant 0 : i32
    %cst = arith.constant dense<0.000000e+00> : tensor<128x128xf32, #blocked>
    %true = arith.constant true
    %result = ttng.tmem_alloc {buffer.id = 10 : i32} : () -> !ttg.memdesc<2x128x128xf32, #tmem, #ttng.tensor_memory, mutable>
    %0 = nvws.semaphore.create %result, %result true {nvws.dag_pending_count = 1 : i32} : <[!ttg.memdesc<2x128x128xf32, #tmem, #ttng.tensor_memory, mutable>, !ttg.memdesc<2x128x128xf32, #tmem, #ttng.tensor_memory, mutable>]>
    %1 = nvws.semaphore.create %result, %result false {nvws.dag_pending_count = 1 : i32} : <[!ttg.memdesc<2x128x128xf32, #tmem, #ttng.tensor_memory, mutable>, !ttg.memdesc<2x128x128xf32, #tmem, #ttng.tensor_memory, mutable>]>
    %2 = nvws.semaphore.create %result, %result false {nvws.dag_pending_count = 1 : i32} : <[!ttg.memdesc<2x128x128xf32, #tmem, #ttng.tensor_memory, mutable>, !ttg.memdesc<2x128x128xf32, #tmem, #ttng.tensor_memory, mutable>]>
    %3 = nvws.semaphore.create %result, %result false {nvws.dag_pending_count = 1 : i32} : <[!ttg.memdesc<2x128x128xf32, #tmem, #ttng.tensor_memory, mutable>, !ttg.memdesc<2x128x128xf32, #tmem, #ttng.tensor_memory, mutable>]>
    %4 = nvws.semaphore.create %result, %result false {nvws.dag_pending_count = 1 : i32} : <[!ttg.memdesc<2x128x128xf32, #tmem, #ttng.tensor_memory, mutable>, !ttg.memdesc<2x128x128xf32, #tmem, #ttng.tensor_memory, mutable>]>
    %5 = nvws.semaphore.create %result, %result false {nvws.dag_pending_count = 1 : i32} : <[!ttg.memdesc<2x128x128xf32, #tmem, #ttng.tensor_memory, mutable>, !ttg.memdesc<2x128x128xf32, #tmem, #ttng.tensor_memory, mutable>]>
    %6 = nvws.semaphore.acquire %0 {ttg.partition = array<i32: 1>, ttg.warp_specialize.tag = 3 : i32} : <[!ttg.memdesc<2x128x128xf32, #tmem, #ttng.tensor_memory, mutable>, !ttg.memdesc<2x128x128xf32, #tmem, #ttng.tensor_memory, mutable>]> -> !ttg.async.token
    %7:2 = scf.for %arg4 = %arg0 to %arg1 step %arg2 iter_args(%arg5 = %c0_i32, %arg6 = %6) -> (i32, !ttg.async.token)  : i32 {
      %8 = scf.if %arg3 -> (!ttg.async.token) {
        %15:2 = nvws.semaphore.buffer %0, %arg6 {ttg.partition = array<i32: 1>} : <[!ttg.memdesc<2x128x128xf32, #tmem, #ttng.tensor_memory, mutable>, !ttg.memdesc<2x128x128xf32, #tmem, #ttng.tensor_memory, mutable>]>, !ttg.async.token -> !ttg.memdesc<128x128xf32, #tmem, #ttng.tensor_memory, mutable, 2x128x128>, !ttg.memdesc<128x128xf32, #tmem, #ttng.tensor_memory, mutable, 2x128x128>
        %16 = ttng.tmem_store %cst, %15#0[], %true {ttg.partition = array<i32: 1>} : tensor<128x128xf32, #blocked> -> !ttg.memdesc<128x128xf32, #tmem, #ttng.tensor_memory, mutable, 2x128x128>
        nvws.semaphore.release %1, %arg6 [#nvws.async_op<none>] {ttg.partition = array<i32: 1>} : <[!ttg.memdesc<2x128x128xf32, #tmem, #ttng.tensor_memory, mutable>, !ttg.memdesc<2x128x128xf32, #tmem, #ttng.tensor_memory, mutable>]>, !ttg.async.token
        %17 = nvws.semaphore.acquire %1 {ttg.partition = array<i32: 0>} : <[!ttg.memdesc<2x128x128xf32, #tmem, #ttng.tensor_memory, mutable>, !ttg.memdesc<2x128x128xf32, #tmem, #ttng.tensor_memory, mutable>]> -> !ttg.async.token
        %18:2 = nvws.semaphore.buffer %1, %17 {ttg.partition = array<i32: 0>} : <[!ttg.memdesc<2x128x128xf32, #tmem, #ttng.tensor_memory, mutable>, !ttg.memdesc<2x128x128xf32, #tmem, #ttng.tensor_memory, mutable>]>, !ttg.async.token -> !ttg.memdesc<128x128xf32, #tmem, #ttng.tensor_memory, mutable, 2x128x128>, !ttg.memdesc<128x128xf32, #tmem, #ttng.tensor_memory, mutable, 2x128x128>
        %result_1, %token_2 = ttng.tmem_load %18#1[] {ttg.partition = array<i32: 0>} : !ttg.memdesc<128x128xf32, #tmem, #ttng.tensor_memory, mutable, 2x128x128> -> tensor<128x128xf32, #blocked>
        nvws.semaphore.release %2, %17 [#nvws.async_op<none>] {ttg.partition = array<i32: 0>} : <[!ttg.memdesc<2x128x128xf32, #tmem, #ttng.tensor_memory, mutable>, !ttg.memdesc<2x128x128xf32, #tmem, #ttng.tensor_memory, mutable>]>, !ttg.async.token
        "use"(%result_1) {ttg.partition = array<i32: 0>} : (tensor<128x128xf32, #blocked>) -> ()
        %19 = nvws.semaphore.acquire %2 {ttg.partition = array<i32: 1>} : <[!ttg.memdesc<2x128x128xf32, #tmem, #ttng.tensor_memory, mutable>, !ttg.memdesc<2x128x128xf32, #tmem, #ttng.tensor_memory, mutable>]> -> !ttg.async.token
        scf.yield {ttg.partition = array<i32: 0, 1>} %19 : !ttg.async.token
      } else {
        %15:2 = nvws.semaphore.buffer %0, %arg6 {ttg.partition = array<i32: 1>} : <[!ttg.memdesc<2x128x128xf32, #tmem, #ttng.tensor_memory, mutable>, !ttg.memdesc<2x128x128xf32, #tmem, #ttng.tensor_memory, mutable>]>, !ttg.async.token -> !ttg.memdesc<128x128xf32, #tmem, #ttng.tensor_memory, mutable, 2x128x128>, !ttg.memdesc<128x128xf32, #tmem, #ttng.tensor_memory, mutable, 2x128x128>
        %result_1, %token_2 = ttng.tmem_load %15#0[] {ttg.partition = array<i32: 1>} : !ttg.memdesc<128x128xf32, #tmem, #ttng.tensor_memory, mutable, 2x128x128> -> tensor<128x128xf32, #blocked>
        nvws.semaphore.release %3, %arg6 [#nvws.async_op<none>] {ttg.partition = array<i32: 1>} : <[!ttg.memdesc<2x128x128xf32, #tmem, #ttng.tensor_memory, mutable>, !ttg.memdesc<2x128x128xf32, #tmem, #ttng.tensor_memory, mutable>]>, !ttg.async.token
        "use"(%result_1) {ttg.partition = array<i32: 1>} : (tensor<128x128xf32, #blocked>) -> ()
        %16 = nvws.semaphore.acquire %3 {ttg.partition = array<i32: 0>} : <[!ttg.memdesc<2x128x128xf32, #tmem, #ttng.tensor_memory, mutable>, !ttg.memdesc<2x128x128xf32, #tmem, #ttng.tensor_memory, mutable>]> -> !ttg.async.token
        %17:2 = nvws.semaphore.buffer %3, %16 {ttg.partition = array<i32: 0>} : <[!ttg.memdesc<2x128x128xf32, #tmem, #ttng.tensor_memory, mutable>, !ttg.memdesc<2x128x128xf32, #tmem, #ttng.tensor_memory, mutable>]>, !ttg.async.token -> !ttg.memdesc<128x128xf32, #tmem, #ttng.tensor_memory, mutable, 2x128x128>, !ttg.memdesc<128x128xf32, #tmem, #ttng.tensor_memory, mutable, 2x128x128>
        %18 = ttng.tmem_store %cst, %17#1[], %true {ttg.partition = array<i32: 0>} : tensor<128x128xf32, #blocked> -> !ttg.memdesc<128x128xf32, #tmem, #ttng.tensor_memory, mutable, 2x128x128>
        nvws.semaphore.release %4, %16 [#nvws.async_op<none>] {ttg.partition = array<i32: 0>} : <[!ttg.memdesc<2x128x128xf32, #tmem, #ttng.tensor_memory, mutable>, !ttg.memdesc<2x128x128xf32, #tmem, #ttng.tensor_memory, mutable>]>, !ttg.async.token
        %19 = nvws.semaphore.acquire %4 {ttg.partition = array<i32: 1>} : <[!ttg.memdesc<2x128x128xf32, #tmem, #ttng.tensor_memory, mutable>, !ttg.memdesc<2x128x128xf32, #tmem, #ttng.tensor_memory, mutable>]> -> !ttg.async.token
        scf.yield {ttg.partition = array<i32: 0, 1>} %19 : !ttg.async.token
      } {ttg.partition = array<i32: 0, 1>, ttg.partition.outputs = [array<i32: 1>]}
      %9:2 = nvws.semaphore.buffer %0, %8 {ttg.partition = array<i32: 1>} : <[!ttg.memdesc<2x128x128xf32, #tmem, #ttng.tensor_memory, mutable>, !ttg.memdesc<2x128x128xf32, #tmem, #ttng.tensor_memory, mutable>]>, !ttg.async.token -> !ttg.memdesc<128x128xf32, #tmem, #ttng.tensor_memory, mutable, 2x128x128>, !ttg.memdesc<128x128xf32, #tmem, #ttng.tensor_memory, mutable, 2x128x128>
      %10 = ttng.tmem_store %cst, %9#0[], %true {ttg.partition = array<i32: 1>} : tensor<128x128xf32, #blocked> -> !ttg.memdesc<128x128xf32, #tmem, #ttng.tensor_memory, mutable, 2x128x128>
      nvws.semaphore.release %5, %8 [#nvws.async_op<none>] {ttg.partition = array<i32: 1>} : <[!ttg.memdesc<2x128x128xf32, #tmem, #ttng.tensor_memory, mutable>, !ttg.memdesc<2x128x128xf32, #tmem, #ttng.tensor_memory, mutable>]>, !ttg.async.token
      %11 = nvws.semaphore.acquire %5 {ttg.partition = array<i32: 0>} : <[!ttg.memdesc<2x128x128xf32, #tmem, #ttng.tensor_memory, mutable>, !ttg.memdesc<2x128x128xf32, #tmem, #ttng.tensor_memory, mutable>]> -> !ttg.async.token
      %12:2 = nvws.semaphore.buffer %5, %11 {ttg.partition = array<i32: 0>} : <[!ttg.memdesc<2x128x128xf32, #tmem, #ttng.tensor_memory, mutable>, !ttg.memdesc<2x128x128xf32, #tmem, #ttng.tensor_memory, mutable>]>, !ttg.async.token -> !ttg.memdesc<128x128xf32, #tmem, #ttng.tensor_memory, mutable, 2x128x128>, !ttg.memdesc<128x128xf32, #tmem, #ttng.tensor_memory, mutable, 2x128x128>
      %result_0, %token = ttng.tmem_load %12#1[] {ttg.partition = array<i32: 0>} : !ttg.memdesc<128x128xf32, #tmem, #ttng.tensor_memory, mutable, 2x128x128> -> tensor<128x128xf32, #blocked>
      nvws.semaphore.release %0, %11 [#nvws.async_op<none>] {ttg.partition = array<i32: 0>} : <[!ttg.memdesc<2x128x128xf32, #tmem, #ttng.tensor_memory, mutable>, !ttg.memdesc<2x128x128xf32, #tmem, #ttng.tensor_memory, mutable>]>, !ttg.async.token
      "use"(%result_0) {ttg.partition = array<i32: 0>} : (tensor<128x128xf32, #blocked>) -> ()
      %13 = arith.addi %arg5, %c0_i32 {ttg.partition = array<i32: 0, 1>} : i32
      %14 = nvws.semaphore.acquire %0 {ttg.partition = array<i32: 1>} : <[!ttg.memdesc<2x128x128xf32, #tmem, #ttng.tensor_memory, mutable>, !ttg.memdesc<2x128x128xf32, #tmem, #ttng.tensor_memory, mutable>]> -> !ttg.async.token
      scf.yield {ttg.partition = array<i32: 0, 1>} %13, %14 : i32, !ttg.async.token
    } {tt.warp_specialize, ttg.partition = array<i32: 0, 1>, ttg.partition.outputs = [array<i32: 0, 1>, array<i32: 1>], ttg.warp_specialize.tag = 3 : i32}
    "use_i32"(%7#0) : (i32) -> ()
    tt.return
  }
  tt.func @accumulator_and_operand_alias_same_partition(%arg0: !ttg.memdesc<128x128xf16, #shared, #smem>, %arg1: !ttg.memdesc<128x128xf16, #shared, #smem>, %arg2: i32, %arg3: i32, %arg4: i32) {
    %cst = arith.constant dense<1.000000e+00> : tensor<128x128xf16, #linear>
    %true = arith.constant true
    %result = ttng.tmem_alloc {buffer.id = 11 : i32, buffer.offset = 0 : i32} : () -> !ttg.memdesc<1x128x128xf32, #tmem, #ttng.tensor_memory, mutable>
    %0 = ttng.tmem_subslice %result {N = 0 : i32} : !ttg.memdesc<1x128x128xf32, #tmem, #ttng.tensor_memory, mutable> -> !ttg.memdesc<1x128x128xf32, #tmem, #ttng.tensor_memory, mutable>
    %1 = ttg.memdesc_reinterpret %0 : !ttg.memdesc<1x128x128xf32, #tmem, #ttng.tensor_memory, mutable> -> !ttg.memdesc<1x128x128xf16, #tmem, #ttng.tensor_memory, mutable>
    %2 = nvws.semaphore.create %result, %1 true {nvws.dag_pending_count = 1 : i32} : <[!ttg.memdesc<1x128x128xf32, #tmem, #ttng.tensor_memory, mutable>, !ttg.memdesc<1x128x128xf16, #tmem, #ttng.tensor_memory, mutable>]>
    %3 = nvws.semaphore.create %result, %1 false {nvws.dag_pending_count = 1 : i32} : <[!ttg.memdesc<1x128x128xf32, #tmem, #ttng.tensor_memory, mutable>, !ttg.memdesc<1x128x128xf16, #tmem, #ttng.tensor_memory, mutable>]>
    %result_0, %token = ttng.tmem_alloc {buffer.id = 12 : i32, buffer.offset = 0 : i32} : () -> (!ttg.memdesc<128x128xf32, #tmem, #ttng.tensor_memory, mutable>, !ttg.async.token)
    %4 = nvws.semaphore.acquire %2 {ttg.partition = array<i32: 1>, ttg.warp_specialize.tag = 4 : i32} : <[!ttg.memdesc<1x128x128xf32, #tmem, #ttng.tensor_memory, mutable>, !ttg.memdesc<1x128x128xf16, #tmem, #ttng.tensor_memory, mutable>]> -> !ttg.async.token
    %5:2 = scf.for %arg5 = %arg2 to %arg3 step %arg4 iter_args(%arg6 = %token, %arg7 = %4) -> (!ttg.async.token, !ttg.async.token)  : i32 {
      %6:2 = nvws.semaphore.buffer %2, %arg7 {ttg.partition = array<i32: 1>} : <[!ttg.memdesc<1x128x128xf32, #tmem, #ttng.tensor_memory, mutable>, !ttg.memdesc<1x128x128xf16, #tmem, #ttng.tensor_memory, mutable>]>, !ttg.async.token -> !ttg.memdesc<128x128xf32, #tmem, #ttng.tensor_memory, mutable, 1x128x128>, !ttg.memdesc<128x128xf16, #tmem, #ttng.tensor_memory, mutable, 1x128x128>
      %7 = ttng.tc_gen5_mma %arg0, %arg1, %6#0[], %true, %true {ttg.partition = array<i32: 1>} : !ttg.memdesc<128x128xf16, #shared, #smem>, !ttg.memdesc<128x128xf16, #shared, #smem>, !ttg.memdesc<128x128xf32, #tmem, #ttng.tensor_memory, mutable, 1x128x128>
      nvws.semaphore.release %3, %arg7 [#nvws.async_op<tc5mma>] {ttg.partition = array<i32: 1>} : <[!ttg.memdesc<1x128x128xf32, #tmem, #ttng.tensor_memory, mutable>, !ttg.memdesc<1x128x128xf16, #tmem, #ttng.tensor_memory, mutable>]>, !ttg.async.token
      %8 = nvws.semaphore.acquire %3 {ttg.partition = array<i32: 2>} : <[!ttg.memdesc<1x128x128xf32, #tmem, #ttng.tensor_memory, mutable>, !ttg.memdesc<1x128x128xf16, #tmem, #ttng.tensor_memory, mutable>]> -> !ttg.async.token
      %9:2 = nvws.semaphore.buffer %3, %8 {ttg.partition = array<i32: 2>} : <[!ttg.memdesc<1x128x128xf32, #tmem, #ttng.tensor_memory, mutable>, !ttg.memdesc<1x128x128xf16, #tmem, #ttng.tensor_memory, mutable>]>, !ttg.async.token -> !ttg.memdesc<128x128xf32, #tmem, #ttng.tensor_memory, mutable, 1x128x128>, !ttg.memdesc<128x128xf16, #tmem, #ttng.tensor_memory, mutable, 1x128x128>
      %true_1 = arith.constant {ttg.partition = array<i32: 2>} true
      ttng.tmem_store %cst, %9#1, %true_1 {ttg.partition = array<i32: 2>} : tensor<128x128xf16, #linear> -> !ttg.memdesc<128x128xf16, #tmem, #ttng.tensor_memory, mutable, 1x128x128>
      nvws.semaphore.release %2, %8 [#nvws.async_op<none>] {ttg.partition = array<i32: 2>} : <[!ttg.memdesc<1x128x128xf32, #tmem, #ttng.tensor_memory, mutable>, !ttg.memdesc<1x128x128xf16, #tmem, #ttng.tensor_memory, mutable>]>, !ttg.async.token
      %10 = nvws.semaphore.acquire %2 {ttg.partition = array<i32: 1>} : <[!ttg.memdesc<1x128x128xf32, #tmem, #ttng.tensor_memory, mutable>, !ttg.memdesc<1x128x128xf16, #tmem, #ttng.tensor_memory, mutable>]> -> !ttg.async.token
      %11:2 = nvws.semaphore.buffer %2, %10 {ttg.partition = array<i32: 1>} : <[!ttg.memdesc<1x128x128xf32, #tmem, #ttng.tensor_memory, mutable>, !ttg.memdesc<1x128x128xf16, #tmem, #ttng.tensor_memory, mutable>]>, !ttg.async.token -> !ttg.memdesc<128x128xf32, #tmem, #ttng.tensor_memory, mutable, 1x128x128>, !ttg.memdesc<128x128xf16, #tmem, #ttng.tensor_memory, mutable, 1x128x128>
      %12 = ttng.tc_gen5_mma %11#1, %arg1, %result_0[%arg6], %true, %true {ttg.partition = array<i32: 1>} : !ttg.memdesc<128x128xf16, #tmem, #ttng.tensor_memory, mutable, 1x128x128>, !ttg.memdesc<128x128xf16, #shared, #smem>, !ttg.memdesc<128x128xf32, #tmem, #ttng.tensor_memory, mutable>
      %result_2, %token_3 = ttng.tmem_load %11#0[] {ttg.partition = array<i32: 1>} : !ttg.memdesc<128x128xf32, #tmem, #ttng.tensor_memory, mutable, 1x128x128> -> tensor<128x128xf32, #blocked>
      "use"(%result_2) {ttg.partition = array<i32: 1>} : (tensor<128x128xf32, #blocked>) -> ()
      scf.yield {ttg.partition = array<i32: 1, 2>} %12, %10 : !ttg.async.token, !ttg.async.token
    } {tt.warp_specialize, ttg.partition = array<i32: 1, 2>, ttg.partition.outputs = [array<i32: 1>, array<i32: 1>], ttg.warp_specialize.tag = 4 : i32}
    tt.return
  }
  tt.func @singleton_staged_alloc_preserves_buffer_attrs(%arg0: !ttg.memdesc<128x128xf16, #shared, #smem>, %arg1: !ttg.memdesc<128x128xf16, #shared, #smem>, %arg2: i32, %arg3: i32, %arg4: i32) {
    %cst = arith.constant dense<0.000000e+00> : tensor<128x128xf32, #blocked>
    %true = arith.constant true
    %result = ttng.tmem_alloc {buffer.copy = 1 : i32, buffer.id = 13 : i32, buffer.offset = 0 : i32} : () -> !ttg.memdesc<1x128x128xf32, #tmem, #ttng.tensor_memory, mutable>
    %0 = nvws.semaphore.create %result true {nvws.dag_pending_count = 1 : i32} : <[!ttg.memdesc<1x128x128xf32, #tmem, #ttng.tensor_memory, mutable>]>
    %1 = nvws.semaphore.create %result false {nvws.dag_pending_count = 1 : i32} : <[!ttg.memdesc<1x128x128xf32, #tmem, #ttng.tensor_memory, mutable>]>
    %2 = nvws.semaphore.acquire %0 : <[!ttg.memdesc<1x128x128xf32, #tmem, #ttng.tensor_memory, mutable>]> -> !ttg.async.token
    %3 = nvws.semaphore.buffer %0, %2 : <[!ttg.memdesc<1x128x128xf32, #tmem, #ttng.tensor_memory, mutable>]>, !ttg.async.token -> !ttg.memdesc<128x128xf32, #tmem, #ttng.tensor_memory, mutable, 1x128x128>
    %4 = ttng.tmem_store %cst, %3[], %true : tensor<128x128xf32, #blocked> -> !ttg.memdesc<128x128xf32, #tmem, #ttng.tensor_memory, mutable, 1x128x128>
    %5 = scf.for %arg5 = %arg2 to %arg3 step %arg4 iter_args(%arg6 = %2) -> (!ttg.async.token)  : i32 {
      %6 = nvws.semaphore.buffer %0, %arg6 {ttg.partition = array<i32: 1>} : <[!ttg.memdesc<1x128x128xf32, #tmem, #ttng.tensor_memory, mutable>]>, !ttg.async.token -> !ttg.memdesc<128x128xf32, #tmem, #ttng.tensor_memory, mutable, 1x128x128>
      %7 = ttng.tc_gen5_mma %arg0, %arg1, %6[], %true, %true {ttg.partition = array<i32: 1>} : !ttg.memdesc<128x128xf16, #shared, #smem>, !ttg.memdesc<128x128xf16, #shared, #smem>, !ttg.memdesc<128x128xf32, #tmem, #ttng.tensor_memory, mutable, 1x128x128>
      nvws.semaphore.release %1, %arg6 [#nvws.async_op<tc5mma>] {ttg.partition = array<i32: 1>} : <[!ttg.memdesc<1x128x128xf32, #tmem, #ttng.tensor_memory, mutable>]>, !ttg.async.token
      %8 = nvws.semaphore.acquire %1 {ttg.partition = array<i32: 0>} : <[!ttg.memdesc<1x128x128xf32, #tmem, #ttng.tensor_memory, mutable>]> -> !ttg.async.token
      %9 = nvws.semaphore.buffer %1, %8 {ttg.partition = array<i32: 0>} : <[!ttg.memdesc<1x128x128xf32, #tmem, #ttng.tensor_memory, mutable>]>, !ttg.async.token -> !ttg.memdesc<128x128xf32, #tmem, #ttng.tensor_memory, mutable, 1x128x128>
      %result_0, %token = ttng.tmem_load %9[] {ttg.partition = array<i32: 0>} : !ttg.memdesc<128x128xf32, #tmem, #ttng.tensor_memory, mutable, 1x128x128> -> tensor<128x128xf32, #blocked>
      nvws.semaphore.release %0, %8 [#nvws.async_op<none>] {ttg.partition = array<i32: 0>} : <[!ttg.memdesc<1x128x128xf32, #tmem, #ttng.tensor_memory, mutable>]>, !ttg.async.token
      "use"(%result_0) {ttg.partition = array<i32: 0>} : (tensor<128x128xf32, #blocked>) -> ()
      %10 = nvws.semaphore.acquire %0 {ttg.partition = array<i32: 1>} : <[!ttg.memdesc<1x128x128xf32, #tmem, #ttng.tensor_memory, mutable>]> -> !ttg.async.token
      scf.yield {ttg.partition = array<i32: 0, 1>} %10 : !ttg.async.token
    } {tt.warp_specialize, ttg.partition = array<i32: 0, 1>, ttg.partition.outputs = [array<i32: 1>], ttg.warp_specialize.tag = 5 : i32}
    tt.return
  }
  tt.func @n_owner_alias_sequence(%arg0: i32, %arg1: i32, %arg2: i32) {
    %c0_i32 = arith.constant 0 : i32
    %cst = arith.constant dense<0.000000e+00> : tensor<128x128xf32, #blocked>
    %cst_0 = arith.constant dense<1.000000e+00> : tensor<128x128xf32, #blocked>
    %result = ttng.tmem_alloc {buffer.id = 14 : i32, buffer.offset = 0 : i32} : () -> !ttg.memdesc<2x128x128xf32, #tmem, #ttng.tensor_memory, mutable>
    %0 = nvws.semaphore.create %result, %result true {nvws.dag_pending_count = 1 : i32} : <[!ttg.memdesc<2x128x128xf32, #tmem, #ttng.tensor_memory, mutable>, !ttg.memdesc<2x128x128xf32, #tmem, #ttng.tensor_memory, mutable>]>
    %1 = nvws.semaphore.create %result, %result false {nvws.dag_pending_count = 1 : i32} : <[!ttg.memdesc<2x128x128xf32, #tmem, #ttng.tensor_memory, mutable>, !ttg.memdesc<2x128x128xf32, #tmem, #ttng.tensor_memory, mutable>]>
    %2 = nvws.semaphore.create %result, %result false {nvws.dag_pending_count = 1 : i32} : <[!ttg.memdesc<2x128x128xf32, #tmem, #ttng.tensor_memory, mutable>, !ttg.memdesc<2x128x128xf32, #tmem, #ttng.tensor_memory, mutable>]>
    %3 = nvws.semaphore.acquire %0 {ttg.partition = array<i32: 0>, ttg.warp_specialize.tag = 6 : i32} : <[!ttg.memdesc<2x128x128xf32, #tmem, #ttng.tensor_memory, mutable>, !ttg.memdesc<2x128x128xf32, #tmem, #ttng.tensor_memory, mutable>]> -> !ttg.async.token
    %4:2 = scf.for %arg3 = %arg0 to %arg1 step %arg2 iter_args(%arg4 = %c0_i32, %arg5 = %3) -> (i32, !ttg.async.token)  : i32 {
      %5:2 = nvws.semaphore.buffer %0, %arg5 {ttg.partition = array<i32: 0>} : <[!ttg.memdesc<2x128x128xf32, #tmem, #ttng.tensor_memory, mutable>, !ttg.memdesc<2x128x128xf32, #tmem, #ttng.tensor_memory, mutable>]>, !ttg.async.token -> !ttg.memdesc<128x128xf32, #tmem, #ttng.tensor_memory, mutable, 2x128x128>, !ttg.memdesc<128x128xf32, #tmem, #ttng.tensor_memory, mutable, 2x128x128>
      %true = arith.constant {ttg.partition = array<i32: 0>} true
      ttng.tmem_store %cst, %5#0, %true {ttg.partition = array<i32: 0>} : tensor<128x128xf32, #blocked> -> !ttg.memdesc<128x128xf32, #tmem, #ttng.tensor_memory, mutable, 2x128x128>
      nvws.semaphore.release %1, %arg5 [#nvws.async_op<none>] {ttg.partition = array<i32: 0>} : <[!ttg.memdesc<2x128x128xf32, #tmem, #ttng.tensor_memory, mutable>, !ttg.memdesc<2x128x128xf32, #tmem, #ttng.tensor_memory, mutable>]>, !ttg.async.token
      %6 = nvws.semaphore.acquire %1 {ttg.partition = array<i32: 1>} : <[!ttg.memdesc<2x128x128xf32, #tmem, #ttng.tensor_memory, mutable>, !ttg.memdesc<2x128x128xf32, #tmem, #ttng.tensor_memory, mutable>]> -> !ttg.async.token
      %7:2 = nvws.semaphore.buffer %1, %6 {ttg.partition = array<i32: 1>} : <[!ttg.memdesc<2x128x128xf32, #tmem, #ttng.tensor_memory, mutable>, !ttg.memdesc<2x128x128xf32, #tmem, #ttng.tensor_memory, mutable>]>, !ttg.async.token -> !ttg.memdesc<128x128xf32, #tmem, #ttng.tensor_memory, mutable, 2x128x128>, !ttg.memdesc<128x128xf32, #tmem, #ttng.tensor_memory, mutable, 2x128x128>
      %result_1, %token = ttng.tmem_load %7#0[] {ttg.partition = array<i32: 1>} : !ttg.memdesc<128x128xf32, #tmem, #ttng.tensor_memory, mutable, 2x128x128> -> tensor<128x128xf32, #blocked>
      nvws.semaphore.release %2, %6 [#nvws.async_op<none>] {ttg.partition = array<i32: 1>} : <[!ttg.memdesc<2x128x128xf32, #tmem, #ttng.tensor_memory, mutable>, !ttg.memdesc<2x128x128xf32, #tmem, #ttng.tensor_memory, mutable>]>, !ttg.async.token
      "use"(%result_1) {ttg.partition = array<i32: 1>} : (tensor<128x128xf32, #blocked>) -> ()
      %8 = nvws.semaphore.acquire %2 {ttg.partition = array<i32: 2>} : <[!ttg.memdesc<2x128x128xf32, #tmem, #ttng.tensor_memory, mutable>, !ttg.memdesc<2x128x128xf32, #tmem, #ttng.tensor_memory, mutable>]> -> !ttg.async.token
      %9:2 = nvws.semaphore.buffer %2, %8 {ttg.partition = array<i32: 2>} : <[!ttg.memdesc<2x128x128xf32, #tmem, #ttng.tensor_memory, mutable>, !ttg.memdesc<2x128x128xf32, #tmem, #ttng.tensor_memory, mutable>]>, !ttg.async.token -> !ttg.memdesc<128x128xf32, #tmem, #ttng.tensor_memory, mutable, 2x128x128>, !ttg.memdesc<128x128xf32, #tmem, #ttng.tensor_memory, mutable, 2x128x128>
      %true_2 = arith.constant {ttg.partition = array<i32: 2>} true
      ttng.tmem_store %cst_0, %9#1, %true_2 {ttg.partition = array<i32: 2>} : tensor<128x128xf32, #blocked> -> !ttg.memdesc<128x128xf32, #tmem, #ttng.tensor_memory, mutable, 2x128x128>
      nvws.semaphore.release %0, %8 [#nvws.async_op<none>] {ttg.partition = array<i32: 2>} : <[!ttg.memdesc<2x128x128xf32, #tmem, #ttng.tensor_memory, mutable>, !ttg.memdesc<2x128x128xf32, #tmem, #ttng.tensor_memory, mutable>]>, !ttg.async.token
      %10 = nvws.semaphore.acquire %0 {ttg.partition = array<i32: 0>} : <[!ttg.memdesc<2x128x128xf32, #tmem, #ttng.tensor_memory, mutable>, !ttg.memdesc<2x128x128xf32, #tmem, #ttng.tensor_memory, mutable>]> -> !ttg.async.token
      %11:2 = nvws.semaphore.buffer %0, %10 {ttg.partition = array<i32: 0>} : <[!ttg.memdesc<2x128x128xf32, #tmem, #ttng.tensor_memory, mutable>, !ttg.memdesc<2x128x128xf32, #tmem, #ttng.tensor_memory, mutable>]>, !ttg.async.token -> !ttg.memdesc<128x128xf32, #tmem, #ttng.tensor_memory, mutable, 2x128x128>, !ttg.memdesc<128x128xf32, #tmem, #ttng.tensor_memory, mutable, 2x128x128>
      %result_3, %token_4 = ttng.tmem_load %11#1[] {ttg.partition = array<i32: 0>} : !ttg.memdesc<128x128xf32, #tmem, #ttng.tensor_memory, mutable, 2x128x128> -> tensor<128x128xf32, #blocked>
      "use"(%result_3) {ttg.partition = array<i32: 0>} : (tensor<128x128xf32, #blocked>) -> ()
      %12 = arith.addi %arg4, %c0_i32 {ttg.partition = array<i32: 0, 1, 2>} : i32
      scf.yield {ttg.partition = array<i32: 0, 1, 2>} %12, %10 : i32, !ttg.async.token
    } {tt.warp_specialize, ttg.partition = array<i32: 0, 1, 2>, ttg.partition.outputs = [array<i32: 0, 1, 2>, array<i32: 0>], ttg.warp_specialize.tag = 6 : i32}
    "use_i32"(%4#0) : (i32) -> ()
    tt.return
  }
}

